---
http_interactions:
- request:
    method: put
    uri: https://aws-ruby-rspec-s3-text-file.s3.us-east-2.amazonaws.com/some/path/file.json
    body:
      encoding: UTF-8
      string: something new
    headers:
      Content-Type:
      - text/plain
      Accept-Encoding:
      - ''
      User-Agent:
      - aws-sdk-ruby3/3.52.0 ruby/2.5.0 x86_64-darwin17 aws-sdk-s3/1.37.0
      Expect:
      - 100-continue
      Content-Md5:
      - T4R4gkl/DyypMT+ZxyNpZw==
      Host:
      - aws-ruby-rspec-s3-text-file.s3.us-east-2.amazonaws.com
      X-Amz-Date:
      - 20190711T211423Z
      X-Amz-Content-Sha256:
      - 9a8019ae75edbd1716ea8fe8dfbe8f125baf2c6f1002f9eeccd7610697fbbbdc
      Authorization:
      - AWS4-HMAC-SHA256 Credential=AWS_ACCESS_KEY_ID/20190711/us-east-2/s3/aws4_request,
        SignedHeaders=content-md5;content-type;expect;host;user-agent;x-amz-content-sha256;x-amz-date,
        Signature=<SignatureValue>
      Content-Length:
      - '13'
      Accept:
      - "*/*"
  response:
    status:
      code: 200
      message: OK
    headers:
      X-Amz-Id-2:
      - cUxzLWwUT+3NmF0aGIe0wfqXArvwL1FMA5Raqy+yaWH0wp+U54PnhOH7A/HzqPtB06DvXfNetzA=
      X-Amz-Request-Id:
      - 7AD92B7F23710817
      Date:
      - Thu, 11 Jul 2019 21:14:24 GMT
      Etag:
      - '"4f847882497f0f2ca9313f99c7236967"'
      Content-Length:
      - '0'
      Server:
      - AmazonS3
    body:
      encoding: UTF-8
      string: ''
    http_version: 
  recorded_at: Thu, 11 Jul 2019 21:14:23 GMT
- request:
    method: head
    uri: https://aws-ruby-rspec-s3-text-file.s3.us-east-2.amazonaws.com/some/path/file.json
    body:
      encoding: UTF-8
      string: ''
    headers:
      Content-Type:
      - ''
      Accept-Encoding:
      - ''
      User-Agent:
      - aws-sdk-ruby3/3.52.0 ruby/2.5.0 x86_64-darwin17 aws-sdk-s3/1.37.0
      Host:
      - aws-ruby-rspec-s3-text-file.s3.us-east-2.amazonaws.com
      X-Amz-Date:
      - 20190711T211423Z
      X-Amz-Content-Sha256:
      - e3b0c44298fc1c149afbf4c8996fb92427ae41e4649b934ca495991b7852b855
      Authorization:
      - AWS4-HMAC-SHA256 Credential=AWS_ACCESS_KEY_ID/20190711/us-east-2/s3/aws4_request,
        SignedHeaders=host;user-agent;x-amz-content-sha256;x-amz-date, Signature=<SignatureValue>
      Content-Length:
      - '0'
      Accept:
      - "*/*"
  response:
    status:
      code: 200
      message: OK
    headers:
      X-Amz-Id-2:
      - q8/44xj86oOQ8qmme3Ww2wXDR5kIngoOuPaXG6UDV861eG2VTU4BbY/8AsbjlZSUbI9yNj/xfos=
      X-Amz-Request-Id:
      - F0C0D7607FAFF0A0
      Date:
      - Thu, 11 Jul 2019 21:14:24 GMT
      Last-Modified:
      - Thu, 11 Jul 2019 21:14:24 GMT
      Etag:
      - '"4f847882497f0f2ca9313f99c7236967"'
      Accept-Ranges:
      - bytes
      Content-Type:
      - text/plain
      Content-Length:
      - '0'
      Server:
      - AmazonS3
    body:
      encoding: UTF-8
      string: ''
    http_version: 
  recorded_at: Thu, 11 Jul 2019 21:14:23 GMT
- request:
    method: get
    uri: https://aws-ruby-rspec-s3-text-file.s3.us-east-2.amazonaws.com/some/path/file.json
    body:
      encoding: UTF-8
      string: ''
    headers:
      Content-Type:
      - ''
      Accept-Encoding:
      - ''
      User-Agent:
      - aws-sdk-ruby3/3.52.0 ruby/2.5.0 x86_64-darwin17 aws-sdk-s3/1.37.0
      Host:
      - aws-ruby-rspec-s3-text-file.s3.us-east-2.amazonaws.com
      X-Amz-Date:
      - 20190711T211423Z
      X-Amz-Content-Sha256:
      - e3b0c44298fc1c149afbf4c8996fb92427ae41e4649b934ca495991b7852b855
      Authorization:
      - AWS4-HMAC-SHA256 Credential=AWS_ACCESS_KEY_ID/20190711/us-east-2/s3/aws4_request,
        SignedHeaders=host;user-agent;x-amz-content-sha256;x-amz-date, Signature=<SignatureValue>
      Content-Length:
      - '0'
      Accept:
      - "*/*"
  response:
    status:
      code: 200
      message: OK
    headers:
      X-Amz-Id-2:
      - C4P7yt+ExYl/WPEGAfYfii/EihQZv+k+VJ4299CovrkRij2zc4/Z9L3qBhi2+bMrfkLedQ/i/VY=
      X-Amz-Request-Id:
      - 30943B216F1F3D94
      Date:
      - Thu, 11 Jul 2019 21:14:25 GMT
      Last-Modified:
      - Thu, 11 Jul 2019 21:14:24 GMT
      Etag:
      - '"4f847882497f0f2ca9313f99c7236967"'
      Accept-Ranges:
      - bytes
      Content-Type:
      - text/plain
      Content-Length:
      - '13'
      Server:
      - AmazonS3
    body:
      encoding: UTF-8
      string: something new
    http_version: 
  recorded_at: Thu, 11 Jul 2019 21:14:24 GMT
recorded_with: VCR 4.0.0
