---
http_interactions:
- request:
    method: post
    uri: https://cloudformation.us-west-2.amazonaws.com/
    body:
      encoding: UTF-8
      string: Action=ValidateTemplate&TemplateBody=Description%3A%20%3E%0A%20%20Just%20a%20bucket%0A%0AResources%3A%0A%0A%20%20S3Bucket%3A%0A%20%20%20%20Type%3A%20AWS%3A%3AS3%3A%3ABucket%0A&Version=2010-05-15
    headers:
      Content-Type:
      - application/x-www-form-urlencoded; charset=utf-8
      Accept-Encoding:
      - ''
      User-Agent:
      - aws-sdk-ruby3/3.94.0 ruby/2.7.1 x86_64-darwin19 aws-sdk-cloudformation/1.32.0
      Host:
      - cloudformation.us-west-2.amazonaws.com
      X-Amz-Date:
      - 20200412T233023Z
      X-Amz-Content-Sha256:
      - 8afc2f08c2b059cbeedb3caba0e505280d1e67a5188b98f6fb9b1a384b9405bc
      Authorization:
      - AWS4-HMAC-SHA256 Credential=AWS_ACCESS_KEY_ID/20200412/us-west-2/cloudformation/aws4_request,
        SignedHeaders=content-type;host;x-amz-content-sha256;x-amz-date, Signature=<SignatureValue>
      Content-Length:
      - '194'
      Accept:
      - "*/*"
  response:
    status:
      code: 200
      message: OK
    headers:
      X-Amzn-Requestid:
      - a8323b5e-72e0-4925-accf-d162d7682d02
      Content-Type:
      - text/xml
      Content-Length:
      - '341'
      Date:
      - Sun, 12 Apr 2020 23:30:23 GMT
    body:
      encoding: UTF-8
      string: |
        <ValidateTemplateResponse xmlns="http://cloudformation.amazonaws.com/doc/2010-05-15/">
          <ValidateTemplateResult>
            <Description>Just a bucket
        </Description>
            <Parameters/>
          </ValidateTemplateResult>
          <ResponseMetadata>
            <RequestId>a8323b5e-72e0-4925-accf-d162d7682d02</RequestId>
          </ResponseMetadata>
        </ValidateTemplateResponse>
    http_version: null
  recorded_at: Sun, 12 Apr 2020 23:30:24 GMT
- request:
    method: put
    uri: https://openstax-sandbox-cfn-templates.s3.us-west-2.amazonaws.com/cfn_templates/spec-templates/simple.yml
    body:
      encoding: UTF-8
      string: |
        Description: >
          Just a bucket

        Resources:

          S3Bucket:
            Type: AWS::S3::Bucket
    headers:
      Content-Type:
      - ''
      Accept-Encoding:
      - ''
      User-Agent:
      - aws-sdk-ruby3/3.94.0 ruby/2.7.1 x86_64-darwin19 aws-sdk-s3/1.61.2
      Expect:
      - 100-continue
      Content-Md5:
      - SWrMwFciS4Dd0MtHMjBc+w==
      Host:
      - openstax-sandbox-cfn-templates.s3.us-west-2.amazonaws.com
      X-Amz-Date:
      - 20200412T233024Z
      X-Amz-Content-Sha256:
      - 2b9163e03e5682f82f3c034ef3dfa9e58cb7592cf651af6dc96d5c927d4f5454
      Authorization:
      - AWS4-HMAC-SHA256 Credential=AWS_ACCESS_KEY_ID/20200412/us-west-2/s3/aws4_request,
        SignedHeaders=content-md5;expect;host;user-agent;x-amz-content-sha256;x-amz-date,
        Signature=<SignatureValue>
      Content-Length:
      - '82'
      Accept:
      - "*/*"
  response:
    status:
      code: 200
      message: OK
    headers:
      X-Amz-Id-2:
      - mMlk06TlwbsePeO6gKIFJ2CXptGh7GDoymDlOO5niiC2rFUvx3MRw5dz1NZ8cMMDUyF6fq96Rw8=
      X-Amz-Request-Id:
      - B3A648104656FEFD
      Date:
      - Sun, 12 Apr 2020 23:30:25 GMT
      X-Amz-Version-Id:
      - 6_hdGbsyvgjZIpSs2.L6_8.QuoP8SJoj
      X-Amz-Server-Side-Encryption:
      - AES256
      Etag:
      - '"496accc057224b80ddd0cb4732305cfb"'
      Content-Length:
      - '0'
      Server:
      - AmazonS3
    body:
      encoding: UTF-8
      string: ''
    http_version: null
  recorded_at: Sun, 12 Apr 2020 23:30:24 GMT
- request:
    method: post
    uri: https://cloudformation.us-east-2.amazonaws.com/
    body:
      encoding: UTF-8
      string: Action=CreateStack&Capabilities=&EnableTerminationProtection=false&Parameters=&StackName=aws-ruby-rspec-query-1&Tags=&TemplateURL=https%3A%2F%2Fs3.amazonaws.com%2Fopenstax-sandbox-cfn-templates%2Fcfn_templates%2Fspec-templates%2Fsimple.yml&Version=2010-05-15
    headers:
      Content-Type:
      - application/x-www-form-urlencoded; charset=utf-8
      Accept-Encoding:
      - ''
      User-Agent:
      - aws-sdk-ruby3/3.94.0 ruby/2.7.1 x86_64-darwin19 aws-sdk-cloudformation/1.32.0
      Host:
      - cloudformation.us-east-2.amazonaws.com
      X-Amz-Date:
      - 20200412T233024Z
      X-Amz-Content-Sha256:
      - c441f6aa4609ab80beaa18196a2c77483b51026b0b55e1aca7294bea94bc715e
      Authorization:
      - AWS4-HMAC-SHA256 Credential=AWS_ACCESS_KEY_ID/20200412/us-east-2/cloudformation/aws4_request,
        SignedHeaders=content-type;host;x-amz-content-sha256;x-amz-date, Signature=<SignatureValue>
      Content-Length:
      - '258'
      Accept:
      - "*/*"
  response:
    status:
      code: 200
      message: OK
    headers:
      X-Amzn-Requestid:
      - 45c64ac7-1cbe-4451-9fc5-0ce2a0c492c4
      Content-Type:
      - text/xml
      Content-Length:
      - '392'
      Date:
      - Sun, 12 Apr 2020 23:30:25 GMT
    body:
      encoding: UTF-8
      string: |
        <CreateStackResponse xmlns="http://cloudformation.amazonaws.com/doc/2010-05-15/">
          <CreateStackResult>
            <StackId>arn:aws:cloudformation:us-east-2:373045849756:stack/aws-ruby-rspec-query-1/95e835f0-7d15-11ea-b755-065ddb117676</StackId>
          </CreateStackResult>
          <ResponseMetadata>
            <RequestId>45c64ac7-1cbe-4451-9fc5-0ce2a0c492c4</RequestId>
          </ResponseMetadata>
        </CreateStackResponse>
    http_version: null
  recorded_at: Sun, 12 Apr 2020 23:30:25 GMT
- request:
    method: post
    uri: https://cloudformation.us-east-2.amazonaws.com/
    body:
      encoding: UTF-8
      string: Action=DescribeStacks&StackName=aws-ruby-rspec-query-1&Version=2010-05-15
    headers:
      Content-Type:
      - application/x-www-form-urlencoded; charset=utf-8
      Accept-Encoding:
      - ''
      User-Agent:
      - aws-sdk-ruby3/3.94.0 ruby/2.7.1 x86_64-darwin19 aws-sdk-cloudformation/1.32.0
      Host:
      - cloudformation.us-east-2.amazonaws.com
      X-Amz-Date:
      - 20200412T233025Z
      X-Amz-Content-Sha256:
      - aed9e6129ae9976f38aabc98558a112771b581a487e86cf00ab3d13ec2e6a7af
      Authorization:
      - AWS4-HMAC-SHA256 Credential=AWS_ACCESS_KEY_ID/20200412/us-east-2/cloudformation/aws4_request,
        SignedHeaders=content-type;host;x-amz-content-sha256;x-amz-date, Signature=<SignatureValue>
      Content-Length:
      - '73'
      Accept:
      - "*/*"
  response:
    status:
      code: 200
      message: OK
    headers:
      X-Amzn-Requestid:
      - 6084ded7-462d-4eeb-acbc-42ec98fa88b8
      Content-Type:
      - text/xml
      Content-Length:
      - '1061'
      Date:
      - Sun, 12 Apr 2020 23:30:24 GMT
    body:
      encoding: UTF-8
      string: |
        <DescribeStacksResponse xmlns="http://cloudformation.amazonaws.com/doc/2010-05-15/">
          <DescribeStacksResult>
            <Stacks>
              <member>
                <CreationTime>2020-04-12T23:30:25.464Z</CreationTime>
                <NotificationARNs/>
                <StackId>arn:aws:cloudformation:us-east-2:373045849756:stack/aws-ruby-rspec-query-1/95e835f0-7d15-11ea-b755-065ddb117676</StackId>
                <StackName>aws-ruby-rspec-query-1</StackName>
                <Description>Just a bucket
        </Description>
                <StackStatus>CREATE_IN_PROGRESS</StackStatus>
                <DisableRollback>false</DisableRollback>
                <Tags/>
                <RollbackConfiguration/>
                <DriftInformation>
                  <StackDriftStatus>NOT_CHECKED</StackDriftStatus>
                </DriftInformation>
                <EnableTerminationProtection>false</EnableTerminationProtection>
                <StackStatusReason>User Initiated</StackStatusReason>
              </member>
            </Stacks>
          </DescribeStacksResult>
          <ResponseMetadata>
            <RequestId>6084ded7-462d-4eeb-acbc-42ec98fa88b8</RequestId>
          </ResponseMetadata>
        </DescribeStacksResponse>
    http_version: null
  recorded_at: Sun, 12 Apr 2020 23:30:25 GMT
- request:
    method: post
    uri: https://cloudformation.us-east-2.amazonaws.com/
    body:
      encoding: UTF-8
      string: Action=DescribeStacks&StackName=aws-ruby-rspec-query-1&Version=2010-05-15
    headers:
      Content-Type:
      - application/x-www-form-urlencoded; charset=utf-8
      Accept-Encoding:
      - ''
      User-Agent:
      - aws-sdk-ruby3/3.94.0 ruby/2.7.1 x86_64-darwin19 aws-sdk-cloudformation/1.32.0
      Host:
      - cloudformation.us-east-2.amazonaws.com
      X-Amz-Date:
      - 20200412T233025Z
      X-Amz-Content-Sha256:
      - aed9e6129ae9976f38aabc98558a112771b581a487e86cf00ab3d13ec2e6a7af
      Authorization:
      - AWS4-HMAC-SHA256 Credential=AWS_ACCESS_KEY_ID/20200412/us-east-2/cloudformation/aws4_request,
        SignedHeaders=content-type;host;x-amz-content-sha256;x-amz-date, Signature=<SignatureValue>
      Content-Length:
      - '73'
      Accept:
      - "*/*"
  response:
    status:
      code: 200
      message: OK
    headers:
      X-Amzn-Requestid:
      - 421baee0-b23f-4b05-9754-cbdd0e62c292
      Content-Type:
      - text/xml
      Content-Length:
      - '999'
      Date:
      - Sun, 12 Apr 2020 23:30:25 GMT
    body:
      encoding: UTF-8
      string: |
        <DescribeStacksResponse xmlns="http://cloudformation.amazonaws.com/doc/2010-05-15/">
          <DescribeStacksResult>
            <Stacks>
              <member>
                <CreationTime>2020-04-12T23:30:25.464Z</CreationTime>
                <NotificationARNs/>
                <StackId>arn:aws:cloudformation:us-east-2:373045849756:stack/aws-ruby-rspec-query-1/95e835f0-7d15-11ea-b755-065ddb117676</StackId>
                <StackName>aws-ruby-rspec-query-1</StackName>
                <Description>Just a bucket
        </Description>
                <StackStatus>CREATE_IN_PROGRESS</StackStatus>
                <DisableRollback>false</DisableRollback>
                <Tags/>
                <RollbackConfiguration/>
                <DriftInformation>
                  <StackDriftStatus>NOT_CHECKED</StackDriftStatus>
                </DriftInformation>
                <EnableTerminationProtection>false</EnableTerminationProtection>
              </member>
            </Stacks>
          </DescribeStacksResult>
          <ResponseMetadata>
            <RequestId>421baee0-b23f-4b05-9754-cbdd0e62c292</RequestId>
          </ResponseMetadata>
        </DescribeStacksResponse>
    http_version: null
  recorded_at: Sun, 12 Apr 2020 23:30:26 GMT
- request:
    method: post
    uri: https://cloudformation.us-east-2.amazonaws.com/
    body:
      encoding: UTF-8
      string: Action=DescribeStacks&StackName=aws-ruby-rspec-query-1&Version=2010-05-15
    headers:
      Content-Type:
      - application/x-www-form-urlencoded; charset=utf-8
      Accept-Encoding:
      - ''
      User-Agent:
      - aws-sdk-ruby3/3.94.0 ruby/2.7.1 x86_64-darwin19 aws-sdk-cloudformation/1.32.0
      Host:
      - cloudformation.us-east-2.amazonaws.com
      X-Amz-Date:
      - 20200412T233031Z
      X-Amz-Content-Sha256:
      - aed9e6129ae9976f38aabc98558a112771b581a487e86cf00ab3d13ec2e6a7af
      Authorization:
      - AWS4-HMAC-SHA256 Credential=AWS_ACCESS_KEY_ID/20200412/us-east-2/cloudformation/aws4_request,
        SignedHeaders=content-type;host;x-amz-content-sha256;x-amz-date, Signature=<SignatureValue>
      Content-Length:
      - '73'
      Accept:
      - "*/*"
  response:
    status:
      code: 200
      message: OK
    headers:
      X-Amzn-Requestid:
      - 034e7969-e1aa-4762-8f58-e97eafacc00c
      Content-Type:
      - text/xml
      Content-Length:
      - '999'
      Date:
      - Sun, 12 Apr 2020 23:30:30 GMT
    body:
      encoding: UTF-8
      string: |
        <DescribeStacksResponse xmlns="http://cloudformation.amazonaws.com/doc/2010-05-15/">
          <DescribeStacksResult>
            <Stacks>
              <member>
                <CreationTime>2020-04-12T23:30:25.464Z</CreationTime>
                <NotificationARNs/>
                <StackId>arn:aws:cloudformation:us-east-2:373045849756:stack/aws-ruby-rspec-query-1/95e835f0-7d15-11ea-b755-065ddb117676</StackId>
                <StackName>aws-ruby-rspec-query-1</StackName>
                <Description>Just a bucket
        </Description>
                <StackStatus>CREATE_IN_PROGRESS</StackStatus>
                <DisableRollback>false</DisableRollback>
                <Tags/>
                <RollbackConfiguration/>
                <DriftInformation>
                  <StackDriftStatus>NOT_CHECKED</StackDriftStatus>
                </DriftInformation>
                <EnableTerminationProtection>false</EnableTerminationProtection>
              </member>
            </Stacks>
          </DescribeStacksResult>
          <ResponseMetadata>
            <RequestId>034e7969-e1aa-4762-8f58-e97eafacc00c</RequestId>
          </ResponseMetadata>
        </DescribeStacksResponse>
    http_version: null
  recorded_at: Sun, 12 Apr 2020 23:30:31 GMT
- request:
    method: post
    uri: https://cloudformation.us-east-2.amazonaws.com/
    body:
      encoding: UTF-8
      string: Action=DescribeStacks&StackName=aws-ruby-rspec-query-1&Version=2010-05-15
    headers:
      Content-Type:
      - application/x-www-form-urlencoded; charset=utf-8
      Accept-Encoding:
      - ''
      User-Agent:
      - aws-sdk-ruby3/3.94.0 ruby/2.7.1 x86_64-darwin19 aws-sdk-cloudformation/1.32.0
      Host:
      - cloudformation.us-east-2.amazonaws.com
      X-Amz-Date:
      - 20200412T233036Z
      X-Amz-Content-Sha256:
      - aed9e6129ae9976f38aabc98558a112771b581a487e86cf00ab3d13ec2e6a7af
      Authorization:
      - AWS4-HMAC-SHA256 Credential=AWS_ACCESS_KEY_ID/20200412/us-east-2/cloudformation/aws4_request,
        SignedHeaders=content-type;host;x-amz-content-sha256;x-amz-date, Signature=<SignatureValue>
      Content-Length:
      - '73'
      Accept:
      - "*/*"
  response:
    status:
      code: 200
      message: OK
    headers:
      X-Amzn-Requestid:
      - 4883fa65-a1b1-41bc-b063-272a2915bec3
      Content-Type:
      - text/xml
      Content-Length:
      - '999'
      Date:
      - Sun, 12 Apr 2020 23:30:36 GMT
    body:
      encoding: UTF-8
      string: |
        <DescribeStacksResponse xmlns="http://cloudformation.amazonaws.com/doc/2010-05-15/">
          <DescribeStacksResult>
            <Stacks>
              <member>
                <CreationTime>2020-04-12T23:30:25.464Z</CreationTime>
                <NotificationARNs/>
                <StackId>arn:aws:cloudformation:us-east-2:373045849756:stack/aws-ruby-rspec-query-1/95e835f0-7d15-11ea-b755-065ddb117676</StackId>
                <StackName>aws-ruby-rspec-query-1</StackName>
                <Description>Just a bucket
        </Description>
                <StackStatus>CREATE_IN_PROGRESS</StackStatus>
                <DisableRollback>false</DisableRollback>
                <Tags/>
                <RollbackConfiguration/>
                <DriftInformation>
                  <StackDriftStatus>NOT_CHECKED</StackDriftStatus>
                </DriftInformation>
                <EnableTerminationProtection>false</EnableTerminationProtection>
              </member>
            </Stacks>
          </DescribeStacksResult>
          <ResponseMetadata>
            <RequestId>4883fa65-a1b1-41bc-b063-272a2915bec3</RequestId>
          </ResponseMetadata>
        </DescribeStacksResponse>
    http_version: null
  recorded_at: Sun, 12 Apr 2020 23:30:37 GMT
- request:
    method: post
    uri: https://cloudformation.us-east-2.amazonaws.com/
    body:
      encoding: UTF-8
      string: Action=DescribeStacks&StackName=aws-ruby-rspec-query-1&Version=2010-05-15
    headers:
      Content-Type:
      - application/x-www-form-urlencoded; charset=utf-8
      Accept-Encoding:
      - ''
      User-Agent:
      - aws-sdk-ruby3/3.94.0 ruby/2.7.1 x86_64-darwin19 aws-sdk-cloudformation/1.32.0
      Host:
      - cloudformation.us-east-2.amazonaws.com
      X-Amz-Date:
      - 20200412T233042Z
      X-Amz-Content-Sha256:
      - aed9e6129ae9976f38aabc98558a112771b581a487e86cf00ab3d13ec2e6a7af
      Authorization:
      - AWS4-HMAC-SHA256 Credential=AWS_ACCESS_KEY_ID/20200412/us-east-2/cloudformation/aws4_request,
        SignedHeaders=content-type;host;x-amz-content-sha256;x-amz-date, Signature=<SignatureValue>
      Content-Length:
      - '73'
      Accept:
      - "*/*"
  response:
    status:
      code: 200
      message: OK
    headers:
      X-Amzn-Requestid:
      - 559c6873-9c6a-4604-9e74-7e4ab1f9c6d4
      Content-Type:
      - text/xml
      Content-Length:
      - '999'
      Date:
      - Sun, 12 Apr 2020 23:30:41 GMT
    body:
      encoding: UTF-8
      string: |
        <DescribeStacksResponse xmlns="http://cloudformation.amazonaws.com/doc/2010-05-15/">
          <DescribeStacksResult>
            <Stacks>
              <member>
                <CreationTime>2020-04-12T23:30:25.464Z</CreationTime>
                <NotificationARNs/>
                <StackId>arn:aws:cloudformation:us-east-2:373045849756:stack/aws-ruby-rspec-query-1/95e835f0-7d15-11ea-b755-065ddb117676</StackId>
                <StackName>aws-ruby-rspec-query-1</StackName>
                <Description>Just a bucket
        </Description>
                <StackStatus>CREATE_IN_PROGRESS</StackStatus>
                <DisableRollback>false</DisableRollback>
                <Tags/>
                <RollbackConfiguration/>
                <DriftInformation>
                  <StackDriftStatus>NOT_CHECKED</StackDriftStatus>
                </DriftInformation>
                <EnableTerminationProtection>false</EnableTerminationProtection>
              </member>
            </Stacks>
          </DescribeStacksResult>
          <ResponseMetadata>
            <RequestId>559c6873-9c6a-4604-9e74-7e4ab1f9c6d4</RequestId>
          </ResponseMetadata>
        </DescribeStacksResponse>
    http_version: null
  recorded_at: Sun, 12 Apr 2020 23:30:42 GMT
- request:
    method: post
    uri: https://cloudformation.us-east-2.amazonaws.com/
    body:
      encoding: UTF-8
      string: Action=DescribeStacks&StackName=aws-ruby-rspec-query-1&Version=2010-05-15
    headers:
      Content-Type:
      - application/x-www-form-urlencoded; charset=utf-8
      Accept-Encoding:
      - ''
      User-Agent:
      - aws-sdk-ruby3/3.94.0 ruby/2.7.1 x86_64-darwin19 aws-sdk-cloudformation/1.32.0
      Host:
      - cloudformation.us-east-2.amazonaws.com
      X-Amz-Date:
      - 20200412T233047Z
      X-Amz-Content-Sha256:
      - aed9e6129ae9976f38aabc98558a112771b581a487e86cf00ab3d13ec2e6a7af
      Authorization:
      - AWS4-HMAC-SHA256 Credential=AWS_ACCESS_KEY_ID/20200412/us-east-2/cloudformation/aws4_request,
        SignedHeaders=content-type;host;x-amz-content-sha256;x-amz-date, Signature=<SignatureValue>
      Content-Length:
      - '73'
      Accept:
      - "*/*"
  response:
    status:
      code: 200
      message: OK
    headers:
      X-Amzn-Requestid:
      - 67e9f7cc-7e0d-4ad6-b4ad-307e34dd1548
      Content-Type:
      - text/xml
      Content-Length:
      - '999'
      Date:
      - Sun, 12 Apr 2020 23:30:47 GMT
    body:
      encoding: UTF-8
      string: |
        <DescribeStacksResponse xmlns="http://cloudformation.amazonaws.com/doc/2010-05-15/">
          <DescribeStacksResult>
            <Stacks>
              <member>
                <CreationTime>2020-04-12T23:30:25.464Z</CreationTime>
                <NotificationARNs/>
                <StackId>arn:aws:cloudformation:us-east-2:373045849756:stack/aws-ruby-rspec-query-1/95e835f0-7d15-11ea-b755-065ddb117676</StackId>
                <StackName>aws-ruby-rspec-query-1</StackName>
                <Description>Just a bucket
        </Description>
                <StackStatus>CREATE_IN_PROGRESS</StackStatus>
                <DisableRollback>false</DisableRollback>
                <Tags/>
                <RollbackConfiguration/>
                <DriftInformation>
                  <StackDriftStatus>NOT_CHECKED</StackDriftStatus>
                </DriftInformation>
                <EnableTerminationProtection>false</EnableTerminationProtection>
              </member>
            </Stacks>
          </DescribeStacksResult>
          <ResponseMetadata>
            <RequestId>67e9f7cc-7e0d-4ad6-b4ad-307e34dd1548</RequestId>
          </ResponseMetadata>
        </DescribeStacksResponse>
    http_version: null
  recorded_at: Sun, 12 Apr 2020 23:30:47 GMT
- request:
    method: post
    uri: https://cloudformation.us-east-2.amazonaws.com/
    body:
      encoding: UTF-8
      string: Action=DescribeStacks&StackName=aws-ruby-rspec-query-1&Version=2010-05-15
    headers:
      Content-Type:
      - application/x-www-form-urlencoded; charset=utf-8
      Accept-Encoding:
      - ''
      User-Agent:
      - aws-sdk-ruby3/3.94.0 ruby/2.7.1 x86_64-darwin19 aws-sdk-cloudformation/1.32.0
      Host:
      - cloudformation.us-east-2.amazonaws.com
      X-Amz-Date:
      - 20200412T233052Z
      X-Amz-Content-Sha256:
      - aed9e6129ae9976f38aabc98558a112771b581a487e86cf00ab3d13ec2e6a7af
      Authorization:
      - AWS4-HMAC-SHA256 Credential=AWS_ACCESS_KEY_ID/20200412/us-east-2/cloudformation/aws4_request,
        SignedHeaders=content-type;host;x-amz-content-sha256;x-amz-date, Signature=<SignatureValue>
      Content-Length:
      - '73'
      Accept:
      - "*/*"
  response:
    status:
      code: 200
      message: OK
    headers:
      X-Amzn-Requestid:
      - 800d650b-56f2-44e7-b3ba-fc041059f6dd
      Content-Type:
      - text/xml
      Content-Length:
      - '996'
      Date:
      - Sun, 12 Apr 2020 23:30:53 GMT
    body:
      encoding: UTF-8
      string: |
        <DescribeStacksResponse xmlns="http://cloudformation.amazonaws.com/doc/2010-05-15/">
          <DescribeStacksResult>
            <Stacks>
              <member>
                <CreationTime>2020-04-12T23:30:25.464Z</CreationTime>
                <NotificationARNs/>
                <StackId>arn:aws:cloudformation:us-east-2:373045849756:stack/aws-ruby-rspec-query-1/95e835f0-7d15-11ea-b755-065ddb117676</StackId>
                <StackName>aws-ruby-rspec-query-1</StackName>
                <Description>Just a bucket
        </Description>
                <StackStatus>CREATE_COMPLETE</StackStatus>
                <DisableRollback>false</DisableRollback>
                <Tags/>
                <RollbackConfiguration/>
                <DriftInformation>
                  <StackDriftStatus>NOT_CHECKED</StackDriftStatus>
                </DriftInformation>
                <EnableTerminationProtection>false</EnableTerminationProtection>
              </member>
            </Stacks>
          </DescribeStacksResult>
          <ResponseMetadata>
            <RequestId>800d650b-56f2-44e7-b3ba-fc041059f6dd</RequestId>
          </ResponseMetadata>
        </DescribeStacksResponse>
    http_version: null
  recorded_at: Sun, 12 Apr 2020 23:30:53 GMT
- request:
    method: post
    uri: https://cloudformation.us-west-2.amazonaws.com/
    body:
      encoding: UTF-8
      string: Action=ValidateTemplate&TemplateBody=Description%3A%20%3E%0A%20%20Just%20a%20bucket%0A%0AResources%3A%0A%0A%20%20S3Bucket%3A%0A%20%20%20%20Type%3A%20AWS%3A%3AS3%3A%3ABucket%0A&Version=2010-05-15
    headers:
      Content-Type:
      - application/x-www-form-urlencoded; charset=utf-8
      Accept-Encoding:
      - ''
      User-Agent:
      - aws-sdk-ruby3/3.94.0 ruby/2.7.1 x86_64-darwin19 aws-sdk-cloudformation/1.32.0
      Host:
      - cloudformation.us-west-2.amazonaws.com
      X-Amz-Date:
      - 20200412T233053Z
      X-Amz-Content-Sha256:
      - 8afc2f08c2b059cbeedb3caba0e505280d1e67a5188b98f6fb9b1a384b9405bc
      Authorization:
      - AWS4-HMAC-SHA256 Credential=AWS_ACCESS_KEY_ID/20200412/us-west-2/cloudformation/aws4_request,
        SignedHeaders=content-type;host;x-amz-content-sha256;x-amz-date, Signature=<SignatureValue>
      Content-Length:
      - '194'
      Accept:
      - "*/*"
  response:
    status:
      code: 200
      message: OK
    headers:
      X-Amzn-Requestid:
      - 544f3150-4436-4755-b6aa-9504ff25c075
      Content-Type:
      - text/xml
      Content-Length:
      - '341'
      Date:
      - Sun, 12 Apr 2020 23:30:52 GMT
    body:
      encoding: UTF-8
      string: |
        <ValidateTemplateResponse xmlns="http://cloudformation.amazonaws.com/doc/2010-05-15/">
          <ValidateTemplateResult>
            <Description>Just a bucket
        </Description>
            <Parameters/>
          </ValidateTemplateResult>
          <ResponseMetadata>
            <RequestId>544f3150-4436-4755-b6aa-9504ff25c075</RequestId>
          </ResponseMetadata>
        </ValidateTemplateResponse>
    http_version: null
  recorded_at: Sun, 12 Apr 2020 23:30:53 GMT
- request:
    method: put
    uri: https://openstax-sandbox-cfn-templates.s3.us-west-2.amazonaws.com/cfn_templates/spec-templates/simple.yml
    body:
      encoding: UTF-8
      string: |
        Description: >
          Just a bucket

        Resources:

          S3Bucket:
            Type: AWS::S3::Bucket
    headers:
      Content-Type:
      - ''
      Accept-Encoding:
      - ''
      User-Agent:
      - aws-sdk-ruby3/3.94.0 ruby/2.7.1 x86_64-darwin19 aws-sdk-s3/1.61.2
      Expect:
      - 100-continue
      Content-Md5:
      - SWrMwFciS4Dd0MtHMjBc+w==
      Host:
      - openstax-sandbox-cfn-templates.s3.us-west-2.amazonaws.com
      X-Amz-Date:
      - 20200412T233053Z
      X-Amz-Content-Sha256:
      - 2b9163e03e5682f82f3c034ef3dfa9e58cb7592cf651af6dc96d5c927d4f5454
      Authorization:
      - AWS4-HMAC-SHA256 Credential=AWS_ACCESS_KEY_ID/20200412/us-west-2/s3/aws4_request,
        SignedHeaders=content-md5;expect;host;user-agent;x-amz-content-sha256;x-amz-date,
        Signature=<SignatureValue>
      Content-Length:
      - '82'
      Accept:
      - "*/*"
  response:
    status:
      code: 200
      message: OK
    headers:
      X-Amz-Id-2:
      - uNPjNLWCS2/60sAmDo4bFHCDW6ZBZAM+nIdav8U/bYY3uRqpaHweY2z2U0t1kzHODxK53lkRlOk=
      X-Amz-Request-Id:
      - EEB19C0A8C1FCB84
      Date:
      - Sun, 12 Apr 2020 23:30:54 GMT
      X-Amz-Version-Id:
      - EyhFGNuNxSnkw.l3.A5_a0f6CTJpTmqD
      X-Amz-Server-Side-Encryption:
      - AES256
      Etag:
      - '"496accc057224b80ddd0cb4732305cfb"'
      Content-Length:
      - '0'
      Server:
      - AmazonS3
    body:
      encoding: UTF-8
      string: ''
    http_version: null
  recorded_at: Sun, 12 Apr 2020 23:30:53 GMT
- request:
    method: post
    uri: https://cloudformation.us-east-2.amazonaws.com/
    body:
      encoding: UTF-8
      string: Action=CreateStack&Capabilities=&EnableTerminationProtection=false&Parameters=&StackName=aws-ruby-rspec-query-2&Tags=&TemplateURL=https%3A%2F%2Fs3.amazonaws.com%2Fopenstax-sandbox-cfn-templates%2Fcfn_templates%2Fspec-templates%2Fsimple.yml&Version=2010-05-15
    headers:
      Content-Type:
      - application/x-www-form-urlencoded; charset=utf-8
      Accept-Encoding:
      - ''
      User-Agent:
      - aws-sdk-ruby3/3.94.0 ruby/2.7.1 x86_64-darwin19 aws-sdk-cloudformation/1.32.0
      Host:
      - cloudformation.us-east-2.amazonaws.com
      X-Amz-Date:
      - 20200412T233053Z
      X-Amz-Content-Sha256:
      - 19a9a174be305939b451697b03451fa34ebeeaef6d5fd36402616321451255d2
      Authorization:
      - AWS4-HMAC-SHA256 Credential=AWS_ACCESS_KEY_ID/20200412/us-east-2/cloudformation/aws4_request,
        SignedHeaders=content-type;host;x-amz-content-sha256;x-amz-date, Signature=<SignatureValue>
      Content-Length:
      - '258'
      Accept:
      - "*/*"
  response:
    status:
      code: 200
      message: OK
    headers:
      X-Amzn-Requestid:
      - 389dbf1e-a113-4d8f-ab7d-7602bc82e466
      Content-Type:
      - text/xml
      Content-Length:
      - '392'
      Date:
      - Sun, 12 Apr 2020 23:30:53 GMT
    body:
      encoding: UTF-8
      string: |
        <CreateStackResponse xmlns="http://cloudformation.amazonaws.com/doc/2010-05-15/">
          <CreateStackResult>
            <StackId>arn:aws:cloudformation:us-east-2:373045849756:stack/aws-ruby-rspec-query-2/a73f2520-7d15-11ea-b30a-0af659736e02</StackId>
          </CreateStackResult>
          <ResponseMetadata>
            <RequestId>389dbf1e-a113-4d8f-ab7d-7602bc82e466</RequestId>
          </ResponseMetadata>
        </CreateStackResponse>
    http_version: null
  recorded_at: Sun, 12 Apr 2020 23:30:54 GMT
- request:
    method: post
    uri: https://cloudformation.us-east-2.amazonaws.com/
    body:
      encoding: UTF-8
      string: Action=DescribeStacks&StackName=aws-ruby-rspec-query-2&Version=2010-05-15
    headers:
      Content-Type:
      - application/x-www-form-urlencoded; charset=utf-8
      Accept-Encoding:
      - ''
      User-Agent:
      - aws-sdk-ruby3/3.94.0 ruby/2.7.1 x86_64-darwin19 aws-sdk-cloudformation/1.32.0
      Host:
      - cloudformation.us-east-2.amazonaws.com
      X-Amz-Date:
      - 20200412T233054Z
      X-Amz-Content-Sha256:
      - 94a4dacc9c3f78d18841a5b10203430747b434892a503e181584b40c0659410e
      Authorization:
      - AWS4-HMAC-SHA256 Credential=AWS_ACCESS_KEY_ID/20200412/us-east-2/cloudformation/aws4_request,
        SignedHeaders=content-type;host;x-amz-content-sha256;x-amz-date, Signature=<SignatureValue>
      Content-Length:
      - '73'
      Accept:
      - "*/*"
  response:
    status:
      code: 200
      message: OK
    headers:
      X-Amzn-Requestid:
      - 46d84a4b-accf-45b1-a899-b7b2c6ddf685
      Content-Type:
      - text/xml
      Content-Length:
      - '1061'
      Date:
      - Sun, 12 Apr 2020 23:30:54 GMT
    body:
      encoding: UTF-8
      string: |
        <DescribeStacksResponse xmlns="http://cloudformation.amazonaws.com/doc/2010-05-15/">
          <DescribeStacksResult>
            <Stacks>
              <member>
                <CreationTime>2020-04-12T23:30:54.529Z</CreationTime>
                <NotificationARNs/>
                <StackId>arn:aws:cloudformation:us-east-2:373045849756:stack/aws-ruby-rspec-query-2/a73f2520-7d15-11ea-b30a-0af659736e02</StackId>
                <StackName>aws-ruby-rspec-query-2</StackName>
                <Description>Just a bucket
        </Description>
                <StackStatus>CREATE_IN_PROGRESS</StackStatus>
                <DisableRollback>false</DisableRollback>
                <Tags/>
                <RollbackConfiguration/>
                <DriftInformation>
                  <StackDriftStatus>NOT_CHECKED</StackDriftStatus>
                </DriftInformation>
                <EnableTerminationProtection>false</EnableTerminationProtection>
                <StackStatusReason>User Initiated</StackStatusReason>
              </member>
            </Stacks>
          </DescribeStacksResult>
          <ResponseMetadata>
            <RequestId>46d84a4b-accf-45b1-a899-b7b2c6ddf685</RequestId>
          </ResponseMetadata>
        </DescribeStacksResponse>
    http_version: null
  recorded_at: Sun, 12 Apr 2020 23:30:55 GMT
- request:
    method: post
    uri: https://cloudformation.us-east-2.amazonaws.com/
    body:
      encoding: UTF-8
      string: Action=DescribeStacks&StackName=aws-ruby-rspec-query-2&Version=2010-05-15
    headers:
      Content-Type:
      - application/x-www-form-urlencoded; charset=utf-8
      Accept-Encoding:
      - ''
      User-Agent:
      - aws-sdk-ruby3/3.94.0 ruby/2.7.1 x86_64-darwin19 aws-sdk-cloudformation/1.32.0
      Host:
      - cloudformation.us-east-2.amazonaws.com
      X-Amz-Date:
      - 20200412T233055Z
      X-Amz-Content-Sha256:
      - 94a4dacc9c3f78d18841a5b10203430747b434892a503e181584b40c0659410e
      Authorization:
      - AWS4-HMAC-SHA256 Credential=AWS_ACCESS_KEY_ID/20200412/us-east-2/cloudformation/aws4_request,
        SignedHeaders=content-type;host;x-amz-content-sha256;x-amz-date, Signature=<SignatureValue>
      Content-Length:
      - '73'
      Accept:
      - "*/*"
  response:
    status:
      code: 200
      message: OK
    headers:
      X-Amzn-Requestid:
      - 8816d0bb-d209-4fce-9cf9-465dfc62aee3
      Content-Type:
      - text/xml
      Content-Length:
      - '999'
      Date:
      - Sun, 12 Apr 2020 23:30:54 GMT
    body:
      encoding: UTF-8
      string: |
        <DescribeStacksResponse xmlns="http://cloudformation.amazonaws.com/doc/2010-05-15/">
          <DescribeStacksResult>
            <Stacks>
              <member>
                <CreationTime>2020-04-12T23:30:54.529Z</CreationTime>
                <NotificationARNs/>
                <StackId>arn:aws:cloudformation:us-east-2:373045849756:stack/aws-ruby-rspec-query-2/a73f2520-7d15-11ea-b30a-0af659736e02</StackId>
                <StackName>aws-ruby-rspec-query-2</StackName>
                <Description>Just a bucket
        </Description>
                <StackStatus>CREATE_IN_PROGRESS</StackStatus>
                <DisableRollback>false</DisableRollback>
                <Tags/>
                <RollbackConfiguration/>
                <DriftInformation>
                  <StackDriftStatus>NOT_CHECKED</StackDriftStatus>
                </DriftInformation>
                <EnableTerminationProtection>false</EnableTerminationProtection>
              </member>
            </Stacks>
          </DescribeStacksResult>
          <ResponseMetadata>
            <RequestId>8816d0bb-d209-4fce-9cf9-465dfc62aee3</RequestId>
          </ResponseMetadata>
        </DescribeStacksResponse>
    http_version: null
  recorded_at: Sun, 12 Apr 2020 23:30:55 GMT
- request:
    method: post
    uri: https://cloudformation.us-east-2.amazonaws.com/
    body:
      encoding: UTF-8
      string: Action=DescribeStacks&StackName=aws-ruby-rspec-query-2&Version=2010-05-15
    headers:
      Content-Type:
      - application/x-www-form-urlencoded; charset=utf-8
      Accept-Encoding:
      - ''
      User-Agent:
      - aws-sdk-ruby3/3.94.0 ruby/2.7.1 x86_64-darwin19 aws-sdk-cloudformation/1.32.0
      Host:
      - cloudformation.us-east-2.amazonaws.com
      X-Amz-Date:
      - 20200412T233100Z
      X-Amz-Content-Sha256:
      - 94a4dacc9c3f78d18841a5b10203430747b434892a503e181584b40c0659410e
      Authorization:
      - AWS4-HMAC-SHA256 Credential=AWS_ACCESS_KEY_ID/20200412/us-east-2/cloudformation/aws4_request,
        SignedHeaders=content-type;host;x-amz-content-sha256;x-amz-date, Signature=<SignatureValue>
      Content-Length:
      - '73'
      Accept:
      - "*/*"
  response:
    status:
      code: 200
      message: OK
    headers:
      X-Amzn-Requestid:
      - c2fc7dd3-2757-41a6-9f6c-bee1daf44d1e
      Content-Type:
      - text/xml
      Content-Length:
      - '999'
      Date:
      - Sun, 12 Apr 2020 23:31:00 GMT
    body:
      encoding: UTF-8
      string: |
        <DescribeStacksResponse xmlns="http://cloudformation.amazonaws.com/doc/2010-05-15/">
          <DescribeStacksResult>
            <Stacks>
              <member>
                <CreationTime>2020-04-12T23:30:54.529Z</CreationTime>
                <NotificationARNs/>
                <StackId>arn:aws:cloudformation:us-east-2:373045849756:stack/aws-ruby-rspec-query-2/a73f2520-7d15-11ea-b30a-0af659736e02</StackId>
                <StackName>aws-ruby-rspec-query-2</StackName>
                <Description>Just a bucket
        </Description>
                <StackStatus>CREATE_IN_PROGRESS</StackStatus>
                <DisableRollback>false</DisableRollback>
                <Tags/>
                <RollbackConfiguration/>
                <DriftInformation>
                  <StackDriftStatus>NOT_CHECKED</StackDriftStatus>
                </DriftInformation>
                <EnableTerminationProtection>false</EnableTerminationProtection>
              </member>
            </Stacks>
          </DescribeStacksResult>
          <ResponseMetadata>
            <RequestId>c2fc7dd3-2757-41a6-9f6c-bee1daf44d1e</RequestId>
          </ResponseMetadata>
        </DescribeStacksResponse>
    http_version: null
  recorded_at: Sun, 12 Apr 2020 23:31:00 GMT
- request:
    method: post
    uri: https://cloudformation.us-east-2.amazonaws.com/
    body:
      encoding: UTF-8
      string: Action=DescribeStacks&StackName=aws-ruby-rspec-query-2&Version=2010-05-15
    headers:
      Content-Type:
      - application/x-www-form-urlencoded; charset=utf-8
      Accept-Encoding:
      - ''
      User-Agent:
      - aws-sdk-ruby3/3.94.0 ruby/2.7.1 x86_64-darwin19 aws-sdk-cloudformation/1.32.0
      Host:
      - cloudformation.us-east-2.amazonaws.com
      X-Amz-Date:
      - 20200412T233105Z
      X-Amz-Content-Sha256:
      - 94a4dacc9c3f78d18841a5b10203430747b434892a503e181584b40c0659410e
      Authorization:
      - AWS4-HMAC-SHA256 Credential=AWS_ACCESS_KEY_ID/20200412/us-east-2/cloudformation/aws4_request,
        SignedHeaders=content-type;host;x-amz-content-sha256;x-amz-date, Signature=<SignatureValue>
      Content-Length:
      - '73'
      Accept:
      - "*/*"
  response:
    status:
      code: 200
      message: OK
    headers:
      X-Amzn-Requestid:
      - 7b18a012-419a-4f07-9917-ca786ff56c9c
      Content-Type:
      - text/xml
      Content-Length:
      - '999'
      Date:
      - Sun, 12 Apr 2020 23:31:06 GMT
    body:
      encoding: UTF-8
      string: |
        <DescribeStacksResponse xmlns="http://cloudformation.amazonaws.com/doc/2010-05-15/">
          <DescribeStacksResult>
            <Stacks>
              <member>
                <CreationTime>2020-04-12T23:30:54.529Z</CreationTime>
                <NotificationARNs/>
                <StackId>arn:aws:cloudformation:us-east-2:373045849756:stack/aws-ruby-rspec-query-2/a73f2520-7d15-11ea-b30a-0af659736e02</StackId>
                <StackName>aws-ruby-rspec-query-2</StackName>
                <Description>Just a bucket
        </Description>
                <StackStatus>CREATE_IN_PROGRESS</StackStatus>
                <DisableRollback>false</DisableRollback>
                <Tags/>
                <RollbackConfiguration/>
                <DriftInformation>
                  <StackDriftStatus>NOT_CHECKED</StackDriftStatus>
                </DriftInformation>
                <EnableTerminationProtection>false</EnableTerminationProtection>
              </member>
            </Stacks>
          </DescribeStacksResult>
          <ResponseMetadata>
            <RequestId>7b18a012-419a-4f07-9917-ca786ff56c9c</RequestId>
          </ResponseMetadata>
        </DescribeStacksResponse>
    http_version: null
  recorded_at: Sun, 12 Apr 2020 23:31:06 GMT
- request:
    method: post
    uri: https://cloudformation.us-east-2.amazonaws.com/
    body:
      encoding: UTF-8
      string: Action=DescribeStacks&StackName=aws-ruby-rspec-query-2&Version=2010-05-15
    headers:
      Content-Type:
      - application/x-www-form-urlencoded; charset=utf-8
      Accept-Encoding:
      - ''
      User-Agent:
      - aws-sdk-ruby3/3.94.0 ruby/2.7.1 x86_64-darwin19 aws-sdk-cloudformation/1.32.0
      Host:
      - cloudformation.us-east-2.amazonaws.com
      X-Amz-Date:
      - 20200412T233111Z
      X-Amz-Content-Sha256:
      - 94a4dacc9c3f78d18841a5b10203430747b434892a503e181584b40c0659410e
      Authorization:
      - AWS4-HMAC-SHA256 Credential=AWS_ACCESS_KEY_ID/20200412/us-east-2/cloudformation/aws4_request,
        SignedHeaders=content-type;host;x-amz-content-sha256;x-amz-date, Signature=<SignatureValue>
      Content-Length:
      - '73'
      Accept:
      - "*/*"
  response:
    status:
      code: 200
      message: OK
    headers:
      X-Amzn-Requestid:
      - 2c20df49-2ced-4cef-b056-b502c7cc7af2
      Content-Type:
      - text/xml
      Content-Length:
      - '999'
      Date:
      - Sun, 12 Apr 2020 23:31:11 GMT
    body:
      encoding: UTF-8
      string: |
        <DescribeStacksResponse xmlns="http://cloudformation.amazonaws.com/doc/2010-05-15/">
          <DescribeStacksResult>
            <Stacks>
              <member>
                <CreationTime>2020-04-12T23:30:54.529Z</CreationTime>
                <NotificationARNs/>
                <StackId>arn:aws:cloudformation:us-east-2:373045849756:stack/aws-ruby-rspec-query-2/a73f2520-7d15-11ea-b30a-0af659736e02</StackId>
                <StackName>aws-ruby-rspec-query-2</StackName>
                <Description>Just a bucket
        </Description>
                <StackStatus>CREATE_IN_PROGRESS</StackStatus>
                <DisableRollback>false</DisableRollback>
                <Tags/>
                <RollbackConfiguration/>
                <DriftInformation>
                  <StackDriftStatus>NOT_CHECKED</StackDriftStatus>
                </DriftInformation>
                <EnableTerminationProtection>false</EnableTerminationProtection>
              </member>
            </Stacks>
          </DescribeStacksResult>
          <ResponseMetadata>
            <RequestId>2c20df49-2ced-4cef-b056-b502c7cc7af2</RequestId>
          </ResponseMetadata>
        </DescribeStacksResponse>
    http_version: null
  recorded_at: Sun, 12 Apr 2020 23:31:11 GMT
- request:
    method: post
    uri: https://cloudformation.us-east-2.amazonaws.com/
    body:
      encoding: UTF-8
      string: Action=DescribeStacks&StackName=aws-ruby-rspec-query-2&Version=2010-05-15
    headers:
      Content-Type:
      - application/x-www-form-urlencoded; charset=utf-8
      Accept-Encoding:
      - ''
      User-Agent:
      - aws-sdk-ruby3/3.94.0 ruby/2.7.1 x86_64-darwin19 aws-sdk-cloudformation/1.32.0
      Host:
      - cloudformation.us-east-2.amazonaws.com
      X-Amz-Date:
      - 20200412T233116Z
      X-Amz-Content-Sha256:
      - 94a4dacc9c3f78d18841a5b10203430747b434892a503e181584b40c0659410e
      Authorization:
      - AWS4-HMAC-SHA256 Credential=AWS_ACCESS_KEY_ID/20200412/us-east-2/cloudformation/aws4_request,
        SignedHeaders=content-type;host;x-amz-content-sha256;x-amz-date, Signature=<SignatureValue>
      Content-Length:
      - '73'
      Accept:
      - "*/*"
  response:
    status:
      code: 200
      message: OK
    headers:
      X-Amzn-Requestid:
      - 7054587c-36fb-4727-8a4d-fd8f7bff2757
      Content-Type:
      - text/xml
      Content-Length:
      - '999'
      Date:
      - Sun, 12 Apr 2020 23:31:16 GMT
    body:
      encoding: UTF-8
      string: |
        <DescribeStacksResponse xmlns="http://cloudformation.amazonaws.com/doc/2010-05-15/">
          <DescribeStacksResult>
            <Stacks>
              <member>
                <CreationTime>2020-04-12T23:30:54.529Z</CreationTime>
                <NotificationARNs/>
                <StackId>arn:aws:cloudformation:us-east-2:373045849756:stack/aws-ruby-rspec-query-2/a73f2520-7d15-11ea-b30a-0af659736e02</StackId>
                <StackName>aws-ruby-rspec-query-2</StackName>
                <Description>Just a bucket
        </Description>
                <StackStatus>CREATE_IN_PROGRESS</StackStatus>
                <DisableRollback>false</DisableRollback>
                <Tags/>
                <RollbackConfiguration/>
                <DriftInformation>
                  <StackDriftStatus>NOT_CHECKED</StackDriftStatus>
                </DriftInformation>
                <EnableTerminationProtection>false</EnableTerminationProtection>
              </member>
            </Stacks>
          </DescribeStacksResult>
          <ResponseMetadata>
            <RequestId>7054587c-36fb-4727-8a4d-fd8f7bff2757</RequestId>
          </ResponseMetadata>
        </DescribeStacksResponse>
    http_version: null
  recorded_at: Sun, 12 Apr 2020 23:31:16 GMT
- request:
    method: post
    uri: https://cloudformation.us-east-2.amazonaws.com/
    body:
      encoding: UTF-8
      string: Action=DescribeStacks&StackName=aws-ruby-rspec-query-2&Version=2010-05-15
    headers:
      Content-Type:
      - application/x-www-form-urlencoded; charset=utf-8
      Accept-Encoding:
      - ''
      User-Agent:
      - aws-sdk-ruby3/3.94.0 ruby/2.7.1 x86_64-darwin19 aws-sdk-cloudformation/1.32.0
      Host:
      - cloudformation.us-east-2.amazonaws.com
      X-Amz-Date:
      - 20200412T233121Z
      X-Amz-Content-Sha256:
      - 94a4dacc9c3f78d18841a5b10203430747b434892a503e181584b40c0659410e
      Authorization:
      - AWS4-HMAC-SHA256 Credential=AWS_ACCESS_KEY_ID/20200412/us-east-2/cloudformation/aws4_request,
        SignedHeaders=content-type;host;x-amz-content-sha256;x-amz-date, Signature=<SignatureValue>
      Content-Length:
      - '73'
      Accept:
      - "*/*"
  response:
    status:
      code: 200
      message: OK
    headers:
      X-Amzn-Requestid:
      - 727ae792-ce7c-42fb-843c-2c7b81dc8dd8
      Content-Type:
      - text/xml
      Content-Length:
      - '996'
      Date:
      - Sun, 12 Apr 2020 23:31:21 GMT
    body:
      encoding: UTF-8
      string: |
        <DescribeStacksResponse xmlns="http://cloudformation.amazonaws.com/doc/2010-05-15/">
          <DescribeStacksResult>
            <Stacks>
              <member>
                <CreationTime>2020-04-12T23:30:54.529Z</CreationTime>
                <NotificationARNs/>
                <StackId>arn:aws:cloudformation:us-east-2:373045849756:stack/aws-ruby-rspec-query-2/a73f2520-7d15-11ea-b30a-0af659736e02</StackId>
                <StackName>aws-ruby-rspec-query-2</StackName>
                <Description>Just a bucket
        </Description>
                <StackStatus>CREATE_COMPLETE</StackStatus>
                <DisableRollback>false</DisableRollback>
                <Tags/>
                <RollbackConfiguration/>
                <DriftInformation>
                  <StackDriftStatus>NOT_CHECKED</StackDriftStatus>
                </DriftInformation>
                <EnableTerminationProtection>false</EnableTerminationProtection>
              </member>
            </Stacks>
          </DescribeStacksResult>
          <ResponseMetadata>
            <RequestId>727ae792-ce7c-42fb-843c-2c7b81dc8dd8</RequestId>
          </ResponseMetadata>
        </DescribeStacksResponse>
    http_version: null
  recorded_at: Sun, 12 Apr 2020 23:31:22 GMT
- request:
    method: post
    uri: https://cloudformation.us-west-2.amazonaws.com/
    body:
      encoding: UTF-8
      string: Action=ValidateTemplate&TemplateBody=Description%3A%20%3E%0A%20%20Just%20a%20bucket%0A%0AResources%3A%0A%0A%20%20S3Bucket%3A%0A%20%20%20%20Type%3A%20AWS%3A%3AS3%3A%3ABucket%0A&Version=2010-05-15
    headers:
      Content-Type:
      - application/x-www-form-urlencoded; charset=utf-8
      Accept-Encoding:
      - ''
      User-Agent:
      - aws-sdk-ruby3/3.94.0 ruby/2.7.1 x86_64-darwin19 aws-sdk-cloudformation/1.32.0
      Host:
      - cloudformation.us-west-2.amazonaws.com
      X-Amz-Date:
      - 20200412T233122Z
      X-Amz-Content-Sha256:
      - 8afc2f08c2b059cbeedb3caba0e505280d1e67a5188b98f6fb9b1a384b9405bc
      Authorization:
      - AWS4-HMAC-SHA256 Credential=AWS_ACCESS_KEY_ID/20200412/us-west-2/cloudformation/aws4_request,
        SignedHeaders=content-type;host;x-amz-content-sha256;x-amz-date, Signature=<SignatureValue>
      Content-Length:
      - '194'
      Accept:
      - "*/*"
  response:
    status:
      code: 200
      message: OK
    headers:
      X-Amzn-Requestid:
      - '07938188-bda1-4d29-b660-0a14bdb8b90a'
      Content-Type:
      - text/xml
      Content-Length:
      - '341'
      Date:
      - Sun, 12 Apr 2020 23:31:21 GMT
    body:
      encoding: UTF-8
      string: |
        <ValidateTemplateResponse xmlns="http://cloudformation.amazonaws.com/doc/2010-05-15/">
          <ValidateTemplateResult>
            <Description>Just a bucket
        </Description>
            <Parameters/>
          </ValidateTemplateResult>
          <ResponseMetadata>
            <RequestId>07938188-bda1-4d29-b660-0a14bdb8b90a</RequestId>
          </ResponseMetadata>
        </ValidateTemplateResponse>
    http_version: null
  recorded_at: Sun, 12 Apr 2020 23:31:22 GMT
- request:
    method: put
    uri: https://openstax-sandbox-cfn-templates.s3.us-west-2.amazonaws.com/cfn_templates/spec-templates/simple.yml
    body:
      encoding: UTF-8
      string: |
        Description: >
          Just a bucket

        Resources:

          S3Bucket:
            Type: AWS::S3::Bucket
    headers:
      Content-Type:
      - ''
      Accept-Encoding:
      - ''
      User-Agent:
      - aws-sdk-ruby3/3.94.0 ruby/2.7.1 x86_64-darwin19 aws-sdk-s3/1.61.2
      Expect:
      - 100-continue
      Content-Md5:
      - SWrMwFciS4Dd0MtHMjBc+w==
      Host:
      - openstax-sandbox-cfn-templates.s3.us-west-2.amazonaws.com
      X-Amz-Date:
      - 20200412T233122Z
      X-Amz-Content-Sha256:
      - 2b9163e03e5682f82f3c034ef3dfa9e58cb7592cf651af6dc96d5c927d4f5454
      Authorization:
      - AWS4-HMAC-SHA256 Credential=AWS_ACCESS_KEY_ID/20200412/us-west-2/s3/aws4_request,
        SignedHeaders=content-md5;expect;host;user-agent;x-amz-content-sha256;x-amz-date,
        Signature=<SignatureValue>
      Content-Length:
      - '82'
      Accept:
      - "*/*"
  response:
    status:
      code: 200
      message: OK
    headers:
      X-Amz-Id-2:
      - CNnqWxmhlxb54b0YN0+WUFOtcWZISKlQyN9nzZG7sJGMN654pntkuhFvrrSqmw6t3o+11DfNzyg=
      X-Amz-Request-Id:
      - 00D5F8EBECD919C2
      Date:
      - Sun, 12 Apr 2020 23:31:23 GMT
      X-Amz-Version-Id:
      - PWfosIj0vff7cserhVIO3I8b03wbDTJZ
      X-Amz-Server-Side-Encryption:
      - AES256
      Etag:
      - '"496accc057224b80ddd0cb4732305cfb"'
      Content-Length:
      - '0'
      Server:
      - AmazonS3
    body:
      encoding: UTF-8
      string: ''
    http_version: null
  recorded_at: Sun, 12 Apr 2020 23:31:22 GMT
- request:
    method: post
    uri: https://cloudformation.us-east-2.amazonaws.com/
    body:
      encoding: UTF-8
      string: Action=CreateStack&Capabilities=&EnableTerminationProtection=false&Parameters=&StackName=aws-ruby-rspec-query-3&Tags=&TemplateURL=https%3A%2F%2Fs3.amazonaws.com%2Fopenstax-sandbox-cfn-templates%2Fcfn_templates%2Fspec-templates%2Fsimple.yml&Version=2010-05-15
    headers:
      Content-Type:
      - application/x-www-form-urlencoded; charset=utf-8
      Accept-Encoding:
      - ''
      User-Agent:
      - aws-sdk-ruby3/3.94.0 ruby/2.7.1 x86_64-darwin19 aws-sdk-cloudformation/1.32.0
      Host:
      - cloudformation.us-east-2.amazonaws.com
      X-Amz-Date:
      - 20200412T233122Z
      X-Amz-Content-Sha256:
      - 2967e110ed4047311cddea0a6169030a04f3a738bfcefc6f226b34bba1e0dc3d
      Authorization:
      - AWS4-HMAC-SHA256 Credential=AWS_ACCESS_KEY_ID/20200412/us-east-2/cloudformation/aws4_request,
        SignedHeaders=content-type;host;x-amz-content-sha256;x-amz-date, Signature=<SignatureValue>
      Content-Length:
      - '258'
      Accept:
      - "*/*"
  response:
    status:
      code: 200
      message: OK
    headers:
      X-Amzn-Requestid:
      - fd3771c5-3ba8-4681-bcb8-fa060683e123
      Content-Type:
      - text/xml
      Content-Length:
      - '392'
      Date:
      - Sun, 12 Apr 2020 23:31:23 GMT
    body:
      encoding: UTF-8
      string: |
        <CreateStackResponse xmlns="http://cloudformation.amazonaws.com/doc/2010-05-15/">
          <CreateStackResult>
            <StackId>arn:aws:cloudformation:us-east-2:373045849756:stack/aws-ruby-rspec-query-3/b8935530-7d15-11ea-ba69-0a0a04c5437c</StackId>
          </CreateStackResult>
          <ResponseMetadata>
            <RequestId>fd3771c5-3ba8-4681-bcb8-fa060683e123</RequestId>
          </ResponseMetadata>
        </CreateStackResponse>
    http_version: null
  recorded_at: Sun, 12 Apr 2020 23:31:23 GMT
- request:
    method: post
    uri: https://cloudformation.us-east-2.amazonaws.com/
    body:
      encoding: UTF-8
      string: Action=DescribeStacks&StackName=aws-ruby-rspec-query-3&Version=2010-05-15
    headers:
      Content-Type:
      - application/x-www-form-urlencoded; charset=utf-8
      Accept-Encoding:
      - ''
      User-Agent:
      - aws-sdk-ruby3/3.94.0 ruby/2.7.1 x86_64-darwin19 aws-sdk-cloudformation/1.32.0
      Host:
      - cloudformation.us-east-2.amazonaws.com
      X-Amz-Date:
      - 20200412T233123Z
      X-Amz-Content-Sha256:
      - d32cda5c841707c91d23a519603d4a51d097f5bf404d417acbe95e81965bd44d
      Authorization:
      - AWS4-HMAC-SHA256 Credential=AWS_ACCESS_KEY_ID/20200412/us-east-2/cloudformation/aws4_request,
        SignedHeaders=content-type;host;x-amz-content-sha256;x-amz-date, Signature=<SignatureValue>
      Content-Length:
      - '73'
      Accept:
      - "*/*"
  response:
    status:
      code: 200
      message: OK
    headers:
      X-Amzn-Requestid:
      - 3ab522de-91fe-4325-8aeb-31d017d71e85
      Content-Type:
      - text/xml
      Content-Length:
      - '1061'
      Date:
      - Sun, 12 Apr 2020 23:31:23 GMT
    body:
      encoding: UTF-8
      string: |
        <DescribeStacksResponse xmlns="http://cloudformation.amazonaws.com/doc/2010-05-15/">
          <DescribeStacksResult>
            <Stacks>
              <member>
                <CreationTime>2020-04-12T23:31:23.591Z</CreationTime>
                <NotificationARNs/>
                <StackId>arn:aws:cloudformation:us-east-2:373045849756:stack/aws-ruby-rspec-query-3/b8935530-7d15-11ea-ba69-0a0a04c5437c</StackId>
                <StackName>aws-ruby-rspec-query-3</StackName>
                <Description>Just a bucket
        </Description>
                <StackStatus>CREATE_IN_PROGRESS</StackStatus>
                <DisableRollback>false</DisableRollback>
                <Tags/>
                <RollbackConfiguration/>
                <DriftInformation>
                  <StackDriftStatus>NOT_CHECKED</StackDriftStatus>
                </DriftInformation>
                <EnableTerminationProtection>false</EnableTerminationProtection>
                <StackStatusReason>User Initiated</StackStatusReason>
              </member>
            </Stacks>
          </DescribeStacksResult>
          <ResponseMetadata>
            <RequestId>3ab522de-91fe-4325-8aeb-31d017d71e85</RequestId>
          </ResponseMetadata>
        </DescribeStacksResponse>
    http_version: null
  recorded_at: Sun, 12 Apr 2020 23:31:24 GMT
- request:
    method: post
    uri: https://cloudformation.us-east-2.amazonaws.com/
    body:
      encoding: UTF-8
      string: Action=DescribeStacks&StackName=aws-ruby-rspec-query-3&Version=2010-05-15
    headers:
      Content-Type:
      - application/x-www-form-urlencoded; charset=utf-8
      Accept-Encoding:
      - ''
      User-Agent:
      - aws-sdk-ruby3/3.94.0 ruby/2.7.1 x86_64-darwin19 aws-sdk-cloudformation/1.32.0
      Host:
      - cloudformation.us-east-2.amazonaws.com
      X-Amz-Date:
      - 20200412T233124Z
      X-Amz-Content-Sha256:
      - d32cda5c841707c91d23a519603d4a51d097f5bf404d417acbe95e81965bd44d
      Authorization:
      - AWS4-HMAC-SHA256 Credential=AWS_ACCESS_KEY_ID/20200412/us-east-2/cloudformation/aws4_request,
        SignedHeaders=content-type;host;x-amz-content-sha256;x-amz-date, Signature=<SignatureValue>
      Content-Length:
      - '73'
      Accept:
      - "*/*"
  response:
    status:
      code: 200
      message: OK
    headers:
      X-Amzn-Requestid:
      - 6de0f3fe-aa01-40c9-a9b4-568d3d6954dc
      Content-Type:
      - text/xml
      Content-Length:
      - '999'
      Date:
      - Sun, 12 Apr 2020 23:31:24 GMT
    body:
      encoding: UTF-8
      string: |
        <DescribeStacksResponse xmlns="http://cloudformation.amazonaws.com/doc/2010-05-15/">
          <DescribeStacksResult>
            <Stacks>
              <member>
                <CreationTime>2020-04-12T23:31:23.591Z</CreationTime>
                <NotificationARNs/>
                <StackId>arn:aws:cloudformation:us-east-2:373045849756:stack/aws-ruby-rspec-query-3/b8935530-7d15-11ea-ba69-0a0a04c5437c</StackId>
                <StackName>aws-ruby-rspec-query-3</StackName>
                <Description>Just a bucket
        </Description>
                <StackStatus>CREATE_IN_PROGRESS</StackStatus>
                <DisableRollback>false</DisableRollback>
                <Tags/>
                <RollbackConfiguration/>
                <DriftInformation>
                  <StackDriftStatus>NOT_CHECKED</StackDriftStatus>
                </DriftInformation>
                <EnableTerminationProtection>false</EnableTerminationProtection>
              </member>
            </Stacks>
          </DescribeStacksResult>
          <ResponseMetadata>
            <RequestId>6de0f3fe-aa01-40c9-a9b4-568d3d6954dc</RequestId>
          </ResponseMetadata>
        </DescribeStacksResponse>
    http_version: null
  recorded_at: Sun, 12 Apr 2020 23:31:24 GMT
- request:
    method: post
    uri: https://cloudformation.us-east-2.amazonaws.com/
    body:
      encoding: UTF-8
      string: Action=DescribeStacks&StackName=aws-ruby-rspec-query-3&Version=2010-05-15
    headers:
      Content-Type:
      - application/x-www-form-urlencoded; charset=utf-8
      Accept-Encoding:
      - ''
      User-Agent:
      - aws-sdk-ruby3/3.94.0 ruby/2.7.1 x86_64-darwin19 aws-sdk-cloudformation/1.32.0
      Host:
      - cloudformation.us-east-2.amazonaws.com
      X-Amz-Date:
      - 20200412T233129Z
      X-Amz-Content-Sha256:
      - d32cda5c841707c91d23a519603d4a51d097f5bf404d417acbe95e81965bd44d
      Authorization:
      - AWS4-HMAC-SHA256 Credential=AWS_ACCESS_KEY_ID/20200412/us-east-2/cloudformation/aws4_request,
        SignedHeaders=content-type;host;x-amz-content-sha256;x-amz-date, Signature=<SignatureValue>
      Content-Length:
      - '73'
      Accept:
      - "*/*"
  response:
    status:
      code: 200
      message: OK
    headers:
      X-Amzn-Requestid:
      - 50cb2656-48fa-40b3-a3ae-9cdd177f73ad
      Content-Type:
      - text/xml
      Content-Length:
      - '999'
      Date:
      - Sun, 12 Apr 2020 23:31:29 GMT
    body:
      encoding: UTF-8
      string: |
        <DescribeStacksResponse xmlns="http://cloudformation.amazonaws.com/doc/2010-05-15/">
          <DescribeStacksResult>
            <Stacks>
              <member>
                <CreationTime>2020-04-12T23:31:23.591Z</CreationTime>
                <NotificationARNs/>
                <StackId>arn:aws:cloudformation:us-east-2:373045849756:stack/aws-ruby-rspec-query-3/b8935530-7d15-11ea-ba69-0a0a04c5437c</StackId>
                <StackName>aws-ruby-rspec-query-3</StackName>
                <Description>Just a bucket
        </Description>
                <StackStatus>CREATE_IN_PROGRESS</StackStatus>
                <DisableRollback>false</DisableRollback>
                <Tags/>
                <RollbackConfiguration/>
                <DriftInformation>
                  <StackDriftStatus>NOT_CHECKED</StackDriftStatus>
                </DriftInformation>
                <EnableTerminationProtection>false</EnableTerminationProtection>
              </member>
            </Stacks>
          </DescribeStacksResult>
          <ResponseMetadata>
            <RequestId>50cb2656-48fa-40b3-a3ae-9cdd177f73ad</RequestId>
          </ResponseMetadata>
        </DescribeStacksResponse>
    http_version: null
  recorded_at: Sun, 12 Apr 2020 23:31:29 GMT
- request:
    method: post
    uri: https://cloudformation.us-east-2.amazonaws.com/
    body:
      encoding: UTF-8
      string: Action=DescribeStacks&StackName=aws-ruby-rspec-query-3&Version=2010-05-15
    headers:
      Content-Type:
      - application/x-www-form-urlencoded; charset=utf-8
      Accept-Encoding:
      - ''
      User-Agent:
      - aws-sdk-ruby3/3.94.0 ruby/2.7.1 x86_64-darwin19 aws-sdk-cloudformation/1.32.0
      Host:
      - cloudformation.us-east-2.amazonaws.com
      X-Amz-Date:
      - 20200412T233134Z
      X-Amz-Content-Sha256:
      - d32cda5c841707c91d23a519603d4a51d097f5bf404d417acbe95e81965bd44d
      Authorization:
      - AWS4-HMAC-SHA256 Credential=AWS_ACCESS_KEY_ID/20200412/us-east-2/cloudformation/aws4_request,
        SignedHeaders=content-type;host;x-amz-content-sha256;x-amz-date, Signature=<SignatureValue>
      Content-Length:
      - '73'
      Accept:
      - "*/*"
  response:
    status:
      code: 200
      message: OK
    headers:
      X-Amzn-Requestid:
      - 4133c036-844f-4f6b-80d6-0ab2a43a6785
      Content-Type:
      - text/xml
      Content-Length:
      - '999'
      Date:
      - Sun, 12 Apr 2020 23:31:34 GMT
    body:
      encoding: UTF-8
      string: |
        <DescribeStacksResponse xmlns="http://cloudformation.amazonaws.com/doc/2010-05-15/">
          <DescribeStacksResult>
            <Stacks>
              <member>
                <CreationTime>2020-04-12T23:31:23.591Z</CreationTime>
                <NotificationARNs/>
                <StackId>arn:aws:cloudformation:us-east-2:373045849756:stack/aws-ruby-rspec-query-3/b8935530-7d15-11ea-ba69-0a0a04c5437c</StackId>
                <StackName>aws-ruby-rspec-query-3</StackName>
                <Description>Just a bucket
        </Description>
                <StackStatus>CREATE_IN_PROGRESS</StackStatus>
                <DisableRollback>false</DisableRollback>
                <Tags/>
                <RollbackConfiguration/>
                <DriftInformation>
                  <StackDriftStatus>NOT_CHECKED</StackDriftStatus>
                </DriftInformation>
                <EnableTerminationProtection>false</EnableTerminationProtection>
              </member>
            </Stacks>
          </DescribeStacksResult>
          <ResponseMetadata>
            <RequestId>4133c036-844f-4f6b-80d6-0ab2a43a6785</RequestId>
          </ResponseMetadata>
        </DescribeStacksResponse>
    http_version: null
  recorded_at: Sun, 12 Apr 2020 23:31:35 GMT
- request:
    method: post
    uri: https://cloudformation.us-east-2.amazonaws.com/
    body:
      encoding: UTF-8
      string: Action=DescribeStacks&StackName=aws-ruby-rspec-query-3&Version=2010-05-15
    headers:
      Content-Type:
      - application/x-www-form-urlencoded; charset=utf-8
      Accept-Encoding:
      - ''
      User-Agent:
      - aws-sdk-ruby3/3.94.0 ruby/2.7.1 x86_64-darwin19 aws-sdk-cloudformation/1.32.0
      Host:
      - cloudformation.us-east-2.amazonaws.com
      X-Amz-Date:
      - 20200412T233140Z
      X-Amz-Content-Sha256:
      - d32cda5c841707c91d23a519603d4a51d097f5bf404d417acbe95e81965bd44d
      Authorization:
      - AWS4-HMAC-SHA256 Credential=AWS_ACCESS_KEY_ID/20200412/us-east-2/cloudformation/aws4_request,
        SignedHeaders=content-type;host;x-amz-content-sha256;x-amz-date, Signature=<SignatureValue>
      Content-Length:
      - '73'
      Accept:
      - "*/*"
  response:
    status:
      code: 200
      message: OK
    headers:
      X-Amzn-Requestid:
      - 71757f0d-4513-4157-9da5-519d8e79b057
      Content-Type:
      - text/xml
      Content-Length:
      - '999'
      Date:
      - Sun, 12 Apr 2020 23:31:39 GMT
    body:
      encoding: UTF-8
      string: |
        <DescribeStacksResponse xmlns="http://cloudformation.amazonaws.com/doc/2010-05-15/">
          <DescribeStacksResult>
            <Stacks>
              <member>
                <CreationTime>2020-04-12T23:31:23.591Z</CreationTime>
                <NotificationARNs/>
                <StackId>arn:aws:cloudformation:us-east-2:373045849756:stack/aws-ruby-rspec-query-3/b8935530-7d15-11ea-ba69-0a0a04c5437c</StackId>
                <StackName>aws-ruby-rspec-query-3</StackName>
                <Description>Just a bucket
        </Description>
                <StackStatus>CREATE_IN_PROGRESS</StackStatus>
                <DisableRollback>false</DisableRollback>
                <Tags/>
                <RollbackConfiguration/>
                <DriftInformation>
                  <StackDriftStatus>NOT_CHECKED</StackDriftStatus>
                </DriftInformation>
                <EnableTerminationProtection>false</EnableTerminationProtection>
              </member>
            </Stacks>
          </DescribeStacksResult>
          <ResponseMetadata>
            <RequestId>71757f0d-4513-4157-9da5-519d8e79b057</RequestId>
          </ResponseMetadata>
        </DescribeStacksResponse>
    http_version: null
  recorded_at: Sun, 12 Apr 2020 23:31:40 GMT
- request:
    method: post
    uri: https://cloudformation.us-east-2.amazonaws.com/
    body:
      encoding: UTF-8
      string: Action=DescribeStacks&StackName=aws-ruby-rspec-query-3&Version=2010-05-15
    headers:
      Content-Type:
      - application/x-www-form-urlencoded; charset=utf-8
      Accept-Encoding:
      - ''
      User-Agent:
      - aws-sdk-ruby3/3.94.0 ruby/2.7.1 x86_64-darwin19 aws-sdk-cloudformation/1.32.0
      Host:
      - cloudformation.us-east-2.amazonaws.com
      X-Amz-Date:
      - 20200412T233145Z
      X-Amz-Content-Sha256:
      - d32cda5c841707c91d23a519603d4a51d097f5bf404d417acbe95e81965bd44d
      Authorization:
      - AWS4-HMAC-SHA256 Credential=AWS_ACCESS_KEY_ID/20200412/us-east-2/cloudformation/aws4_request,
        SignedHeaders=content-type;host;x-amz-content-sha256;x-amz-date, Signature=<SignatureValue>
      Content-Length:
      - '73'
      Accept:
      - "*/*"
  response:
    status:
      code: 200
      message: OK
    headers:
      X-Amzn-Requestid:
      - 4ac6a6e8-e81b-4cc7-b519-b5c4b2382557
      Content-Type:
      - text/xml
      Content-Length:
      - '999'
      Date:
      - Sun, 12 Apr 2020 23:31:44 GMT
    body:
      encoding: UTF-8
      string: |
        <DescribeStacksResponse xmlns="http://cloudformation.amazonaws.com/doc/2010-05-15/">
          <DescribeStacksResult>
            <Stacks>
              <member>
                <CreationTime>2020-04-12T23:31:23.591Z</CreationTime>
                <NotificationARNs/>
                <StackId>arn:aws:cloudformation:us-east-2:373045849756:stack/aws-ruby-rspec-query-3/b8935530-7d15-11ea-ba69-0a0a04c5437c</StackId>
                <StackName>aws-ruby-rspec-query-3</StackName>
                <Description>Just a bucket
        </Description>
                <StackStatus>CREATE_IN_PROGRESS</StackStatus>
                <DisableRollback>false</DisableRollback>
                <Tags/>
                <RollbackConfiguration/>
                <DriftInformation>
                  <StackDriftStatus>NOT_CHECKED</StackDriftStatus>
                </DriftInformation>
                <EnableTerminationProtection>false</EnableTerminationProtection>
              </member>
            </Stacks>
          </DescribeStacksResult>
          <ResponseMetadata>
            <RequestId>4ac6a6e8-e81b-4cc7-b519-b5c4b2382557</RequestId>
          </ResponseMetadata>
        </DescribeStacksResponse>
    http_version: null
  recorded_at: Sun, 12 Apr 2020 23:31:45 GMT
- request:
    method: post
    uri: https://cloudformation.us-east-2.amazonaws.com/
    body:
      encoding: UTF-8
      string: Action=DescribeStacks&StackName=aws-ruby-rspec-query-3&Version=2010-05-15
    headers:
      Content-Type:
      - application/x-www-form-urlencoded; charset=utf-8
      Accept-Encoding:
      - ''
      User-Agent:
      - aws-sdk-ruby3/3.94.0 ruby/2.7.1 x86_64-darwin19 aws-sdk-cloudformation/1.32.0
      Host:
      - cloudformation.us-east-2.amazonaws.com
      X-Amz-Date:
      - 20200412T233150Z
      X-Amz-Content-Sha256:
      - d32cda5c841707c91d23a519603d4a51d097f5bf404d417acbe95e81965bd44d
      Authorization:
      - AWS4-HMAC-SHA256 Credential=AWS_ACCESS_KEY_ID/20200412/us-east-2/cloudformation/aws4_request,
        SignedHeaders=content-type;host;x-amz-content-sha256;x-amz-date, Signature=<SignatureValue>
      Content-Length:
      - '73'
      Accept:
      - "*/*"
  response:
    status:
      code: 200
      message: OK
    headers:
      X-Amzn-Requestid:
      - b888f110-db6f-417d-bd94-6bdb07b4520a
      Content-Type:
      - text/xml
      Content-Length:
      - '996'
      Date:
      - Sun, 12 Apr 2020 23:31:50 GMT
    body:
      encoding: UTF-8
      string: |
        <DescribeStacksResponse xmlns="http://cloudformation.amazonaws.com/doc/2010-05-15/">
          <DescribeStacksResult>
            <Stacks>
              <member>
                <CreationTime>2020-04-12T23:31:23.591Z</CreationTime>
                <NotificationARNs/>
                <StackId>arn:aws:cloudformation:us-east-2:373045849756:stack/aws-ruby-rspec-query-3/b8935530-7d15-11ea-ba69-0a0a04c5437c</StackId>
                <StackName>aws-ruby-rspec-query-3</StackName>
                <Description>Just a bucket
        </Description>
                <StackStatus>CREATE_COMPLETE</StackStatus>
                <DisableRollback>false</DisableRollback>
                <Tags/>
                <RollbackConfiguration/>
                <DriftInformation>
                  <StackDriftStatus>NOT_CHECKED</StackDriftStatus>
                </DriftInformation>
                <EnableTerminationProtection>false</EnableTerminationProtection>
              </member>
            </Stacks>
          </DescribeStacksResult>
          <ResponseMetadata>
            <RequestId>b888f110-db6f-417d-bd94-6bdb07b4520a</RequestId>
          </ResponseMetadata>
        </DescribeStacksResponse>
    http_version: null
  recorded_at: Sun, 12 Apr 2020 23:31:51 GMT
- request:
    method: post
    uri: https://cloudformation.us-east-1.amazonaws.com/
    body:
      encoding: UTF-8
      string: Action=ListStacks&StackStatusFilter.member.1=CREATE_IN_PROGRESS&StackStatusFilter.member.10=UPDATE_COMPLETE&StackStatusFilter.member.11=UPDATE_ROLLBACK_IN_PROGRESS&StackStatusFilter.member.12=UPDATE_ROLLBACK_FAILED&StackStatusFilter.member.13=UPDATE_ROLLBACK_COMPLETE_CLEANUP_IN_PROGRESS&StackStatusFilter.member.14=UPDATE_ROLLBACK_COMPLETE&StackStatusFilter.member.15=REVIEW_IN_PROGRESS&StackStatusFilter.member.16=IMPORT_IN_PROGRESS&StackStatusFilter.member.17=IMPORT_COMPLETE&StackStatusFilter.member.18=IMPORT_ROLLBACK_IN_PROGRESS&StackStatusFilter.member.19=IMPORT_ROLLBACK_FAILED&StackStatusFilter.member.2=CREATE_COMPLETE&StackStatusFilter.member.20=IMPORT_ROLLBACK_COMPLETE&StackStatusFilter.member.3=ROLLBACK_IN_PROGRESS&StackStatusFilter.member.4=ROLLBACK_FAILED&StackStatusFilter.member.5=ROLLBACK_COMPLETE&StackStatusFilter.member.6=DELETE_IN_PROGRESS&StackStatusFilter.member.7=DELETE_FAILED&StackStatusFilter.member.8=UPDATE_IN_PROGRESS&StackStatusFilter.member.9=UPDATE_COMPLETE_CLEANUP_IN_PROGRESS&Version=2010-05-15
    headers:
      Content-Type:
      - application/x-www-form-urlencoded; charset=utf-8
      Accept-Encoding:
      - ''
      User-Agent:
      - aws-sdk-ruby3/3.94.0 ruby/2.7.1 x86_64-darwin19 aws-sdk-cloudformation/1.32.0
      Host:
      - cloudformation.us-east-1.amazonaws.com
      X-Amz-Date:
      - 20200412T233151Z
      X-Amz-Content-Sha256:
      - 2bd8ad7d0057ec3652a4c5682e671cbed9770e44be110ff73e55aa9a04af9850
      Authorization:
      - AWS4-HMAC-SHA256 Credential=AWS_ACCESS_KEY_ID/20200412/us-east-1/cloudformation/aws4_request,
        SignedHeaders=content-type;host;x-amz-content-sha256;x-amz-date, Signature=<SignatureValue>
      Content-Length:
      - '1032'
      Accept:
      - "*/*"
  response:
    status:
      code: 200
      message: OK
    headers:
      X-Amzn-Requestid:
      - 7e4632e1-c98b-4321-a49a-a2b0d8100e0d
      Content-Type:
      - text/xml
      Content-Length:
      - '20787'
      Vary:
      - accept-encoding
      Date:
      - Sun, 12 Apr 2020 23:31:51 GMT
    body:
      encoding: UTF-8
      string: |
        <ListStacksResponse xmlns="http://cloudformation.amazonaws.com/doc/2010-05-15/">
          <ListStacksResult>
            <StackSummaries>
              <member>
                <CreationTime>2020-04-02T13:19:15.632Z</CreationTime>
                <StackId>MASKED_STACK_NAME</StackId>
                <TemplateDescription>MASKED_DESCRIPTION</TemplateDescription>
                <StackName>MASKED_STACK_NAME</StackName>
                <DriftInformation>
                  <StackDriftStatus>NOT_CHECKED</StackDriftStatus>
                </DriftInformation>
                <StackStatus>UPDATE_COMPLETE</StackStatus>
                <LastUpdatedTime>2020-04-10T20:08:21.806Z</LastUpdatedTime>
              </member>
              <member>
                <CreationTime>2020-04-01T19:39:03.724Z</CreationTime>
                <StackId>MASKED_STACK_NAME</StackId>
                <TemplateDescription>MASKED_DESCRIPTION</TemplateDescription>
                <StackName>MASKED_STACK_NAME</StackName>
                <DriftInformation>
                  <StackDriftStatus>NOT_CHECKED</StackDriftStatus>
                </DriftInformation>
                <StackStatus>CREATE_COMPLETE</StackStatus>
                <LastUpdatedTime>2020-04-01T19:39:09.174Z</LastUpdatedTime>
              </member>
              <member>
                <CreationTime>2020-03-30T15:56:24.699Z</CreationTime>
                <StackId>MASKED_STACK_NAME</StackId>
                <TemplateDescription>MASKED_DESCRIPTION</TemplateDescription>
                <StackName>MASKED_STACK_NAME</StackName>
                <DriftInformation>
                  <StackDriftStatus>NOT_CHECKED</StackDriftStatus>
                </DriftInformation>
                <StackStatus>UPDATE_COMPLETE</StackStatus>
                <LastUpdatedTime>2020-04-01T20:46:13.640Z</LastUpdatedTime>
              </member>
              <member>
                <CreationTime>2020-03-16T08:37:55.182Z</CreationTime>
                <StackId>MASKED_STACK_NAME</StackId>
                <TemplateDescription>MASKED_DESCRIPTION</TemplateDescription>
                <StackName>MASKED_STACK_NAME</StackName>
                <DriftInformation>
                  <StackDriftStatus>NOT_CHECKED</StackDriftStatus>
                </DriftInformation>
                <StackStatus>UPDATE_COMPLETE</StackStatus>
                <LastUpdatedTime>2020-03-30T16:46:21.752Z</LastUpdatedTime>
              </member>
              <member>
                <CreationTime>2020-03-15T22:55:33.998Z</CreationTime>
                <StackId>MASKED_STACK_NAME</StackId>
                <TemplateDescription>MASKED_DESCRIPTION</TemplateDescription>
                <StackName>MASKED_STACK_NAME</StackName>
                <DriftInformation>
                  <StackDriftStatus>NOT_CHECKED</StackDriftStatus>
                </DriftInformation>
                <StackStatus>CREATE_COMPLETE</StackStatus>
              </member>
              <member>
                <CreationTime>2020-03-13T16:14:27.493Z</CreationTime>
                <StackId>MASKED_STACK_NAME</StackId>
                <TemplateDescription>MASKED_DESCRIPTION</TemplateDescription>
                <StackName>MASKED_STACK_NAME</StackName>
                <DriftInformation>
                  <StackDriftStatus>NOT_CHECKED</StackDriftStatus>
                </DriftInformation>
                <StackStatus>UPDATE_COMPLETE</StackStatus>
                <LastUpdatedTime>2020-03-16T16:38:23.159Z</LastUpdatedTime>
              </member>
              <member>
                <CreationTime>2020-03-08T16:57:16.941Z</CreationTime>
                <StackId>MASKED_STACK_NAME</StackId>
                <TemplateDescription>MASKED_DESCRIPTION</TemplateDescription>
                <StackName>MASKED_STACK_NAME</StackName>
                <DriftInformation>
                  <StackDriftStatus>NOT_CHECKED</StackDriftStatus>
                </DriftInformation>
                <StackStatus>UPDATE_COMPLETE</StackStatus>
                <LastUpdatedTime>2020-03-09T23:52:29.025Z</LastUpdatedTime>
              </member>
              <member>
                <CreationTime>2020-03-01T21:04:55.647Z</CreationTime>
                <StackId>MASKED_STACK_NAME</StackId>
                <StackName>MASKED_STACK_NAME</StackName>
                <DriftInformation>
                  <StackDriftStatus>NOT_CHECKED</StackDriftStatus>
                </DriftInformation>
                <StackStatus>CREATE_COMPLETE</StackStatus>
              </member>
              <member>
                <CreationTime>2020-02-24T04:46:11.404Z</CreationTime>
                <StackId>MASKED_STACK_NAME</StackId>
                <TemplateDescription>MASKED_DESCRIPTION</TemplateDescription>
                <StackName>MASKED_STACK_NAME</StackName>
                <DriftInformation>
                  <StackDriftStatus>NOT_CHECKED</StackDriftStatus>
                </DriftInformation>
                <StackStatus>CREATE_COMPLETE</StackStatus>
              </member>
              <member>
                <CreationTime>2020-02-17T19:28:29.259Z</CreationTime>
                <StackId>MASKED_STACK_NAME</StackId>
                <TemplateDescription>MASKED_DESCRIPTION</TemplateDescription>
                <StackName>MASKED_STACK_NAME</StackName>
                <DriftInformation>
                  <StackDriftStatus>NOT_CHECKED</StackDriftStatus>
                </DriftInformation>
                <StackStatus>UPDATE_COMPLETE</StackStatus>
                <LastUpdatedTime>2020-03-26T20:45:25.844Z</LastUpdatedTime>
              </member>
              <member>
                <CreationTime>2020-02-13T22:05:55.791Z</CreationTime>
                <StackId>MASKED_STACK_NAME</StackId>
                <TemplateDescription>MASKED_DESCRIPTION</TemplateDescription>
                <StackName>MASKED_STACK_NAME</StackName>
                <DriftInformation>
                  <StackDriftStatus>NOT_CHECKED</StackDriftStatus>
                </DriftInformation>
                <StackStatus>DELETE_FAILED</StackStatus>
                <DeletionTime>2020-03-30T01:43:52.373Z</DeletionTime>
                <LastUpdatedTime>2020-03-30T01:27:34.449Z</LastUpdatedTime>
                <StackStatusReason>MASKED_REASON</StackStatusReason>
              </member>
              <member>
                <CreationTime>2020-02-10T04:04:10.834Z</CreationTime>
                <StackId>MASKED_STACK_NAME</StackId>
                <TemplateDescription>MASKED_DESCRIPTION</TemplateDescription>
                <StackName>MASKED_STACK_NAME</StackName>
                <DriftInformation>
                  <StackDriftStatus>NOT_CHECKED</StackDriftStatus>
                </DriftInformation>
                <StackStatus>UPDATE_COMPLETE</StackStatus>
                <LastUpdatedTime>2020-02-12T22:19:35.443Z</LastUpdatedTime>
              </member>
              <member>
                <CreationTime>2020-02-10T03:28:32.907Z</CreationTime>
                <StackId>MASKED_STACK_NAME</StackId>
                <TemplateDescription>MASKED_DESCRIPTION</TemplateDescription>
                <StackName>MASKED_STACK_NAME</StackName>
                <DriftInformation>
                  <StackDriftStatus>NOT_CHECKED</StackDriftStatus>
                </DriftInformation>
                <StackStatus>CREATE_COMPLETE</StackStatus>
                <LastUpdatedTime>2020-02-10T03:28:38.639Z</LastUpdatedTime>
              </member>
              <member>
                <CreationTime>2020-02-09T18:21:47.512Z</CreationTime>
                <StackId>MASKED_STACK_NAME</StackId>
                <TemplateDescription>MASKED_DESCRIPTION</TemplateDescription>
                <StackName>MASKED_STACK_NAME</StackName>
                <DriftInformation>
                  <StackDriftStatus>NOT_CHECKED</StackDriftStatus>
                </DriftInformation>
                <StackStatus>UPDATE_COMPLETE</StackStatus>
                <LastUpdatedTime>2020-02-10T03:54:36.259Z</LastUpdatedTime>
              </member>
              <member>
                <CreationTime>2020-02-04T15:57:29.483Z</CreationTime>
                <StackId>MASKED_STACK_NAME</StackId>
                <TemplateDescription>MASKED_DESCRIPTION</TemplateDescription>
                <StackName>MASKED_STACK_NAME</StackName>
                <DriftInformation>
                  <StackDriftStatus>NOT_CHECKED</StackDriftStatus>
                </DriftInformation>
                <StackStatus>UPDATE_COMPLETE</StackStatus>
                <LastUpdatedTime>2020-02-17T17:18:19.433Z</LastUpdatedTime>
              </member>
              <member>
                <CreationTime>2020-01-24T15:03:41.944Z</CreationTime>
                <StackId>MASKED_STACK_NAME</StackId>
                <TemplateDescription>MASKED_DESCRIPTION</TemplateDescription>
                <StackName>MASKED_STACK_NAME</StackName>
                <DriftInformation>
                  <StackDriftStatus>NOT_CHECKED</StackDriftStatus>
                </DriftInformation>
                <StackStatus>UPDATE_COMPLETE</StackStatus>
                <LastUpdatedTime>2020-02-04T03:13:13.768Z</LastUpdatedTime>
              </member>
              <member>
                <CreationTime>2020-01-08T20:39:15.432Z</CreationTime>
                <StackId>MASKED_STACK_NAME</StackId>
                <TemplateDescription>MASKED_DESCRIPTION</TemplateDescription>
                <StackName>MASKED_STACK_NAME</StackName>
                <DriftInformation>
                  <StackDriftStatus>NOT_CHECKED</StackDriftStatus>
                </DriftInformation>
                <StackStatus>UPDATE_COMPLETE</StackStatus>
                <LastUpdatedTime>2020-01-27T18:58:05.058Z</LastUpdatedTime>
              </member>
              <member>
                <CreationTime>2019-12-18T02:33:55.446Z</CreationTime>
                <StackId>MASKED_STACK_NAME</StackId>
                <TemplateDescription>hello_world
        Sample SAM Template for hello_world
        </TemplateDescription>
                <StackName>MASKED_STACK_NAME</StackName>
                <DriftInformation>
                  <StackDriftStatus>NOT_CHECKED</StackDriftStatus>
                </DriftInformation>
                <StackStatus>UPDATE_ROLLBACK_COMPLETE</StackStatus>
                <LastUpdatedTime>2020-01-28T17:05:07.548Z</LastUpdatedTime>
              </member>
              <member>
                <CreationTime>2019-12-18T02:32:49.637Z</CreationTime>
                <StackId>MASKED_STACK_NAME</StackId>
                <TemplateDescription>MASKED_DESCRIPTION</TemplateDescription>
                <StackName>MASKED_STACK_NAME</StackName>
                <DriftInformation>
                  <StackDriftStatus>NOT_CHECKED</StackDriftStatus>
                </DriftInformation>
                <StackStatus>CREATE_COMPLETE</StackStatus>
                <LastUpdatedTime>2019-12-18T02:33:05.241Z</LastUpdatedTime>
              </member>
              <member>
                <CreationTime>2019-11-14T01:31:49.267Z</CreationTime>
                <StackId>MASKED_STACK_NAME</StackId>
                <TemplateDescription>MASKED_DESCRIPTION</TemplateDescription>
                <StackName>MASKED_STACK_NAME</StackName>
                <DriftInformation>
                  <StackDriftStatus>NOT_CHECKED</StackDriftStatus>
                </DriftInformation>
                <StackStatus>UPDATE_COMPLETE</StackStatus>
                <LastUpdatedTime>2019-12-19T22:33:52.645Z</LastUpdatedTime>
              </member>
              <member>
                <CreationTime>2019-10-28T15:58:49.512Z</CreationTime>
                <StackId>MASKED_STACK_NAME</StackId>
                <TemplateDescription>MASKED_DESCRIPTION</TemplateDescription>
                <StackName>MASKED_STACK_NAME</StackName>
                <DriftInformation>
                  <StackDriftStatus>NOT_CHECKED</StackDriftStatus>
                </DriftInformation>
                <StackStatus>UPDATE_COMPLETE</StackStatus>
                <LastUpdatedTime>2019-11-14T02:30:17.065Z</LastUpdatedTime>
              </member>
              <member>
                <CreationTime>2019-10-18T14:23:14.682Z</CreationTime>
                <StackId>MASKED_STACK_NAME</StackId>
                <TemplateDescription>MASKED_DESCRIPTION</TemplateDescription>
                <StackName>MASKED_STACK_NAME</StackName>
                <DriftInformation>
                  <StackDriftStatus>NOT_CHECKED</StackDriftStatus>
                </DriftInformation>
                <StackStatus>UPDATE_COMPLETE</StackStatus>
                <LastUpdatedTime>2019-11-06T05:15:00.378Z</LastUpdatedTime>
              </member>
              <member>
                <CreationTime>2019-09-18T21:21:27.523Z</CreationTime>
                <StackId>MASKED_STACK_NAME</StackId>
                <TemplateDescription>MASKED_DESCRIPTION</TemplateDescription>
                <StackName>MASKED_STACK_NAME</StackName>
                <DriftInformation>
                  <StackDriftStatus>NOT_CHECKED</StackDriftStatus>
                </DriftInformation>
                <StackStatus>DELETE_FAILED</StackStatus>
                <DeletionTime>2020-03-27T22:14:27.694Z</DeletionTime>
                <LastUpdatedTime>2019-09-24T19:59:14.666Z</LastUpdatedTime>
                <StackStatusReason>MASKED_REASON</StackStatusReason>
              </member>
              <member>
                <CreationTime>2019-09-10T04:50:11.271Z</CreationTime>
                <StackId>MASKED_STACK_NAME</StackId>
                <TemplateDescription>MASKED_DESCRIPTION</TemplateDescription>
                <StackName>MASKED_STACK_NAME</StackName>
                <DriftInformation>
                  <StackDriftStatus>NOT_CHECKED</StackDriftStatus>
                </DriftInformation>
                <StackStatus>CREATE_COMPLETE</StackStatus>
              </member>
              <member>
                <CreationTime>2019-06-24T21:06:31.635Z</CreationTime>
                <StackId>MASKED_STACK_NAME</StackId>
                <TemplateDescription>MASKED_DESCRIPTION</TemplateDescription>
                <StackName>MASKED_STACK_NAME</StackName>
                <DriftInformation>
                  <StackDriftStatus>NOT_CHECKED</StackDriftStatus>
                </DriftInformation>
                <StackStatus>UPDATE_COMPLETE</StackStatus>
                <LastUpdatedTime>2019-12-10T04:36:57.342Z</LastUpdatedTime>
              </member>
              <member>
                <CreationTime>2019-05-10T17:32:55.034Z</CreationTime>
                <StackId>MASKED_STACK_NAME</StackId>
                <TemplateDescription>MASKED_DESCRIPTION</TemplateDescription>
                <StackName>MASKED_STACK_NAME</StackName>
                <DriftInformation>
                  <StackDriftStatus>NOT_CHECKED</StackDriftStatus>
                </DriftInformation>
                <StackStatus>UPDATE_ROLLBACK_COMPLETE</StackStatus>
                <LastUpdatedTime>2019-10-08T00:43:30.518Z</LastUpdatedTime>
              </member>
              <member>
                <CreationTime>2019-01-11T15:54:31.323Z</CreationTime>
                <StackId>MASKED_STACK_NAME</StackId>
                <TemplateDescription>MASKED_DESCRIPTION</TemplateDescription>
                <StackName>MASKED_STACK_NAME</StackName>
                <DriftInformation>
                  <StackDriftStatus>NOT_CHECKED</StackDriftStatus>
                </DriftInformation>
                <StackStatus>ROLLBACK_COMPLETE</StackStatus>
                <DeletionTime>2019-01-11T15:54:42.108Z</DeletionTime>
              </member>
              <member>
                <CreationTime>2018-12-17T22:27:14.445Z</CreationTime>
                <StackId>MASKED_STACK_NAME</StackId>
                <TemplateDescription>Primary Unified Web bucket
        </TemplateDescription>
                <StackName>MASKED_STACK_NAME</StackName>
                <DriftInformation>
                  <StackDriftStatus>NOT_CHECKED</StackDriftStatus>
                </DriftInformation>
                <StackStatus>UPDATE_COMPLETE</StackStatus>
                <LastUpdatedTime>2020-02-27T15:18:09.425Z</LastUpdatedTime>
              </member>
              <member>
                <CreationTime>2018-12-17T22:26:10.145Z</CreationTime>
                <StackId>MASKED_STACK_NAME</StackId>
                <TemplateDescription>Identities needed by both primary and replica unified web buckets
        </TemplateDescription>
                <StackName>MASKED_STACK_NAME</StackName>
                <DriftInformation>
                  <StackDriftStatus>NOT_CHECKED</StackDriftStatus>
                </DriftInformation>
                <StackStatus>UPDATE_COMPLETE</StackStatus>
                <LastUpdatedTime>2020-02-27T15:16:52.717Z</LastUpdatedTime>
              </member>
              <member>
                <CreationTime>2018-12-12T20:17:18.586Z</CreationTime>
                <StackId>MASKED_STACK_NAME</StackId>
                <TemplateDescription>MASKED_DESCRIPTION</TemplateDescription>
                <StackName>MASKED_STACK_NAME</StackName>
                <DriftInformation>
                  <StackDriftStatus>NOT_CHECKED</StackDriftStatus>
                </DriftInformation>
                <StackStatus>CREATE_COMPLETE</StackStatus>
              </member>
              <member>
                <CreationTime>2018-12-12T20:12:15.208Z</CreationTime>
                <StackId>MASKED_STACK_NAME</StackId>
                <TemplateDescription>MASKED_DESCRIPTION</TemplateDescription>
                <StackName>MASKED_STACK_NAME</StackName>
                <DriftInformation>
                  <StackDriftStatus>NOT_CHECKED</StackDriftStatus>
                </DriftInformation>
                <StackStatus>CREATE_COMPLETE</StackStatus>
              </member>
              <member>
                <CreationTime>2018-11-29T13:51:40.243Z</CreationTime>
                <StackId>MASKED_STACK_NAME</StackId>
                <TemplateDescription>Primary Rex bucket
        </TemplateDescription>
                <StackName>MASKED_STACK_NAME</StackName>
                <DriftInformation>
                  <StackDriftStatus>NOT_CHECKED</StackDriftStatus>
                </DriftInformation>
                <StackStatus>UPDATE_COMPLETE</StackStatus>
                <LastUpdatedTime>2018-12-02T21:18:44.728Z</LastUpdatedTime>
                <StackStatusReason>MASKED_REASON</StackStatusReason>
              </member>
              <member>
                <CreationTime>2018-11-29T13:50:35.472Z</CreationTime>
                <StackId>MASKED_STACK_NAME</StackId>
                <TemplateDescription>Identities needed by both primary and replica rex buckets
        </TemplateDescription>
                <StackName>MASKED_STACK_NAME</StackName>
                <DriftInformation>
                  <StackDriftStatus>NOT_CHECKED</StackDriftStatus>
                </DriftInformation>
                <StackStatus>CREATE_COMPLETE</StackStatus>
                <StackStatusReason>MASKED_REASON</StackStatusReason>
              </member>
            </StackSummaries>
          </ListStacksResult>
          <ResponseMetadata>
            <RequestId>7e4632e1-c98b-4321-a49a-a2b0d8100e0d</RequestId>
          </ResponseMetadata>
        </ListStacksResponse>
    http_version: null
  recorded_at: Sun, 12 Apr 2020 23:31:51 GMT
- request:
    method: post
    uri: https://cloudformation.us-east-2.amazonaws.com/
    body:
      encoding: UTF-8
      string: Action=ListStacks&StackStatusFilter.member.1=CREATE_IN_PROGRESS&StackStatusFilter.member.10=UPDATE_COMPLETE&StackStatusFilter.member.11=UPDATE_ROLLBACK_IN_PROGRESS&StackStatusFilter.member.12=UPDATE_ROLLBACK_FAILED&StackStatusFilter.member.13=UPDATE_ROLLBACK_COMPLETE_CLEANUP_IN_PROGRESS&StackStatusFilter.member.14=UPDATE_ROLLBACK_COMPLETE&StackStatusFilter.member.15=REVIEW_IN_PROGRESS&StackStatusFilter.member.16=IMPORT_IN_PROGRESS&StackStatusFilter.member.17=IMPORT_COMPLETE&StackStatusFilter.member.18=IMPORT_ROLLBACK_IN_PROGRESS&StackStatusFilter.member.19=IMPORT_ROLLBACK_FAILED&StackStatusFilter.member.2=CREATE_COMPLETE&StackStatusFilter.member.20=IMPORT_ROLLBACK_COMPLETE&StackStatusFilter.member.3=ROLLBACK_IN_PROGRESS&StackStatusFilter.member.4=ROLLBACK_FAILED&StackStatusFilter.member.5=ROLLBACK_COMPLETE&StackStatusFilter.member.6=DELETE_IN_PROGRESS&StackStatusFilter.member.7=DELETE_FAILED&StackStatusFilter.member.8=UPDATE_IN_PROGRESS&StackStatusFilter.member.9=UPDATE_COMPLETE_CLEANUP_IN_PROGRESS&Version=2010-05-15
    headers:
      Content-Type:
      - application/x-www-form-urlencoded; charset=utf-8
      Accept-Encoding:
      - ''
      User-Agent:
      - aws-sdk-ruby3/3.94.0 ruby/2.7.1 x86_64-darwin19 aws-sdk-cloudformation/1.32.0
      Host:
      - cloudformation.us-east-2.amazonaws.com
      X-Amz-Date:
      - 20200412T233151Z
      X-Amz-Content-Sha256:
      - 2bd8ad7d0057ec3652a4c5682e671cbed9770e44be110ff73e55aa9a04af9850
      Authorization:
      - AWS4-HMAC-SHA256 Credential=AWS_ACCESS_KEY_ID/20200412/us-east-2/cloudformation/aws4_request,
        SignedHeaders=content-type;host;x-amz-content-sha256;x-amz-date, Signature=<SignatureValue>
      Content-Length:
      - '1032'
      Accept:
      - "*/*"
  response:
    status:
      code: 200
      message: OK
    headers:
      X-Amzn-Requestid:
      - bf92b0bd-52ca-4982-91aa-80ef5863b3f1
      Content-Type:
      - text/xml
      Content-Length:
      - '15693'
      Vary:
      - accept-encoding
      Date:
      - Sun, 12 Apr 2020 23:31:51 GMT
    body:
      encoding: UTF-8
      string: |
        <ListStacksResponse xmlns="http://cloudformation.amazonaws.com/doc/2010-05-15/">
          <ListStacksResult>
            <StackSummaries>
              <member>
                <CreationTime>2020-04-12T23:31:23.591Z</CreationTime>
                <StackId>arn:aws:cloudformation:us-east-2:373045849756:stack/aws-ruby-rspec-query-3/b8935530-7d15-11ea-ba69-0a0a04c5437c</StackId>
                <TemplateDescription>Just a bucket
        </TemplateDescription>
                <StackName>aws-ruby-rspec-query-3</StackName>
                <DriftInformation>
                  <StackDriftStatus>NOT_CHECKED</StackDriftStatus>
                </DriftInformation>
                <StackStatus>CREATE_COMPLETE</StackStatus>
              </member>
              <member>
                <CreationTime>2020-04-12T23:30:54.529Z</CreationTime>
                <StackId>arn:aws:cloudformation:us-east-2:373045849756:stack/aws-ruby-rspec-query-2/a73f2520-7d15-11ea-b30a-0af659736e02</StackId>
                <TemplateDescription>Just a bucket
        </TemplateDescription>
                <StackName>aws-ruby-rspec-query-2</StackName>
                <DriftInformation>
                  <StackDriftStatus>NOT_CHECKED</StackDriftStatus>
                </DriftInformation>
                <StackStatus>CREATE_COMPLETE</StackStatus>
              </member>
              <member>
                <CreationTime>2020-04-12T23:30:25.464Z</CreationTime>
                <StackId>arn:aws:cloudformation:us-east-2:373045849756:stack/aws-ruby-rspec-query-1/95e835f0-7d15-11ea-b755-065ddb117676</StackId>
                <TemplateDescription>Just a bucket
        </TemplateDescription>
                <StackName>aws-ruby-rspec-query-1</StackName>
                <DriftInformation>
                  <StackDriftStatus>NOT_CHECKED</StackDriftStatus>
                </DriftInformation>
                <StackStatus>CREATE_COMPLETE</StackStatus>
              </member>
              <member>
                <CreationTime>2020-04-01T17:39:33.326Z</CreationTime>
                <StackId>MASKED_STACK_NAME</StackId>
                <TemplateDescription>MASKED_DESCRIPTION</TemplateDescription>
                <StackName>MASKED_STACK_NAME</StackName>
                <DriftInformation>
                  <StackDriftStatus>NOT_CHECKED</StackDriftStatus>
                </DriftInformation>
                <StackStatus>CREATE_COMPLETE</StackStatus>
              </member>
              <member>
                <CreationTime>2020-04-01T17:38:52.591Z</CreationTime>
                <StackId>MASKED_STACK_NAME</StackId>
                <TemplateDescription>MASKED_DESCRIPTION</TemplateDescription>
                <StackName>MASKED_STACK_NAME</StackName>
                <DriftInformation>
                  <StackDriftStatus>NOT_CHECKED</StackDriftStatus>
                </DriftInformation>
                <StackStatus>CREATE_COMPLETE</StackStatus>
              </member>
              <member>
                <CreationTime>2020-04-01T17:38:30.577Z</CreationTime>
                <StackId>MASKED_STACK_NAME</StackId>
                <TemplateDescription>MASKED_DESCRIPTION</TemplateDescription>
                <StackName>MASKED_STACK_NAME</StackName>
                <DriftInformation>
                  <StackDriftStatus>NOT_CHECKED</StackDriftStatus>
                </DriftInformation>
                <StackStatus>CREATE_COMPLETE</StackStatus>
              </member>
              <member>
                <CreationTime>2020-04-01T17:37:50.441Z</CreationTime>
                <StackId>MASKED_STACK_NAME</StackId>
                <TemplateDescription>MASKED_DESCRIPTION</TemplateDescription>
                <StackName>MASKED_STACK_NAME</StackName>
                <DriftInformation>
                  <StackDriftStatus>NOT_CHECKED</StackDriftStatus>
                </DriftInformation>
                <StackStatus>CREATE_COMPLETE</StackStatus>
              </member>
              <member>
                <CreationTime>2020-02-24T22:08:40.557Z</CreationTime>
                <StackId>MASKED_STACK_NAME</StackId>
                <TemplateDescription>MASKED_DESCRIPTION</TemplateDescription>
                <StackName>MASKED_STACK_NAME</StackName>
                <DriftInformation>
                  <StackDriftStatus>NOT_CHECKED</StackDriftStatus>
                </DriftInformation>
                <StackStatus>CREATE_COMPLETE</StackStatus>
              </member>
              <member>
                <CreationTime>2020-02-24T22:08:39.219Z</CreationTime>
                <StackId>MASKED_STACK_NAME</StackId>
                <TemplateDescription>MASKED_DESCRIPTION</TemplateDescription>
                <StackName>MASKED_STACK_NAME</StackName>
                <DriftInformation>
                  <StackDriftStatus>NOT_CHECKED</StackDriftStatus>
                </DriftInformation>
                <StackStatus>UPDATE_COMPLETE</StackStatus>
                <LastUpdatedTime>2020-03-02T19:06:27.451Z</LastUpdatedTime>
              </member>
              <member>
                <CreationTime>2020-02-24T22:03:10.610Z</CreationTime>
                <StackId>MASKED_STACK_NAME</StackId>
                <TemplateDescription>MASKED_DESCRIPTION</TemplateDescription>
                <StackName>MASKED_STACK_NAME</StackName>
                <DriftInformation>
                  <StackDriftStatus>NOT_CHECKED</StackDriftStatus>
                </DriftInformation>
                <StackStatus>UPDATE_COMPLETE</StackStatus>
                <LastUpdatedTime>2020-03-02T19:04:12.211Z</LastUpdatedTime>
              </member>
              <member>
                <CreationTime>2020-02-24T21:56:51.575Z</CreationTime>
                <StackId>MASKED_STACK_NAME</StackId>
                <TemplateDescription>MASKED_DESCRIPTION</TemplateDescription>
                <StackName>MASKED_STACK_NAME</StackName>
                <DriftInformation>
                  <StackDriftStatus>NOT_CHECKED</StackDriftStatus>
                </DriftInformation>
                <StackStatus>CREATE_COMPLETE</StackStatus>
              </member>
              <member>
                <CreationTime>2020-02-24T21:55:47.531Z</CreationTime>
                <StackId>MASKED_STACK_NAME</StackId>
                <TemplateDescription>MASKED_DESCRIPTION</TemplateDescription>
                <StackName>MASKED_STACK_NAME</StackName>
                <DriftInformation>
                  <StackDriftStatus>NOT_CHECKED</StackDriftStatus>
                </DriftInformation>
                <StackStatus>CREATE_COMPLETE</StackStatus>
              </member>
              <member>
                <CreationTime>2020-02-05T21:51:51.010Z</CreationTime>
                <StackId>MASKED_STACK_NAME</StackId>
                <TemplateDescription>MASKED_DESCRIPTION</TemplateDescription>
                <StackName>MASKED_STACK_NAME</StackName>
                <DriftInformation>
                  <StackDriftStatus>NOT_CHECKED</StackDriftStatus>
                </DriftInformation>
                <StackStatus>CREATE_COMPLETE</StackStatus>
              </member>
              <member>
                <CreationTime>2020-02-05T21:51:49.876Z</CreationTime>
                <StackId>MASKED_STACK_NAME</StackId>
                <TemplateDescription>MASKED_DESCRIPTION</TemplateDescription>
                <StackName>MASKED_STACK_NAME</StackName>
                <DriftInformation>
                  <StackDriftStatus>NOT_CHECKED</StackDriftStatus>
                </DriftInformation>
                <StackStatus>UPDATE_COMPLETE</StackStatus>
                <LastUpdatedTime>2020-02-18T17:44:21.934Z</LastUpdatedTime>
              </member>
              <member>
                <CreationTime>2020-02-05T21:47:27.848Z</CreationTime>
                <StackId>MASKED_STACK_NAME</StackId>
                <TemplateDescription>MASKED_DESCRIPTION</TemplateDescription>
                <StackName>MASKED_STACK_NAME</StackName>
                <DriftInformation>
                  <StackDriftStatus>NOT_CHECKED</StackDriftStatus>
                </DriftInformation>
                <StackStatus>UPDATE_COMPLETE</StackStatus>
                <LastUpdatedTime>2020-02-18T17:41:48.204Z</LastUpdatedTime>
              </member>
              <member>
                <CreationTime>2020-02-05T21:41:14.152Z</CreationTime>
                <StackId>MASKED_STACK_NAME</StackId>
                <TemplateDescription>MASKED_DESCRIPTION</TemplateDescription>
                <StackName>MASKED_STACK_NAME</StackName>
                <DriftInformation>
                  <StackDriftStatus>NOT_CHECKED</StackDriftStatus>
                </DriftInformation>
                <StackStatus>CREATE_COMPLETE</StackStatus>
              </member>
              <member>
                <CreationTime>2020-02-05T21:40:10.871Z</CreationTime>
                <StackId>MASKED_STACK_NAME</StackId>
                <TemplateDescription>MASKED_DESCRIPTION</TemplateDescription>
                <StackName>MASKED_STACK_NAME</StackName>
                <DriftInformation>
                  <StackDriftStatus>NOT_CHECKED</StackDriftStatus>
                </DriftInformation>
                <StackStatus>CREATE_COMPLETE</StackStatus>
              </member>
              <member>
                <CreationTime>2020-01-16T18:17:28.164Z</CreationTime>
                <StackId>MASKED_STACK_NAME</StackId>
                <TemplateDescription>MASKED_DESCRIPTION</TemplateDescription>
                <StackName>MASKED_STACK_NAME</StackName>
                <DriftInformation>
                  <StackDriftStatus>NOT_CHECKED</StackDriftStatus>
                </DriftInformation>
                <StackStatus>UPDATE_COMPLETE</StackStatus>
                <LastUpdatedTime>2020-02-03T22:08:24.568Z</LastUpdatedTime>
              </member>
              <member>
                <CreationTime>2020-01-16T18:12:59.161Z</CreationTime>
                <StackId>MASKED_STACK_NAME</StackId>
                <TemplateDescription>MASKED_DESCRIPTION</TemplateDescription>
                <StackName>MASKED_STACK_NAME</StackName>
                <DriftInformation>
                  <StackDriftStatus>NOT_CHECKED</StackDriftStatus>
                </DriftInformation>
                <StackStatus>UPDATE_COMPLETE</StackStatus>
                <LastUpdatedTime>2020-02-03T22:05:47.961Z</LastUpdatedTime>
              </member>
              <member>
                <CreationTime>2020-01-16T18:09:17.373Z</CreationTime>
                <StackId>MASKED_STACK_NAME</StackId>
                <TemplateDescription>MASKED_DESCRIPTION</TemplateDescription>
                <StackName>MASKED_STACK_NAME</StackName>
                <DriftInformation>
                  <StackDriftStatus>NOT_CHECKED</StackDriftStatus>
                </DriftInformation>
                <StackStatus>UPDATE_COMPLETE</StackStatus>
                <LastUpdatedTime>2020-01-30T19:27:49.955Z</LastUpdatedTime>
              </member>
              <member>
                <CreationTime>2020-01-16T18:08:13.430Z</CreationTime>
                <StackId>MASKED_STACK_NAME</StackId>
                <TemplateDescription>MASKED_DESCRIPTION</TemplateDescription>
                <StackName>MASKED_STACK_NAME</StackName>
                <DriftInformation>
                  <StackDriftStatus>NOT_CHECKED</StackDriftStatus>
                </DriftInformation>
                <StackStatus>CREATE_COMPLETE</StackStatus>
              </member>
              <member>
                <CreationTime>2020-01-16T18:07:34.010Z</CreationTime>
                <StackId>MASKED_STACK_NAME</StackId>
                <TemplateDescription>MASKED_DESCRIPTION</TemplateDescription>
                <StackName>MASKED_STACK_NAME</StackName>
                <DriftInformation>
                  <StackDriftStatus>NOT_CHECKED</StackDriftStatus>
                </DriftInformation>
                <StackStatus>CREATE_COMPLETE</StackStatus>
              </member>
              <member>
                <CreationTime>2019-11-13T17:04:52.725Z</CreationTime>
                <StackId>MASKED_STACK_NAME</StackId>
                <TemplateDescription>MASKED_DESCRIPTION</TemplateDescription>
                <StackName>MASKED_STACK_NAME</StackName>
                <DriftInformation>
                  <StackDriftStatus>NOT_CHECKED</StackDriftStatus>
                </DriftInformation>
                <StackStatus>CREATE_COMPLETE</StackStatus>
              </member>
              <member>
                <CreationTime>2019-10-13T18:57:27.529Z</CreationTime>
                <StackId>MASKED_STACK_NAME</StackId>
                <StackName>MASKED_STACK_NAME</StackName>
                <DriftInformation>
                  <StackDriftStatus>NOT_CHECKED</StackDriftStatus>
                </DriftInformation>
                <StackStatus>UPDATE_COMPLETE</StackStatus>
                <LastUpdatedTime>2019-10-13T19:10:34.516Z</LastUpdatedTime>
              </member>
              <member>
                <CreationTime>2019-10-13T18:38:51.821Z</CreationTime>
                <StackId>MASKED_STACK_NAME</StackId>
                <StackName>MASKED_STACK_NAME</StackName>
                <DriftInformation>
                  <StackDriftStatus>NOT_CHECKED</StackDriftStatus>
                </DriftInformation>
                <StackStatus>ROLLBACK_COMPLETE</StackStatus>
                <DeletionTime>2019-10-13T18:38:55.079Z</DeletionTime>
              </member>
              <member>
                <CreationTime>2019-07-17T20:49:12.588Z</CreationTime>
                <StackId>MASKED_STACK_NAME</StackId>
                <TemplateDescription>MASKED_DESCRIPTION</TemplateDescription>
                <StackName>MASKED_STACK_NAME</StackName>
                <DriftInformation>
                  <StackDriftStatus>NOT_CHECKED</StackDriftStatus>
                </DriftInformation>
                <StackStatus>DELETE_FAILED</StackStatus>
                <DeletionTime>2020-02-08T18:01:21.976Z</DeletionTime>
                <StackStatusReason>MASKED_REASON</StackStatusReason>
              </member>
              <member>
                <CreationTime>2018-12-17T22:26:42.441Z</CreationTime>
                <StackId>MASKED_STACK_NAME</StackId>
                <TemplateDescription>Replica Unified Web bucket
        </TemplateDescription>
                <StackName>MASKED_STACK_NAME</StackName>
                <DriftInformation>
                  <StackDriftStatus>NOT_CHECKED</StackDriftStatus>
                </DriftInformation>
                <StackStatus>CREATE_COMPLETE</StackStatus>
              </member>
              <member>
                <CreationTime>2018-11-29T13:51:07.837Z</CreationTime>
                <StackId>MASKED_STACK_NAME</StackId>
                <TemplateDescription>Replica Rex bucket
        </TemplateDescription>
                <StackName>MASKED_STACK_NAME</StackName>
                <DriftInformation>
                  <StackDriftStatus>NOT_CHECKED</StackDriftStatus>
                </DriftInformation>
                <StackStatus>CREATE_COMPLETE</StackStatus>
              </member>
            </StackSummaries>
          </ListStacksResult>
          <ResponseMetadata>
            <RequestId>bf92b0bd-52ca-4982-91aa-80ef5863b3f1</RequestId>
          </ResponseMetadata>
        </ListStacksResponse>
    http_version: null
  recorded_at: Sun, 12 Apr 2020 23:31:52 GMT
- request:
    method: post
    uri: https://cloudformation.us-west-1.amazonaws.com/
    body:
      encoding: UTF-8
      string: Action=ListStacks&StackStatusFilter.member.1=CREATE_IN_PROGRESS&StackStatusFilter.member.10=UPDATE_COMPLETE&StackStatusFilter.member.11=UPDATE_ROLLBACK_IN_PROGRESS&StackStatusFilter.member.12=UPDATE_ROLLBACK_FAILED&StackStatusFilter.member.13=UPDATE_ROLLBACK_COMPLETE_CLEANUP_IN_PROGRESS&StackStatusFilter.member.14=UPDATE_ROLLBACK_COMPLETE&StackStatusFilter.member.15=REVIEW_IN_PROGRESS&StackStatusFilter.member.16=IMPORT_IN_PROGRESS&StackStatusFilter.member.17=IMPORT_COMPLETE&StackStatusFilter.member.18=IMPORT_ROLLBACK_IN_PROGRESS&StackStatusFilter.member.19=IMPORT_ROLLBACK_FAILED&StackStatusFilter.member.2=CREATE_COMPLETE&StackStatusFilter.member.20=IMPORT_ROLLBACK_COMPLETE&StackStatusFilter.member.3=ROLLBACK_IN_PROGRESS&StackStatusFilter.member.4=ROLLBACK_FAILED&StackStatusFilter.member.5=ROLLBACK_COMPLETE&StackStatusFilter.member.6=DELETE_IN_PROGRESS&StackStatusFilter.member.7=DELETE_FAILED&StackStatusFilter.member.8=UPDATE_IN_PROGRESS&StackStatusFilter.member.9=UPDATE_COMPLETE_CLEANUP_IN_PROGRESS&Version=2010-05-15
    headers:
      Content-Type:
      - application/x-www-form-urlencoded; charset=utf-8
      Accept-Encoding:
      - ''
      User-Agent:
      - aws-sdk-ruby3/3.94.0 ruby/2.7.1 x86_64-darwin19 aws-sdk-cloudformation/1.32.0
      Host:
      - cloudformation.us-west-1.amazonaws.com
      X-Amz-Date:
      - 20200412T233152Z
      X-Amz-Content-Sha256:
      - 2bd8ad7d0057ec3652a4c5682e671cbed9770e44be110ff73e55aa9a04af9850
      Authorization:
      - AWS4-HMAC-SHA256 Credential=AWS_ACCESS_KEY_ID/20200412/us-west-1/cloudformation/aws4_request,
        SignedHeaders=content-type;host;x-amz-content-sha256;x-amz-date, Signature=<SignatureValue>
      Content-Length:
      - '1032'
      Accept:
      - "*/*"
  response:
    status:
      code: 200
      message: OK
    headers:
      X-Amzn-Requestid:
      - f775f710-6399-4e21-bc63-00693204d4d0
      Content-Type:
      - text/xml
      Content-Length:
      - '918'
      Date:
      - Sun, 12 Apr 2020 23:31:52 GMT
    body:
      encoding: UTF-8
      string: |
        <ListStacksResponse xmlns="http://cloudformation.amazonaws.com/doc/2010-05-15/">
          <ListStacksResult>
            <StackSummaries>
              <member>
                <CreationTime>2020-04-10T15:11:07.826Z</CreationTime>
                <StackId>MASKED_STACK_NAME</StackId>
                <TemplateDescription>MASKED_DESCRIPTION</TemplateDescription>
                <StackName>MASKED_STACK_NAME</StackName>
                <DriftInformation>
                  <StackDriftStatus>NOT_CHECKED</StackDriftStatus>
                </DriftInformation>
                <StackStatus>ROLLBACK_COMPLETE</StackStatus>
                <DeletionTime>2020-04-10T15:11:09.931Z</DeletionTime>
              </member>
            </StackSummaries>
          </ListStacksResult>
          <ResponseMetadata>
            <RequestId>f775f710-6399-4e21-bc63-00693204d4d0</RequestId>
          </ResponseMetadata>
        </ListStacksResponse>
    http_version: null
  recorded_at: Sun, 12 Apr 2020 23:31:52 GMT
- request:
    method: post
    uri: https://cloudformation.us-west-2.amazonaws.com/
    body:
      encoding: UTF-8
      string: Action=ListStacks&StackStatusFilter.member.1=CREATE_IN_PROGRESS&StackStatusFilter.member.10=UPDATE_COMPLETE&StackStatusFilter.member.11=UPDATE_ROLLBACK_IN_PROGRESS&StackStatusFilter.member.12=UPDATE_ROLLBACK_FAILED&StackStatusFilter.member.13=UPDATE_ROLLBACK_COMPLETE_CLEANUP_IN_PROGRESS&StackStatusFilter.member.14=UPDATE_ROLLBACK_COMPLETE&StackStatusFilter.member.15=REVIEW_IN_PROGRESS&StackStatusFilter.member.16=IMPORT_IN_PROGRESS&StackStatusFilter.member.17=IMPORT_COMPLETE&StackStatusFilter.member.18=IMPORT_ROLLBACK_IN_PROGRESS&StackStatusFilter.member.19=IMPORT_ROLLBACK_FAILED&StackStatusFilter.member.2=CREATE_COMPLETE&StackStatusFilter.member.20=IMPORT_ROLLBACK_COMPLETE&StackStatusFilter.member.3=ROLLBACK_IN_PROGRESS&StackStatusFilter.member.4=ROLLBACK_FAILED&StackStatusFilter.member.5=ROLLBACK_COMPLETE&StackStatusFilter.member.6=DELETE_IN_PROGRESS&StackStatusFilter.member.7=DELETE_FAILED&StackStatusFilter.member.8=UPDATE_IN_PROGRESS&StackStatusFilter.member.9=UPDATE_COMPLETE_CLEANUP_IN_PROGRESS&Version=2010-05-15
    headers:
      Content-Type:
      - application/x-www-form-urlencoded; charset=utf-8
      Accept-Encoding:
      - ''
      User-Agent:
      - aws-sdk-ruby3/3.94.0 ruby/2.7.1 x86_64-darwin19 aws-sdk-cloudformation/1.32.0
      Host:
      - cloudformation.us-west-2.amazonaws.com
      X-Amz-Date:
      - 20200412T233152Z
      X-Amz-Content-Sha256:
      - 2bd8ad7d0057ec3652a4c5682e671cbed9770e44be110ff73e55aa9a04af9850
      Authorization:
      - AWS4-HMAC-SHA256 Credential=AWS_ACCESS_KEY_ID/20200412/us-west-2/cloudformation/aws4_request,
        SignedHeaders=content-type;host;x-amz-content-sha256;x-amz-date, Signature=<SignatureValue>
      Content-Length:
      - '1032'
      Accept:
      - "*/*"
  response:
    status:
      code: 200
      message: OK
    headers:
      X-Amzn-Requestid:
      - fa1ae5da-e5b7-48d0-ab17-7c69b13f73ad
      Content-Type:
      - text/xml
      Content-Length:
      - '831'
      Date:
      - Sun, 12 Apr 2020 23:31:52 GMT
    body:
      encoding: UTF-8
      string: |
        <ListStacksResponse xmlns="http://cloudformation.amazonaws.com/doc/2010-05-15/">
          <ListStacksResult>
            <StackSummaries>
              <member>
                <CreationTime>2019-09-10T19:36:56.303Z</CreationTime>
                <StackId>MASKED_STACK_NAME</StackId>
                <TemplateDescription>MASKED_DESCRIPTION</TemplateDescription>
                <StackName>MASKED_STACK_NAME</StackName>
                <DriftInformation>
                  <StackDriftStatus>NOT_CHECKED</StackDriftStatus>
                </DriftInformation>
                <StackStatus>CREATE_COMPLETE</StackStatus>
              </member>
            </StackSummaries>
          </ListStacksResult>
          <ResponseMetadata>
            <RequestId>fa1ae5da-e5b7-48d0-ab17-7c69b13f73ad</RequestId>
          </ResponseMetadata>
        </ListStacksResponse>
    http_version: null
  recorded_at: Sun, 12 Apr 2020 23:31:52 GMT
- request:
    method: post
    uri: https://cloudformation.us-east-2.amazonaws.com/
    body:
      encoding: UTF-8
      string: Action=DescribeStacks&StackName=aws-ruby-rspec-query-1&Version=2010-05-15
    headers:
      Content-Type:
      - application/x-www-form-urlencoded; charset=utf-8
      Accept-Encoding:
      - ''
      User-Agent:
      - aws-sdk-ruby3/3.94.0 ruby/2.7.1 x86_64-darwin19 aws-sdk-cloudformation/1.32.0
      Host:
      - cloudformation.us-east-2.amazonaws.com
      X-Amz-Date:
      - 20200412T233152Z
      X-Amz-Content-Sha256:
      - aed9e6129ae9976f38aabc98558a112771b581a487e86cf00ab3d13ec2e6a7af
      Authorization:
      - AWS4-HMAC-SHA256 Credential=AWS_ACCESS_KEY_ID/20200412/us-east-2/cloudformation/aws4_request,
        SignedHeaders=content-type;host;x-amz-content-sha256;x-amz-date, Signature=<SignatureValue>
      Content-Length:
      - '73'
      Accept:
      - "*/*"
  response:
    status:
      code: 200
      message: OK
    headers:
      X-Amzn-Requestid:
      - 9750984e-0baf-4232-bb67-61bd93572683
      Content-Type:
      - text/xml
      Content-Length:
      - '996'
      Date:
      - Sun, 12 Apr 2020 23:31:53 GMT
    body:
      encoding: UTF-8
      string: |
        <DescribeStacksResponse xmlns="http://cloudformation.amazonaws.com/doc/2010-05-15/">
          <DescribeStacksResult>
            <Stacks>
              <member>
                <CreationTime>2020-04-12T23:30:25.464Z</CreationTime>
                <NotificationARNs/>
                <StackId>arn:aws:cloudformation:us-east-2:373045849756:stack/aws-ruby-rspec-query-1/95e835f0-7d15-11ea-b755-065ddb117676</StackId>
                <StackName>aws-ruby-rspec-query-1</StackName>
                <Description>Just a bucket
        </Description>
                <StackStatus>CREATE_COMPLETE</StackStatus>
                <DisableRollback>false</DisableRollback>
                <Tags/>
                <RollbackConfiguration/>
                <DriftInformation>
                  <StackDriftStatus>NOT_CHECKED</StackDriftStatus>
                </DriftInformation>
                <EnableTerminationProtection>false</EnableTerminationProtection>
              </member>
            </Stacks>
          </DescribeStacksResult>
          <ResponseMetadata>
            <RequestId>9750984e-0baf-4232-bb67-61bd93572683</RequestId>
          </ResponseMetadata>
        </DescribeStacksResponse>
    http_version: null
  recorded_at: Sun, 12 Apr 2020 23:31:53 GMT
- request:
    method: post
    uri: https://cloudformation.us-east-2.amazonaws.com/
    body:
      encoding: UTF-8
      string: Action=DeleteStack&StackName=aws-ruby-rspec-query-1&Version=2010-05-15
    headers:
      Content-Type:
      - application/x-www-form-urlencoded; charset=utf-8
      Accept-Encoding:
      - ''
      User-Agent:
      - aws-sdk-ruby3/3.94.0 ruby/2.7.1 x86_64-darwin19 aws-sdk-cloudformation/1.32.0
      Host:
      - cloudformation.us-east-2.amazonaws.com
      X-Amz-Date:
      - 20200412T233153Z
      X-Amz-Content-Sha256:
      - b56b166cf7ac1f5cc3646de5fe14439d370925960dcf79a4f0ba0b24779dba6b
      Authorization:
      - AWS4-HMAC-SHA256 Credential=AWS_ACCESS_KEY_ID/20200412/us-east-2/cloudformation/aws4_request,
        SignedHeaders=content-type;host;x-amz-content-sha256;x-amz-date, Signature=<SignatureValue>
      Content-Length:
      - '70'
      Accept:
      - "*/*"
  response:
    status:
      code: 200
      message: OK
    headers:
      X-Amzn-Requestid:
      - dde1af41-9dae-4566-ac28-65572670490e
      Content-Type:
      - text/xml
      Content-Length:
      - '212'
      Date:
      - Sun, 12 Apr 2020 23:31:53 GMT
    body:
      encoding: UTF-8
      string: |
        <DeleteStackResponse xmlns="http://cloudformation.amazonaws.com/doc/2010-05-15/">
          <ResponseMetadata>
            <RequestId>dde1af41-9dae-4566-ac28-65572670490e</RequestId>
          </ResponseMetadata>
        </DeleteStackResponse>
    http_version: null
  recorded_at: Sun, 12 Apr 2020 23:31:53 GMT
- request:
    method: post
    uri: https://cloudformation.us-east-2.amazonaws.com/
    body:
      encoding: UTF-8
      string: Action=DescribeStacks&StackName=aws-ruby-rspec-query-1&Version=2010-05-15
    headers:
      Content-Type:
      - application/x-www-form-urlencoded; charset=utf-8
      Accept-Encoding:
      - ''
      User-Agent:
      - aws-sdk-ruby3/3.94.0 ruby/2.7.1 x86_64-darwin19 aws-sdk-cloudformation/1.32.0
      Host:
      - cloudformation.us-east-2.amazonaws.com
      X-Amz-Date:
      - 20200412T233153Z
      X-Amz-Content-Sha256:
      - aed9e6129ae9976f38aabc98558a112771b581a487e86cf00ab3d13ec2e6a7af
      Authorization:
      - AWS4-HMAC-SHA256 Credential=AWS_ACCESS_KEY_ID/20200412/us-east-2/cloudformation/aws4_request,
        SignedHeaders=content-type;host;x-amz-content-sha256;x-amz-date, Signature=<SignatureValue>
      Content-Length:
      - '73'
      Accept:
      - "*/*"
  response:
    status:
      code: 200
      message: OK
    headers:
      X-Amzn-Requestid:
      - 5cde2091-8268-4738-a5c4-928f7f0fc058
      Content-Type:
      - text/xml
      Content-Length:
      - '1061'
      Date:
      - Sun, 12 Apr 2020 23:31:54 GMT
    body:
      encoding: UTF-8
      string: |
        <DescribeStacksResponse xmlns="http://cloudformation.amazonaws.com/doc/2010-05-15/">
          <DescribeStacksResult>
            <Stacks>
              <member>
                <CreationTime>2020-04-12T23:30:25.464Z</CreationTime>
                <NotificationARNs/>
                <StackId>arn:aws:cloudformation:us-east-2:373045849756:stack/aws-ruby-rspec-query-1/95e835f0-7d15-11ea-b755-065ddb117676</StackId>
                <StackName>aws-ruby-rspec-query-1</StackName>
                <Description>Just a bucket
        </Description>
                <StackStatus>DELETE_IN_PROGRESS</StackStatus>
                <DeletionTime>2020-04-12T23:31:53.654Z</DeletionTime>
                <DisableRollback>false</DisableRollback>
                <Tags/>
                <RollbackConfiguration/>
                <DriftInformation>
                  <StackDriftStatus>NOT_CHECKED</StackDriftStatus>
                </DriftInformation>
                <EnableTerminationProtection>false</EnableTerminationProtection>
              </member>
            </Stacks>
          </DescribeStacksResult>
          <ResponseMetadata>
            <RequestId>5cde2091-8268-4738-a5c4-928f7f0fc058</RequestId>
          </ResponseMetadata>
        </DescribeStacksResponse>
    http_version: null
  recorded_at: Sun, 12 Apr 2020 23:31:54 GMT
- request:
    method: post
    uri: https://cloudformation.us-east-2.amazonaws.com/
    body:
      encoding: UTF-8
      string: Action=DescribeStacks&StackName=aws-ruby-rspec-query-1&Version=2010-05-15
    headers:
      Content-Type:
      - application/x-www-form-urlencoded; charset=utf-8
      Accept-Encoding:
      - ''
      User-Agent:
      - aws-sdk-ruby3/3.94.0 ruby/2.7.1 x86_64-darwin19 aws-sdk-cloudformation/1.32.0
      Host:
      - cloudformation.us-east-2.amazonaws.com
      X-Amz-Date:
      - 20200412T233154Z
      X-Amz-Content-Sha256:
      - aed9e6129ae9976f38aabc98558a112771b581a487e86cf00ab3d13ec2e6a7af
      Authorization:
      - AWS4-HMAC-SHA256 Credential=AWS_ACCESS_KEY_ID/20200412/us-east-2/cloudformation/aws4_request,
        SignedHeaders=content-type;host;x-amz-content-sha256;x-amz-date, Signature=<SignatureValue>
      Content-Length:
      - '73'
      Accept:
      - "*/*"
  response:
    status:
      code: 200
      message: OK
    headers:
      X-Amzn-Requestid:
      - d1bfce44-53f2-4c8b-92a2-3937aa831ea2
      Content-Type:
      - text/xml
      Content-Length:
      - '1061'
      Date:
      - Sun, 12 Apr 2020 23:31:53 GMT
    body:
      encoding: UTF-8
      string: |
        <DescribeStacksResponse xmlns="http://cloudformation.amazonaws.com/doc/2010-05-15/">
          <DescribeStacksResult>
            <Stacks>
              <member>
                <CreationTime>2020-04-12T23:30:25.464Z</CreationTime>
                <NotificationARNs/>
                <StackId>arn:aws:cloudformation:us-east-2:373045849756:stack/aws-ruby-rspec-query-1/95e835f0-7d15-11ea-b755-065ddb117676</StackId>
                <StackName>aws-ruby-rspec-query-1</StackName>
                <Description>Just a bucket
        </Description>
                <StackStatus>DELETE_IN_PROGRESS</StackStatus>
                <DeletionTime>2020-04-12T23:31:53.654Z</DeletionTime>
                <DisableRollback>false</DisableRollback>
                <Tags/>
                <RollbackConfiguration/>
                <DriftInformation>
                  <StackDriftStatus>NOT_CHECKED</StackDriftStatus>
                </DriftInformation>
                <EnableTerminationProtection>false</EnableTerminationProtection>
              </member>
            </Stacks>
          </DescribeStacksResult>
          <ResponseMetadata>
            <RequestId>d1bfce44-53f2-4c8b-92a2-3937aa831ea2</RequestId>
          </ResponseMetadata>
        </DescribeStacksResponse>
    http_version: null
  recorded_at: Sun, 12 Apr 2020 23:31:54 GMT
- request:
    method: post
    uri: https://cloudformation.us-east-2.amazonaws.com/
    body:
      encoding: UTF-8
      string: Action=DescribeStacks&StackName=aws-ruby-rspec-query-1&Version=2010-05-15
    headers:
      Content-Type:
      - application/x-www-form-urlencoded; charset=utf-8
      Accept-Encoding:
      - ''
      User-Agent:
      - aws-sdk-ruby3/3.94.0 ruby/2.7.1 x86_64-darwin19 aws-sdk-cloudformation/1.32.0
      Host:
      - cloudformation.us-east-2.amazonaws.com
      X-Amz-Date:
      - 20200412T233159Z
      X-Amz-Content-Sha256:
      - aed9e6129ae9976f38aabc98558a112771b581a487e86cf00ab3d13ec2e6a7af
      Authorization:
      - AWS4-HMAC-SHA256 Credential=AWS_ACCESS_KEY_ID/20200412/us-east-2/cloudformation/aws4_request,
        SignedHeaders=content-type;host;x-amz-content-sha256;x-amz-date, Signature=<SignatureValue>
      Content-Length:
      - '73'
      Accept:
      - "*/*"
  response:
    status:
      code: 400
      message: Bad Request
    headers:
      X-Amzn-Requestid:
      - 2a301975-9e18-44ce-9b94-1ec0fe539d08
      Content-Type:
      - text/xml
      Content-Length:
      - '308'
      Date:
      - Sun, 12 Apr 2020 23:31:59 GMT
      Connection:
      - close
    body:
      encoding: UTF-8
      string: |
        <ErrorResponse xmlns="http://cloudformation.amazonaws.com/doc/2010-05-15/">
          <Error>
            <Type>Sender</Type>
            <Code>ValidationError</Code>
            <Message>Stack with id aws-ruby-rspec-query-1 does not exist</Message>
          </Error>
          <RequestId>2a301975-9e18-44ce-9b94-1ec0fe539d08</RequestId>
        </ErrorResponse>
    http_version: null
  recorded_at: Sun, 12 Apr 2020 23:31:59 GMT
- request:
    method: post
    uri: https://cloudformation.us-east-2.amazonaws.com/
    body:
      encoding: UTF-8
      string: Action=DescribeStacks&StackName=aws-ruby-rspec-query-2&Version=2010-05-15
    headers:
      Content-Type:
      - application/x-www-form-urlencoded; charset=utf-8
      Accept-Encoding:
      - ''
      User-Agent:
      - aws-sdk-ruby3/3.94.0 ruby/2.7.1 x86_64-darwin19 aws-sdk-cloudformation/1.32.0
      Host:
      - cloudformation.us-east-2.amazonaws.com
      X-Amz-Date:
      - 20200412T233159Z
      X-Amz-Content-Sha256:
      - 94a4dacc9c3f78d18841a5b10203430747b434892a503e181584b40c0659410e
      Authorization:
      - AWS4-HMAC-SHA256 Credential=AWS_ACCESS_KEY_ID/20200412/us-east-2/cloudformation/aws4_request,
        SignedHeaders=content-type;host;x-amz-content-sha256;x-amz-date, Signature=<SignatureValue>
      Content-Length:
      - '73'
      Accept:
      - "*/*"
  response:
    status:
      code: 200
      message: OK
    headers:
      X-Amzn-Requestid:
      - e6524741-07ab-4474-8632-fa977e7a93cc
      Content-Type:
      - text/xml
      Content-Length:
      - '996'
      Date:
      - Sun, 12 Apr 2020 23:31:59 GMT
    body:
      encoding: UTF-8
      string: |
        <DescribeStacksResponse xmlns="http://cloudformation.amazonaws.com/doc/2010-05-15/">
          <DescribeStacksResult>
            <Stacks>
              <member>
                <CreationTime>2020-04-12T23:30:54.529Z</CreationTime>
                <NotificationARNs/>
                <StackId>arn:aws:cloudformation:us-east-2:373045849756:stack/aws-ruby-rspec-query-2/a73f2520-7d15-11ea-b30a-0af659736e02</StackId>
                <StackName>aws-ruby-rspec-query-2</StackName>
                <Description>Just a bucket
        </Description>
                <StackStatus>CREATE_COMPLETE</StackStatus>
                <DisableRollback>false</DisableRollback>
                <Tags/>
                <RollbackConfiguration/>
                <DriftInformation>
                  <StackDriftStatus>NOT_CHECKED</StackDriftStatus>
                </DriftInformation>
                <EnableTerminationProtection>false</EnableTerminationProtection>
              </member>
            </Stacks>
          </DescribeStacksResult>
          <ResponseMetadata>
            <RequestId>e6524741-07ab-4474-8632-fa977e7a93cc</RequestId>
          </ResponseMetadata>
        </DescribeStacksResponse>
    http_version: null
  recorded_at: Sun, 12 Apr 2020 23:32:00 GMT
- request:
    method: post
    uri: https://cloudformation.us-east-2.amazonaws.com/
    body:
      encoding: UTF-8
      string: Action=DeleteStack&StackName=aws-ruby-rspec-query-2&Version=2010-05-15
    headers:
      Content-Type:
      - application/x-www-form-urlencoded; charset=utf-8
      Accept-Encoding:
      - ''
      User-Agent:
      - aws-sdk-ruby3/3.94.0 ruby/2.7.1 x86_64-darwin19 aws-sdk-cloudformation/1.32.0
      Host:
      - cloudformation.us-east-2.amazonaws.com
      X-Amz-Date:
      - 20200412T233200Z
      X-Amz-Content-Sha256:
      - 6d40522a2de074b879b3558129cd8d076bceaaad9986c6418bf184e1868929d4
      Authorization:
      - AWS4-HMAC-SHA256 Credential=AWS_ACCESS_KEY_ID/20200412/us-east-2/cloudformation/aws4_request,
        SignedHeaders=content-type;host;x-amz-content-sha256;x-amz-date, Signature=<SignatureValue>
      Content-Length:
      - '70'
      Accept:
      - "*/*"
  response:
    status:
      code: 200
      message: OK
    headers:
      X-Amzn-Requestid:
      - c3f3ee2a-79f7-4c65-9d92-0c106a64b58c
      Content-Type:
      - text/xml
      Content-Length:
      - '212'
      Date:
      - Sun, 12 Apr 2020 23:32:00 GMT
    body:
      encoding: UTF-8
      string: |
        <DeleteStackResponse xmlns="http://cloudformation.amazonaws.com/doc/2010-05-15/">
          <ResponseMetadata>
            <RequestId>c3f3ee2a-79f7-4c65-9d92-0c106a64b58c</RequestId>
          </ResponseMetadata>
        </DeleteStackResponse>
    http_version: null
  recorded_at: Sun, 12 Apr 2020 23:32:00 GMT
- request:
    method: post
    uri: https://cloudformation.us-east-2.amazonaws.com/
    body:
      encoding: UTF-8
      string: Action=DescribeStacks&StackName=aws-ruby-rspec-query-2&Version=2010-05-15
    headers:
      Content-Type:
      - application/x-www-form-urlencoded; charset=utf-8
      Accept-Encoding:
      - ''
      User-Agent:
      - aws-sdk-ruby3/3.94.0 ruby/2.7.1 x86_64-darwin19 aws-sdk-cloudformation/1.32.0
      Host:
      - cloudformation.us-east-2.amazonaws.com
      X-Amz-Date:
      - 20200412T233200Z
      X-Amz-Content-Sha256:
      - 94a4dacc9c3f78d18841a5b10203430747b434892a503e181584b40c0659410e
      Authorization:
      - AWS4-HMAC-SHA256 Credential=AWS_ACCESS_KEY_ID/20200412/us-east-2/cloudformation/aws4_request,
        SignedHeaders=content-type;host;x-amz-content-sha256;x-amz-date, Signature=<SignatureValue>
      Content-Length:
      - '73'
      Accept:
      - "*/*"
  response:
    status:
      code: 200
      message: OK
    headers:
      X-Amzn-Requestid:
      - 28a4585d-fb7f-4eea-9e4b-e318df434de8
      Content-Type:
      - text/xml
      Content-Length:
      - '1123'
      Date:
      - Sun, 12 Apr 2020 23:32:00 GMT
    body:
      encoding: UTF-8
      string: |
        <DescribeStacksResponse xmlns="http://cloudformation.amazonaws.com/doc/2010-05-15/">
          <DescribeStacksResult>
            <Stacks>
              <member>
                <CreationTime>2020-04-12T23:30:54.529Z</CreationTime>
                <NotificationARNs/>
                <StackId>arn:aws:cloudformation:us-east-2:373045849756:stack/aws-ruby-rspec-query-2/a73f2520-7d15-11ea-b30a-0af659736e02</StackId>
                <StackName>aws-ruby-rspec-query-2</StackName>
                <Description>Just a bucket
        </Description>
                <StackStatus>DELETE_IN_PROGRESS</StackStatus>
                <DeletionTime>2020-04-12T23:32:00.539Z</DeletionTime>
                <DisableRollback>false</DisableRollback>
                <Tags/>
                <RollbackConfiguration/>
                <DriftInformation>
                  <StackDriftStatus>NOT_CHECKED</StackDriftStatus>
                </DriftInformation>
                <EnableTerminationProtection>false</EnableTerminationProtection>
                <StackStatusReason>User Initiated</StackStatusReason>
              </member>
            </Stacks>
          </DescribeStacksResult>
          <ResponseMetadata>
            <RequestId>28a4585d-fb7f-4eea-9e4b-e318df434de8</RequestId>
          </ResponseMetadata>
        </DescribeStacksResponse>
    http_version: null
  recorded_at: Sun, 12 Apr 2020 23:32:00 GMT
- request:
    method: post
    uri: https://cloudformation.us-east-2.amazonaws.com/
    body:
      encoding: UTF-8
      string: Action=DescribeStacks&StackName=aws-ruby-rspec-query-2&Version=2010-05-15
    headers:
      Content-Type:
      - application/x-www-form-urlencoded; charset=utf-8
      Accept-Encoding:
      - ''
      User-Agent:
      - aws-sdk-ruby3/3.94.0 ruby/2.7.1 x86_64-darwin19 aws-sdk-cloudformation/1.32.0
      Host:
      - cloudformation.us-east-2.amazonaws.com
      X-Amz-Date:
      - 20200412T233200Z
      X-Amz-Content-Sha256:
      - 94a4dacc9c3f78d18841a5b10203430747b434892a503e181584b40c0659410e
      Authorization:
      - AWS4-HMAC-SHA256 Credential=AWS_ACCESS_KEY_ID/20200412/us-east-2/cloudformation/aws4_request,
        SignedHeaders=content-type;host;x-amz-content-sha256;x-amz-date, Signature=<SignatureValue>
      Content-Length:
      - '73'
      Accept:
      - "*/*"
  response:
    status:
      code: 200
      message: OK
    headers:
      X-Amzn-Requestid:
      - b0356a67-8894-4659-a7a0-b9f10bc48aa6
      Content-Type:
      - text/xml
      Content-Length:
      - '1061'
      Date:
      - Sun, 12 Apr 2020 23:32:00 GMT
    body:
      encoding: UTF-8
      string: |
        <DescribeStacksResponse xmlns="http://cloudformation.amazonaws.com/doc/2010-05-15/">
          <DescribeStacksResult>
            <Stacks>
              <member>
                <CreationTime>2020-04-12T23:30:54.529Z</CreationTime>
                <NotificationARNs/>
                <StackId>arn:aws:cloudformation:us-east-2:373045849756:stack/aws-ruby-rspec-query-2/a73f2520-7d15-11ea-b30a-0af659736e02</StackId>
                <StackName>aws-ruby-rspec-query-2</StackName>
                <Description>Just a bucket
        </Description>
                <StackStatus>DELETE_IN_PROGRESS</StackStatus>
                <DeletionTime>2020-04-12T23:32:00.539Z</DeletionTime>
                <DisableRollback>false</DisableRollback>
                <Tags/>
                <RollbackConfiguration/>
                <DriftInformation>
                  <StackDriftStatus>NOT_CHECKED</StackDriftStatus>
                </DriftInformation>
                <EnableTerminationProtection>false</EnableTerminationProtection>
              </member>
            </Stacks>
          </DescribeStacksResult>
          <ResponseMetadata>
            <RequestId>b0356a67-8894-4659-a7a0-b9f10bc48aa6</RequestId>
          </ResponseMetadata>
        </DescribeStacksResponse>
    http_version: null
  recorded_at: Sun, 12 Apr 2020 23:32:01 GMT
- request:
    method: post
    uri: https://cloudformation.us-east-2.amazonaws.com/
    body:
      encoding: UTF-8
      string: Action=DescribeStacks&StackName=aws-ruby-rspec-query-2&Version=2010-05-15
    headers:
      Content-Type:
      - application/x-www-form-urlencoded; charset=utf-8
      Accept-Encoding:
      - ''
      User-Agent:
      - aws-sdk-ruby3/3.94.0 ruby/2.7.1 x86_64-darwin19 aws-sdk-cloudformation/1.32.0
      Host:
      - cloudformation.us-east-2.amazonaws.com
      X-Amz-Date:
      - 20200412T233206Z
      X-Amz-Content-Sha256:
      - 94a4dacc9c3f78d18841a5b10203430747b434892a503e181584b40c0659410e
      Authorization:
      - AWS4-HMAC-SHA256 Credential=AWS_ACCESS_KEY_ID/20200412/us-east-2/cloudformation/aws4_request,
        SignedHeaders=content-type;host;x-amz-content-sha256;x-amz-date, Signature=<SignatureValue>
      Content-Length:
      - '73'
      Accept:
      - "*/*"
  response:
    status:
      code: 400
      message: Bad Request
    headers:
      X-Amzn-Requestid:
      - daec0a09-d72f-4ca3-9ba0-94c94abdd9ef
      Content-Type:
      - text/xml
      Content-Length:
      - '308'
      Date:
      - Sun, 12 Apr 2020 23:32:06 GMT
      Connection:
      - close
    body:
      encoding: UTF-8
      string: |
        <ErrorResponse xmlns="http://cloudformation.amazonaws.com/doc/2010-05-15/">
          <Error>
            <Type>Sender</Type>
            <Code>ValidationError</Code>
            <Message>Stack with id aws-ruby-rspec-query-2 does not exist</Message>
          </Error>
          <RequestId>daec0a09-d72f-4ca3-9ba0-94c94abdd9ef</RequestId>
        </ErrorResponse>
    http_version: null
  recorded_at: Sun, 12 Apr 2020 23:32:06 GMT
- request:
    method: post
    uri: https://cloudformation.us-east-2.amazonaws.com/
    body:
      encoding: UTF-8
      string: Action=DescribeStacks&StackName=aws-ruby-rspec-query-3&Version=2010-05-15
    headers:
      Content-Type:
      - application/x-www-form-urlencoded; charset=utf-8
      Accept-Encoding:
      - ''
      User-Agent:
      - aws-sdk-ruby3/3.94.0 ruby/2.7.1 x86_64-darwin19 aws-sdk-cloudformation/1.32.0
      Host:
      - cloudformation.us-east-2.amazonaws.com
      X-Amz-Date:
      - 20200412T233206Z
      X-Amz-Content-Sha256:
      - d32cda5c841707c91d23a519603d4a51d097f5bf404d417acbe95e81965bd44d
      Authorization:
      - AWS4-HMAC-SHA256 Credential=AWS_ACCESS_KEY_ID/20200412/us-east-2/cloudformation/aws4_request,
        SignedHeaders=content-type;host;x-amz-content-sha256;x-amz-date, Signature=<SignatureValue>
      Content-Length:
      - '73'
      Accept:
      - "*/*"
  response:
    status:
      code: 200
      message: OK
    headers:
      X-Amzn-Requestid:
      - 314ae8d6-4c34-4f6c-a39b-7be2700449ac
      Content-Type:
      - text/xml
      Content-Length:
      - '996'
      Date:
      - Sun, 12 Apr 2020 23:32:06 GMT
    body:
      encoding: UTF-8
      string: |
        <DescribeStacksResponse xmlns="http://cloudformation.amazonaws.com/doc/2010-05-15/">
          <DescribeStacksResult>
            <Stacks>
              <member>
                <CreationTime>2020-04-12T23:31:23.591Z</CreationTime>
                <NotificationARNs/>
                <StackId>arn:aws:cloudformation:us-east-2:373045849756:stack/aws-ruby-rspec-query-3/b8935530-7d15-11ea-ba69-0a0a04c5437c</StackId>
                <StackName>aws-ruby-rspec-query-3</StackName>
                <Description>Just a bucket
        </Description>
                <StackStatus>CREATE_COMPLETE</StackStatus>
                <DisableRollback>false</DisableRollback>
                <Tags/>
                <RollbackConfiguration/>
                <DriftInformation>
                  <StackDriftStatus>NOT_CHECKED</StackDriftStatus>
                </DriftInformation>
                <EnableTerminationProtection>false</EnableTerminationProtection>
              </member>
            </Stacks>
          </DescribeStacksResult>
          <ResponseMetadata>
            <RequestId>314ae8d6-4c34-4f6c-a39b-7be2700449ac</RequestId>
          </ResponseMetadata>
        </DescribeStacksResponse>
    http_version: null
  recorded_at: Sun, 12 Apr 2020 23:32:07 GMT
- request:
    method: post
    uri: https://cloudformation.us-east-2.amazonaws.com/
    body:
      encoding: UTF-8
      string: Action=DeleteStack&StackName=aws-ruby-rspec-query-3&Version=2010-05-15
    headers:
      Content-Type:
      - application/x-www-form-urlencoded; charset=utf-8
      Accept-Encoding:
      - ''
      User-Agent:
      - aws-sdk-ruby3/3.94.0 ruby/2.7.1 x86_64-darwin19 aws-sdk-cloudformation/1.32.0
      Host:
      - cloudformation.us-east-2.amazonaws.com
      X-Amz-Date:
      - 20200412T233207Z
      X-Amz-Content-Sha256:
      - a0a374d20f1162063b6e6987dfc0ddad651e8aeddb5d5486de9e7ccb74f43921
      Authorization:
      - AWS4-HMAC-SHA256 Credential=AWS_ACCESS_KEY_ID/20200412/us-east-2/cloudformation/aws4_request,
        SignedHeaders=content-type;host;x-amz-content-sha256;x-amz-date, Signature=<SignatureValue>
      Content-Length:
      - '70'
      Accept:
      - "*/*"
  response:
    status:
      code: 200
      message: OK
    headers:
      X-Amzn-Requestid:
      - bb43c010-a45f-4b42-979f-afe93a3dbc12
      Content-Type:
      - text/xml
      Content-Length:
      - '212'
      Date:
      - Sun, 12 Apr 2020 23:32:06 GMT
    body:
      encoding: UTF-8
      string: |
        <DeleteStackResponse xmlns="http://cloudformation.amazonaws.com/doc/2010-05-15/">
          <ResponseMetadata>
            <RequestId>bb43c010-a45f-4b42-979f-afe93a3dbc12</RequestId>
          </ResponseMetadata>
        </DeleteStackResponse>
    http_version: null
  recorded_at: Sun, 12 Apr 2020 23:32:07 GMT
- request:
    method: post
    uri: https://cloudformation.us-east-2.amazonaws.com/
    body:
      encoding: UTF-8
      string: Action=DescribeStacks&StackName=aws-ruby-rspec-query-3&Version=2010-05-15
    headers:
      Content-Type:
      - application/x-www-form-urlencoded; charset=utf-8
      Accept-Encoding:
      - ''
      User-Agent:
      - aws-sdk-ruby3/3.94.0 ruby/2.7.1 x86_64-darwin19 aws-sdk-cloudformation/1.32.0
      Host:
      - cloudformation.us-east-2.amazonaws.com
      X-Amz-Date:
      - 20200412T233207Z
      X-Amz-Content-Sha256:
      - d32cda5c841707c91d23a519603d4a51d097f5bf404d417acbe95e81965bd44d
      Authorization:
      - AWS4-HMAC-SHA256 Credential=AWS_ACCESS_KEY_ID/20200412/us-east-2/cloudformation/aws4_request,
        SignedHeaders=content-type;host;x-amz-content-sha256;x-amz-date, Signature=<SignatureValue>
      Content-Length:
      - '73'
      Accept:
      - "*/*"
  response:
    status:
      code: 200
      message: OK
    headers:
      X-Amzn-Requestid:
      - 24deb13f-37d0-442b-96e2-bdb1bc61bab9
      Content-Type:
      - text/xml
      Content-Length:
      - '1123'
      Date:
      - Sun, 12 Apr 2020 23:32:07 GMT
    body:
      encoding: UTF-8
      string: |
        <DescribeStacksResponse xmlns="http://cloudformation.amazonaws.com/doc/2010-05-15/">
          <DescribeStacksResult>
            <Stacks>
              <member>
                <CreationTime>2020-04-12T23:31:23.591Z</CreationTime>
                <NotificationARNs/>
                <StackId>arn:aws:cloudformation:us-east-2:373045849756:stack/aws-ruby-rspec-query-3/b8935530-7d15-11ea-ba69-0a0a04c5437c</StackId>
                <StackName>aws-ruby-rspec-query-3</StackName>
                <Description>Just a bucket
        </Description>
                <StackStatus>DELETE_IN_PROGRESS</StackStatus>
                <DeletionTime>2020-04-12T23:32:07.477Z</DeletionTime>
                <DisableRollback>false</DisableRollback>
                <Tags/>
                <RollbackConfiguration/>
                <DriftInformation>
                  <StackDriftStatus>NOT_CHECKED</StackDriftStatus>
                </DriftInformation>
                <EnableTerminationProtection>false</EnableTerminationProtection>
                <StackStatusReason>User Initiated</StackStatusReason>
              </member>
            </Stacks>
          </DescribeStacksResult>
          <ResponseMetadata>
            <RequestId>24deb13f-37d0-442b-96e2-bdb1bc61bab9</RequestId>
          </ResponseMetadata>
        </DescribeStacksResponse>
    http_version: null
  recorded_at: Sun, 12 Apr 2020 23:32:07 GMT
- request:
    method: post
    uri: https://cloudformation.us-east-2.amazonaws.com/
    body:
      encoding: UTF-8
      string: Action=DescribeStacks&StackName=aws-ruby-rspec-query-3&Version=2010-05-15
    headers:
      Content-Type:
      - application/x-www-form-urlencoded; charset=utf-8
      Accept-Encoding:
      - ''
      User-Agent:
      - aws-sdk-ruby3/3.94.0 ruby/2.7.1 x86_64-darwin19 aws-sdk-cloudformation/1.32.0
      Host:
      - cloudformation.us-east-2.amazonaws.com
      X-Amz-Date:
      - 20200412T233207Z
      X-Amz-Content-Sha256:
      - d32cda5c841707c91d23a519603d4a51d097f5bf404d417acbe95e81965bd44d
      Authorization:
      - AWS4-HMAC-SHA256 Credential=AWS_ACCESS_KEY_ID/20200412/us-east-2/cloudformation/aws4_request,
        SignedHeaders=content-type;host;x-amz-content-sha256;x-amz-date, Signature=<SignatureValue>
      Content-Length:
      - '73'
      Accept:
      - "*/*"
  response:
    status:
      code: 200
      message: OK
    headers:
      X-Amzn-Requestid:
      - a630c7b5-4b9c-4530-ad64-ca6994cd4cff
      Content-Type:
      - text/xml
      Content-Length:
      - '1061'
      Date:
      - Sun, 12 Apr 2020 23:32:07 GMT
    body:
      encoding: UTF-8
      string: |
        <DescribeStacksResponse xmlns="http://cloudformation.amazonaws.com/doc/2010-05-15/">
          <DescribeStacksResult>
            <Stacks>
              <member>
                <CreationTime>2020-04-12T23:31:23.591Z</CreationTime>
                <NotificationARNs/>
                <StackId>arn:aws:cloudformation:us-east-2:373045849756:stack/aws-ruby-rspec-query-3/b8935530-7d15-11ea-ba69-0a0a04c5437c</StackId>
                <StackName>aws-ruby-rspec-query-3</StackName>
                <Description>Just a bucket
        </Description>
                <StackStatus>DELETE_IN_PROGRESS</StackStatus>
                <DeletionTime>2020-04-12T23:32:07.477Z</DeletionTime>
                <DisableRollback>false</DisableRollback>
                <Tags/>
                <RollbackConfiguration/>
                <DriftInformation>
                  <StackDriftStatus>NOT_CHECKED</StackDriftStatus>
                </DriftInformation>
                <EnableTerminationProtection>false</EnableTerminationProtection>
              </member>
            </Stacks>
          </DescribeStacksResult>
          <ResponseMetadata>
            <RequestId>a630c7b5-4b9c-4530-ad64-ca6994cd4cff</RequestId>
          </ResponseMetadata>
        </DescribeStacksResponse>
    http_version: null
  recorded_at: Sun, 12 Apr 2020 23:32:08 GMT
- request:
    method: post
    uri: https://cloudformation.us-east-2.amazonaws.com/
    body:
      encoding: UTF-8
      string: Action=DescribeStacks&StackName=aws-ruby-rspec-query-3&Version=2010-05-15
    headers:
      Content-Type:
      - application/x-www-form-urlencoded; charset=utf-8
      Accept-Encoding:
      - ''
      User-Agent:
      - aws-sdk-ruby3/3.94.0 ruby/2.7.1 x86_64-darwin19 aws-sdk-cloudformation/1.32.0
      Host:
      - cloudformation.us-east-2.amazonaws.com
      X-Amz-Date:
      - 20200412T233213Z
      X-Amz-Content-Sha256:
      - d32cda5c841707c91d23a519603d4a51d097f5bf404d417acbe95e81965bd44d
      Authorization:
      - AWS4-HMAC-SHA256 Credential=AWS_ACCESS_KEY_ID/20200412/us-east-2/cloudformation/aws4_request,
        SignedHeaders=content-type;host;x-amz-content-sha256;x-amz-date, Signature=<SignatureValue>
      Content-Length:
      - '73'
      Accept:
      - "*/*"
  response:
    status:
      code: 400
      message: Bad Request
    headers:
      X-Amzn-Requestid:
      - 19a2dbe5-26e7-4960-b476-3d74dd29a5cd
      Content-Type:
      - text/xml
      Content-Length:
      - '308'
      Date:
      - Sun, 12 Apr 2020 23:32:13 GMT
      Connection:
      - close
    body:
      encoding: UTF-8
      string: |
        <ErrorResponse xmlns="http://cloudformation.amazonaws.com/doc/2010-05-15/">
          <Error>
            <Type>Sender</Type>
            <Code>ValidationError</Code>
            <Message>Stack with id aws-ruby-rspec-query-3 does not exist</Message>
          </Error>
          <RequestId>19a2dbe5-26e7-4960-b476-3d74dd29a5cd</RequestId>
        </ErrorResponse>
    http_version: null
  recorded_at: Sun, 12 Apr 2020 23:32:13 GMT
recorded_with: VCR 5.1.0
