---
http_interactions:
- request:
    method: get
    uri: https://raw.githubusercontent.com/openstax/aws-ruby/1b2ebfd91dd9fb34d58c834cbb70a21c6479ba8e/spec/support/secrets_dsl/secrets.yml
    body:
      encoding: US-ASCII
      string: ''
    headers:
      Accept-Encoding:
      - gzip;q=1.0,deflate;q=0.6,identity;q=0.3
      Accept:
      - "*/*"
      User-Agent:
      - Ruby
  response:
    status:
      code: 200
      message: OK
    headers:
      Connection:
      - keep-alive
      Content-Length:
      - '129'
      Cache-Control:
      - max-age=300
      Content-Security-Policy:
      - default-src 'none'; style-src 'unsafe-inline'; sandbox
      Content-Type:
      - text/plain; charset=utf-8
      Etag:
      - W/"c389fab04d22358a1912ffe1fb36ebd06b07b4ec3967278c81fbf4e3b0bd8e5c"
      Strict-Transport-Security:
      - max-age=31536000
      X-Content-Type-Options:
      - nosniff
      X-Frame-Options:
      - deny
      X-Xss-Protection:
      - 1; mode=block
      X-Github-Request-Id:
      - 4624:4A7A:2E96A:8C872:62A3A1B9
      Accept-Ranges:
      - bytes
      Date:
      - Fri, 10 Jun 2022 19:55:37 GMT
      Via:
      - 1.1 varnish
      X-Served-By:
      - cache-iah17242-IAH
      X-Cache:
      - MISS
      X-Cache-Hits:
      - '0'
      X-Timer:
      - S1654890937.218905,VS0,VE122
      Vary:
      - Authorization,Accept-Encoding,Origin
      Access-Control-Allow-Origin:
      - "*"
      X-Fastly-Request-Id:
      - 13a6b39bf6fd8a4c0616ea17a875bf3d5fb0311e
      Expires:
      - Fri, 10 Jun 2022 20:00:37 GMT
      Source-Age:
      - '0'
    body:
      encoding: ASCII-8BIT
      string: |
        production:
          random: random(hex,4)
          interpolated: "https://{{ domain }}"
          for_shared_substitution: "howdy {{ shared_value }}"
  recorded_at: Fri, 10 Jun 2022 19:55:37 GMT
- request:
    method: post
    uri: https://ssm.us-east-2.amazonaws.com/
    body:
      encoding: UTF-8
      string: '{"Name":"/openstax-aws-ruby-secrets/secrets-dsl-spec/main/content_key","Value":"something-deployment-specific","Type":"SecureString","Overwrite":true}'
    headers:
      Accept-Encoding:
      - ''
      User-Agent:
      - aws-sdk-ruby3/3.127.0 ruby/2.7.2 x86_64-darwin20 aws-sdk-ssm/1.126.0
      Content-Type:
      - application/x-amz-json-1.1
      X-Amz-Target:
      - AmazonSSM.PutParameter
      Host:
      - ssm.us-east-2.amazonaws.com
      X-Amz-Date:
      - 20220610T195537Z
      X-Amz-Security-Token:
      - AWS_SESSION_TOKEN
      X-Amz-Content-Sha256:
      - 2eae8d47b80f555ae55173ad4e85de1c0393d0bc2019fcc66f2acbc864f1ff5e
      Authorization:
      - AWS4-HMAC-SHA256 Credential=AWS_ACCESS_KEY_ID/20220610/us-east-2/ssm/aws4_request,
        SignedHeaders=content-type;host;x-amz-content-sha256;x-amz-date;x-amz-security-token;x-amz-target,
        Signature=<SignatureValue>
      Content-Length:
      - '150'
      Accept:
      - "*/*"
  response:
    status:
      code: 200
      message: OK
    headers:
      Server:
      - Server
      Date:
      - Fri, 10 Jun 2022 19:55:37 GMT
      Content-Type:
      - application/x-amz-json-1.1
      Content-Length:
      - '31'
      Connection:
      - keep-alive
      X-Amzn-Requestid:
      - ddffd81f-35d7-4e7e-b6e4-d80366ad7f8a
    body:
      encoding: UTF-8
      string: '{"Tier":"Standard","Version":1}'
  recorded_at: Fri, 10 Jun 2022 19:55:37 GMT
- request:
    method: post
    uri: https://ssm.us-east-2.amazonaws.com/
    body:
      encoding: UTF-8
      string: '{"Name":"/openstax-aws-ruby-secrets/secrets-dsl-spec/main/random","Value":"0e6f","Type":"SecureString","Description":"Generated
        with random(hex,4)","Overwrite":true}'
    headers:
      Accept-Encoding:
      - ''
      User-Agent:
      - aws-sdk-ruby3/3.127.0 ruby/2.7.2 x86_64-darwin20 aws-sdk-ssm/1.126.0
      Content-Type:
      - application/x-amz-json-1.1
      X-Amz-Target:
      - AmazonSSM.PutParameter
      Host:
      - ssm.us-east-2.amazonaws.com
      X-Amz-Date:
      - 20220610T195537Z
      X-Amz-Security-Token:
      - AWS_SESSION_TOKEN
      X-Amz-Content-Sha256:
      - e3012a846b9b22c3dcd9d74cf2c3c02b1ff38d9d520942470d3ceb86b822f1a0
      Authorization:
      - AWS4-HMAC-SHA256 Credential=AWS_ACCESS_KEY_ID/20220610/us-east-2/ssm/aws4_request,
        SignedHeaders=content-type;host;x-amz-content-sha256;x-amz-date;x-amz-security-token;x-amz-target,
        Signature=<SignatureValue>
      Content-Length:
      - '165'
      Accept:
      - "*/*"
  response:
    status:
      code: 200
      message: OK
    headers:
      Server:
      - Server
      Date:
      - Fri, 10 Jun 2022 19:55:38 GMT
      Content-Type:
      - application/x-amz-json-1.1
      Content-Length:
      - '31'
      Connection:
      - keep-alive
      X-Amzn-Requestid:
      - 3970cc4f-f435-475e-a22b-8e3c8a7913ff
    body:
      encoding: UTF-8
      string: '{"Tier":"Standard","Version":1}'
  recorded_at: Fri, 10 Jun 2022 19:55:38 GMT
- request:
    method: post
    uri: https://ssm.us-east-2.amazonaws.com/
    body:
      encoding: UTF-8
      string: '{"Name":"/openstax-aws-ruby-secrets/secrets-dsl-spec/main/interpolated","Value":"https://something-deployment-specific","Type":"SecureString","Overwrite":true}'
    headers:
      Accept-Encoding:
      - ''
      User-Agent:
      - aws-sdk-ruby3/3.127.0 ruby/2.7.2 x86_64-darwin20 aws-sdk-ssm/1.126.0
      Content-Type:
      - application/x-amz-json-1.1
      X-Amz-Target:
      - AmazonSSM.PutParameter
      Host:
      - ssm.us-east-2.amazonaws.com
      X-Amz-Date:
      - 20220610T195538Z
      X-Amz-Security-Token:
      - AWS_SESSION_TOKEN
      X-Amz-Content-Sha256:
      - a5fab8de52457c9f761f5235948505d7496b48185e7d46ec4f2b27acdb0b6a35
      Authorization:
      - AWS4-HMAC-SHA256 Credential=AWS_ACCESS_KEY_ID/20220610/us-east-2/ssm/aws4_request,
        SignedHeaders=content-type;host;x-amz-content-sha256;x-amz-date;x-amz-security-token;x-amz-target,
        Signature=<SignatureValue>
      Content-Length:
      - '159'
      Accept:
      - "*/*"
  response:
    status:
      code: 200
      message: OK
    headers:
      Server:
      - Server
      Date:
      - Fri, 10 Jun 2022 19:55:38 GMT
      Content-Type:
      - application/x-amz-json-1.1
      Content-Length:
      - '31'
      Connection:
      - keep-alive
      X-Amzn-Requestid:
      - 2bfed196-0173-4dbf-a5e5-61d4ee65b69a
    body:
      encoding: UTF-8
      string: '{"Tier":"Standard","Version":1}'
  recorded_at: Fri, 10 Jun 2022 19:55:38 GMT
- request:
    method: post
    uri: https://ssm.us-east-2.amazonaws.com/
    body:
      encoding: UTF-8
      string: '{"Name":"/openstax-aws-ruby-secrets/secrets-dsl-spec/main/for_shared_substitution","Value":"howdy
        y''all","Type":"SecureString","Overwrite":true}'
    headers:
      Accept-Encoding:
      - ''
      User-Agent:
      - aws-sdk-ruby3/3.127.0 ruby/2.7.2 x86_64-darwin20 aws-sdk-ssm/1.126.0
      Content-Type:
      - application/x-amz-json-1.1
      X-Amz-Target:
      - AmazonSSM.PutParameter
      Host:
      - ssm.us-east-2.amazonaws.com
      X-Amz-Date:
      - 20220610T195538Z
      X-Amz-Security-Token:
      - AWS_SESSION_TOKEN
      X-Amz-Content-Sha256:
      - 813c091e290ff0c48abdcbd1e62bceed774686bfc81633db2e7c6e18589bb503
      Authorization:
      - AWS4-HMAC-SHA256 Credential=AWS_ACCESS_KEY_ID/20220610/us-east-2/ssm/aws4_request,
        SignedHeaders=content-type;host;x-amz-content-sha256;x-amz-date;x-amz-security-token;x-amz-target,
        Signature=<SignatureValue>
      Content-Length:
      - '144'
      Accept:
      - "*/*"
  response:
    status:
      code: 200
      message: OK
    headers:
      Server:
      - Server
      Date:
      - Fri, 10 Jun 2022 19:55:38 GMT
      Content-Type:
      - application/x-amz-json-1.1
      Content-Length:
      - '31'
      Connection:
      - keep-alive
      X-Amzn-Requestid:
      - a030d650-ddfb-4140-a00e-ee2e9eb8e197
    body:
      encoding: UTF-8
      string: '{"Tier":"Standard","Version":1}'
  recorded_at: Fri, 10 Jun 2022 19:55:38 GMT
- request:
    method: post
    uri: https://ssm.us-east-2.amazonaws.com/
    body:
      encoding: UTF-8
      string: '{"Name":"/openstax-aws-ruby-secrets/secrets-dsl-spec/main/more_secrets","Value":"foo","Type":"SecureString","Overwrite":true}'
    headers:
      Accept-Encoding:
      - ''
      User-Agent:
      - aws-sdk-ruby3/3.127.0 ruby/2.7.2 x86_64-darwin20 aws-sdk-ssm/1.126.0
      Content-Type:
      - application/x-amz-json-1.1
      X-Amz-Target:
      - AmazonSSM.PutParameter
      Host:
      - ssm.us-east-2.amazonaws.com
      X-Amz-Date:
      - 20220610T195538Z
      X-Amz-Security-Token:
      - AWS_SESSION_TOKEN
      X-Amz-Content-Sha256:
      - 93b58d317eed10eecac176ef77fc0be3ba01c0717973bd69034e11a6a1e10f44
      Authorization:
      - AWS4-HMAC-SHA256 Credential=AWS_ACCESS_KEY_ID/20220610/us-east-2/ssm/aws4_request,
        SignedHeaders=content-type;host;x-amz-content-sha256;x-amz-date;x-amz-security-token;x-amz-target,
        Signature=<SignatureValue>
      Content-Length:
      - '125'
      Accept:
      - "*/*"
  response:
    status:
      code: 200
      message: OK
    headers:
      Server:
      - Server
      Date:
      - Fri, 10 Jun 2022 19:55:39 GMT
      Content-Type:
      - application/x-amz-json-1.1
      Content-Length:
      - '31'
      Connection:
      - keep-alive
      X-Amzn-Requestid:
      - e47fe0f5-3903-447e-8da6-9c58f6484abb
    body:
      encoding: UTF-8
      string: '{"Tier":"Standard","Version":1}'
  recorded_at: Fri, 10 Jun 2022 19:55:39 GMT
- request:
    method: post
    uri: https://cloudformation.us-west-2.amazonaws.com/
    body:
      encoding: UTF-8
      string: Action=ValidateTemplate&TemplateBody=Description%3A%20%3E%0A%20%20Secrets%20DSL%20spec%0A%0AParameters%3A%0A%0A%20%20BucketName%3A%0A%20%20%20%20Type%3A%20String%0A%0A%20%20SomeSha%3A%0A%20%20%20%20Type%3A%20String%0A%0A%20%20CycleIfDifferent%3A%0A%20%20%20%20Type%3A%20String%0A%20%20%20%20Default%3A%20%27%27%0A%0AResources%3A%0A%0A%20%20S3Bucket%3A%0A%20%20%20%20Type%3A%20AWS%3A%3AS3%3A%3ABucket%0A%20%20%20%20Properties%3A%0A%20%20%20%20%20%20BucketName%3A%20%21Ref%20%27BucketName%27%0A%20%20%20%20%20%20Tags%3A%0A%20%20%20%20%20%20-%20Key%3A%20MakeThereBeAChangeForCycleIfDifferent%0A%20%20%20%20%20%20%20%20Value%3A%20%21Ref%20%27CycleIfDifferent%27%0A%0AOutputs%3A%0A%0A%20%20BucketArn%3A%0A%20%20%20%20Value%3A%20%21GetAtt%20%27S3Bucket.Arn%27%0A%20%20%20%20Export%3A%0A%20%20%20%20%20%20Name%3A%20%21Sub%20%27%24%7BAWS%3A%3AStackName%7D-BucketArn%27%0A&Version=2010-05-15
    headers:
      Accept-Encoding:
      - ''
      User-Agent:
      - aws-sdk-ruby3/3.127.0 ruby/2.7.2 x86_64-darwin20 aws-sdk-cloudformation/1.63.0
      Content-Type:
      - application/x-www-form-urlencoded; charset=utf-8
      Host:
      - cloudformation.us-west-2.amazonaws.com
      X-Amz-Date:
      - 20220610T195539Z
      X-Amz-Security-Token:
      - AWS_SESSION_TOKEN
      X-Amz-Content-Sha256:
      - eac6bb3472ca681dfb051bc17aa1fb87e9a70cb5d5a2f3633633ea0514279640
      Authorization:
      - AWS4-HMAC-SHA256 Credential=AWS_ACCESS_KEY_ID/20220610/us-west-2/cloudformation/aws4_request,
        SignedHeaders=content-type;host;x-amz-content-sha256;x-amz-date;x-amz-security-token,
        Signature=<SignatureValue>
      Content-Length:
      - '882'
      Accept:
      - "*/*"
  response:
    status:
      code: 200
      message: OK
    headers:
      X-Amzn-Requestid:
      - 0c5a3b0b-e989-4b5d-a142-f2939e12d13c
      Content-Type:
      - text/xml
      Content-Length:
      - '718'
      Date:
      - Fri, 10 Jun 2022 19:55:38 GMT
    body:
      encoding: UTF-8
      string: |
        <ValidateTemplateResponse xmlns="http://cloudformation.amazonaws.com/doc/2010-05-15/">
          <ValidateTemplateResult>
            <Description>Secrets DSL spec
        </Description>
            <Parameters>
              <member>
                <NoEcho>false</NoEcho>
                <ParameterKey>BucketName</ParameterKey>
              </member>
              <member>
                <NoEcho>false</NoEcho>
                <DefaultValue/>
                <ParameterKey>CycleIfDifferent</ParameterKey>
              </member>
              <member>
                <NoEcho>false</NoEcho>
                <ParameterKey>SomeSha</ParameterKey>
              </member>
            </Parameters>
          </ValidateTemplateResult>
          <ResponseMetadata>
            <RequestId>0c5a3b0b-e989-4b5d-a142-f2939e12d13c</RequestId>
          </ResponseMetadata>
        </ValidateTemplateResponse>
  recorded_at: Fri, 10 Jun 2022 19:55:39 GMT
- request:
    method: put
    uri: https://openstax-sandbox-cfn-templates.s3.us-west-2.amazonaws.com/cfn_templates/spec-templates/main.yml
    body:
      encoding: UTF-8
      string: |
        Description: >
          Secrets DSL spec

        Parameters:

          BucketName:
            Type: String

          SomeSha:
            Type: String

          CycleIfDifferent:
            Type: String
            Default: ''

        Resources:

          S3Bucket:
            Type: AWS::S3::Bucket
            Properties:
              BucketName: !Ref 'BucketName'
              Tags:
              - Key: MakeThereBeAChangeForCycleIfDifferent
                Value: !Ref 'CycleIfDifferent'

        Outputs:

          BucketArn:
            Value: !GetAtt 'S3Bucket.Arn'
            Export:
              Name: !Sub '${AWS::StackName}-BucketArn'
    headers:
      Accept-Encoding:
      - ''
      User-Agent:
      - aws-sdk-ruby3/3.127.0 ruby/2.7.2 x86_64-darwin20 aws-sdk-s3/1.113.0
      Expect:
      - 100-continue
      Content-Md5:
      - 8yxzLgG2B03JVM2GIHDcfw==
      Host:
      - openstax-sandbox-cfn-templates.s3.us-west-2.amazonaws.com
      X-Amz-Date:
      - 20220610T195539Z
      X-Amz-Security-Token:
      - AWS_SESSION_TOKEN
      X-Amz-Content-Sha256:
      - 64e8ada9f3320d27210e42c3d99b33b451892c68d0c964fd9e3bfff375f96cf2
      Authorization:
      - AWS4-HMAC-SHA256 Credential=AWS_ACCESS_KEY_ID/20220610/us-west-2/s3/aws4_request,
        SignedHeaders=content-md5;host;user-agent;x-amz-content-sha256;x-amz-date;x-amz-security-token,
        Signature=<SignatureValue>
      Content-Length:
      - '484'
      Accept:
      - "*/*"
  response:
    status:
      code: 200
      message: OK
    headers:
      X-Amz-Id-2:
      - MBHIGbj9cAMSCl+tyrvnPwBJji7iUN5z4f2waU0fOzJxMtzd/DNR7tFf0iY/woKdzb+9L43lIak=
      X-Amz-Request-Id:
      - 67ZWTXPQ7M7FJTPA
      Date:
      - Fri, 10 Jun 2022 19:55:40 GMT
      X-Amz-Version-Id:
      - IUMLJ9dGNlhDpnGY634uzJs14b9thQO.
      X-Amz-Server-Side-Encryption:
      - AES256
      Etag:
      - '"f32c732e01b6074dc954cd862070dc7f"'
      Server:
      - AmazonS3
      Content-Length:
      - '0'
    body:
      encoding: UTF-8
      string: ''
  recorded_at: Fri, 10 Jun 2022 19:55:40 GMT
- request:
    method: post
    uri: https://cloudformation.us-east-2.amazonaws.com/
    body:
      encoding: UTF-8
      string: Action=CreateStack&Capabilities=&EnableTerminationProtection=false&Parameters.member.1.ParameterKey=SomeSha&Parameters.member.1.ParameterValue=1b2ebfd91dd9fb34d58c834cbb70a21c6479ba8e&Parameters.member.2.ParameterKey=BucketName&Parameters.member.2.ParameterValue=aws-ruby-spec-secrets-dsl-create&StackName=openstax-aws-ruby-secrets-secrets-dsl-spec-main&Tags=&TemplateURL=https%3A%2F%2Fs3.amazonaws.com%2Fopenstax-sandbox-cfn-templates%2Fcfn_templates%2Fspec-templates%2Fmain.yml&Version=2010-05-15
    headers:
      Accept-Encoding:
      - ''
      User-Agent:
      - aws-sdk-ruby3/3.127.0 ruby/2.7.2 x86_64-darwin20 aws-sdk-cloudformation/1.63.0
      Content-Type:
      - application/x-www-form-urlencoded; charset=utf-8
      Host:
      - cloudformation.us-east-2.amazonaws.com
      X-Amz-Date:
      - 20220610T195540Z
      X-Amz-Security-Token:
      - AWS_SESSION_TOKEN
      X-Amz-Content-Sha256:
      - 29619f03bba5bd937c214c50f41a4a9e7c05fe799dbdca0df39b689dc8ba46e0
      Authorization:
      - AWS4-HMAC-SHA256 Credential=AWS_ACCESS_KEY_ID/20220610/us-east-2/cloudformation/aws4_request,
        SignedHeaders=content-type;host;x-amz-content-sha256;x-amz-date;x-amz-security-token,
        Signature=<SignatureValue>
      Content-Length:
      - '498'
      Accept:
      - "*/*"
  response:
    status:
      code: 200
      message: OK
    headers:
      X-Amzn-Requestid:
      - ddf96461-fcd7-4053-bd06-a328213850a3
      Content-Type:
      - text/xml
      Content-Length:
      - '417'
      Date:
      - Fri, 10 Jun 2022 19:55:40 GMT
    body:
      encoding: UTF-8
      string: |
        <CreateStackResponse xmlns="http://cloudformation.amazonaws.com/doc/2010-05-15/">
          <CreateStackResult>
            <StackId>arn:aws:cloudformation:us-east-2:373045849756:stack/openstax-aws-ruby-secrets-secrets-dsl-spec-main/4de915d0-e8f7-11ec-84e6-064071e38790</StackId>
          </CreateStackResult>
          <ResponseMetadata>
            <RequestId>ddf96461-fcd7-4053-bd06-a328213850a3</RequestId>
          </ResponseMetadata>
        </CreateStackResponse>
  recorded_at: Fri, 10 Jun 2022 19:55:40 GMT
- request:
    method: post
    uri: https://cloudformation.us-east-2.amazonaws.com/
    body:
      encoding: UTF-8
      string: Action=DescribeStacks&StackName=openstax-aws-ruby-secrets-secrets-dsl-spec-main&Version=2010-05-15
    headers:
      Accept-Encoding:
      - ''
      User-Agent:
      - aws-sdk-ruby3/3.127.0 ruby/2.7.2 x86_64-darwin20 aws-sdk-cloudformation/1.63.0
      Content-Type:
      - application/x-www-form-urlencoded; charset=utf-8
      Host:
      - cloudformation.us-east-2.amazonaws.com
      X-Amz-Date:
      - 20220610T195541Z
      X-Amz-Security-Token:
      - AWS_SESSION_TOKEN
      X-Amz-Content-Sha256:
      - bba9ab149be09911f60e83e18c4e577ef4401099a40abc92d767daf01234db21
      Authorization:
      - AWS4-HMAC-SHA256 Credential=AWS_ACCESS_KEY_ID/20220610/us-east-2/cloudformation/aws4_request,
        SignedHeaders=content-type;host;x-amz-content-sha256;x-amz-date;x-amz-security-token,
        Signature=<SignatureValue>
      Content-Length:
      - '98'
      Accept:
      - "*/*"
  response:
    status:
      code: 200
      message: OK
    headers:
      X-Amzn-Requestid:
      - f0cc0f37-b1fd-4131-82ef-ed2b71d08dad
      Content-Type:
      - text/xml
      Content-Length:
      - '1627'
      Date:
      - Fri, 10 Jun 2022 19:55:40 GMT
    body:
      encoding: UTF-8
      string: |
        <DescribeStacksResponse xmlns="http://cloudformation.amazonaws.com/doc/2010-05-15/">
          <DescribeStacksResult>
            <Stacks>
              <member>
                <CreationTime>2022-06-10T19:55:40.822Z</CreationTime>
                <NotificationARNs/>
                <StackId>arn:aws:cloudformation:us-east-2:373045849756:stack/openstax-aws-ruby-secrets-secrets-dsl-spec-main/4de915d0-e8f7-11ec-84e6-064071e38790</StackId>
                <StackName>openstax-aws-ruby-secrets-secrets-dsl-spec-main</StackName>
                <Description>Secrets DSL spec
        </Description>
                <StackStatus>CREATE_IN_PROGRESS</StackStatus>
                <DisableRollback>false</DisableRollback>
                <Tags/>
                <RollbackConfiguration/>
                <DriftInformation>
                  <StackDriftStatus>NOT_CHECKED</StackDriftStatus>
                </DriftInformation>
                <EnableTerminationProtection>false</EnableTerminationProtection>
                <StackStatusReason>User Initiated</StackStatusReason>
                <Parameters>
                  <member>
                    <ParameterKey>BucketName</ParameterKey>
                    <ParameterValue>aws-ruby-spec-secrets-dsl-create</ParameterValue>
                  </member>
                  <member>
                    <ParameterKey>CycleIfDifferent</ParameterKey>
                    <ParameterValue/>
                  </member>
                  <member>
                    <ParameterKey>SomeSha</ParameterKey>
                    <ParameterValue>1b2ebfd91dd9fb34d58c834cbb70a21c6479ba8e</ParameterValue>
                  </member>
                </Parameters>
              </member>
            </Stacks>
          </DescribeStacksResult>
          <ResponseMetadata>
            <RequestId>f0cc0f37-b1fd-4131-82ef-ed2b71d08dad</RequestId>
          </ResponseMetadata>
        </DescribeStacksResponse>
  recorded_at: Fri, 10 Jun 2022 19:55:41 GMT
- request:
    method: post
    uri: https://cloudformation.us-east-2.amazonaws.com/
    body:
      encoding: UTF-8
      string: Action=DescribeStacks&StackName=openstax-aws-ruby-secrets-secrets-dsl-spec-main&Version=2010-05-15
    headers:
      Accept-Encoding:
      - ''
      User-Agent:
      - aws-sdk-ruby3/3.127.0 ruby/2.7.2 x86_64-darwin20 aws-sdk-cloudformation/1.63.0
      Content-Type:
      - application/x-www-form-urlencoded; charset=utf-8
      Host:
      - cloudformation.us-east-2.amazonaws.com
      X-Amz-Date:
      - 20220610T195541Z
      X-Amz-Security-Token:
      - AWS_SESSION_TOKEN
      X-Amz-Content-Sha256:
      - bba9ab149be09911f60e83e18c4e577ef4401099a40abc92d767daf01234db21
      Authorization:
      - AWS4-HMAC-SHA256 Credential=AWS_ACCESS_KEY_ID/20220610/us-east-2/cloudformation/aws4_request,
        SignedHeaders=content-type;host;x-amz-content-sha256;x-amz-date;x-amz-security-token,
        Signature=<SignatureValue>
      Content-Length:
      - '98'
      Accept:
      - "*/*"
  response:
    status:
      code: 200
      message: OK
    headers:
      X-Amzn-Requestid:
      - 0aa346cd-3f60-4c22-b529-b9d5e4dc0520
      Content-Type:
      - text/xml
      Content-Length:
      - '1627'
      Date:
      - Fri, 10 Jun 2022 19:55:40 GMT
    body:
      encoding: UTF-8
      string: |
        <DescribeStacksResponse xmlns="http://cloudformation.amazonaws.com/doc/2010-05-15/">
          <DescribeStacksResult>
            <Stacks>
              <member>
                <CreationTime>2022-06-10T19:55:40.822Z</CreationTime>
                <NotificationARNs/>
                <StackId>arn:aws:cloudformation:us-east-2:373045849756:stack/openstax-aws-ruby-secrets-secrets-dsl-spec-main/4de915d0-e8f7-11ec-84e6-064071e38790</StackId>
                <StackName>openstax-aws-ruby-secrets-secrets-dsl-spec-main</StackName>
                <Description>Secrets DSL spec
        </Description>
                <StackStatus>CREATE_IN_PROGRESS</StackStatus>
                <DisableRollback>false</DisableRollback>
                <Tags/>
                <RollbackConfiguration/>
                <DriftInformation>
                  <StackDriftStatus>NOT_CHECKED</StackDriftStatus>
                </DriftInformation>
                <EnableTerminationProtection>false</EnableTerminationProtection>
                <Parameters>
                  <member>
                    <ParameterKey>BucketName</ParameterKey>
                    <ParameterValue>aws-ruby-spec-secrets-dsl-create</ParameterValue>
                  </member>
                  <member>
                    <ParameterKey>CycleIfDifferent</ParameterKey>
                    <ParameterValue/>
                  </member>
                  <member>
                    <ParameterKey>SomeSha</ParameterKey>
                    <ParameterValue>1b2ebfd91dd9fb34d58c834cbb70a21c6479ba8e</ParameterValue>
                  </member>
                </Parameters>
                <StackStatusReason>User Initiated</StackStatusReason>
              </member>
            </Stacks>
          </DescribeStacksResult>
          <ResponseMetadata>
            <RequestId>0aa346cd-3f60-4c22-b529-b9d5e4dc0520</RequestId>
          </ResponseMetadata>
        </DescribeStacksResponse>
  recorded_at: Fri, 10 Jun 2022 19:55:41 GMT
- request:
    method: post
    uri: https://cloudformation.us-east-2.amazonaws.com/
    body:
      encoding: UTF-8
      string: Action=DescribeStacks&StackName=openstax-aws-ruby-secrets-secrets-dsl-spec-main&Version=2010-05-15
    headers:
      Accept-Encoding:
      - ''
      User-Agent:
      - aws-sdk-ruby3/3.127.0 ruby/2.7.2 x86_64-darwin20 aws-sdk-cloudformation/1.63.0
      Content-Type:
      - application/x-www-form-urlencoded; charset=utf-8
      Host:
      - cloudformation.us-east-2.amazonaws.com
      X-Amz-Date:
      - 20220610T195546Z
      X-Amz-Security-Token:
      - AWS_SESSION_TOKEN
      X-Amz-Content-Sha256:
      - bba9ab149be09911f60e83e18c4e577ef4401099a40abc92d767daf01234db21
      Authorization:
      - AWS4-HMAC-SHA256 Credential=AWS_ACCESS_KEY_ID/20220610/us-east-2/cloudformation/aws4_request,
        SignedHeaders=content-type;host;x-amz-content-sha256;x-amz-date;x-amz-security-token,
        Signature=<SignatureValue>
      Content-Length:
      - '98'
      Accept:
      - "*/*"
  response:
    status:
      code: 200
      message: OK
    headers:
      X-Amzn-Requestid:
      - 2a10ac92-4245-4650-af50-595bf394ee36
      Content-Type:
      - text/xml
      Content-Length:
      - '1565'
      Date:
      - Fri, 10 Jun 2022 19:55:46 GMT
    body:
      encoding: UTF-8
      string: |
        <DescribeStacksResponse xmlns="http://cloudformation.amazonaws.com/doc/2010-05-15/">
          <DescribeStacksResult>
            <Stacks>
              <member>
                <CreationTime>2022-06-10T19:55:40.822Z</CreationTime>
                <NotificationARNs/>
                <StackId>arn:aws:cloudformation:us-east-2:373045849756:stack/openstax-aws-ruby-secrets-secrets-dsl-spec-main/4de915d0-e8f7-11ec-84e6-064071e38790</StackId>
                <StackName>openstax-aws-ruby-secrets-secrets-dsl-spec-main</StackName>
                <Description>Secrets DSL spec
        </Description>
                <StackStatus>CREATE_IN_PROGRESS</StackStatus>
                <DisableRollback>false</DisableRollback>
                <Tags/>
                <RollbackConfiguration/>
                <DriftInformation>
                  <StackDriftStatus>NOT_CHECKED</StackDriftStatus>
                </DriftInformation>
                <EnableTerminationProtection>false</EnableTerminationProtection>
                <Parameters>
                  <member>
                    <ParameterKey>BucketName</ParameterKey>
                    <ParameterValue>aws-ruby-spec-secrets-dsl-create</ParameterValue>
                  </member>
                  <member>
                    <ParameterKey>CycleIfDifferent</ParameterKey>
                    <ParameterValue/>
                  </member>
                  <member>
                    <ParameterKey>SomeSha</ParameterKey>
                    <ParameterValue>1b2ebfd91dd9fb34d58c834cbb70a21c6479ba8e</ParameterValue>
                  </member>
                </Parameters>
              </member>
            </Stacks>
          </DescribeStacksResult>
          <ResponseMetadata>
            <RequestId>2a10ac92-4245-4650-af50-595bf394ee36</RequestId>
          </ResponseMetadata>
        </DescribeStacksResponse>
  recorded_at: Fri, 10 Jun 2022 19:55:46 GMT
- request:
    method: post
    uri: https://cloudformation.us-east-2.amazonaws.com/
    body:
      encoding: UTF-8
      string: Action=DescribeStacks&StackName=openstax-aws-ruby-secrets-secrets-dsl-spec-main&Version=2010-05-15
    headers:
      Accept-Encoding:
      - ''
      User-Agent:
      - aws-sdk-ruby3/3.127.0 ruby/2.7.2 x86_64-darwin20 aws-sdk-cloudformation/1.63.0
      Content-Type:
      - application/x-www-form-urlencoded; charset=utf-8
      Host:
      - cloudformation.us-east-2.amazonaws.com
      X-Amz-Date:
      - 20220610T195551Z
      X-Amz-Security-Token:
      - AWS_SESSION_TOKEN
      X-Amz-Content-Sha256:
      - bba9ab149be09911f60e83e18c4e577ef4401099a40abc92d767daf01234db21
      Authorization:
      - AWS4-HMAC-SHA256 Credential=AWS_ACCESS_KEY_ID/20220610/us-east-2/cloudformation/aws4_request,
        SignedHeaders=content-type;host;x-amz-content-sha256;x-amz-date;x-amz-security-token,
        Signature=<SignatureValue>
      Content-Length:
      - '98'
      Accept:
      - "*/*"
  response:
    status:
      code: 200
      message: OK
    headers:
      X-Amzn-Requestid:
      - e1afbd9e-f6a2-4f57-b1e2-37b50730ece5
      Content-Type:
      - text/xml
      Content-Length:
      - '1565'
      Date:
      - Fri, 10 Jun 2022 19:55:51 GMT
    body:
      encoding: UTF-8
      string: |
        <DescribeStacksResponse xmlns="http://cloudformation.amazonaws.com/doc/2010-05-15/">
          <DescribeStacksResult>
            <Stacks>
              <member>
                <CreationTime>2022-06-10T19:55:40.822Z</CreationTime>
                <NotificationARNs/>
                <StackId>arn:aws:cloudformation:us-east-2:373045849756:stack/openstax-aws-ruby-secrets-secrets-dsl-spec-main/4de915d0-e8f7-11ec-84e6-064071e38790</StackId>
                <StackName>openstax-aws-ruby-secrets-secrets-dsl-spec-main</StackName>
                <Description>Secrets DSL spec
        </Description>
                <StackStatus>CREATE_IN_PROGRESS</StackStatus>
                <DisableRollback>false</DisableRollback>
                <Tags/>
                <RollbackConfiguration/>
                <DriftInformation>
                  <StackDriftStatus>NOT_CHECKED</StackDriftStatus>
                </DriftInformation>
                <EnableTerminationProtection>false</EnableTerminationProtection>
                <Parameters>
                  <member>
                    <ParameterKey>BucketName</ParameterKey>
                    <ParameterValue>aws-ruby-spec-secrets-dsl-create</ParameterValue>
                  </member>
                  <member>
                    <ParameterKey>CycleIfDifferent</ParameterKey>
                    <ParameterValue/>
                  </member>
                  <member>
                    <ParameterKey>SomeSha</ParameterKey>
                    <ParameterValue>1b2ebfd91dd9fb34d58c834cbb70a21c6479ba8e</ParameterValue>
                  </member>
                </Parameters>
              </member>
            </Stacks>
          </DescribeStacksResult>
          <ResponseMetadata>
            <RequestId>e1afbd9e-f6a2-4f57-b1e2-37b50730ece5</RequestId>
          </ResponseMetadata>
        </DescribeStacksResponse>
  recorded_at: Fri, 10 Jun 2022 19:55:51 GMT
- request:
    method: post
    uri: https://cloudformation.us-east-2.amazonaws.com/
    body:
      encoding: UTF-8
      string: Action=DescribeStacks&StackName=openstax-aws-ruby-secrets-secrets-dsl-spec-main&Version=2010-05-15
    headers:
      Accept-Encoding:
      - ''
      User-Agent:
      - aws-sdk-ruby3/3.127.0 ruby/2.7.2 x86_64-darwin20 aws-sdk-cloudformation/1.63.0
      Content-Type:
      - application/x-www-form-urlencoded; charset=utf-8
      Host:
      - cloudformation.us-east-2.amazonaws.com
      X-Amz-Date:
      - 20220610T195556Z
      X-Amz-Security-Token:
      - AWS_SESSION_TOKEN
      X-Amz-Content-Sha256:
      - bba9ab149be09911f60e83e18c4e577ef4401099a40abc92d767daf01234db21
      Authorization:
      - AWS4-HMAC-SHA256 Credential=AWS_ACCESS_KEY_ID/20220610/us-east-2/cloudformation/aws4_request,
        SignedHeaders=content-type;host;x-amz-content-sha256;x-amz-date;x-amz-security-token,
        Signature=<SignatureValue>
      Content-Length:
      - '98'
      Accept:
      - "*/*"
  response:
    status:
      code: 200
      message: OK
    headers:
      X-Amzn-Requestid:
      - 8bdd6578-ab7d-498f-b159-b60939b33a6d
      Content-Type:
      - text/xml
      Content-Length:
      - '1565'
      Date:
      - Fri, 10 Jun 2022 19:55:57 GMT
    body:
      encoding: UTF-8
      string: |
        <DescribeStacksResponse xmlns="http://cloudformation.amazonaws.com/doc/2010-05-15/">
          <DescribeStacksResult>
            <Stacks>
              <member>
                <CreationTime>2022-06-10T19:55:40.822Z</CreationTime>
                <NotificationARNs/>
                <StackId>arn:aws:cloudformation:us-east-2:373045849756:stack/openstax-aws-ruby-secrets-secrets-dsl-spec-main/4de915d0-e8f7-11ec-84e6-064071e38790</StackId>
                <StackName>openstax-aws-ruby-secrets-secrets-dsl-spec-main</StackName>
                <Description>Secrets DSL spec
        </Description>
                <StackStatus>CREATE_IN_PROGRESS</StackStatus>
                <DisableRollback>false</DisableRollback>
                <Tags/>
                <RollbackConfiguration/>
                <DriftInformation>
                  <StackDriftStatus>NOT_CHECKED</StackDriftStatus>
                </DriftInformation>
                <EnableTerminationProtection>false</EnableTerminationProtection>
                <Parameters>
                  <member>
                    <ParameterKey>BucketName</ParameterKey>
                    <ParameterValue>aws-ruby-spec-secrets-dsl-create</ParameterValue>
                  </member>
                  <member>
                    <ParameterKey>CycleIfDifferent</ParameterKey>
                    <ParameterValue/>
                  </member>
                  <member>
                    <ParameterKey>SomeSha</ParameterKey>
                    <ParameterValue>1b2ebfd91dd9fb34d58c834cbb70a21c6479ba8e</ParameterValue>
                  </member>
                </Parameters>
              </member>
            </Stacks>
          </DescribeStacksResult>
          <ResponseMetadata>
            <RequestId>8bdd6578-ab7d-498f-b159-b60939b33a6d</RequestId>
          </ResponseMetadata>
        </DescribeStacksResponse>
  recorded_at: Fri, 10 Jun 2022 19:55:57 GMT
- request:
    method: post
    uri: https://cloudformation.us-east-2.amazonaws.com/
    body:
      encoding: UTF-8
      string: Action=DescribeStacks&StackName=openstax-aws-ruby-secrets-secrets-dsl-spec-main&Version=2010-05-15
    headers:
      Accept-Encoding:
      - ''
      User-Agent:
      - aws-sdk-ruby3/3.127.0 ruby/2.7.2 x86_64-darwin20 aws-sdk-cloudformation/1.63.0
      Content-Type:
      - application/x-www-form-urlencoded; charset=utf-8
      Host:
      - cloudformation.us-east-2.amazonaws.com
      X-Amz-Date:
      - 20220610T195602Z
      X-Amz-Security-Token:
      - AWS_SESSION_TOKEN
      X-Amz-Content-Sha256:
      - bba9ab149be09911f60e83e18c4e577ef4401099a40abc92d767daf01234db21
      Authorization:
      - AWS4-HMAC-SHA256 Credential=AWS_ACCESS_KEY_ID/20220610/us-east-2/cloudformation/aws4_request,
        SignedHeaders=content-type;host;x-amz-content-sha256;x-amz-date;x-amz-security-token,
        Signature=<SignatureValue>
      Content-Length:
      - '98'
      Accept:
      - "*/*"
  response:
    status:
      code: 200
      message: OK
    headers:
      X-Amzn-Requestid:
      - cd91c111-7fb6-40f6-bdd9-2e74daf2fb6d
      Content-Type:
      - text/xml
      Content-Length:
      - '1565'
      Date:
      - Fri, 10 Jun 2022 19:56:01 GMT
    body:
      encoding: UTF-8
      string: |
        <DescribeStacksResponse xmlns="http://cloudformation.amazonaws.com/doc/2010-05-15/">
          <DescribeStacksResult>
            <Stacks>
              <member>
                <CreationTime>2022-06-10T19:55:40.822Z</CreationTime>
                <NotificationARNs/>
                <StackId>arn:aws:cloudformation:us-east-2:373045849756:stack/openstax-aws-ruby-secrets-secrets-dsl-spec-main/4de915d0-e8f7-11ec-84e6-064071e38790</StackId>
                <StackName>openstax-aws-ruby-secrets-secrets-dsl-spec-main</StackName>
                <Description>Secrets DSL spec
        </Description>
                <StackStatus>CREATE_IN_PROGRESS</StackStatus>
                <DisableRollback>false</DisableRollback>
                <Tags/>
                <RollbackConfiguration/>
                <DriftInformation>
                  <StackDriftStatus>NOT_CHECKED</StackDriftStatus>
                </DriftInformation>
                <EnableTerminationProtection>false</EnableTerminationProtection>
                <Parameters>
                  <member>
                    <ParameterKey>BucketName</ParameterKey>
                    <ParameterValue>aws-ruby-spec-secrets-dsl-create</ParameterValue>
                  </member>
                  <member>
                    <ParameterKey>CycleIfDifferent</ParameterKey>
                    <ParameterValue/>
                  </member>
                  <member>
                    <ParameterKey>SomeSha</ParameterKey>
                    <ParameterValue>1b2ebfd91dd9fb34d58c834cbb70a21c6479ba8e</ParameterValue>
                  </member>
                </Parameters>
              </member>
            </Stacks>
          </DescribeStacksResult>
          <ResponseMetadata>
            <RequestId>cd91c111-7fb6-40f6-bdd9-2e74daf2fb6d</RequestId>
          </ResponseMetadata>
        </DescribeStacksResponse>
  recorded_at: Fri, 10 Jun 2022 19:56:02 GMT
- request:
    method: post
    uri: https://cloudformation.us-east-2.amazonaws.com/
    body:
      encoding: UTF-8
      string: Action=DescribeStacks&StackName=openstax-aws-ruby-secrets-secrets-dsl-spec-main&Version=2010-05-15
    headers:
      Accept-Encoding:
      - ''
      User-Agent:
      - aws-sdk-ruby3/3.127.0 ruby/2.7.2 x86_64-darwin20 aws-sdk-cloudformation/1.63.0
      Content-Type:
      - application/x-www-form-urlencoded; charset=utf-8
      Host:
      - cloudformation.us-east-2.amazonaws.com
      X-Amz-Date:
      - 20220610T195607Z
      X-Amz-Security-Token:
      - AWS_SESSION_TOKEN
      X-Amz-Content-Sha256:
      - bba9ab149be09911f60e83e18c4e577ef4401099a40abc92d767daf01234db21
      Authorization:
      - AWS4-HMAC-SHA256 Credential=AWS_ACCESS_KEY_ID/20220610/us-east-2/cloudformation/aws4_request,
        SignedHeaders=content-type;host;x-amz-content-sha256;x-amz-date;x-amz-security-token,
        Signature=<SignatureValue>
      Content-Length:
      - '98'
      Accept:
      - "*/*"
  response:
    status:
      code: 200
      message: OK
    headers:
      X-Amzn-Requestid:
      - abddc308-2a85-4700-8945-70f8bc388567
      Content-Type:
      - text/xml
      Content-Length:
      - '1565'
      Date:
      - Fri, 10 Jun 2022 19:56:07 GMT
    body:
      encoding: UTF-8
      string: |
        <DescribeStacksResponse xmlns="http://cloudformation.amazonaws.com/doc/2010-05-15/">
          <DescribeStacksResult>
            <Stacks>
              <member>
                <CreationTime>2022-06-10T19:55:40.822Z</CreationTime>
                <NotificationARNs/>
                <StackId>arn:aws:cloudformation:us-east-2:373045849756:stack/openstax-aws-ruby-secrets-secrets-dsl-spec-main/4de915d0-e8f7-11ec-84e6-064071e38790</StackId>
                <StackName>openstax-aws-ruby-secrets-secrets-dsl-spec-main</StackName>
                <Description>Secrets DSL spec
        </Description>
                <StackStatus>CREATE_IN_PROGRESS</StackStatus>
                <DisableRollback>false</DisableRollback>
                <Tags/>
                <RollbackConfiguration/>
                <DriftInformation>
                  <StackDriftStatus>NOT_CHECKED</StackDriftStatus>
                </DriftInformation>
                <EnableTerminationProtection>false</EnableTerminationProtection>
                <Parameters>
                  <member>
                    <ParameterKey>BucketName</ParameterKey>
                    <ParameterValue>aws-ruby-spec-secrets-dsl-create</ParameterValue>
                  </member>
                  <member>
                    <ParameterKey>CycleIfDifferent</ParameterKey>
                    <ParameterValue/>
                  </member>
                  <member>
                    <ParameterKey>SomeSha</ParameterKey>
                    <ParameterValue>1b2ebfd91dd9fb34d58c834cbb70a21c6479ba8e</ParameterValue>
                  </member>
                </Parameters>
              </member>
            </Stacks>
          </DescribeStacksResult>
          <ResponseMetadata>
            <RequestId>abddc308-2a85-4700-8945-70f8bc388567</RequestId>
          </ResponseMetadata>
        </DescribeStacksResponse>
  recorded_at: Fri, 10 Jun 2022 19:56:07 GMT
- request:
    method: post
    uri: https://cloudformation.us-east-2.amazonaws.com/
    body:
      encoding: UTF-8
      string: Action=DescribeStacks&StackName=openstax-aws-ruby-secrets-secrets-dsl-spec-main&Version=2010-05-15
    headers:
      Accept-Encoding:
      - ''
      User-Agent:
      - aws-sdk-ruby3/3.127.0 ruby/2.7.2 x86_64-darwin20 aws-sdk-cloudformation/1.63.0
      Content-Type:
      - application/x-www-form-urlencoded; charset=utf-8
      Host:
      - cloudformation.us-east-2.amazonaws.com
      X-Amz-Date:
      - 20220610T195612Z
      X-Amz-Security-Token:
      - AWS_SESSION_TOKEN
      X-Amz-Content-Sha256:
      - bba9ab149be09911f60e83e18c4e577ef4401099a40abc92d767daf01234db21
      Authorization:
      - AWS4-HMAC-SHA256 Credential=AWS_ACCESS_KEY_ID/20220610/us-east-2/cloudformation/aws4_request,
        SignedHeaders=content-type;host;x-amz-content-sha256;x-amz-date;x-amz-security-token,
        Signature=<SignatureValue>
      Content-Length:
      - '98'
      Accept:
      - "*/*"
  response:
    status:
      code: 200
      message: OK
    headers:
      X-Amzn-Requestid:
      - 06161523-5870-4952-b099-a2f58b8d68ff
      Content-Type:
      - text/xml
      Content-Length:
      - '1863'
      Date:
      - Fri, 10 Jun 2022 19:56:12 GMT
    body:
      encoding: UTF-8
      string: |
        <DescribeStacksResponse xmlns="http://cloudformation.amazonaws.com/doc/2010-05-15/">
          <DescribeStacksResult>
            <Stacks>
              <member>
                <Outputs>
                  <member>
                    <OutputKey>BucketArn</OutputKey>
                    <OutputValue>arn:aws:s3:::aws-ruby-spec-secrets-dsl-create</OutputValue>
                    <ExportName>openstax-aws-ruby-secrets-secrets-dsl-spec-main-BucketArn</ExportName>
                  </member>
                </Outputs>
                <CreationTime>2022-06-10T19:55:40.822Z</CreationTime>
                <NotificationARNs/>
                <StackId>arn:aws:cloudformation:us-east-2:373045849756:stack/openstax-aws-ruby-secrets-secrets-dsl-spec-main/4de915d0-e8f7-11ec-84e6-064071e38790</StackId>
                <StackName>openstax-aws-ruby-secrets-secrets-dsl-spec-main</StackName>
                <Description>Secrets DSL spec
        </Description>
                <StackStatus>CREATE_COMPLETE</StackStatus>
                <DisableRollback>false</DisableRollback>
                <Tags/>
                <RollbackConfiguration/>
                <DriftInformation>
                  <StackDriftStatus>NOT_CHECKED</StackDriftStatus>
                </DriftInformation>
                <EnableTerminationProtection>false</EnableTerminationProtection>
                <Parameters>
                  <member>
                    <ParameterKey>BucketName</ParameterKey>
                    <ParameterValue>aws-ruby-spec-secrets-dsl-create</ParameterValue>
                  </member>
                  <member>
                    <ParameterKey>CycleIfDifferent</ParameterKey>
                    <ParameterValue/>
                  </member>
                  <member>
                    <ParameterKey>SomeSha</ParameterKey>
                    <ParameterValue>1b2ebfd91dd9fb34d58c834cbb70a21c6479ba8e</ParameterValue>
                  </member>
                </Parameters>
              </member>
            </Stacks>
          </DescribeStacksResult>
          <ResponseMetadata>
            <RequestId>06161523-5870-4952-b099-a2f58b8d68ff</RequestId>
          </ResponseMetadata>
        </DescribeStacksResponse>
  recorded_at: Fri, 10 Jun 2022 19:56:12 GMT
- request:
    method: post
    uri: https://cloudformation.us-east-2.amazonaws.com/
    body:
      encoding: UTF-8
      string: Action=ListStackResources&StackName=openstax-aws-ruby-secrets-secrets-dsl-spec-main&Version=2010-05-15
    headers:
      Accept-Encoding:
      - ''
      User-Agent:
      - aws-sdk-ruby3/3.127.0 ruby/2.7.2 x86_64-darwin20 aws-sdk-cloudformation/1.63.0
      Content-Type:
      - application/x-www-form-urlencoded; charset=utf-8
      Host:
      - cloudformation.us-east-2.amazonaws.com
      X-Amz-Date:
      - 20220610T195612Z
      X-Amz-Security-Token:
      - AWS_SESSION_TOKEN
      X-Amz-Content-Sha256:
      - edbfc4758b882bea4e1e21652419ff05cc8494776174914c4412ed5f72d06d8a
      Authorization:
      - AWS4-HMAC-SHA256 Credential=AWS_ACCESS_KEY_ID/20220610/us-east-2/cloudformation/aws4_request,
        SignedHeaders=content-type;host;x-amz-content-sha256;x-amz-date;x-amz-security-token,
        Signature=<SignatureValue>
      Content-Length:
      - '102'
      Accept:
      - "*/*"
  response:
    status:
      code: 200
      message: OK
    headers:
      X-Amzn-Requestid:
      - 7cd698d1-8bc0-4e68-91c4-2c986e42c35f
      Content-Type:
      - text/xml
      Content-Length:
      - '831'
      Date:
      - Fri, 10 Jun 2022 19:56:12 GMT
    body:
      encoding: UTF-8
      string: |
        <ListStackResourcesResponse xmlns="http://cloudformation.amazonaws.com/doc/2010-05-15/">
          <ListStackResourcesResult>
            <StackResourceSummaries>
              <member>
                <LastUpdatedTimestamp>2022-06-10T19:56:06.907Z</LastUpdatedTimestamp>
                <PhysicalResourceId>aws-ruby-spec-secrets-dsl-create</PhysicalResourceId>
                <ResourceStatus>CREATE_COMPLETE</ResourceStatus>
                <DriftInformation>
                  <StackResourceDriftStatus>NOT_CHECKED</StackResourceDriftStatus>
                </DriftInformation>
                <LogicalResourceId>S3Bucket</LogicalResourceId>
                <ResourceType>AWS::S3::Bucket</ResourceType>
              </member>
            </StackResourceSummaries>
          </ListStackResourcesResult>
          <ResponseMetadata>
            <RequestId>7cd698d1-8bc0-4e68-91c4-2c986e42c35f</RequestId>
          </ResponseMetadata>
        </ListStackResourcesResponse>
  recorded_at: Fri, 10 Jun 2022 19:56:13 GMT
- request:
    method: post
    uri: https://ssm.us-east-2.amazonaws.com/
    body:
      encoding: UTF-8
      string: '{"Path":"/openstax-aws-ruby-secrets/secrets-dsl-spec/main","Recursive":true,"WithDecryption":true}'
    headers:
      Accept-Encoding:
      - ''
      User-Agent:
      - aws-sdk-ruby3/3.127.0 ruby/2.7.2 x86_64-darwin20 aws-sdk-ssm/1.126.0
      Content-Type:
      - application/x-amz-json-1.1
      X-Amz-Target:
      - AmazonSSM.GetParametersByPath
      Host:
      - ssm.us-east-2.amazonaws.com
      X-Amz-Date:
      - 20220610T195613Z
      X-Amz-Security-Token:
      - AWS_SESSION_TOKEN
      X-Amz-Content-Sha256:
      - ee4cace661067379e2c2bb2ed8207728408333532e4ed94d0165acb17ff0e2c9
      Authorization:
      - AWS4-HMAC-SHA256 Credential=AWS_ACCESS_KEY_ID/20220610/us-east-2/ssm/aws4_request,
        SignedHeaders=content-type;host;x-amz-content-sha256;x-amz-date;x-amz-security-token;x-amz-target,
        Signature=<SignatureValue>
      Content-Length:
      - '98'
      Accept:
      - "*/*"
  response:
    status:
      code: 200
      message: OK
    headers:
      Server:
      - Server
      Date:
      - Fri, 10 Jun 2022 19:56:13 GMT
      Content-Type:
      - application/x-amz-json-1.1
      Content-Length:
      - '1535'
      Connection:
      - keep-alive
      X-Amzn-Requestid:
      - e5ba05b9-1e74-4454-b0ac-d776c3572db9
    body:
      encoding: UTF-8
      string: '{"Parameters":[{"ARN":"arn:aws:ssm:us-east-2:373045849756:parameter/openstax-aws-ruby-secrets/secrets-dsl-spec/main/content_key","DataType":"text","LastModifiedDate":1.65489093765E9,"Name":"/openstax-aws-ruby-secrets/secrets-dsl-spec/main/content_key","Type":"SecureString","Value":"something-deployment-specific","Version":1},{"ARN":"arn:aws:ssm:us-east-2:373045849756:parameter/openstax-aws-ruby-secrets/secrets-dsl-spec/main/for_shared_substitution","DataType":"text","LastModifiedDate":1.65489093874E9,"Name":"/openstax-aws-ruby-secrets/secrets-dsl-spec/main/for_shared_substitution","Type":"SecureString","Value":"howdy
        y''all","Version":1},{"ARN":"arn:aws:ssm:us-east-2:373045849756:parameter/openstax-aws-ruby-secrets/secrets-dsl-spec/main/interpolated","DataType":"text","LastModifiedDate":1.654890938375E9,"Name":"/openstax-aws-ruby-secrets/secrets-dsl-spec/main/interpolated","Type":"SecureString","Value":"https://something-deployment-specific","Version":1},{"ARN":"arn:aws:ssm:us-east-2:373045849756:parameter/openstax-aws-ruby-secrets/secrets-dsl-spec/main/more_secrets","DataType":"text","LastModifiedDate":1.65489093911E9,"Name":"/openstax-aws-ruby-secrets/secrets-dsl-spec/main/more_secrets","Type":"SecureString","Value":"foo","Version":1},{"ARN":"arn:aws:ssm:us-east-2:373045849756:parameter/openstax-aws-ruby-secrets/secrets-dsl-spec/main/random","DataType":"text","LastModifiedDate":1.654890938012E9,"Name":"/openstax-aws-ruby-secrets/secrets-dsl-spec/main/random","Type":"SecureString","Value":"0e6f","Version":1}]}'
  recorded_at: Fri, 10 Jun 2022 19:56:13 GMT
- request:
    method: post
    uri: https://ssm.us-east-2.amazonaws.com/
    body:
      encoding: UTF-8
      string: '{"Path":"/openstax-aws-ruby-secrets/secrets-dsl-spec/main","Recursive":true,"WithDecryption":true}'
    headers:
      Accept-Encoding:
      - ''
      User-Agent:
      - aws-sdk-ruby3/3.127.0 ruby/2.7.2 x86_64-darwin20 aws-sdk-ssm/1.126.0
      Content-Type:
      - application/x-amz-json-1.1
      X-Amz-Target:
      - AmazonSSM.GetParametersByPath
      Host:
      - ssm.us-east-2.amazonaws.com
      X-Amz-Date:
      - 20220610T195613Z
      X-Amz-Security-Token:
      - AWS_SESSION_TOKEN
      X-Amz-Content-Sha256:
      - ee4cace661067379e2c2bb2ed8207728408333532e4ed94d0165acb17ff0e2c9
      Authorization:
      - AWS4-HMAC-SHA256 Credential=AWS_ACCESS_KEY_ID/20220610/us-east-2/ssm/aws4_request,
        SignedHeaders=content-type;host;x-amz-content-sha256;x-amz-date;x-amz-security-token;x-amz-target,
        Signature=<SignatureValue>
      Content-Length:
      - '98'
      Accept:
      - "*/*"
  response:
    status:
      code: 200
      message: OK
    headers:
      Server:
      - Server
      Date:
      - Fri, 10 Jun 2022 19:56:13 GMT
      Content-Type:
      - application/x-amz-json-1.1
      Content-Length:
      - '1535'
      Connection:
      - keep-alive
      X-Amzn-Requestid:
      - afe4edc9-5523-461c-9d87-784ecb3bd643
    body:
      encoding: UTF-8
      string: '{"Parameters":[{"ARN":"arn:aws:ssm:us-east-2:373045849756:parameter/openstax-aws-ruby-secrets/secrets-dsl-spec/main/content_key","DataType":"text","LastModifiedDate":1.65489093765E9,"Name":"/openstax-aws-ruby-secrets/secrets-dsl-spec/main/content_key","Type":"SecureString","Value":"something-deployment-specific","Version":1},{"ARN":"arn:aws:ssm:us-east-2:373045849756:parameter/openstax-aws-ruby-secrets/secrets-dsl-spec/main/for_shared_substitution","DataType":"text","LastModifiedDate":1.65489093874E9,"Name":"/openstax-aws-ruby-secrets/secrets-dsl-spec/main/for_shared_substitution","Type":"SecureString","Value":"howdy
        y''all","Version":1},{"ARN":"arn:aws:ssm:us-east-2:373045849756:parameter/openstax-aws-ruby-secrets/secrets-dsl-spec/main/interpolated","DataType":"text","LastModifiedDate":1.654890938375E9,"Name":"/openstax-aws-ruby-secrets/secrets-dsl-spec/main/interpolated","Type":"SecureString","Value":"https://something-deployment-specific","Version":1},{"ARN":"arn:aws:ssm:us-east-2:373045849756:parameter/openstax-aws-ruby-secrets/secrets-dsl-spec/main/more_secrets","DataType":"text","LastModifiedDate":1.65489093911E9,"Name":"/openstax-aws-ruby-secrets/secrets-dsl-spec/main/more_secrets","Type":"SecureString","Value":"foo","Version":1},{"ARN":"arn:aws:ssm:us-east-2:373045849756:parameter/openstax-aws-ruby-secrets/secrets-dsl-spec/main/random","DataType":"text","LastModifiedDate":1.654890938012E9,"Name":"/openstax-aws-ruby-secrets/secrets-dsl-spec/main/random","Type":"SecureString","Value":"0e6f","Version":1}]}'
  recorded_at: Fri, 10 Jun 2022 19:56:13 GMT
- request:
    method: post
    uri: https://ssm.us-east-2.amazonaws.com/
    body:
      encoding: UTF-8
      string: '{"Names":["/openstax-aws-ruby-secrets/secrets-dsl-spec/main/content_key","/openstax-aws-ruby-secrets/secrets-dsl-spec/main/for_shared_substitution","/openstax-aws-ruby-secrets/secrets-dsl-spec/main/interpolated","/openstax-aws-ruby-secrets/secrets-dsl-spec/main/more_secrets","/openstax-aws-ruby-secrets/secrets-dsl-spec/main/random"]}'
    headers:
      Accept-Encoding:
      - ''
      User-Agent:
      - aws-sdk-ruby3/3.127.0 ruby/2.7.2 x86_64-darwin20 aws-sdk-ssm/1.126.0
      Content-Type:
      - application/x-amz-json-1.1
      X-Amz-Target:
      - AmazonSSM.DeleteParameters
      Host:
      - ssm.us-east-2.amazonaws.com
      X-Amz-Date:
      - 20220610T195613Z
      X-Amz-Security-Token:
      - AWS_SESSION_TOKEN
      X-Amz-Content-Sha256:
      - 9eae29c9a9c93edd7d56bcefe36da0f52736679f0b9c2a53c303ff22e0e49d30
      Authorization:
      - AWS4-HMAC-SHA256 Credential=AWS_ACCESS_KEY_ID/20220610/us-east-2/ssm/aws4_request,
        SignedHeaders=content-type;host;x-amz-content-sha256;x-amz-date;x-amz-security-token;x-amz-target,
        Signature=<SignatureValue>
      Content-Length:
      - '335'
      Accept:
      - "*/*"
  response:
    status:
      code: 200
      message: OK
    headers:
      Server:
      - Server
      Date:
      - Fri, 10 Jun 2022 19:56:14 GMT
      Content-Type:
      - application/x-amz-json-1.1
      Content-Length:
      - '370'
      Connection:
      - keep-alive
      X-Amzn-Requestid:
      - 5095a32e-a4fa-4681-9774-c2d7980ad1a7
    body:
      encoding: UTF-8
      string: '{"DeletedParameters":["/openstax-aws-ruby-secrets/secrets-dsl-spec/main/content_key","/openstax-aws-ruby-secrets/secrets-dsl-spec/main/for_shared_substitution","/openstax-aws-ruby-secrets/secrets-dsl-spec/main/interpolated","/openstax-aws-ruby-secrets/secrets-dsl-spec/main/more_secrets","/openstax-aws-ruby-secrets/secrets-dsl-spec/main/random"],"InvalidParameters":[]}'
  recorded_at: Fri, 10 Jun 2022 19:56:14 GMT
- request:
    method: post
    uri: https://ssm.us-east-2.amazonaws.com/
    body:
      encoding: UTF-8
      string: '{"Path":"/openstax-aws-ruby-secrets/secrets-dsl-spec/main","Recursive":true,"WithDecryption":true}'
    headers:
      Accept-Encoding:
      - ''
      User-Agent:
      - aws-sdk-ruby3/3.127.0 ruby/2.7.2 x86_64-darwin20 aws-sdk-ssm/1.126.0
      Content-Type:
      - application/x-amz-json-1.1
      X-Amz-Target:
      - AmazonSSM.GetParametersByPath
      Host:
      - ssm.us-east-2.amazonaws.com
      X-Amz-Date:
      - 20220610T195614Z
      X-Amz-Security-Token:
      - AWS_SESSION_TOKEN
      X-Amz-Content-Sha256:
      - ee4cace661067379e2c2bb2ed8207728408333532e4ed94d0165acb17ff0e2c9
      Authorization:
      - AWS4-HMAC-SHA256 Credential=AWS_ACCESS_KEY_ID/20220610/us-east-2/ssm/aws4_request,
        SignedHeaders=content-type;host;x-amz-content-sha256;x-amz-date;x-amz-security-token;x-amz-target,
        Signature=<SignatureValue>
      Content-Length:
      - '98'
      Accept:
      - "*/*"
  response:
    status:
      code: 200
      message: OK
    headers:
      Server:
      - Server
      Date:
      - Fri, 10 Jun 2022 19:56:14 GMT
      Content-Type:
      - application/x-amz-json-1.1
      Content-Length:
      - '1535'
      Connection:
      - keep-alive
      X-Amzn-Requestid:
      - 01a79660-56cf-44fb-af73-655afb6c50b0
    body:
      encoding: UTF-8
      string: '{"Parameters":[{"ARN":"arn:aws:ssm:us-east-2:373045849756:parameter/openstax-aws-ruby-secrets/secrets-dsl-spec/main/content_key","DataType":"text","LastModifiedDate":1.65489093765E9,"Name":"/openstax-aws-ruby-secrets/secrets-dsl-spec/main/content_key","Type":"SecureString","Value":"something-deployment-specific","Version":1},{"ARN":"arn:aws:ssm:us-east-2:373045849756:parameter/openstax-aws-ruby-secrets/secrets-dsl-spec/main/for_shared_substitution","DataType":"text","LastModifiedDate":1.65489093874E9,"Name":"/openstax-aws-ruby-secrets/secrets-dsl-spec/main/for_shared_substitution","Type":"SecureString","Value":"howdy
        y''all","Version":1},{"ARN":"arn:aws:ssm:us-east-2:373045849756:parameter/openstax-aws-ruby-secrets/secrets-dsl-spec/main/interpolated","DataType":"text","LastModifiedDate":1.654890938375E9,"Name":"/openstax-aws-ruby-secrets/secrets-dsl-spec/main/interpolated","Type":"SecureString","Value":"https://something-deployment-specific","Version":1},{"ARN":"arn:aws:ssm:us-east-2:373045849756:parameter/openstax-aws-ruby-secrets/secrets-dsl-spec/main/more_secrets","DataType":"text","LastModifiedDate":1.65489093911E9,"Name":"/openstax-aws-ruby-secrets/secrets-dsl-spec/main/more_secrets","Type":"SecureString","Value":"foo","Version":1},{"ARN":"arn:aws:ssm:us-east-2:373045849756:parameter/openstax-aws-ruby-secrets/secrets-dsl-spec/main/random","DataType":"text","LastModifiedDate":1.654890938012E9,"Name":"/openstax-aws-ruby-secrets/secrets-dsl-spec/main/random","Type":"SecureString","Value":"0e6f","Version":1}]}'
  recorded_at: Fri, 10 Jun 2022 19:56:14 GMT
- request:
    method: post
    uri: https://ssm.us-east-2.amazonaws.com/
    body:
      encoding: UTF-8
      string: '{"Names":["/openstax-aws-ruby-secrets/secrets-dsl-spec/main/content_key","/openstax-aws-ruby-secrets/secrets-dsl-spec/main/for_shared_substitution","/openstax-aws-ruby-secrets/secrets-dsl-spec/main/interpolated","/openstax-aws-ruby-secrets/secrets-dsl-spec/main/more_secrets","/openstax-aws-ruby-secrets/secrets-dsl-spec/main/random"]}'
    headers:
      Accept-Encoding:
      - ''
      User-Agent:
      - aws-sdk-ruby3/3.127.0 ruby/2.7.2 x86_64-darwin20 aws-sdk-ssm/1.126.0
      Content-Type:
      - application/x-amz-json-1.1
      X-Amz-Target:
      - AmazonSSM.DeleteParameters
      Host:
      - ssm.us-east-2.amazonaws.com
      X-Amz-Date:
      - 20220610T195614Z
      X-Amz-Security-Token:
      - AWS_SESSION_TOKEN
      X-Amz-Content-Sha256:
      - 9eae29c9a9c93edd7d56bcefe36da0f52736679f0b9c2a53c303ff22e0e49d30
      Authorization:
      - AWS4-HMAC-SHA256 Credential=AWS_ACCESS_KEY_ID/20220610/us-east-2/ssm/aws4_request,
        SignedHeaders=content-type;host;x-amz-content-sha256;x-amz-date;x-amz-security-token;x-amz-target,
        Signature=<SignatureValue>
      Content-Length:
      - '335'
      Accept:
      - "*/*"
  response:
    status:
      code: 200
      message: OK
    headers:
      Server:
      - Server
      Date:
      - Fri, 10 Jun 2022 19:56:14 GMT
      Content-Type:
      - application/x-amz-json-1.1
      Content-Length:
      - '370'
      Connection:
      - keep-alive
      X-Amzn-Requestid:
      - 6b364824-790d-4ebb-88d9-b4ef6a958c51
    body:
      encoding: UTF-8
      string: '{"DeletedParameters":[],"InvalidParameters":["/openstax-aws-ruby-secrets/secrets-dsl-spec/main/content_key","/openstax-aws-ruby-secrets/secrets-dsl-spec/main/for_shared_substitution","/openstax-aws-ruby-secrets/secrets-dsl-spec/main/interpolated","/openstax-aws-ruby-secrets/secrets-dsl-spec/main/more_secrets","/openstax-aws-ruby-secrets/secrets-dsl-spec/main/random"]}'
  recorded_at: Fri, 10 Jun 2022 19:56:14 GMT
- request:
    method: post
    uri: https://cloudformation.us-east-2.amazonaws.com/
    body:
      encoding: UTF-8
      string: Action=DescribeStacks&StackName=openstax-aws-ruby-secrets-secrets-dsl-spec-main&Version=2010-05-15
    headers:
      Accept-Encoding:
      - ''
      User-Agent:
      - aws-sdk-ruby3/3.127.0 ruby/2.7.2 x86_64-darwin20 aws-sdk-cloudformation/1.63.0
      Content-Type:
      - application/x-www-form-urlencoded; charset=utf-8
      Host:
      - cloudformation.us-east-2.amazonaws.com
      X-Amz-Date:
      - 20220610T195614Z
      X-Amz-Security-Token:
      - AWS_SESSION_TOKEN
      X-Amz-Content-Sha256:
      - bba9ab149be09911f60e83e18c4e577ef4401099a40abc92d767daf01234db21
      Authorization:
      - AWS4-HMAC-SHA256 Credential=AWS_ACCESS_KEY_ID/20220610/us-east-2/cloudformation/aws4_request,
        SignedHeaders=content-type;host;x-amz-content-sha256;x-amz-date;x-amz-security-token,
        Signature=<SignatureValue>
      Content-Length:
      - '98'
      Accept:
      - "*/*"
  response:
    status:
      code: 200
      message: OK
    headers:
      X-Amzn-Requestid:
      - 140e12bd-dba7-4c1b-8f79-88e6416551d5
      Content-Type:
      - text/xml
      Content-Length:
      - '1863'
      Date:
      - Fri, 10 Jun 2022 19:56:14 GMT
    body:
      encoding: UTF-8
      string: |
        <DescribeStacksResponse xmlns="http://cloudformation.amazonaws.com/doc/2010-05-15/">
          <DescribeStacksResult>
            <Stacks>
              <member>
                <Outputs>
                  <member>
                    <OutputKey>BucketArn</OutputKey>
                    <OutputValue>arn:aws:s3:::aws-ruby-spec-secrets-dsl-create</OutputValue>
                    <ExportName>openstax-aws-ruby-secrets-secrets-dsl-spec-main-BucketArn</ExportName>
                  </member>
                </Outputs>
                <CreationTime>2022-06-10T19:55:40.822Z</CreationTime>
                <NotificationARNs/>
                <StackId>arn:aws:cloudformation:us-east-2:373045849756:stack/openstax-aws-ruby-secrets-secrets-dsl-spec-main/4de915d0-e8f7-11ec-84e6-064071e38790</StackId>
                <StackName>openstax-aws-ruby-secrets-secrets-dsl-spec-main</StackName>
                <Description>Secrets DSL spec
        </Description>
                <StackStatus>CREATE_COMPLETE</StackStatus>
                <DisableRollback>false</DisableRollback>
                <Tags/>
                <RollbackConfiguration/>
                <DriftInformation>
                  <StackDriftStatus>NOT_CHECKED</StackDriftStatus>
                </DriftInformation>
                <EnableTerminationProtection>false</EnableTerminationProtection>
                <Parameters>
                  <member>
                    <ParameterKey>BucketName</ParameterKey>
                    <ParameterValue>aws-ruby-spec-secrets-dsl-create</ParameterValue>
                  </member>
                  <member>
                    <ParameterKey>CycleIfDifferent</ParameterKey>
                    <ParameterValue/>
                  </member>
                  <member>
                    <ParameterKey>SomeSha</ParameterKey>
                    <ParameterValue>1b2ebfd91dd9fb34d58c834cbb70a21c6479ba8e</ParameterValue>
                  </member>
                </Parameters>
              </member>
            </Stacks>
          </DescribeStacksResult>
          <ResponseMetadata>
            <RequestId>140e12bd-dba7-4c1b-8f79-88e6416551d5</RequestId>
          </ResponseMetadata>
        </DescribeStacksResponse>
  recorded_at: Fri, 10 Jun 2022 19:56:14 GMT
- request:
    method: post
    uri: https://cloudformation.us-east-2.amazonaws.com/
    body:
      encoding: UTF-8
      string: Action=DeleteStack&RetainResources=&StackName=openstax-aws-ruby-secrets-secrets-dsl-spec-main&Version=2010-05-15
    headers:
      Accept-Encoding:
      - ''
      User-Agent:
      - aws-sdk-ruby3/3.127.0 ruby/2.7.2 x86_64-darwin20 aws-sdk-cloudformation/1.63.0
      Content-Type:
      - application/x-www-form-urlencoded; charset=utf-8
      Host:
      - cloudformation.us-east-2.amazonaws.com
      X-Amz-Date:
      - 20220610T195614Z
      X-Amz-Security-Token:
      - AWS_SESSION_TOKEN
      X-Amz-Content-Sha256:
      - ffb588705ebeb9477a5400655f1d57c95c3652f3520971b85071bd77c166380b
      Authorization:
      - AWS4-HMAC-SHA256 Credential=AWS_ACCESS_KEY_ID/20220610/us-east-2/cloudformation/aws4_request,
        SignedHeaders=content-type;host;x-amz-content-sha256;x-amz-date;x-amz-security-token,
        Signature=<SignatureValue>
      Content-Length:
      - '112'
      Accept:
      - "*/*"
  response:
    status:
      code: 200
      message: OK
    headers:
      X-Amzn-Requestid:
      - c018acd3-503d-4937-90ef-896a5ef5fccf
      Content-Type:
      - text/xml
      Content-Length:
      - '212'
      Date:
      - Fri, 10 Jun 2022 19:56:14 GMT
    body:
      encoding: UTF-8
      string: |
        <DeleteStackResponse xmlns="http://cloudformation.amazonaws.com/doc/2010-05-15/">
          <ResponseMetadata>
            <RequestId>c018acd3-503d-4937-90ef-896a5ef5fccf</RequestId>
          </ResponseMetadata>
        </DeleteStackResponse>
  recorded_at: Fri, 10 Jun 2022 19:56:15 GMT
- request:
    method: post
    uri: https://cloudformation.us-east-2.amazonaws.com/
    body:
      encoding: UTF-8
      string: Action=DescribeStacks&StackName=openstax-aws-ruby-secrets-secrets-dsl-spec-main&Version=2010-05-15
    headers:
      Accept-Encoding:
      - ''
      User-Agent:
      - aws-sdk-ruby3/3.127.0 ruby/2.7.2 x86_64-darwin20 aws-sdk-cloudformation/1.63.0
      Content-Type:
      - application/x-www-form-urlencoded; charset=utf-8
      Host:
      - cloudformation.us-east-2.amazonaws.com
      X-Amz-Date:
      - 20220610T195615Z
      X-Amz-Security-Token:
      - AWS_SESSION_TOKEN
      X-Amz-Content-Sha256:
      - bba9ab149be09911f60e83e18c4e577ef4401099a40abc92d767daf01234db21
      Authorization:
      - AWS4-HMAC-SHA256 Credential=AWS_ACCESS_KEY_ID/20220610/us-east-2/cloudformation/aws4_request,
        SignedHeaders=content-type;host;x-amz-content-sha256;x-amz-date;x-amz-security-token,
        Signature=<SignatureValue>
      Content-Length:
      - '98'
      Accept:
      - "*/*"
  response:
    status:
      code: 200
      message: OK
    headers:
      X-Amzn-Requestid:
      - b8a37f7c-6704-4b25-ba2a-f8d4a5a3da59
      Content-Type:
      - text/xml
      Content-Length:
      - '1990'
      Date:
      - Fri, 10 Jun 2022 19:56:15 GMT
    body:
      encoding: UTF-8
      string: |
        <DescribeStacksResponse xmlns="http://cloudformation.amazonaws.com/doc/2010-05-15/">
          <DescribeStacksResult>
            <Stacks>
              <member>
                <Outputs>
                  <member>
                    <OutputKey>BucketArn</OutputKey>
                    <OutputValue>arn:aws:s3:::aws-ruby-spec-secrets-dsl-create</OutputValue>
                    <ExportName>openstax-aws-ruby-secrets-secrets-dsl-spec-main-BucketArn</ExportName>
                  </member>
                </Outputs>
                <CreationTime>2022-06-10T19:55:40.822Z</CreationTime>
                <NotificationARNs/>
                <StackId>arn:aws:cloudformation:us-east-2:373045849756:stack/openstax-aws-ruby-secrets-secrets-dsl-spec-main/4de915d0-e8f7-11ec-84e6-064071e38790</StackId>
                <StackName>openstax-aws-ruby-secrets-secrets-dsl-spec-main</StackName>
                <Description>Secrets DSL spec
        </Description>
                <StackStatus>DELETE_IN_PROGRESS</StackStatus>
                <DeletionTime>2022-06-10T19:56:14.990Z</DeletionTime>
                <DisableRollback>false</DisableRollback>
                <Tags/>
                <RollbackConfiguration/>
                <DriftInformation>
                  <StackDriftStatus>NOT_CHECKED</StackDriftStatus>
                </DriftInformation>
                <EnableTerminationProtection>false</EnableTerminationProtection>
                <StackStatusReason>User Initiated</StackStatusReason>
                <Parameters>
                  <member>
                    <ParameterKey>BucketName</ParameterKey>
                    <ParameterValue>aws-ruby-spec-secrets-dsl-create</ParameterValue>
                  </member>
                  <member>
                    <ParameterKey>CycleIfDifferent</ParameterKey>
                    <ParameterValue/>
                  </member>
                  <member>
                    <ParameterKey>SomeSha</ParameterKey>
                    <ParameterValue>1b2ebfd91dd9fb34d58c834cbb70a21c6479ba8e</ParameterValue>
                  </member>
                </Parameters>
              </member>
            </Stacks>
          </DescribeStacksResult>
          <ResponseMetadata>
            <RequestId>b8a37f7c-6704-4b25-ba2a-f8d4a5a3da59</RequestId>
          </ResponseMetadata>
        </DescribeStacksResponse>
  recorded_at: Fri, 10 Jun 2022 19:56:15 GMT
- request:
    method: post
    uri: https://cloudformation.us-east-2.amazonaws.com/
    body:
      encoding: UTF-8
      string: Action=DescribeStacks&StackName=openstax-aws-ruby-secrets-secrets-dsl-spec-main&Version=2010-05-15
    headers:
      Accept-Encoding:
      - ''
      User-Agent:
      - aws-sdk-ruby3/3.127.0 ruby/2.7.2 x86_64-darwin20 aws-sdk-cloudformation/1.63.0
      Content-Type:
      - application/x-www-form-urlencoded; charset=utf-8
      Host:
      - cloudformation.us-east-2.amazonaws.com
      X-Amz-Date:
      - 20220610T195615Z
      X-Amz-Security-Token:
      - AWS_SESSION_TOKEN
      X-Amz-Content-Sha256:
      - bba9ab149be09911f60e83e18c4e577ef4401099a40abc92d767daf01234db21
      Authorization:
      - AWS4-HMAC-SHA256 Credential=AWS_ACCESS_KEY_ID/20220610/us-east-2/cloudformation/aws4_request,
        SignedHeaders=content-type;host;x-amz-content-sha256;x-amz-date;x-amz-security-token,
        Signature=<SignatureValue>
      Content-Length:
      - '98'
      Accept:
      - "*/*"
  response:
    status:
      code: 200
      message: OK
    headers:
      X-Amzn-Requestid:
      - 0d276914-566a-4c03-85b5-5ae0e8ef9c71
      Content-Type:
      - text/xml
      Content-Length:
      - '1928'
      Date:
      - Fri, 10 Jun 2022 19:56:15 GMT
    body:
      encoding: UTF-8
      string: |
        <DescribeStacksResponse xmlns="http://cloudformation.amazonaws.com/doc/2010-05-15/">
          <DescribeStacksResult>
            <Stacks>
              <member>
                <Outputs>
                  <member>
                    <OutputKey>BucketArn</OutputKey>
                    <OutputValue>arn:aws:s3:::aws-ruby-spec-secrets-dsl-create</OutputValue>
                    <ExportName>openstax-aws-ruby-secrets-secrets-dsl-spec-main-BucketArn</ExportName>
                  </member>
                </Outputs>
                <CreationTime>2022-06-10T19:55:40.822Z</CreationTime>
                <NotificationARNs/>
                <StackId>arn:aws:cloudformation:us-east-2:373045849756:stack/openstax-aws-ruby-secrets-secrets-dsl-spec-main/4de915d0-e8f7-11ec-84e6-064071e38790</StackId>
                <StackName>openstax-aws-ruby-secrets-secrets-dsl-spec-main</StackName>
                <Description>Secrets DSL spec
        </Description>
                <StackStatus>DELETE_IN_PROGRESS</StackStatus>
                <DeletionTime>2022-06-10T19:56:14.990Z</DeletionTime>
                <DisableRollback>false</DisableRollback>
                <Tags/>
                <RollbackConfiguration/>
                <DriftInformation>
                  <StackDriftStatus>NOT_CHECKED</StackDriftStatus>
                </DriftInformation>
                <EnableTerminationProtection>false</EnableTerminationProtection>
                <Parameters>
                  <member>
                    <ParameterKey>BucketName</ParameterKey>
                    <ParameterValue>aws-ruby-spec-secrets-dsl-create</ParameterValue>
                  </member>
                  <member>
                    <ParameterKey>CycleIfDifferent</ParameterKey>
                    <ParameterValue/>
                  </member>
                  <member>
                    <ParameterKey>SomeSha</ParameterKey>
                    <ParameterValue>1b2ebfd91dd9fb34d58c834cbb70a21c6479ba8e</ParameterValue>
                  </member>
                </Parameters>
              </member>
            </Stacks>
          </DescribeStacksResult>
          <ResponseMetadata>
            <RequestId>0d276914-566a-4c03-85b5-5ae0e8ef9c71</RequestId>
          </ResponseMetadata>
        </DescribeStacksResponse>
  recorded_at: Fri, 10 Jun 2022 19:56:15 GMT
- request:
    method: post
    uri: https://cloudformation.us-east-2.amazonaws.com/
    body:
      encoding: UTF-8
      string: Action=DescribeStacks&StackName=openstax-aws-ruby-secrets-secrets-dsl-spec-main&Version=2010-05-15
    headers:
      Accept-Encoding:
      - ''
      User-Agent:
      - aws-sdk-ruby3/3.127.0 ruby/2.7.2 x86_64-darwin20 aws-sdk-cloudformation/1.63.0
      Content-Type:
      - application/x-www-form-urlencoded; charset=utf-8
      Host:
      - cloudformation.us-east-2.amazonaws.com
      X-Amz-Date:
      - 20220610T195620Z
      X-Amz-Security-Token:
      - AWS_SESSION_TOKEN
      X-Amz-Content-Sha256:
      - bba9ab149be09911f60e83e18c4e577ef4401099a40abc92d767daf01234db21
      Authorization:
      - AWS4-HMAC-SHA256 Credential=AWS_ACCESS_KEY_ID/20220610/us-east-2/cloudformation/aws4_request,
        SignedHeaders=content-type;host;x-amz-content-sha256;x-amz-date;x-amz-security-token,
        Signature=<SignatureValue>
      Content-Length:
      - '98'
      Accept:
      - "*/*"
  response:
    status:
      code: 400
      message: Bad Request
    headers:
      X-Amzn-Requestid:
      - 3cc489be-972a-4261-b9be-4cf67352714c
      Content-Type:
      - text/xml
      Content-Length:
      - '333'
      Date:
      - Fri, 10 Jun 2022 19:56:20 GMT
      Connection:
      - close
    body:
      encoding: UTF-8
      string: |
        <ErrorResponse xmlns="http://cloudformation.amazonaws.com/doc/2010-05-15/">
          <Error>
            <Type>Sender</Type>
            <Code>ValidationError</Code>
            <Message>Stack with id openstax-aws-ruby-secrets-secrets-dsl-spec-main does not exist</Message>
          </Error>
          <RequestId>3cc489be-972a-4261-b9be-4cf67352714c</RequestId>
        </ErrorResponse>
  recorded_at: Fri, 10 Jun 2022 19:56:20 GMT
- request:
    method: post
    uri: https://ssm.us-east-2.amazonaws.com/
    body:
      encoding: UTF-8
      string: '{"Path":"/openstax-aws-ruby-secrets/secrets-dsl-spec/main","Recursive":true,"WithDecryption":true}'
    headers:
      Accept-Encoding:
      - ''
      User-Agent:
      - aws-sdk-ruby3/3.127.0 ruby/2.7.2 x86_64-darwin20 aws-sdk-ssm/1.126.0
      Content-Type:
      - application/x-amz-json-1.1
      X-Amz-Target:
      - AmazonSSM.GetParametersByPath
      Host:
      - ssm.us-east-2.amazonaws.com
      X-Amz-Date:
      - 20220610T195620Z
      X-Amz-Security-Token:
      - AWS_SESSION_TOKEN
      X-Amz-Content-Sha256:
      - ee4cace661067379e2c2bb2ed8207728408333532e4ed94d0165acb17ff0e2c9
      Authorization:
      - AWS4-HMAC-SHA256 Credential=AWS_ACCESS_KEY_ID/20220610/us-east-2/ssm/aws4_request,
        SignedHeaders=content-type;host;x-amz-content-sha256;x-amz-date;x-amz-security-token;x-amz-target,
        Signature=<SignatureValue>
      Content-Length:
      - '98'
      Accept:
      - "*/*"
  response:
    status:
      code: 200
      message: OK
    headers:
      Server:
      - Server
      Date:
      - Fri, 10 Jun 2022 19:56:20 GMT
      Content-Type:
      - application/x-amz-json-1.1
      Content-Length:
      - '17'
      Connection:
      - keep-alive
      X-Amzn-Requestid:
      - 7ef6f769-b37c-41e3-b794-696b1ce04fb3
    body:
      encoding: UTF-8
      string: '{"Parameters":[]}'
  recorded_at: Fri, 10 Jun 2022 19:56:20 GMT
recorded_with: VCR 6.0.0
