---
http_interactions:
- request:
    method: get
    uri: https://raw.githubusercontent.com/openstax/aws-ruby/1b2ebfd91dd9fb34d58c834cbb70a21c6479ba8e/spec/support/secrets_dsl/secrets.yml
    body:
      encoding: US-ASCII
      string: ''
    headers:
      Accept-Encoding:
      - gzip;q=1.0,deflate;q=0.6,identity;q=0.3
      Accept:
      - "*/*"
      User-Agent:
      - Ruby
  response:
    status:
      code: 200
      message: OK
    headers:
      Connection:
      - keep-alive
      Content-Length:
      - '129'
      Content-Security-Policy:
      - default-src 'none'; style-src 'unsafe-inline'; sandbox
      Strict-Transport-Security:
      - max-age=31536000
      X-Content-Type-Options:
      - nosniff
      X-Frame-Options:
      - deny
      X-Xss-Protection:
      - 1; mode=block
      Etag:
      - W/"c389fab04d22358a1912ffe1fb36ebd06b07b4ec3967278c81fbf4e3b0bd8e5c"
      Content-Type:
      - text/plain; charset=utf-8
      Cache-Control:
      - max-age=300
      X-Geo-Block-List:
      - ''
      X-Github-Request-Id:
      - E9EE:9743:2ABE1:30AC8:5DC5C1C2
      Accept-Ranges:
      - bytes
      Date:
      - Fri, 08 Nov 2019 19:28:04 GMT
      Via:
      - 1.1 varnish
      X-Served-By:
      - cache-lax8624-LAX
      X-Cache:
      - MISS
      X-Cache-Hits:
      - '0'
      X-Timer:
      - S1573241284.125508,VS0,VE205
      Vary:
      - Authorization,Accept-Encoding
      Access-Control-Allow-Origin:
      - "*"
      X-Fastly-Request-Id:
      - 3c19f0a8f93ec6071958fdd796ecee8ad5aa570f
      Expires:
      - Fri, 08 Nov 2019 19:33:04 GMT
      Source-Age:
      - '0'
    body:
      encoding: ASCII-8BIT
      string: |
        production:
          random: random(hex,4)
          interpolated: "https://{{ domain }}"
          for_shared_substitution: "howdy {{ shared_value }}"
    http_version: 
  recorded_at: Fri, 08 Nov 2019 19:28:04 GMT
- request:
    method: post
    uri: https://ssm.us-east-2.amazonaws.com/
    body:
      encoding: UTF-8
      string: '{"Name":"/openstax-aws-ruby-secrets/secrets-dsl-spec/main/content_key","Type":"String","Value":"something-deployment-specific","Overwrite":true}'
    headers:
      Content-Type:
      - application/x-amz-json-1.1
      Accept-Encoding:
      - ''
      User-Agent:
      - aws-sdk-ruby3/3.52.0 ruby/2.5.0 x86_64-darwin17 aws-sdk-ssm/1.45.0
      X-Amz-Target:
      - AmazonSSM.PutParameter
      Host:
      - ssm.us-east-2.amazonaws.com
      X-Amz-Date:
      - 20191108T192804Z
      X-Amz-Content-Sha256:
      - 47b11b12abf0d8dbb242518083482c379f7cbc802ed34b0594480da3a6387264
      Authorization:
      - AWS4-HMAC-SHA256 Credential=AWS_ACCESS_KEY_ID/20191108/us-east-2/ssm/aws4_request,
        SignedHeaders=content-type;host;x-amz-content-sha256;x-amz-date;x-amz-target,
        Signature=<SignatureValue>
      Content-Length:
      - '144'
      Accept:
      - "*/*"
  response:
    status:
      code: 200
      message: OK
    headers:
      X-Amzn-Requestid:
      - 52ffe468-b4fe-470d-9b66-d91f23bde6ac
      Content-Type:
      - application/x-amz-json-1.1
      Content-Length:
      - '31'
      Date:
      - Fri, 08 Nov 2019 19:28:04 GMT
    body:
      encoding: UTF-8
      string: '{"Tier":"Standard","Version":1}'
    http_version: 
  recorded_at: Fri, 08 Nov 2019 19:28:04 GMT
- request:
    method: post
    uri: https://ssm.us-east-2.amazonaws.com/
    body:
      encoding: UTF-8
      string: '{"Name":"/openstax-aws-ruby-secrets/secrets-dsl-spec/main/random","Type":"String","Value":"dbaf","Description":"Generated
        with random(hex,4)","Overwrite":true}'
    headers:
      Content-Type:
      - application/x-amz-json-1.1
      Accept-Encoding:
      - ''
      User-Agent:
      - aws-sdk-ruby3/3.52.0 ruby/2.5.0 x86_64-darwin17 aws-sdk-ssm/1.45.0
      X-Amz-Target:
      - AmazonSSM.PutParameter
      Host:
      - ssm.us-east-2.amazonaws.com
      X-Amz-Date:
      - 20191108T192804Z
      X-Amz-Content-Sha256:
      - 28df2f0deda493b5405066b69b6e5a48d7bc047e0bc1e0d65e6156b418f88d43
      Authorization:
      - AWS4-HMAC-SHA256 Credential=AWS_ACCESS_KEY_ID/20191108/us-east-2/ssm/aws4_request,
        SignedHeaders=content-type;host;x-amz-content-sha256;x-amz-date;x-amz-target,
        Signature=<SignatureValue>
      Content-Length:
      - '159'
      Accept:
      - "*/*"
  response:
    status:
      code: 200
      message: OK
    headers:
      X-Amzn-Requestid:
      - 81420107-b233-4937-a017-a2b7c0a8bfde
      Content-Type:
      - application/x-amz-json-1.1
      Content-Length:
      - '31'
      Date:
      - Fri, 08 Nov 2019 19:28:05 GMT
    body:
      encoding: UTF-8
      string: '{"Tier":"Standard","Version":1}'
    http_version: 
  recorded_at: Fri, 08 Nov 2019 19:28:05 GMT
- request:
    method: post
    uri: https://ssm.us-east-2.amazonaws.com/
    body:
      encoding: UTF-8
      string: '{"Name":"/openstax-aws-ruby-secrets/secrets-dsl-spec/main/interpolated","Type":"String","Value":"https://something-deployment-specific","Overwrite":true}'
    headers:
      Content-Type:
      - application/x-amz-json-1.1
      Accept-Encoding:
      - ''
      User-Agent:
      - aws-sdk-ruby3/3.52.0 ruby/2.5.0 x86_64-darwin17 aws-sdk-ssm/1.45.0
      X-Amz-Target:
      - AmazonSSM.PutParameter
      Host:
      - ssm.us-east-2.amazonaws.com
      X-Amz-Date:
      - 20191108T192805Z
      X-Amz-Content-Sha256:
      - 14d83b481d20fa39820ad18e42c3a12f747aa21af820954f4e94b6c2646d7cb1
      Authorization:
      - AWS4-HMAC-SHA256 Credential=AWS_ACCESS_KEY_ID/20191108/us-east-2/ssm/aws4_request,
        SignedHeaders=content-type;host;x-amz-content-sha256;x-amz-date;x-amz-target,
        Signature=<SignatureValue>
      Content-Length:
      - '153'
      Accept:
      - "*/*"
  response:
    status:
      code: 200
      message: OK
    headers:
      X-Amzn-Requestid:
      - a3112de2-5430-4443-ac9f-87143ed71b64
      Content-Type:
      - application/x-amz-json-1.1
      Content-Length:
      - '31'
      Date:
      - Fri, 08 Nov 2019 19:28:04 GMT
    body:
      encoding: UTF-8
      string: '{"Tier":"Standard","Version":1}'
    http_version: 
  recorded_at: Fri, 08 Nov 2019 19:28:05 GMT
- request:
    method: post
    uri: https://ssm.us-east-2.amazonaws.com/
    body:
      encoding: UTF-8
      string: '{"Name":"/openstax-aws-ruby-secrets/secrets-dsl-spec/main/for_shared_substitution","Type":"String","Value":"howdy
        y''all","Overwrite":true}'
    headers:
      Content-Type:
      - application/x-amz-json-1.1
      Accept-Encoding:
      - ''
      User-Agent:
      - aws-sdk-ruby3/3.52.0 ruby/2.5.0 x86_64-darwin17 aws-sdk-ssm/1.45.0
      X-Amz-Target:
      - AmazonSSM.PutParameter
      Host:
      - ssm.us-east-2.amazonaws.com
      X-Amz-Date:
      - 20191108T192805Z
      X-Amz-Content-Sha256:
      - 5b1c3b60a81704fd67444e637ef8fd76d2991ef56d9cd4240ec6723de92a6eed
      Authorization:
      - AWS4-HMAC-SHA256 Credential=AWS_ACCESS_KEY_ID/20191108/us-east-2/ssm/aws4_request,
        SignedHeaders=content-type;host;x-amz-content-sha256;x-amz-date;x-amz-target,
        Signature=<SignatureValue>
      Content-Length:
      - '138'
      Accept:
      - "*/*"
  response:
    status:
      code: 200
      message: OK
    headers:
      X-Amzn-Requestid:
      - 7522e7e4-b082-4382-8122-17b9c06d4cdf
      Content-Type:
      - application/x-amz-json-1.1
      Content-Length:
      - '31'
      Date:
      - Fri, 08 Nov 2019 19:28:05 GMT
    body:
      encoding: UTF-8
      string: '{"Tier":"Standard","Version":1}'
    http_version: 
  recorded_at: Fri, 08 Nov 2019 19:28:05 GMT
- request:
    method: post
    uri: https://ssm.us-east-2.amazonaws.com/
    body:
      encoding: UTF-8
      string: '{"Name":"/openstax-aws-ruby-secrets/secrets-dsl-spec/main/more_secrets","Type":"String","Value":"foo","Overwrite":true}'
    headers:
      Content-Type:
      - application/x-amz-json-1.1
      Accept-Encoding:
      - ''
      User-Agent:
      - aws-sdk-ruby3/3.52.0 ruby/2.5.0 x86_64-darwin17 aws-sdk-ssm/1.45.0
      X-Amz-Target:
      - AmazonSSM.PutParameter
      Host:
      - ssm.us-east-2.amazonaws.com
      X-Amz-Date:
      - 20191108T192805Z
      X-Amz-Content-Sha256:
      - 575af75277a5cbb2e34d8f625bee432033c0f66aba168f9c31ed1decd565a1a5
      Authorization:
      - AWS4-HMAC-SHA256 Credential=AWS_ACCESS_KEY_ID/20191108/us-east-2/ssm/aws4_request,
        SignedHeaders=content-type;host;x-amz-content-sha256;x-amz-date;x-amz-target,
        Signature=<SignatureValue>
      Content-Length:
      - '119'
      Accept:
      - "*/*"
  response:
    status:
      code: 200
      message: OK
    headers:
      X-Amzn-Requestid:
      - 7532ed41-e2a0-4f82-bee5-482258e25e59
      Content-Type:
      - application/x-amz-json-1.1
      Content-Length:
      - '31'
      Date:
      - Fri, 08 Nov 2019 19:28:05 GMT
    body:
      encoding: UTF-8
      string: '{"Tier":"Standard","Version":1}'
    http_version: 
  recorded_at: Fri, 08 Nov 2019 19:28:06 GMT
- request:
    method: post
    uri: https://cloudformation.us-west-2.amazonaws.com/
    body:
      encoding: UTF-8
      string: Action=ValidateTemplate&TemplateBody=Description%3A%20%3E%0A%20%20Secrets%20DSL%20spec%0A%0AParameters%3A%0A%0A%20%20BucketName%3A%0A%20%20%20%20Type%3A%20String%0A%0A%20%20SomeSha%3A%0A%20%20%20%20Type%3A%20String%0A%0A%20%20CycleIfDifferent%3A%0A%20%20%20%20Type%3A%20String%0A%20%20%20%20Default%3A%20%27%27%0A%0AResources%3A%0A%0A%20%20S3Bucket%3A%0A%20%20%20%20Type%3A%20AWS%3A%3AS3%3A%3ABucket%0A%20%20%20%20Properties%3A%0A%20%20%20%20%20%20BucketName%3A%20%21Ref%20%27BucketName%27%0A%20%20%20%20%20%20Tags%3A%0A%20%20%20%20%20%20-%20Key%3A%20MakeThereBeAChangeForCycleIfDifferent%0A%20%20%20%20%20%20%20%20Value%3A%20%21Ref%20%27CycleIfDifferent%27%0A%0AOutputs%3A%0A%0A%20%20BucketArn%3A%0A%20%20%20%20Value%3A%20%21GetAtt%20%27S3Bucket.Arn%27%0A%20%20%20%20Export%3A%0A%20%20%20%20%20%20Name%3A%20%21Sub%20%27%24%7BAWS%3A%3AStackName%7D-BucketArn%27%0A&Version=2010-05-15
    headers:
      Content-Type:
      - application/x-www-form-urlencoded; charset=utf-8
      Accept-Encoding:
      - ''
      User-Agent:
      - aws-sdk-ruby3/3.52.0 ruby/2.5.0 x86_64-darwin17 aws-sdk-cloudformation/1.20.0
      Host:
      - cloudformation.us-west-2.amazonaws.com
      X-Amz-Date:
      - 20191108T192806Z
      X-Amz-Content-Sha256:
      - eac6bb3472ca681dfb051bc17aa1fb87e9a70cb5d5a2f3633633ea0514279640
      Authorization:
      - AWS4-HMAC-SHA256 Credential=AWS_ACCESS_KEY_ID/20191108/us-west-2/cloudformation/aws4_request,
        SignedHeaders=content-type;host;x-amz-content-sha256;x-amz-date, Signature=<SignatureValue>
      Content-Length:
      - '882'
      Accept:
      - "*/*"
  response:
    status:
      code: 200
      message: OK
    headers:
      X-Amzn-Requestid:
      - 8a63f7e2-5a01-4625-9b56-85bce4707c47
      Content-Type:
      - text/xml
      Content-Length:
      - '718'
      Date:
      - Fri, 08 Nov 2019 19:28:06 GMT
    body:
      encoding: UTF-8
      string: |
        <ValidateTemplateResponse xmlns="http://cloudformation.amazonaws.com/doc/2010-05-15/">
          <ValidateTemplateResult>
            <Description>Secrets DSL spec
        </Description>
            <Parameters>
              <member>
                <ParameterKey>BucketName</ParameterKey>
                <NoEcho>false</NoEcho>
              </member>
              <member>
                <ParameterKey>CycleIfDifferent</ParameterKey>
                <NoEcho>false</NoEcho>
                <DefaultValue/>
              </member>
              <member>
                <ParameterKey>SomeSha</ParameterKey>
                <NoEcho>false</NoEcho>
              </member>
            </Parameters>
          </ValidateTemplateResult>
          <ResponseMetadata>
            <RequestId>8a63f7e2-5a01-4625-9b56-85bce4707c47</RequestId>
          </ResponseMetadata>
        </ValidateTemplateResponse>
    http_version: 
  recorded_at: Fri, 08 Nov 2019 19:28:06 GMT
- request:
    method: put
    uri: https://openstax-sandbox-cfn-templates.s3.us-west-2.amazonaws.com/cfn_templates/spec-templates/main.yml
    body:
      encoding: UTF-8
      string: |
        Description: >
          Secrets DSL spec

        Parameters:

          BucketName:
            Type: String

          SomeSha:
            Type: String

          CycleIfDifferent:
            Type: String
            Default: ''

        Resources:

          S3Bucket:
            Type: AWS::S3::Bucket
            Properties:
              BucketName: !Ref 'BucketName'
              Tags:
              - Key: MakeThereBeAChangeForCycleIfDifferent
                Value: !Ref 'CycleIfDifferent'

        Outputs:

          BucketArn:
            Value: !GetAtt 'S3Bucket.Arn'
            Export:
              Name: !Sub '${AWS::StackName}-BucketArn'
    headers:
      Content-Type:
      - ''
      Accept-Encoding:
      - ''
      User-Agent:
      - aws-sdk-ruby3/3.52.0 ruby/2.5.0 x86_64-darwin17 aws-sdk-s3/1.37.0
      Expect:
      - 100-continue
      Content-Md5:
      - 8yxzLgG2B03JVM2GIHDcfw==
      Host:
      - openstax-sandbox-cfn-templates.s3.us-west-2.amazonaws.com
      X-Amz-Date:
      - 20191108T192806Z
      X-Amz-Content-Sha256:
      - 64e8ada9f3320d27210e42c3d99b33b451892c68d0c964fd9e3bfff375f96cf2
      Authorization:
      - AWS4-HMAC-SHA256 Credential=AWS_ACCESS_KEY_ID/20191108/us-west-2/s3/aws4_request,
        SignedHeaders=content-md5;expect;host;user-agent;x-amz-content-sha256;x-amz-date,
        Signature=<SignatureValue>
      Content-Length:
      - '484'
      Accept:
      - "*/*"
  response:
    status:
      code: 200
      message: OK
    headers:
      X-Amz-Id-2:
      - 1K6/8Ny4rHuHUFwzKdDWA4I5x/6kqSoh0wLkFI7/O8sHqV/Y40nNXEPrCOKYmXTcFYmMtgotXdQ=
      X-Amz-Request-Id:
      - 0300F534D18C6913
      Date:
      - Fri, 08 Nov 2019 19:28:07 GMT
      X-Amz-Version-Id:
      - sbGqPcKr.Muk6T8v28.orhgxib3fplPN
      X-Amz-Server-Side-Encryption:
      - AES256
      Etag:
      - '"f32c732e01b6074dc954cd862070dc7f"'
      Content-Length:
      - '0'
      Server:
      - AmazonS3
    body:
      encoding: UTF-8
      string: ''
    http_version: 
  recorded_at: Fri, 08 Nov 2019 19:28:07 GMT
- request:
    method: post
    uri: https://cloudformation.us-east-2.amazonaws.com/
    body:
      encoding: UTF-8
      string: Action=CreateStack&Capabilities=&EnableTerminationProtection=false&Parameters.member.1.ParameterKey=SomeSha&Parameters.member.1.ParameterValue=1b2ebfd91dd9fb34d58c834cbb70a21c6479ba8e&Parameters.member.2.ParameterKey=BucketName&Parameters.member.2.ParameterValue=aws-ruby-spec-secrets-dsl-create&StackName=openstax-aws-ruby-secrets-secrets-dsl-spec-main&TemplateURL=https%3A%2F%2Fs3.amazonaws.com%2Fopenstax-sandbox-cfn-templates%2Fcfn_templates%2Fspec-templates%2Fmain.yml&Version=2010-05-15
    headers:
      Content-Type:
      - application/x-www-form-urlencoded; charset=utf-8
      Accept-Encoding:
      - ''
      User-Agent:
      - aws-sdk-ruby3/3.52.0 ruby/2.5.0 x86_64-darwin17 aws-sdk-cloudformation/1.20.0
      Host:
      - cloudformation.us-east-2.amazonaws.com
      X-Amz-Date:
      - 20191108T192807Z
      X-Amz-Content-Sha256:
      - 0efcada8844666611cbeeee0d048eb4b18547095ad4d23b6f67381bcbd9f4f5c
      Authorization:
      - AWS4-HMAC-SHA256 Credential=AWS_ACCESS_KEY_ID/20191108/us-east-2/cloudformation/aws4_request,
        SignedHeaders=content-type;host;x-amz-content-sha256;x-amz-date, Signature=<SignatureValue>
      Content-Length:
      - '492'
      Accept:
      - "*/*"
  response:
    status:
      code: 200
      message: OK
    headers:
      X-Amzn-Requestid:
      - '0910c50c-493f-4ce4-af3c-2fdf599b190b'
      Content-Type:
      - text/xml
      Content-Length:
      - '417'
      Date:
      - Fri, 08 Nov 2019 19:28:08 GMT
    body:
      encoding: UTF-8
      string: |
        <CreateStackResponse xmlns="http://cloudformation.amazonaws.com/doc/2010-05-15/">
          <CreateStackResult>
            <StackId>arn:aws:cloudformation:us-east-2:373045849756:stack/openstax-aws-ruby-secrets-secrets-dsl-spec-main/e45f8220-025d-11ea-be41-064e3beebd9c</StackId>
          </CreateStackResult>
          <ResponseMetadata>
            <RequestId>0910c50c-493f-4ce4-af3c-2fdf599b190b</RequestId>
          </ResponseMetadata>
        </CreateStackResponse>
    http_version: 
  recorded_at: Fri, 08 Nov 2019 19:28:08 GMT
- request:
    method: post
    uri: https://cloudformation.us-east-2.amazonaws.com/
    body:
      encoding: UTF-8
      string: Action=DescribeStacks&StackName=openstax-aws-ruby-secrets-secrets-dsl-spec-main&Version=2010-05-15
    headers:
      Content-Type:
      - application/x-www-form-urlencoded; charset=utf-8
      Accept-Encoding:
      - ''
      User-Agent:
      - aws-sdk-ruby3/3.52.0 ruby/2.5.0 x86_64-darwin17 aws-sdk-cloudformation/1.20.0
      Host:
      - cloudformation.us-east-2.amazonaws.com
      X-Amz-Date:
      - 20191108T192808Z
      X-Amz-Content-Sha256:
      - bba9ab149be09911f60e83e18c4e577ef4401099a40abc92d767daf01234db21
      Authorization:
      - AWS4-HMAC-SHA256 Credential=AWS_ACCESS_KEY_ID/20191108/us-east-2/cloudformation/aws4_request,
        SignedHeaders=content-type;host;x-amz-content-sha256;x-amz-date, Signature=<SignatureValue>
      Content-Length:
      - '98'
      Accept:
      - "*/*"
  response:
    status:
      code: 200
      message: OK
    headers:
      X-Amzn-Requestid:
      - b8e3c337-1e4f-4e36-bd89-03a0e83e6a6a
      Content-Type:
      - text/xml
      Content-Length:
      - '1565'
      Date:
      - Fri, 08 Nov 2019 19:28:08 GMT
    body:
      encoding: UTF-8
      string: |
        <DescribeStacksResponse xmlns="http://cloudformation.amazonaws.com/doc/2010-05-15/">
          <DescribeStacksResult>
            <Stacks>
              <member>
                <CreationTime>2019-11-08T19:28:08.136Z</CreationTime>
                <NotificationARNs/>
                <StackId>arn:aws:cloudformation:us-east-2:373045849756:stack/openstax-aws-ruby-secrets-secrets-dsl-spec-main/e45f8220-025d-11ea-be41-064e3beebd9c</StackId>
                <StackName>openstax-aws-ruby-secrets-secrets-dsl-spec-main</StackName>
                <Description>Secrets DSL spec
        </Description>
                <StackStatus>CREATE_IN_PROGRESS</StackStatus>
                <DisableRollback>false</DisableRollback>
                <Tags/>
                <RollbackConfiguration/>
                <DriftInformation>
                  <StackDriftStatus>NOT_CHECKED</StackDriftStatus>
                </DriftInformation>
                <EnableTerminationProtection>false</EnableTerminationProtection>
                <Parameters>
                  <member>
                    <ParameterKey>BucketName</ParameterKey>
                    <ParameterValue>aws-ruby-spec-secrets-dsl-create</ParameterValue>
                  </member>
                  <member>
                    <ParameterKey>CycleIfDifferent</ParameterKey>
                    <ParameterValue/>
                  </member>
                  <member>
                    <ParameterKey>SomeSha</ParameterKey>
                    <ParameterValue>1b2ebfd91dd9fb34d58c834cbb70a21c6479ba8e</ParameterValue>
                  </member>
                </Parameters>
              </member>
            </Stacks>
          </DescribeStacksResult>
          <ResponseMetadata>
            <RequestId>b8e3c337-1e4f-4e36-bd89-03a0e83e6a6a</RequestId>
          </ResponseMetadata>
        </DescribeStacksResponse>
    http_version: 
  recorded_at: Fri, 08 Nov 2019 19:28:08 GMT
- request:
    method: post
    uri: https://cloudformation.us-east-2.amazonaws.com/
    body:
      encoding: UTF-8
      string: Action=DescribeStacks&StackName=openstax-aws-ruby-secrets-secrets-dsl-spec-main&Version=2010-05-15
    headers:
      Content-Type:
      - application/x-www-form-urlencoded; charset=utf-8
      Accept-Encoding:
      - ''
      User-Agent:
      - aws-sdk-ruby3/3.52.0 ruby/2.5.0 x86_64-darwin17 aws-sdk-cloudformation/1.20.0
      Host:
      - cloudformation.us-east-2.amazonaws.com
      X-Amz-Date:
      - 20191108T192808Z
      X-Amz-Content-Sha256:
      - bba9ab149be09911f60e83e18c4e577ef4401099a40abc92d767daf01234db21
      Authorization:
      - AWS4-HMAC-SHA256 Credential=AWS_ACCESS_KEY_ID/20191108/us-east-2/cloudformation/aws4_request,
        SignedHeaders=content-type;host;x-amz-content-sha256;x-amz-date, Signature=<SignatureValue>
      Content-Length:
      - '98'
      Accept:
      - "*/*"
  response:
    status:
      code: 200
      message: OK
    headers:
      X-Amzn-Requestid:
      - 7be0546d-2344-45f6-a8ad-3b16f9ff322a
      Content-Type:
      - text/xml
      Content-Length:
      - '1565'
      Date:
      - Fri, 08 Nov 2019 19:28:08 GMT
    body:
      encoding: UTF-8
      string: |
        <DescribeStacksResponse xmlns="http://cloudformation.amazonaws.com/doc/2010-05-15/">
          <DescribeStacksResult>
            <Stacks>
              <member>
                <CreationTime>2019-11-08T19:28:08.136Z</CreationTime>
                <NotificationARNs/>
                <StackId>arn:aws:cloudformation:us-east-2:373045849756:stack/openstax-aws-ruby-secrets-secrets-dsl-spec-main/e45f8220-025d-11ea-be41-064e3beebd9c</StackId>
                <StackName>openstax-aws-ruby-secrets-secrets-dsl-spec-main</StackName>
                <Description>Secrets DSL spec
        </Description>
                <StackStatus>CREATE_IN_PROGRESS</StackStatus>
                <DisableRollback>false</DisableRollback>
                <Tags/>
                <RollbackConfiguration/>
                <DriftInformation>
                  <StackDriftStatus>NOT_CHECKED</StackDriftStatus>
                </DriftInformation>
                <EnableTerminationProtection>false</EnableTerminationProtection>
                <Parameters>
                  <member>
                    <ParameterKey>BucketName</ParameterKey>
                    <ParameterValue>aws-ruby-spec-secrets-dsl-create</ParameterValue>
                  </member>
                  <member>
                    <ParameterKey>CycleIfDifferent</ParameterKey>
                    <ParameterValue/>
                  </member>
                  <member>
                    <ParameterKey>SomeSha</ParameterKey>
                    <ParameterValue>1b2ebfd91dd9fb34d58c834cbb70a21c6479ba8e</ParameterValue>
                  </member>
                </Parameters>
              </member>
            </Stacks>
          </DescribeStacksResult>
          <ResponseMetadata>
            <RequestId>7be0546d-2344-45f6-a8ad-3b16f9ff322a</RequestId>
          </ResponseMetadata>
        </DescribeStacksResponse>
    http_version: 
  recorded_at: Fri, 08 Nov 2019 19:28:08 GMT
- request:
    method: post
    uri: https://cloudformation.us-east-2.amazonaws.com/
    body:
      encoding: UTF-8
      string: Action=DescribeStacks&StackName=openstax-aws-ruby-secrets-secrets-dsl-spec-main&Version=2010-05-15
    headers:
      Content-Type:
      - application/x-www-form-urlencoded; charset=utf-8
      Accept-Encoding:
      - ''
      User-Agent:
      - aws-sdk-ruby3/3.52.0 ruby/2.5.0 x86_64-darwin17 aws-sdk-cloudformation/1.20.0
      Host:
      - cloudformation.us-east-2.amazonaws.com
      X-Amz-Date:
      - 20191108T192813Z
      X-Amz-Content-Sha256:
      - bba9ab149be09911f60e83e18c4e577ef4401099a40abc92d767daf01234db21
      Authorization:
      - AWS4-HMAC-SHA256 Credential=AWS_ACCESS_KEY_ID/20191108/us-east-2/cloudformation/aws4_request,
        SignedHeaders=content-type;host;x-amz-content-sha256;x-amz-date, Signature=<SignatureValue>
      Content-Length:
      - '98'
      Accept:
      - "*/*"
  response:
    status:
      code: 200
      message: OK
    headers:
      X-Amzn-Requestid:
      - 5c38596e-0664-4769-9a50-3a8a60390bc7
      Content-Type:
      - text/xml
      Content-Length:
      - '1565'
      Date:
      - Fri, 08 Nov 2019 19:28:14 GMT
    body:
      encoding: UTF-8
      string: |
        <DescribeStacksResponse xmlns="http://cloudformation.amazonaws.com/doc/2010-05-15/">
          <DescribeStacksResult>
            <Stacks>
              <member>
                <CreationTime>2019-11-08T19:28:08.136Z</CreationTime>
                <NotificationARNs/>
                <StackId>arn:aws:cloudformation:us-east-2:373045849756:stack/openstax-aws-ruby-secrets-secrets-dsl-spec-main/e45f8220-025d-11ea-be41-064e3beebd9c</StackId>
                <StackName>openstax-aws-ruby-secrets-secrets-dsl-spec-main</StackName>
                <Description>Secrets DSL spec
        </Description>
                <StackStatus>CREATE_IN_PROGRESS</StackStatus>
                <DisableRollback>false</DisableRollback>
                <Tags/>
                <RollbackConfiguration/>
                <DriftInformation>
                  <StackDriftStatus>NOT_CHECKED</StackDriftStatus>
                </DriftInformation>
                <EnableTerminationProtection>false</EnableTerminationProtection>
                <Parameters>
                  <member>
                    <ParameterKey>BucketName</ParameterKey>
                    <ParameterValue>aws-ruby-spec-secrets-dsl-create</ParameterValue>
                  </member>
                  <member>
                    <ParameterKey>CycleIfDifferent</ParameterKey>
                    <ParameterValue/>
                  </member>
                  <member>
                    <ParameterKey>SomeSha</ParameterKey>
                    <ParameterValue>1b2ebfd91dd9fb34d58c834cbb70a21c6479ba8e</ParameterValue>
                  </member>
                </Parameters>
              </member>
            </Stacks>
          </DescribeStacksResult>
          <ResponseMetadata>
            <RequestId>5c38596e-0664-4769-9a50-3a8a60390bc7</RequestId>
          </ResponseMetadata>
        </DescribeStacksResponse>
    http_version: 
  recorded_at: Fri, 08 Nov 2019 19:28:14 GMT
- request:
    method: post
    uri: https://cloudformation.us-east-2.amazonaws.com/
    body:
      encoding: UTF-8
      string: Action=DescribeStacks&StackName=openstax-aws-ruby-secrets-secrets-dsl-spec-main&Version=2010-05-15
    headers:
      Content-Type:
      - application/x-www-form-urlencoded; charset=utf-8
      Accept-Encoding:
      - ''
      User-Agent:
      - aws-sdk-ruby3/3.52.0 ruby/2.5.0 x86_64-darwin17 aws-sdk-cloudformation/1.20.0
      Host:
      - cloudformation.us-east-2.amazonaws.com
      X-Amz-Date:
      - 20191108T192819Z
      X-Amz-Content-Sha256:
      - bba9ab149be09911f60e83e18c4e577ef4401099a40abc92d767daf01234db21
      Authorization:
      - AWS4-HMAC-SHA256 Credential=AWS_ACCESS_KEY_ID/20191108/us-east-2/cloudformation/aws4_request,
        SignedHeaders=content-type;host;x-amz-content-sha256;x-amz-date, Signature=<SignatureValue>
      Content-Length:
      - '98'
      Accept:
      - "*/*"
  response:
    status:
      code: 200
      message: OK
    headers:
      X-Amzn-Requestid:
      - 4e0e9a14-01de-412d-98dc-7d4e383ebce1
      Content-Type:
      - text/xml
      Content-Length:
      - '1565'
      Date:
      - Fri, 08 Nov 2019 19:28:19 GMT
    body:
      encoding: UTF-8
      string: |
        <DescribeStacksResponse xmlns="http://cloudformation.amazonaws.com/doc/2010-05-15/">
          <DescribeStacksResult>
            <Stacks>
              <member>
                <CreationTime>2019-11-08T19:28:08.136Z</CreationTime>
                <NotificationARNs/>
                <StackId>arn:aws:cloudformation:us-east-2:373045849756:stack/openstax-aws-ruby-secrets-secrets-dsl-spec-main/e45f8220-025d-11ea-be41-064e3beebd9c</StackId>
                <StackName>openstax-aws-ruby-secrets-secrets-dsl-spec-main</StackName>
                <Description>Secrets DSL spec
        </Description>
                <StackStatus>CREATE_IN_PROGRESS</StackStatus>
                <DisableRollback>false</DisableRollback>
                <Tags/>
                <RollbackConfiguration/>
                <DriftInformation>
                  <StackDriftStatus>NOT_CHECKED</StackDriftStatus>
                </DriftInformation>
                <EnableTerminationProtection>false</EnableTerminationProtection>
                <Parameters>
                  <member>
                    <ParameterKey>BucketName</ParameterKey>
                    <ParameterValue>aws-ruby-spec-secrets-dsl-create</ParameterValue>
                  </member>
                  <member>
                    <ParameterKey>CycleIfDifferent</ParameterKey>
                    <ParameterValue/>
                  </member>
                  <member>
                    <ParameterKey>SomeSha</ParameterKey>
                    <ParameterValue>1b2ebfd91dd9fb34d58c834cbb70a21c6479ba8e</ParameterValue>
                  </member>
                </Parameters>
              </member>
            </Stacks>
          </DescribeStacksResult>
          <ResponseMetadata>
            <RequestId>4e0e9a14-01de-412d-98dc-7d4e383ebce1</RequestId>
          </ResponseMetadata>
        </DescribeStacksResponse>
    http_version: 
  recorded_at: Fri, 08 Nov 2019 19:28:19 GMT
- request:
    method: post
    uri: https://cloudformation.us-east-2.amazonaws.com/
    body:
      encoding: UTF-8
      string: Action=DescribeStacks&StackName=openstax-aws-ruby-secrets-secrets-dsl-spec-main&Version=2010-05-15
    headers:
      Content-Type:
      - application/x-www-form-urlencoded; charset=utf-8
      Accept-Encoding:
      - ''
      User-Agent:
      - aws-sdk-ruby3/3.52.0 ruby/2.5.0 x86_64-darwin17 aws-sdk-cloudformation/1.20.0
      Host:
      - cloudformation.us-east-2.amazonaws.com
      X-Amz-Date:
      - 20191108T192824Z
      X-Amz-Content-Sha256:
      - bba9ab149be09911f60e83e18c4e577ef4401099a40abc92d767daf01234db21
      Authorization:
      - AWS4-HMAC-SHA256 Credential=AWS_ACCESS_KEY_ID/20191108/us-east-2/cloudformation/aws4_request,
        SignedHeaders=content-type;host;x-amz-content-sha256;x-amz-date, Signature=<SignatureValue>
      Content-Length:
      - '98'
      Accept:
      - "*/*"
  response:
    status:
      code: 200
      message: OK
    headers:
      X-Amzn-Requestid:
      - 323ae234-68c9-4f9c-856b-fb730e99c1f9
      Content-Type:
      - text/xml
      Content-Length:
      - '1565'
      Date:
      - Fri, 08 Nov 2019 19:28:24 GMT
    body:
      encoding: UTF-8
      string: |
        <DescribeStacksResponse xmlns="http://cloudformation.amazonaws.com/doc/2010-05-15/">
          <DescribeStacksResult>
            <Stacks>
              <member>
                <CreationTime>2019-11-08T19:28:08.136Z</CreationTime>
                <NotificationARNs/>
                <StackId>arn:aws:cloudformation:us-east-2:373045849756:stack/openstax-aws-ruby-secrets-secrets-dsl-spec-main/e45f8220-025d-11ea-be41-064e3beebd9c</StackId>
                <StackName>openstax-aws-ruby-secrets-secrets-dsl-spec-main</StackName>
                <Description>Secrets DSL spec
        </Description>
                <StackStatus>CREATE_IN_PROGRESS</StackStatus>
                <DisableRollback>false</DisableRollback>
                <Tags/>
                <RollbackConfiguration/>
                <DriftInformation>
                  <StackDriftStatus>NOT_CHECKED</StackDriftStatus>
                </DriftInformation>
                <EnableTerminationProtection>false</EnableTerminationProtection>
                <Parameters>
                  <member>
                    <ParameterKey>BucketName</ParameterKey>
                    <ParameterValue>aws-ruby-spec-secrets-dsl-create</ParameterValue>
                  </member>
                  <member>
                    <ParameterKey>CycleIfDifferent</ParameterKey>
                    <ParameterValue/>
                  </member>
                  <member>
                    <ParameterKey>SomeSha</ParameterKey>
                    <ParameterValue>1b2ebfd91dd9fb34d58c834cbb70a21c6479ba8e</ParameterValue>
                  </member>
                </Parameters>
              </member>
            </Stacks>
          </DescribeStacksResult>
          <ResponseMetadata>
            <RequestId>323ae234-68c9-4f9c-856b-fb730e99c1f9</RequestId>
          </ResponseMetadata>
        </DescribeStacksResponse>
    http_version: 
  recorded_at: Fri, 08 Nov 2019 19:28:25 GMT
- request:
    method: post
    uri: https://cloudformation.us-east-2.amazonaws.com/
    body:
      encoding: UTF-8
      string: Action=DescribeStacks&StackName=openstax-aws-ruby-secrets-secrets-dsl-spec-main&Version=2010-05-15
    headers:
      Content-Type:
      - application/x-www-form-urlencoded; charset=utf-8
      Accept-Encoding:
      - ''
      User-Agent:
      - aws-sdk-ruby3/3.52.0 ruby/2.5.0 x86_64-darwin17 aws-sdk-cloudformation/1.20.0
      Host:
      - cloudformation.us-east-2.amazonaws.com
      X-Amz-Date:
      - 20191108T192830Z
      X-Amz-Content-Sha256:
      - bba9ab149be09911f60e83e18c4e577ef4401099a40abc92d767daf01234db21
      Authorization:
      - AWS4-HMAC-SHA256 Credential=AWS_ACCESS_KEY_ID/20191108/us-east-2/cloudformation/aws4_request,
        SignedHeaders=content-type;host;x-amz-content-sha256;x-amz-date, Signature=<SignatureValue>
      Content-Length:
      - '98'
      Accept:
      - "*/*"
  response:
    status:
      code: 200
      message: OK
    headers:
      X-Amzn-Requestid:
      - 18d6fd8a-e0db-46d6-841c-5cd29cd35bd8
      Content-Type:
      - text/xml
      Content-Length:
      - '1565'
      Date:
      - Fri, 08 Nov 2019 19:28:30 GMT
    body:
      encoding: UTF-8
      string: |
        <DescribeStacksResponse xmlns="http://cloudformation.amazonaws.com/doc/2010-05-15/">
          <DescribeStacksResult>
            <Stacks>
              <member>
                <CreationTime>2019-11-08T19:28:08.136Z</CreationTime>
                <NotificationARNs/>
                <StackId>arn:aws:cloudformation:us-east-2:373045849756:stack/openstax-aws-ruby-secrets-secrets-dsl-spec-main/e45f8220-025d-11ea-be41-064e3beebd9c</StackId>
                <StackName>openstax-aws-ruby-secrets-secrets-dsl-spec-main</StackName>
                <Description>Secrets DSL spec
        </Description>
                <StackStatus>CREATE_IN_PROGRESS</StackStatus>
                <DisableRollback>false</DisableRollback>
                <Tags/>
                <RollbackConfiguration/>
                <DriftInformation>
                  <StackDriftStatus>NOT_CHECKED</StackDriftStatus>
                </DriftInformation>
                <EnableTerminationProtection>false</EnableTerminationProtection>
                <Parameters>
                  <member>
                    <ParameterKey>BucketName</ParameterKey>
                    <ParameterValue>aws-ruby-spec-secrets-dsl-create</ParameterValue>
                  </member>
                  <member>
                    <ParameterKey>CycleIfDifferent</ParameterKey>
                    <ParameterValue/>
                  </member>
                  <member>
                    <ParameterKey>SomeSha</ParameterKey>
                    <ParameterValue>1b2ebfd91dd9fb34d58c834cbb70a21c6479ba8e</ParameterValue>
                  </member>
                </Parameters>
              </member>
            </Stacks>
          </DescribeStacksResult>
          <ResponseMetadata>
            <RequestId>18d6fd8a-e0db-46d6-841c-5cd29cd35bd8</RequestId>
          </ResponseMetadata>
        </DescribeStacksResponse>
    http_version: 
  recorded_at: Fri, 08 Nov 2019 19:28:30 GMT
- request:
    method: post
    uri: https://cloudformation.us-east-2.amazonaws.com/
    body:
      encoding: UTF-8
      string: Action=DescribeStacks&StackName=openstax-aws-ruby-secrets-secrets-dsl-spec-main&Version=2010-05-15
    headers:
      Content-Type:
      - application/x-www-form-urlencoded; charset=utf-8
      Accept-Encoding:
      - ''
      User-Agent:
      - aws-sdk-ruby3/3.52.0 ruby/2.5.0 x86_64-darwin17 aws-sdk-cloudformation/1.20.0
      Host:
      - cloudformation.us-east-2.amazonaws.com
      X-Amz-Date:
      - 20191108T192835Z
      X-Amz-Content-Sha256:
      - bba9ab149be09911f60e83e18c4e577ef4401099a40abc92d767daf01234db21
      Authorization:
      - AWS4-HMAC-SHA256 Credential=AWS_ACCESS_KEY_ID/20191108/us-east-2/cloudformation/aws4_request,
        SignedHeaders=content-type;host;x-amz-content-sha256;x-amz-date, Signature=<SignatureValue>
      Content-Length:
      - '98'
      Accept:
      - "*/*"
  response:
    status:
      code: 200
      message: OK
    headers:
      X-Amzn-Requestid:
      - cf3e260c-aa9c-4c27-9457-5b4af0a30d58
      Content-Type:
      - text/xml
      Content-Length:
      - '1863'
      Date:
      - Fri, 08 Nov 2019 19:28:35 GMT
    body:
      encoding: UTF-8
      string: |
        <DescribeStacksResponse xmlns="http://cloudformation.amazonaws.com/doc/2010-05-15/">
          <DescribeStacksResult>
            <Stacks>
              <member>
                <Outputs>
                  <member>
                    <ExportName>openstax-aws-ruby-secrets-secrets-dsl-spec-main-BucketArn</ExportName>
                    <OutputKey>BucketArn</OutputKey>
                    <OutputValue>arn:aws:s3:::aws-ruby-spec-secrets-dsl-create</OutputValue>
                  </member>
                </Outputs>
                <CreationTime>2019-11-08T19:28:08.136Z</CreationTime>
                <NotificationARNs/>
                <StackId>arn:aws:cloudformation:us-east-2:373045849756:stack/openstax-aws-ruby-secrets-secrets-dsl-spec-main/e45f8220-025d-11ea-be41-064e3beebd9c</StackId>
                <StackName>openstax-aws-ruby-secrets-secrets-dsl-spec-main</StackName>
                <Description>Secrets DSL spec
        </Description>
                <StackStatus>CREATE_COMPLETE</StackStatus>
                <DisableRollback>false</DisableRollback>
                <Tags/>
                <RollbackConfiguration/>
                <DriftInformation>
                  <StackDriftStatus>NOT_CHECKED</StackDriftStatus>
                </DriftInformation>
                <EnableTerminationProtection>false</EnableTerminationProtection>
                <Parameters>
                  <member>
                    <ParameterKey>BucketName</ParameterKey>
                    <ParameterValue>aws-ruby-spec-secrets-dsl-create</ParameterValue>
                  </member>
                  <member>
                    <ParameterKey>CycleIfDifferent</ParameterKey>
                    <ParameterValue/>
                  </member>
                  <member>
                    <ParameterKey>SomeSha</ParameterKey>
                    <ParameterValue>1b2ebfd91dd9fb34d58c834cbb70a21c6479ba8e</ParameterValue>
                  </member>
                </Parameters>
              </member>
            </Stacks>
          </DescribeStacksResult>
          <ResponseMetadata>
            <RequestId>cf3e260c-aa9c-4c27-9457-5b4af0a30d58</RequestId>
          </ResponseMetadata>
        </DescribeStacksResponse>
    http_version: 
  recorded_at: Fri, 08 Nov 2019 19:28:35 GMT
- request:
    method: post
    uri: https://ssm.us-east-2.amazonaws.com/
    body:
      encoding: UTF-8
      string: '{"Path":"/openstax-aws-ruby-secrets/secrets-dsl-spec/main","Recursive":true,"WithDecryption":true}'
    headers:
      Content-Type:
      - application/x-amz-json-1.1
      Accept-Encoding:
      - ''
      User-Agent:
      - aws-sdk-ruby3/3.52.0 ruby/2.5.0 x86_64-darwin17 aws-sdk-ssm/1.45.0
      X-Amz-Target:
      - AmazonSSM.GetParametersByPath
      Host:
      - ssm.us-east-2.amazonaws.com
      X-Amz-Date:
      - 20191108T192835Z
      X-Amz-Content-Sha256:
      - ee4cace661067379e2c2bb2ed8207728408333532e4ed94d0165acb17ff0e2c9
      Authorization:
      - AWS4-HMAC-SHA256 Credential=AWS_ACCESS_KEY_ID/20191108/us-east-2/ssm/aws4_request,
        SignedHeaders=content-type;host;x-amz-content-sha256;x-amz-date;x-amz-target,
        Signature=<SignatureValue>
      Content-Length:
      - '98'
      Accept:
      - "*/*"
  response:
    status:
      code: 200
      message: OK
    headers:
      X-Amzn-Requestid:
      - 7c62a97d-bf74-4725-b0c0-676e68def68d
      Content-Type:
      - application/x-amz-json-1.1
      Content-Length:
      - '1507'
      Date:
      - Fri, 08 Nov 2019 19:28:35 GMT
    body:
      encoding: UTF-8
      string: '{"Parameters":[{"ARN":"arn:aws:ssm:us-east-2:373045849756:parameter/openstax-aws-ruby-secrets/secrets-dsl-spec/main/content_key","DataType":"text","LastModifiedDate":1.57324128473E9,"Name":"/openstax-aws-ruby-secrets/secrets-dsl-spec/main/content_key","Type":"String","Value":"something-deployment-specific","Version":1},{"ARN":"arn:aws:ssm:us-east-2:373045849756:parameter/openstax-aws-ruby-secrets/secrets-dsl-spec/main/for_shared_substitution","DataType":"text","LastModifiedDate":1.573241285822E9,"Name":"/openstax-aws-ruby-secrets/secrets-dsl-spec/main/for_shared_substitution","Type":"String","Value":"howdy
        y''all","Version":1},{"ARN":"arn:aws:ssm:us-east-2:373045849756:parameter/openstax-aws-ruby-secrets/secrets-dsl-spec/main/interpolated","DataType":"text","LastModifiedDate":1.573241285447E9,"Name":"/openstax-aws-ruby-secrets/secrets-dsl-spec/main/interpolated","Type":"String","Value":"https://something-deployment-specific","Version":1},{"ARN":"arn:aws:ssm:us-east-2:373045849756:parameter/openstax-aws-ruby-secrets/secrets-dsl-spec/main/more_secrets","DataType":"text","LastModifiedDate":1.573241286206E9,"Name":"/openstax-aws-ruby-secrets/secrets-dsl-spec/main/more_secrets","Type":"String","Value":"foo","Version":1},{"ARN":"arn:aws:ssm:us-east-2:373045849756:parameter/openstax-aws-ruby-secrets/secrets-dsl-spec/main/random","DataType":"text","LastModifiedDate":1.573241285079E9,"Name":"/openstax-aws-ruby-secrets/secrets-dsl-spec/main/random","Type":"String","Value":"dbaf","Version":1}]}'
    http_version: 
  recorded_at: Fri, 08 Nov 2019 19:28:36 GMT
- request:
    method: post
    uri: https://ssm.us-east-2.amazonaws.com/
    body:
      encoding: UTF-8
      string: '{"Path":"/openstax-aws-ruby-secrets/secrets-dsl-spec/main","Recursive":true,"WithDecryption":true}'
    headers:
      Content-Type:
      - application/x-amz-json-1.1
      Accept-Encoding:
      - ''
      User-Agent:
      - aws-sdk-ruby3/3.52.0 ruby/2.5.0 x86_64-darwin17 aws-sdk-ssm/1.45.0
      X-Amz-Target:
      - AmazonSSM.GetParametersByPath
      Host:
      - ssm.us-east-2.amazonaws.com
      X-Amz-Date:
      - 20191108T192836Z
      X-Amz-Content-Sha256:
      - ee4cace661067379e2c2bb2ed8207728408333532e4ed94d0165acb17ff0e2c9
      Authorization:
      - AWS4-HMAC-SHA256 Credential=AWS_ACCESS_KEY_ID/20191108/us-east-2/ssm/aws4_request,
        SignedHeaders=content-type;host;x-amz-content-sha256;x-amz-date;x-amz-target,
        Signature=<SignatureValue>
      Content-Length:
      - '98'
      Accept:
      - "*/*"
  response:
    status:
      code: 200
      message: OK
    headers:
      X-Amzn-Requestid:
      - d521aa25-313a-4aef-883b-acec9306f717
      Content-Type:
      - application/x-amz-json-1.1
      Content-Length:
      - '1507'
      Date:
      - Fri, 08 Nov 2019 19:28:36 GMT
    body:
      encoding: UTF-8
      string: '{"Parameters":[{"ARN":"arn:aws:ssm:us-east-2:373045849756:parameter/openstax-aws-ruby-secrets/secrets-dsl-spec/main/content_key","DataType":"text","LastModifiedDate":1.57324128473E9,"Name":"/openstax-aws-ruby-secrets/secrets-dsl-spec/main/content_key","Type":"String","Value":"something-deployment-specific","Version":1},{"ARN":"arn:aws:ssm:us-east-2:373045849756:parameter/openstax-aws-ruby-secrets/secrets-dsl-spec/main/for_shared_substitution","DataType":"text","LastModifiedDate":1.573241285822E9,"Name":"/openstax-aws-ruby-secrets/secrets-dsl-spec/main/for_shared_substitution","Type":"String","Value":"howdy
        y''all","Version":1},{"ARN":"arn:aws:ssm:us-east-2:373045849756:parameter/openstax-aws-ruby-secrets/secrets-dsl-spec/main/interpolated","DataType":"text","LastModifiedDate":1.573241285447E9,"Name":"/openstax-aws-ruby-secrets/secrets-dsl-spec/main/interpolated","Type":"String","Value":"https://something-deployment-specific","Version":1},{"ARN":"arn:aws:ssm:us-east-2:373045849756:parameter/openstax-aws-ruby-secrets/secrets-dsl-spec/main/more_secrets","DataType":"text","LastModifiedDate":1.573241286206E9,"Name":"/openstax-aws-ruby-secrets/secrets-dsl-spec/main/more_secrets","Type":"String","Value":"foo","Version":1},{"ARN":"arn:aws:ssm:us-east-2:373045849756:parameter/openstax-aws-ruby-secrets/secrets-dsl-spec/main/random","DataType":"text","LastModifiedDate":1.573241285079E9,"Name":"/openstax-aws-ruby-secrets/secrets-dsl-spec/main/random","Type":"String","Value":"dbaf","Version":1}]}'
    http_version: 
  recorded_at: Fri, 08 Nov 2019 19:28:36 GMT
- request:
    method: post
    uri: https://ssm.us-east-2.amazonaws.com/
    body:
      encoding: UTF-8
      string: '{"Names":["/openstax-aws-ruby-secrets/secrets-dsl-spec/main/content_key","/openstax-aws-ruby-secrets/secrets-dsl-spec/main/for_shared_substitution","/openstax-aws-ruby-secrets/secrets-dsl-spec/main/interpolated","/openstax-aws-ruby-secrets/secrets-dsl-spec/main/more_secrets","/openstax-aws-ruby-secrets/secrets-dsl-spec/main/random"]}'
    headers:
      Content-Type:
      - application/x-amz-json-1.1
      Accept-Encoding:
      - ''
      User-Agent:
      - aws-sdk-ruby3/3.52.0 ruby/2.5.0 x86_64-darwin17 aws-sdk-ssm/1.45.0
      X-Amz-Target:
      - AmazonSSM.DeleteParameters
      Host:
      - ssm.us-east-2.amazonaws.com
      X-Amz-Date:
      - 20191108T192836Z
      X-Amz-Content-Sha256:
      - 9eae29c9a9c93edd7d56bcefe36da0f52736679f0b9c2a53c303ff22e0e49d30
      Authorization:
      - AWS4-HMAC-SHA256 Credential=AWS_ACCESS_KEY_ID/20191108/us-east-2/ssm/aws4_request,
        SignedHeaders=content-type;host;x-amz-content-sha256;x-amz-date;x-amz-target,
        Signature=<SignatureValue>
      Content-Length:
      - '335'
      Accept:
      - "*/*"
  response:
    status:
      code: 200
      message: OK
    headers:
      X-Amzn-Requestid:
      - 4e2e62a5-2067-4db6-99f3-97d5969f8f0e
      Content-Type:
      - application/x-amz-json-1.1
      Content-Length:
      - '370'
      Date:
      - Fri, 08 Nov 2019 19:28:36 GMT
    body:
      encoding: UTF-8
      string: '{"DeletedParameters":["/openstax-aws-ruby-secrets/secrets-dsl-spec/main/content_key","/openstax-aws-ruby-secrets/secrets-dsl-spec/main/for_shared_substitution","/openstax-aws-ruby-secrets/secrets-dsl-spec/main/interpolated","/openstax-aws-ruby-secrets/secrets-dsl-spec/main/more_secrets","/openstax-aws-ruby-secrets/secrets-dsl-spec/main/random"],"InvalidParameters":[]}'
    http_version: 
  recorded_at: Fri, 08 Nov 2019 19:28:37 GMT
- request:
    method: post
    uri: https://ssm.us-east-2.amazonaws.com/
    body:
      encoding: UTF-8
      string: '{"Path":"/openstax-aws-ruby-secrets/secrets-dsl-spec/main","Recursive":true,"WithDecryption":true}'
    headers:
      Content-Type:
      - application/x-amz-json-1.1
      Accept-Encoding:
      - ''
      User-Agent:
      - aws-sdk-ruby3/3.52.0 ruby/2.5.0 x86_64-darwin17 aws-sdk-ssm/1.45.0
      X-Amz-Target:
      - AmazonSSM.GetParametersByPath
      Host:
      - ssm.us-east-2.amazonaws.com
      X-Amz-Date:
      - 20191108T192837Z
      X-Amz-Content-Sha256:
      - ee4cace661067379e2c2bb2ed8207728408333532e4ed94d0165acb17ff0e2c9
      Authorization:
      - AWS4-HMAC-SHA256 Credential=AWS_ACCESS_KEY_ID/20191108/us-east-2/ssm/aws4_request,
        SignedHeaders=content-type;host;x-amz-content-sha256;x-amz-date;x-amz-target,
        Signature=<SignatureValue>
      Content-Length:
      - '98'
      Accept:
      - "*/*"
  response:
    status:
      code: 200
      message: OK
    headers:
      X-Amzn-Requestid:
      - 64e5658a-c419-4886-a855-ea618b8b4b95
      Content-Type:
      - application/x-amz-json-1.1
      Content-Length:
      - '1507'
      Date:
      - Fri, 08 Nov 2019 19:28:36 GMT
    body:
      encoding: UTF-8
      string: '{"Parameters":[{"ARN":"arn:aws:ssm:us-east-2:373045849756:parameter/openstax-aws-ruby-secrets/secrets-dsl-spec/main/content_key","DataType":"text","LastModifiedDate":1.57324128473E9,"Name":"/openstax-aws-ruby-secrets/secrets-dsl-spec/main/content_key","Type":"String","Value":"something-deployment-specific","Version":1},{"ARN":"arn:aws:ssm:us-east-2:373045849756:parameter/openstax-aws-ruby-secrets/secrets-dsl-spec/main/for_shared_substitution","DataType":"text","LastModifiedDate":1.573241285822E9,"Name":"/openstax-aws-ruby-secrets/secrets-dsl-spec/main/for_shared_substitution","Type":"String","Value":"howdy
        y''all","Version":1},{"ARN":"arn:aws:ssm:us-east-2:373045849756:parameter/openstax-aws-ruby-secrets/secrets-dsl-spec/main/interpolated","DataType":"text","LastModifiedDate":1.573241285447E9,"Name":"/openstax-aws-ruby-secrets/secrets-dsl-spec/main/interpolated","Type":"String","Value":"https://something-deployment-specific","Version":1},{"ARN":"arn:aws:ssm:us-east-2:373045849756:parameter/openstax-aws-ruby-secrets/secrets-dsl-spec/main/more_secrets","DataType":"text","LastModifiedDate":1.573241286206E9,"Name":"/openstax-aws-ruby-secrets/secrets-dsl-spec/main/more_secrets","Type":"String","Value":"foo","Version":1},{"ARN":"arn:aws:ssm:us-east-2:373045849756:parameter/openstax-aws-ruby-secrets/secrets-dsl-spec/main/random","DataType":"text","LastModifiedDate":1.573241285079E9,"Name":"/openstax-aws-ruby-secrets/secrets-dsl-spec/main/random","Type":"String","Value":"dbaf","Version":1}]}'
    http_version: 
  recorded_at: Fri, 08 Nov 2019 19:28:37 GMT
- request:
    method: post
    uri: https://ssm.us-east-2.amazonaws.com/
    body:
      encoding: UTF-8
      string: '{"Names":["/openstax-aws-ruby-secrets/secrets-dsl-spec/main/content_key","/openstax-aws-ruby-secrets/secrets-dsl-spec/main/for_shared_substitution","/openstax-aws-ruby-secrets/secrets-dsl-spec/main/interpolated","/openstax-aws-ruby-secrets/secrets-dsl-spec/main/more_secrets","/openstax-aws-ruby-secrets/secrets-dsl-spec/main/random"]}'
    headers:
      Content-Type:
      - application/x-amz-json-1.1
      Accept-Encoding:
      - ''
      User-Agent:
      - aws-sdk-ruby3/3.52.0 ruby/2.5.0 x86_64-darwin17 aws-sdk-ssm/1.45.0
      X-Amz-Target:
      - AmazonSSM.DeleteParameters
      Host:
      - ssm.us-east-2.amazonaws.com
      X-Amz-Date:
      - 20191108T192837Z
      X-Amz-Content-Sha256:
      - 9eae29c9a9c93edd7d56bcefe36da0f52736679f0b9c2a53c303ff22e0e49d30
      Authorization:
      - AWS4-HMAC-SHA256 Credential=AWS_ACCESS_KEY_ID/20191108/us-east-2/ssm/aws4_request,
        SignedHeaders=content-type;host;x-amz-content-sha256;x-amz-date;x-amz-target,
        Signature=<SignatureValue>
      Content-Length:
      - '335'
      Accept:
      - "*/*"
  response:
    status:
      code: 200
      message: OK
    headers:
      X-Amzn-Requestid:
      - bfa89460-8818-4213-a223-0db9f34c3963
      Content-Type:
      - application/x-amz-json-1.1
      Content-Length:
      - '370'
      Date:
      - Fri, 08 Nov 2019 19:28:37 GMT
    body:
      encoding: UTF-8
      string: '{"DeletedParameters":[],"InvalidParameters":["/openstax-aws-ruby-secrets/secrets-dsl-spec/main/content_key","/openstax-aws-ruby-secrets/secrets-dsl-spec/main/for_shared_substitution","/openstax-aws-ruby-secrets/secrets-dsl-spec/main/interpolated","/openstax-aws-ruby-secrets/secrets-dsl-spec/main/more_secrets","/openstax-aws-ruby-secrets/secrets-dsl-spec/main/random"]}'
    http_version: 
  recorded_at: Fri, 08 Nov 2019 19:28:37 GMT
- request:
    method: post
    uri: https://cloudformation.us-east-2.amazonaws.com/
    body:
      encoding: UTF-8
      string: Action=DescribeStacks&StackName=openstax-aws-ruby-secrets-secrets-dsl-spec-main&Version=2010-05-15
    headers:
      Content-Type:
      - application/x-www-form-urlencoded; charset=utf-8
      Accept-Encoding:
      - ''
      User-Agent:
      - aws-sdk-ruby3/3.52.0 ruby/2.5.0 x86_64-darwin17 aws-sdk-cloudformation/1.20.0
      Host:
      - cloudformation.us-east-2.amazonaws.com
      X-Amz-Date:
      - 20191108T192837Z
      X-Amz-Content-Sha256:
      - bba9ab149be09911f60e83e18c4e577ef4401099a40abc92d767daf01234db21
      Authorization:
      - AWS4-HMAC-SHA256 Credential=AWS_ACCESS_KEY_ID/20191108/us-east-2/cloudformation/aws4_request,
        SignedHeaders=content-type;host;x-amz-content-sha256;x-amz-date, Signature=<SignatureValue>
      Content-Length:
      - '98'
      Accept:
      - "*/*"
  response:
    status:
      code: 200
      message: OK
    headers:
      X-Amzn-Requestid:
      - 82a3f110-b4a5-4279-85a0-13daa09dcfe7
      Content-Type:
      - text/xml
      Content-Length:
      - '1863'
      Date:
      - Fri, 08 Nov 2019 19:28:37 GMT
    body:
      encoding: UTF-8
      string: |
        <DescribeStacksResponse xmlns="http://cloudformation.amazonaws.com/doc/2010-05-15/">
          <DescribeStacksResult>
            <Stacks>
              <member>
                <Outputs>
                  <member>
                    <ExportName>openstax-aws-ruby-secrets-secrets-dsl-spec-main-BucketArn</ExportName>
                    <OutputKey>BucketArn</OutputKey>
                    <OutputValue>arn:aws:s3:::aws-ruby-spec-secrets-dsl-create</OutputValue>
                  </member>
                </Outputs>
                <CreationTime>2019-11-08T19:28:08.136Z</CreationTime>
                <NotificationARNs/>
                <StackId>arn:aws:cloudformation:us-east-2:373045849756:stack/openstax-aws-ruby-secrets-secrets-dsl-spec-main/e45f8220-025d-11ea-be41-064e3beebd9c</StackId>
                <StackName>openstax-aws-ruby-secrets-secrets-dsl-spec-main</StackName>
                <Description>Secrets DSL spec
        </Description>
                <StackStatus>CREATE_COMPLETE</StackStatus>
                <DisableRollback>false</DisableRollback>
                <Tags/>
                <RollbackConfiguration/>
                <DriftInformation>
                  <StackDriftStatus>NOT_CHECKED</StackDriftStatus>
                </DriftInformation>
                <EnableTerminationProtection>false</EnableTerminationProtection>
                <Parameters>
                  <member>
                    <ParameterKey>BucketName</ParameterKey>
                    <ParameterValue>aws-ruby-spec-secrets-dsl-create</ParameterValue>
                  </member>
                  <member>
                    <ParameterKey>CycleIfDifferent</ParameterKey>
                    <ParameterValue/>
                  </member>
                  <member>
                    <ParameterKey>SomeSha</ParameterKey>
                    <ParameterValue>1b2ebfd91dd9fb34d58c834cbb70a21c6479ba8e</ParameterValue>
                  </member>
                </Parameters>
              </member>
            </Stacks>
          </DescribeStacksResult>
          <ResponseMetadata>
            <RequestId>82a3f110-b4a5-4279-85a0-13daa09dcfe7</RequestId>
          </ResponseMetadata>
        </DescribeStacksResponse>
    http_version: 
  recorded_at: Fri, 08 Nov 2019 19:28:38 GMT
- request:
    method: post
    uri: https://cloudformation.us-east-2.amazonaws.com/
    body:
      encoding: UTF-8
      string: Action=DeleteStack&StackName=openstax-aws-ruby-secrets-secrets-dsl-spec-main&Version=2010-05-15
    headers:
      Content-Type:
      - application/x-www-form-urlencoded; charset=utf-8
      Accept-Encoding:
      - ''
      User-Agent:
      - aws-sdk-ruby3/3.52.0 ruby/2.5.0 x86_64-darwin17 aws-sdk-cloudformation/1.20.0
      Host:
      - cloudformation.us-east-2.amazonaws.com
      X-Amz-Date:
      - 20191108T192838Z
      X-Amz-Content-Sha256:
      - a5000bf791a40989964ea0e8de9c3104f1c1bb65e6267d7cc59c4bcec8b9f3d4
      Authorization:
      - AWS4-HMAC-SHA256 Credential=AWS_ACCESS_KEY_ID/20191108/us-east-2/cloudformation/aws4_request,
        SignedHeaders=content-type;host;x-amz-content-sha256;x-amz-date, Signature=<SignatureValue>
      Content-Length:
      - '95'
      Accept:
      - "*/*"
  response:
    status:
      code: 200
      message: OK
    headers:
      X-Amzn-Requestid:
      - d2957b9e-d96a-4dbf-962e-9a2c7d941739
      Content-Type:
      - text/xml
      Content-Length:
      - '212'
      Date:
      - Fri, 08 Nov 2019 19:28:38 GMT
    body:
      encoding: UTF-8
      string: |
        <DeleteStackResponse xmlns="http://cloudformation.amazonaws.com/doc/2010-05-15/">
          <ResponseMetadata>
            <RequestId>d2957b9e-d96a-4dbf-962e-9a2c7d941739</RequestId>
          </ResponseMetadata>
        </DeleteStackResponse>
    http_version: 
  recorded_at: Fri, 08 Nov 2019 19:28:38 GMT
- request:
    method: post
    uri: https://cloudformation.us-east-2.amazonaws.com/
    body:
      encoding: UTF-8
      string: Action=DescribeStacks&StackName=openstax-aws-ruby-secrets-secrets-dsl-spec-main&Version=2010-05-15
    headers:
      Content-Type:
      - application/x-www-form-urlencoded; charset=utf-8
      Accept-Encoding:
      - ''
      User-Agent:
      - aws-sdk-ruby3/3.52.0 ruby/2.5.0 x86_64-darwin17 aws-sdk-cloudformation/1.20.0
      Host:
      - cloudformation.us-east-2.amazonaws.com
      X-Amz-Date:
      - 20191108T192838Z
      X-Amz-Content-Sha256:
      - bba9ab149be09911f60e83e18c4e577ef4401099a40abc92d767daf01234db21
      Authorization:
      - AWS4-HMAC-SHA256 Credential=AWS_ACCESS_KEY_ID/20191108/us-east-2/cloudformation/aws4_request,
        SignedHeaders=content-type;host;x-amz-content-sha256;x-amz-date, Signature=<SignatureValue>
      Content-Length:
      - '98'
      Accept:
      - "*/*"
  response:
    status:
      code: 200
      message: OK
    headers:
      X-Amzn-Requestid:
      - bab62119-a02c-42d8-af9f-874dc719b5fb
      Content-Type:
      - text/xml
      Content-Length:
      - '1928'
      Date:
      - Fri, 08 Nov 2019 19:28:38 GMT
    body:
      encoding: UTF-8
      string: |
        <DescribeStacksResponse xmlns="http://cloudformation.amazonaws.com/doc/2010-05-15/">
          <DescribeStacksResult>
            <Stacks>
              <member>
                <Outputs>
                  <member>
                    <ExportName>openstax-aws-ruby-secrets-secrets-dsl-spec-main-BucketArn</ExportName>
                    <OutputKey>BucketArn</OutputKey>
                    <OutputValue>arn:aws:s3:::aws-ruby-spec-secrets-dsl-create</OutputValue>
                  </member>
                </Outputs>
                <CreationTime>2019-11-08T19:28:08.136Z</CreationTime>
                <NotificationARNs/>
                <StackId>arn:aws:cloudformation:us-east-2:373045849756:stack/openstax-aws-ruby-secrets-secrets-dsl-spec-main/e45f8220-025d-11ea-be41-064e3beebd9c</StackId>
                <StackName>openstax-aws-ruby-secrets-secrets-dsl-spec-main</StackName>
                <Description>Secrets DSL spec
        </Description>
                <StackStatus>DELETE_IN_PROGRESS</StackStatus>
                <DeletionTime>2019-11-08T19:28:38.796Z</DeletionTime>
                <DisableRollback>false</DisableRollback>
                <Tags/>
                <RollbackConfiguration/>
                <DriftInformation>
                  <StackDriftStatus>NOT_CHECKED</StackDriftStatus>
                </DriftInformation>
                <EnableTerminationProtection>false</EnableTerminationProtection>
                <Parameters>
                  <member>
                    <ParameterKey>BucketName</ParameterKey>
                    <ParameterValue>aws-ruby-spec-secrets-dsl-create</ParameterValue>
                  </member>
                  <member>
                    <ParameterKey>CycleIfDifferent</ParameterKey>
                    <ParameterValue/>
                  </member>
                  <member>
                    <ParameterKey>SomeSha</ParameterKey>
                    <ParameterValue>1b2ebfd91dd9fb34d58c834cbb70a21c6479ba8e</ParameterValue>
                  </member>
                </Parameters>
              </member>
            </Stacks>
          </DescribeStacksResult>
          <ResponseMetadata>
            <RequestId>bab62119-a02c-42d8-af9f-874dc719b5fb</RequestId>
          </ResponseMetadata>
        </DescribeStacksResponse>
    http_version: 
  recorded_at: Fri, 08 Nov 2019 19:28:39 GMT
- request:
    method: post
    uri: https://cloudformation.us-east-2.amazonaws.com/
    body:
      encoding: UTF-8
      string: Action=DescribeStacks&StackName=openstax-aws-ruby-secrets-secrets-dsl-spec-main&Version=2010-05-15
    headers:
      Content-Type:
      - application/x-www-form-urlencoded; charset=utf-8
      Accept-Encoding:
      - ''
      User-Agent:
      - aws-sdk-ruby3/3.52.0 ruby/2.5.0 x86_64-darwin17 aws-sdk-cloudformation/1.20.0
      Host:
      - cloudformation.us-east-2.amazonaws.com
      X-Amz-Date:
      - 20191108T192839Z
      X-Amz-Content-Sha256:
      - bba9ab149be09911f60e83e18c4e577ef4401099a40abc92d767daf01234db21
      Authorization:
      - AWS4-HMAC-SHA256 Credential=AWS_ACCESS_KEY_ID/20191108/us-east-2/cloudformation/aws4_request,
        SignedHeaders=content-type;host;x-amz-content-sha256;x-amz-date, Signature=<SignatureValue>
      Content-Length:
      - '98'
      Accept:
      - "*/*"
  response:
    status:
      code: 200
      message: OK
    headers:
      X-Amzn-Requestid:
      - 4671b943-a46d-4129-be79-c7e6f6bb2755
      Content-Type:
      - text/xml
      Content-Length:
      - '1928'
      Date:
      - Fri, 08 Nov 2019 19:28:39 GMT
    body:
      encoding: UTF-8
      string: |
        <DescribeStacksResponse xmlns="http://cloudformation.amazonaws.com/doc/2010-05-15/">
          <DescribeStacksResult>
            <Stacks>
              <member>
                <Outputs>
                  <member>
                    <ExportName>openstax-aws-ruby-secrets-secrets-dsl-spec-main-BucketArn</ExportName>
                    <OutputKey>BucketArn</OutputKey>
                    <OutputValue>arn:aws:s3:::aws-ruby-spec-secrets-dsl-create</OutputValue>
                  </member>
                </Outputs>
                <CreationTime>2019-11-08T19:28:08.136Z</CreationTime>
                <NotificationARNs/>
                <StackId>arn:aws:cloudformation:us-east-2:373045849756:stack/openstax-aws-ruby-secrets-secrets-dsl-spec-main/e45f8220-025d-11ea-be41-064e3beebd9c</StackId>
                <StackName>openstax-aws-ruby-secrets-secrets-dsl-spec-main</StackName>
                <Description>Secrets DSL spec
        </Description>
                <StackStatus>DELETE_IN_PROGRESS</StackStatus>
                <DeletionTime>2019-11-08T19:28:38.796Z</DeletionTime>
                <DisableRollback>false</DisableRollback>
                <Tags/>
                <RollbackConfiguration/>
                <DriftInformation>
                  <StackDriftStatus>NOT_CHECKED</StackDriftStatus>
                </DriftInformation>
                <EnableTerminationProtection>false</EnableTerminationProtection>
                <Parameters>
                  <member>
                    <ParameterKey>BucketName</ParameterKey>
                    <ParameterValue>aws-ruby-spec-secrets-dsl-create</ParameterValue>
                  </member>
                  <member>
                    <ParameterKey>CycleIfDifferent</ParameterKey>
                    <ParameterValue/>
                  </member>
                  <member>
                    <ParameterKey>SomeSha</ParameterKey>
                    <ParameterValue>1b2ebfd91dd9fb34d58c834cbb70a21c6479ba8e</ParameterValue>
                  </member>
                </Parameters>
              </member>
            </Stacks>
          </DescribeStacksResult>
          <ResponseMetadata>
            <RequestId>4671b943-a46d-4129-be79-c7e6f6bb2755</RequestId>
          </ResponseMetadata>
        </DescribeStacksResponse>
    http_version: 
  recorded_at: Fri, 08 Nov 2019 19:28:39 GMT
- request:
    method: post
    uri: https://cloudformation.us-east-2.amazonaws.com/
    body:
      encoding: UTF-8
      string: Action=DescribeStacks&StackName=openstax-aws-ruby-secrets-secrets-dsl-spec-main&Version=2010-05-15
    headers:
      Content-Type:
      - application/x-www-form-urlencoded; charset=utf-8
      Accept-Encoding:
      - ''
      User-Agent:
      - aws-sdk-ruby3/3.52.0 ruby/2.5.0 x86_64-darwin17 aws-sdk-cloudformation/1.20.0
      Host:
      - cloudformation.us-east-2.amazonaws.com
      X-Amz-Date:
      - 20191108T192844Z
      X-Amz-Content-Sha256:
      - bba9ab149be09911f60e83e18c4e577ef4401099a40abc92d767daf01234db21
      Authorization:
      - AWS4-HMAC-SHA256 Credential=AWS_ACCESS_KEY_ID/20191108/us-east-2/cloudformation/aws4_request,
        SignedHeaders=content-type;host;x-amz-content-sha256;x-amz-date, Signature=<SignatureValue>
      Content-Length:
      - '98'
      Accept:
      - "*/*"
  response:
    status:
      code: 400
      message: Bad Request
    headers:
      X-Amzn-Requestid:
      - 3b9681d3-a4ef-41f3-bfad-e76ff24844e0
      Content-Type:
      - text/xml
      Content-Length:
      - '333'
      Date:
      - Fri, 08 Nov 2019 19:28:44 GMT
      Connection:
      - close
    body:
      encoding: UTF-8
      string: |
        <ErrorResponse xmlns="http://cloudformation.amazonaws.com/doc/2010-05-15/">
          <Error>
            <Type>Sender</Type>
            <Code>ValidationError</Code>
            <Message>Stack with id openstax-aws-ruby-secrets-secrets-dsl-spec-main does not exist</Message>
          </Error>
          <RequestId>3b9681d3-a4ef-41f3-bfad-e76ff24844e0</RequestId>
        </ErrorResponse>
    http_version: 
  recorded_at: Fri, 08 Nov 2019 19:28:44 GMT
- request:
    method: post
    uri: https://ssm.us-east-2.amazonaws.com/
    body:
      encoding: UTF-8
      string: '{"Path":"/openstax-aws-ruby-secrets/secrets-dsl-spec/main","Recursive":true,"WithDecryption":true}'
    headers:
      Content-Type:
      - application/x-amz-json-1.1
      Accept-Encoding:
      - ''
      User-Agent:
      - aws-sdk-ruby3/3.52.0 ruby/2.5.0 x86_64-darwin17 aws-sdk-ssm/1.45.0
      X-Amz-Target:
      - AmazonSSM.GetParametersByPath
      Host:
      - ssm.us-east-2.amazonaws.com
      X-Amz-Date:
      - 20191108T192844Z
      X-Amz-Content-Sha256:
      - ee4cace661067379e2c2bb2ed8207728408333532e4ed94d0165acb17ff0e2c9
      Authorization:
      - AWS4-HMAC-SHA256 Credential=AWS_ACCESS_KEY_ID/20191108/us-east-2/ssm/aws4_request,
        SignedHeaders=content-type;host;x-amz-content-sha256;x-amz-date;x-amz-target,
        Signature=<SignatureValue>
      Content-Length:
      - '98'
      Accept:
      - "*/*"
  response:
    status:
      code: 200
      message: OK
    headers:
      X-Amzn-Requestid:
      - 2f813776-1177-40b2-9f64-5b72b5adbf26
      Content-Type:
      - application/x-amz-json-1.1
      Content-Length:
      - '17'
      Date:
      - Fri, 08 Nov 2019 19:28:44 GMT
    body:
      encoding: UTF-8
      string: '{"Parameters":[]}'
    http_version: 
  recorded_at: Fri, 08 Nov 2019 19:28:45 GMT
recorded_with: VCR 4.0.0
