---
http_interactions:
- request:
    method: get
    uri: https://raw.githubusercontent.com/openstax/aws-ruby/1b2ebfd91dd9fb34d58c834cbb70a21c6479ba8e/spec/support/secrets_dsl/secrets.yml
    body:
      encoding: US-ASCII
      string: ''
    headers:
      Accept-Encoding:
      - gzip;q=1.0,deflate;q=0.6,identity;q=0.3
      Accept:
      - "*/*"
      User-Agent:
      - Ruby
  response:
    status:
      code: 200
      message: OK
    headers:
      Connection:
      - keep-alive
      Content-Length:
      - '129'
      Cache-Control:
      - max-age=300
      Content-Security-Policy:
      - default-src 'none'; style-src 'unsafe-inline'; sandbox
      Content-Type:
      - text/plain; charset=utf-8
      Etag:
      - W/"c389fab04d22358a1912ffe1fb36ebd06b07b4ec3967278c81fbf4e3b0bd8e5c"
      Strict-Transport-Security:
      - max-age=31536000
      X-Content-Type-Options:
      - nosniff
      X-Frame-Options:
      - deny
      X-Xss-Protection:
      - 1; mode=block
      X-Github-Request-Id:
      - 4624:4A7A:2E96A:8C872:62A3A1B9
      Accept-Ranges:
      - bytes
      Date:
      - Fri, 10 Jun 2022 19:56:21 GMT
      Via:
      - 1.1 varnish
      X-Served-By:
      - cache-iah17267-IAH
      X-Cache:
      - HIT
      X-Cache-Hits:
      - '1'
      X-Timer:
      - S1654890981.059386,VS0,VE1
      Vary:
      - Authorization,Accept-Encoding,Origin
      Access-Control-Allow-Origin:
      - "*"
      X-Fastly-Request-Id:
      - 8d4aaeb42c2070ee5077afa98bd5305d1f8940cd
      Expires:
      - Fri, 10 Jun 2022 20:01:21 GMT
      Source-Age:
      - '44'
    body:
      encoding: ASCII-8BIT
      string: |
        production:
          random: random(hex,4)
          interpolated: "https://{{ domain }}"
          for_shared_substitution: "howdy {{ shared_value }}"
  recorded_at: Fri, 10 Jun 2022 19:56:21 GMT
- request:
    method: post
    uri: https://ssm.us-east-2.amazonaws.com/
    body:
      encoding: UTF-8
      string: '{"Name":"/openstax-aws-ruby-secrets/secrets-dsl-spec/main/content_key","Value":"something-deployment-specific","Type":"SecureString","Overwrite":true}'
    headers:
      Accept-Encoding:
      - ''
      User-Agent:
      - aws-sdk-ruby3/3.127.0 ruby/2.7.2 x86_64-darwin20 aws-sdk-ssm/1.126.0
      Content-Type:
      - application/x-amz-json-1.1
      X-Amz-Target:
      - AmazonSSM.PutParameter
      Host:
      - ssm.us-east-2.amazonaws.com
      X-Amz-Date:
      - 20220610T195621Z
      X-Amz-Security-Token:
      - AWS_SESSION_TOKEN
      X-Amz-Content-Sha256:
      - 2eae8d47b80f555ae55173ad4e85de1c0393d0bc2019fcc66f2acbc864f1ff5e
      Authorization:
      - AWS4-HMAC-SHA256 Credential=AWS_ACCESS_KEY_ID/20220610/us-east-2/ssm/aws4_request,
        SignedHeaders=content-type;host;x-amz-content-sha256;x-amz-date;x-amz-security-token;x-amz-target,
        Signature=<SignatureValue>
      Content-Length:
      - '150'
      Accept:
      - "*/*"
  response:
    status:
      code: 200
      message: OK
    headers:
      Server:
      - Server
      Date:
      - Fri, 10 Jun 2022 19:56:21 GMT
      Content-Type:
      - application/x-amz-json-1.1
      Content-Length:
      - '31'
      Connection:
      - keep-alive
      X-Amzn-Requestid:
      - 9d4969d1-4f36-495e-8491-63c73b6a792b
    body:
      encoding: UTF-8
      string: '{"Tier":"Standard","Version":1}'
  recorded_at: Fri, 10 Jun 2022 19:56:21 GMT
- request:
    method: post
    uri: https://ssm.us-east-2.amazonaws.com/
    body:
      encoding: UTF-8
      string: '{"Name":"/openstax-aws-ruby-secrets/secrets-dsl-spec/main/random","Value":"4a04","Type":"SecureString","Description":"Generated
        with random(hex,4)","Overwrite":true}'
    headers:
      Accept-Encoding:
      - ''
      User-Agent:
      - aws-sdk-ruby3/3.127.0 ruby/2.7.2 x86_64-darwin20 aws-sdk-ssm/1.126.0
      Content-Type:
      - application/x-amz-json-1.1
      X-Amz-Target:
      - AmazonSSM.PutParameter
      Host:
      - ssm.us-east-2.amazonaws.com
      X-Amz-Date:
      - 20220610T195621Z
      X-Amz-Security-Token:
      - AWS_SESSION_TOKEN
      X-Amz-Content-Sha256:
      - 4345e90be288f5f221ee0613262920ef9a781495c9410c69bbf58923f24d3b59
      Authorization:
      - AWS4-HMAC-SHA256 Credential=AWS_ACCESS_KEY_ID/20220610/us-east-2/ssm/aws4_request,
        SignedHeaders=content-type;host;x-amz-content-sha256;x-amz-date;x-amz-security-token;x-amz-target,
        Signature=<SignatureValue>
      Content-Length:
      - '165'
      Accept:
      - "*/*"
  response:
    status:
      code: 200
      message: OK
    headers:
      Server:
      - Server
      Date:
      - Fri, 10 Jun 2022 19:56:21 GMT
      Content-Type:
      - application/x-amz-json-1.1
      Content-Length:
      - '31'
      Connection:
      - keep-alive
      X-Amzn-Requestid:
      - a116c078-50e7-4451-8387-b439fe3e7f67
    body:
      encoding: UTF-8
      string: '{"Tier":"Standard","Version":1}'
  recorded_at: Fri, 10 Jun 2022 19:56:21 GMT
- request:
    method: post
    uri: https://ssm.us-east-2.amazonaws.com/
    body:
      encoding: UTF-8
      string: '{"Name":"/openstax-aws-ruby-secrets/secrets-dsl-spec/main/interpolated","Value":"https://something-deployment-specific","Type":"SecureString","Overwrite":true}'
    headers:
      Accept-Encoding:
      - ''
      User-Agent:
      - aws-sdk-ruby3/3.127.0 ruby/2.7.2 x86_64-darwin20 aws-sdk-ssm/1.126.0
      Content-Type:
      - application/x-amz-json-1.1
      X-Amz-Target:
      - AmazonSSM.PutParameter
      Host:
      - ssm.us-east-2.amazonaws.com
      X-Amz-Date:
      - 20220610T195621Z
      X-Amz-Security-Token:
      - AWS_SESSION_TOKEN
      X-Amz-Content-Sha256:
      - a5fab8de52457c9f761f5235948505d7496b48185e7d46ec4f2b27acdb0b6a35
      Authorization:
      - AWS4-HMAC-SHA256 Credential=AWS_ACCESS_KEY_ID/20220610/us-east-2/ssm/aws4_request,
        SignedHeaders=content-type;host;x-amz-content-sha256;x-amz-date;x-amz-security-token;x-amz-target,
        Signature=<SignatureValue>
      Content-Length:
      - '159'
      Accept:
      - "*/*"
  response:
    status:
      code: 200
      message: OK
    headers:
      Server:
      - Server
      Date:
      - Fri, 10 Jun 2022 19:56:21 GMT
      Content-Type:
      - application/x-amz-json-1.1
      Content-Length:
      - '31'
      Connection:
      - keep-alive
      X-Amzn-Requestid:
      - a6709df2-7a54-4a71-bd3d-b4b44109151c
    body:
      encoding: UTF-8
      string: '{"Tier":"Standard","Version":1}'
  recorded_at: Fri, 10 Jun 2022 19:56:22 GMT
- request:
    method: post
    uri: https://ssm.us-east-2.amazonaws.com/
    body:
      encoding: UTF-8
      string: '{"Name":"/openstax-aws-ruby-secrets/secrets-dsl-spec/main/for_shared_substitution","Value":"howdy
        y''all","Type":"SecureString","Overwrite":true}'
    headers:
      Accept-Encoding:
      - ''
      User-Agent:
      - aws-sdk-ruby3/3.127.0 ruby/2.7.2 x86_64-darwin20 aws-sdk-ssm/1.126.0
      Content-Type:
      - application/x-amz-json-1.1
      X-Amz-Target:
      - AmazonSSM.PutParameter
      Host:
      - ssm.us-east-2.amazonaws.com
      X-Amz-Date:
      - 20220610T195622Z
      X-Amz-Security-Token:
      - AWS_SESSION_TOKEN
      X-Amz-Content-Sha256:
      - 813c091e290ff0c48abdcbd1e62bceed774686bfc81633db2e7c6e18589bb503
      Authorization:
      - AWS4-HMAC-SHA256 Credential=AWS_ACCESS_KEY_ID/20220610/us-east-2/ssm/aws4_request,
        SignedHeaders=content-type;host;x-amz-content-sha256;x-amz-date;x-amz-security-token;x-amz-target,
        Signature=<SignatureValue>
      Content-Length:
      - '144'
      Accept:
      - "*/*"
  response:
    status:
      code: 200
      message: OK
    headers:
      Server:
      - Server
      Date:
      - Fri, 10 Jun 2022 19:56:22 GMT
      Content-Type:
      - application/x-amz-json-1.1
      Content-Length:
      - '31'
      Connection:
      - keep-alive
      X-Amzn-Requestid:
      - f03e7059-9b5f-41ef-8f0f-5a5de48830c7
    body:
      encoding: UTF-8
      string: '{"Tier":"Standard","Version":1}'
  recorded_at: Fri, 10 Jun 2022 19:56:22 GMT
- request:
    method: post
    uri: https://ssm.us-east-2.amazonaws.com/
    body:
      encoding: UTF-8
      string: '{"Name":"/openstax-aws-ruby-secrets/secrets-dsl-spec/main/more_secrets","Value":"foo","Type":"SecureString","Overwrite":true}'
    headers:
      Accept-Encoding:
      - ''
      User-Agent:
      - aws-sdk-ruby3/3.127.0 ruby/2.7.2 x86_64-darwin20 aws-sdk-ssm/1.126.0
      Content-Type:
      - application/x-amz-json-1.1
      X-Amz-Target:
      - AmazonSSM.PutParameter
      Host:
      - ssm.us-east-2.amazonaws.com
      X-Amz-Date:
      - 20220610T195622Z
      X-Amz-Security-Token:
      - AWS_SESSION_TOKEN
      X-Amz-Content-Sha256:
      - 93b58d317eed10eecac176ef77fc0be3ba01c0717973bd69034e11a6a1e10f44
      Authorization:
      - AWS4-HMAC-SHA256 Credential=AWS_ACCESS_KEY_ID/20220610/us-east-2/ssm/aws4_request,
        SignedHeaders=content-type;host;x-amz-content-sha256;x-amz-date;x-amz-security-token;x-amz-target,
        Signature=<SignatureValue>
      Content-Length:
      - '125'
      Accept:
      - "*/*"
  response:
    status:
      code: 200
      message: OK
    headers:
      Server:
      - Server
      Date:
      - Fri, 10 Jun 2022 19:56:22 GMT
      Content-Type:
      - application/x-amz-json-1.1
      Content-Length:
      - '31'
      Connection:
      - keep-alive
      X-Amzn-Requestid:
      - f1546fcb-3d81-42dd-9a72-2010d13f7a5a
    body:
      encoding: UTF-8
      string: '{"Tier":"Standard","Version":1}'
  recorded_at: Fri, 10 Jun 2022 19:56:22 GMT
- request:
    method: post
    uri: https://cloudformation.us-west-2.amazonaws.com/
    body:
      encoding: UTF-8
      string: Action=ValidateTemplate&TemplateBody=Description%3A%20%3E%0A%20%20Secrets%20DSL%20spec%0A%0AParameters%3A%0A%0A%20%20BucketName%3A%0A%20%20%20%20Type%3A%20String%0A%0A%20%20SomeSha%3A%0A%20%20%20%20Type%3A%20String%0A%0A%20%20CycleIfDifferent%3A%0A%20%20%20%20Type%3A%20String%0A%20%20%20%20Default%3A%20%27%27%0A%0AResources%3A%0A%0A%20%20S3Bucket%3A%0A%20%20%20%20Type%3A%20AWS%3A%3AS3%3A%3ABucket%0A%20%20%20%20Properties%3A%0A%20%20%20%20%20%20BucketName%3A%20%21Ref%20%27BucketName%27%0A%20%20%20%20%20%20Tags%3A%0A%20%20%20%20%20%20-%20Key%3A%20MakeThereBeAChangeForCycleIfDifferent%0A%20%20%20%20%20%20%20%20Value%3A%20%21Ref%20%27CycleIfDifferent%27%0A%0AOutputs%3A%0A%0A%20%20BucketArn%3A%0A%20%20%20%20Value%3A%20%21GetAtt%20%27S3Bucket.Arn%27%0A%20%20%20%20Export%3A%0A%20%20%20%20%20%20Name%3A%20%21Sub%20%27%24%7BAWS%3A%3AStackName%7D-BucketArn%27%0A&Version=2010-05-15
    headers:
      Accept-Encoding:
      - ''
      User-Agent:
      - aws-sdk-ruby3/3.127.0 ruby/2.7.2 x86_64-darwin20 aws-sdk-cloudformation/1.63.0
      Content-Type:
      - application/x-www-form-urlencoded; charset=utf-8
      Host:
      - cloudformation.us-west-2.amazonaws.com
      X-Amz-Date:
      - 20220610T195622Z
      X-Amz-Security-Token:
      - AWS_SESSION_TOKEN
      X-Amz-Content-Sha256:
      - eac6bb3472ca681dfb051bc17aa1fb87e9a70cb5d5a2f3633633ea0514279640
      Authorization:
      - AWS4-HMAC-SHA256 Credential=AWS_ACCESS_KEY_ID/20220610/us-west-2/cloudformation/aws4_request,
        SignedHeaders=content-type;host;x-amz-content-sha256;x-amz-date;x-amz-security-token,
        Signature=<SignatureValue>
      Content-Length:
      - '882'
      Accept:
      - "*/*"
  response:
    status:
      code: 200
      message: OK
    headers:
      X-Amzn-Requestid:
      - bef32bd2-8638-4177-b879-09dd8b50645e
      Content-Type:
      - text/xml
      Content-Length:
      - '718'
      Date:
      - Fri, 10 Jun 2022 19:56:22 GMT
    body:
      encoding: UTF-8
      string: |
        <ValidateTemplateResponse xmlns="http://cloudformation.amazonaws.com/doc/2010-05-15/">
          <ValidateTemplateResult>
            <Description>Secrets DSL spec
        </Description>
            <Parameters>
              <member>
                <NoEcho>false</NoEcho>
                <ParameterKey>BucketName</ParameterKey>
              </member>
              <member>
                <NoEcho>false</NoEcho>
                <DefaultValue/>
                <ParameterKey>CycleIfDifferent</ParameterKey>
              </member>
              <member>
                <NoEcho>false</NoEcho>
                <ParameterKey>SomeSha</ParameterKey>
              </member>
            </Parameters>
          </ValidateTemplateResult>
          <ResponseMetadata>
            <RequestId>bef32bd2-8638-4177-b879-09dd8b50645e</RequestId>
          </ResponseMetadata>
        </ValidateTemplateResponse>
  recorded_at: Fri, 10 Jun 2022 19:56:23 GMT
- request:
    method: put
    uri: https://openstax-sandbox-cfn-templates.s3.us-west-2.amazonaws.com/cfn_templates/spec-templates/main.yml
    body:
      encoding: UTF-8
      string: |
        Description: >
          Secrets DSL spec

        Parameters:

          BucketName:
            Type: String

          SomeSha:
            Type: String

          CycleIfDifferent:
            Type: String
            Default: ''

        Resources:

          S3Bucket:
            Type: AWS::S3::Bucket
            Properties:
              BucketName: !Ref 'BucketName'
              Tags:
              - Key: MakeThereBeAChangeForCycleIfDifferent
                Value: !Ref 'CycleIfDifferent'

        Outputs:

          BucketArn:
            Value: !GetAtt 'S3Bucket.Arn'
            Export:
              Name: !Sub '${AWS::StackName}-BucketArn'
    headers:
      Accept-Encoding:
      - ''
      User-Agent:
      - aws-sdk-ruby3/3.127.0 ruby/2.7.2 x86_64-darwin20 aws-sdk-s3/1.113.0
      Expect:
      - 100-continue
      Content-Md5:
      - 8yxzLgG2B03JVM2GIHDcfw==
      Host:
      - openstax-sandbox-cfn-templates.s3.us-west-2.amazonaws.com
      X-Amz-Date:
      - 20220610T195623Z
      X-Amz-Security-Token:
      - AWS_SESSION_TOKEN
      X-Amz-Content-Sha256:
      - 64e8ada9f3320d27210e42c3d99b33b451892c68d0c964fd9e3bfff375f96cf2
      Authorization:
      - AWS4-HMAC-SHA256 Credential=AWS_ACCESS_KEY_ID/20220610/us-west-2/s3/aws4_request,
        SignedHeaders=content-md5;host;user-agent;x-amz-content-sha256;x-amz-date;x-amz-security-token,
        Signature=<SignatureValue>
      Content-Length:
      - '484'
      Accept:
      - "*/*"
  response:
    status:
      code: 200
      message: OK
    headers:
      X-Amz-Id-2:
      - 0CUvkVS7HmrfqIrzkTMdKU2RkIqfAplxqJjAeJgVDJ0MCYUpowfR8r+5cOD3F9ERJHgw8dC90dE=
      X-Amz-Request-Id:
      - 6AGZRH8TNY7FYVD9
      Date:
      - Fri, 10 Jun 2022 19:56:24 GMT
      X-Amz-Version-Id:
      - EF2NGmp0jz4aPbSCu3sy6m40.xBubrxh
      X-Amz-Server-Side-Encryption:
      - AES256
      Etag:
      - '"f32c732e01b6074dc954cd862070dc7f"'
      Server:
      - AmazonS3
      Content-Length:
      - '0'
    body:
      encoding: UTF-8
      string: ''
  recorded_at: Fri, 10 Jun 2022 19:56:23 GMT
- request:
    method: post
    uri: https://cloudformation.us-east-2.amazonaws.com/
    body:
      encoding: UTF-8
      string: Action=CreateStack&Capabilities=&EnableTerminationProtection=false&Parameters.member.1.ParameterKey=SomeSha&Parameters.member.1.ParameterValue=1b2ebfd91dd9fb34d58c834cbb70a21c6479ba8e&Parameters.member.2.ParameterKey=BucketName&Parameters.member.2.ParameterValue=aws-ruby-spec-secrets-dsl-create&StackName=openstax-aws-ruby-secrets-secrets-dsl-spec-main&Tags=&TemplateURL=https%3A%2F%2Fs3.amazonaws.com%2Fopenstax-sandbox-cfn-templates%2Fcfn_templates%2Fspec-templates%2Fmain.yml&Version=2010-05-15
    headers:
      Accept-Encoding:
      - ''
      User-Agent:
      - aws-sdk-ruby3/3.127.0 ruby/2.7.2 x86_64-darwin20 aws-sdk-cloudformation/1.63.0
      Content-Type:
      - application/x-www-form-urlencoded; charset=utf-8
      Host:
      - cloudformation.us-east-2.amazonaws.com
      X-Amz-Date:
      - 20220610T195623Z
      X-Amz-Security-Token:
      - AWS_SESSION_TOKEN
      X-Amz-Content-Sha256:
      - 29619f03bba5bd937c214c50f41a4a9e7c05fe799dbdca0df39b689dc8ba46e0
      Authorization:
      - AWS4-HMAC-SHA256 Credential=AWS_ACCESS_KEY_ID/20220610/us-east-2/cloudformation/aws4_request,
        SignedHeaders=content-type;host;x-amz-content-sha256;x-amz-date;x-amz-security-token,
        Signature=<SignatureValue>
      Content-Length:
      - '498'
      Accept:
      - "*/*"
  response:
    status:
      code: 200
      message: OK
    headers:
      X-Amzn-Requestid:
      - 8956435c-ba98-48a1-a372-a63ce5b9cfd9
      Content-Type:
      - text/xml
      Content-Length:
      - '417'
      Date:
      - Fri, 10 Jun 2022 19:56:23 GMT
    body:
      encoding: UTF-8
      string: |
        <CreateStackResponse xmlns="http://cloudformation.amazonaws.com/doc/2010-05-15/">
          <CreateStackResult>
            <StackId>arn:aws:cloudformation:us-east-2:373045849756:stack/openstax-aws-ruby-secrets-secrets-dsl-spec-main/67bd0610-e8f7-11ec-9c6e-02bdfe99e24c</StackId>
          </CreateStackResult>
          <ResponseMetadata>
            <RequestId>8956435c-ba98-48a1-a372-a63ce5b9cfd9</RequestId>
          </ResponseMetadata>
        </CreateStackResponse>
  recorded_at: Fri, 10 Jun 2022 19:56:24 GMT
- request:
    method: post
    uri: https://cloudformation.us-east-2.amazonaws.com/
    body:
      encoding: UTF-8
      string: Action=DescribeStacks&StackName=openstax-aws-ruby-secrets-secrets-dsl-spec-main&Version=2010-05-15
    headers:
      Accept-Encoding:
      - ''
      User-Agent:
      - aws-sdk-ruby3/3.127.0 ruby/2.7.2 x86_64-darwin20 aws-sdk-cloudformation/1.63.0
      Content-Type:
      - application/x-www-form-urlencoded; charset=utf-8
      Host:
      - cloudformation.us-east-2.amazonaws.com
      X-Amz-Date:
      - 20220610T195624Z
      X-Amz-Security-Token:
      - AWS_SESSION_TOKEN
      X-Amz-Content-Sha256:
      - bba9ab149be09911f60e83e18c4e577ef4401099a40abc92d767daf01234db21
      Authorization:
      - AWS4-HMAC-SHA256 Credential=AWS_ACCESS_KEY_ID/20220610/us-east-2/cloudformation/aws4_request,
        SignedHeaders=content-type;host;x-amz-content-sha256;x-amz-date;x-amz-security-token,
        Signature=<SignatureValue>
      Content-Length:
      - '98'
      Accept:
      - "*/*"
  response:
    status:
      code: 200
      message: OK
    headers:
      X-Amzn-Requestid:
      - 23af80b0-8832-4eb9-a8b8-34a588f9f8be
      Content-Type:
      - text/xml
      Content-Length:
      - '1627'
      Date:
      - Fri, 10 Jun 2022 19:56:23 GMT
    body:
      encoding: UTF-8
      string: |
        <DescribeStacksResponse xmlns="http://cloudformation.amazonaws.com/doc/2010-05-15/">
          <DescribeStacksResult>
            <Stacks>
              <member>
                <CreationTime>2022-06-10T19:56:24.182Z</CreationTime>
                <NotificationARNs/>
                <StackId>arn:aws:cloudformation:us-east-2:373045849756:stack/openstax-aws-ruby-secrets-secrets-dsl-spec-main/67bd0610-e8f7-11ec-9c6e-02bdfe99e24c</StackId>
                <StackName>openstax-aws-ruby-secrets-secrets-dsl-spec-main</StackName>
                <Description>Secrets DSL spec
        </Description>
                <StackStatus>CREATE_IN_PROGRESS</StackStatus>
                <DisableRollback>false</DisableRollback>
                <Tags/>
                <RollbackConfiguration/>
                <DriftInformation>
                  <StackDriftStatus>NOT_CHECKED</StackDriftStatus>
                </DriftInformation>
                <EnableTerminationProtection>false</EnableTerminationProtection>
                <StackStatusReason>User Initiated</StackStatusReason>
                <Parameters>
                  <member>
                    <ParameterKey>BucketName</ParameterKey>
                    <ParameterValue>aws-ruby-spec-secrets-dsl-create</ParameterValue>
                  </member>
                  <member>
                    <ParameterKey>CycleIfDifferent</ParameterKey>
                    <ParameterValue/>
                  </member>
                  <member>
                    <ParameterKey>SomeSha</ParameterKey>
                    <ParameterValue>1b2ebfd91dd9fb34d58c834cbb70a21c6479ba8e</ParameterValue>
                  </member>
                </Parameters>
              </member>
            </Stacks>
          </DescribeStacksResult>
          <ResponseMetadata>
            <RequestId>23af80b0-8832-4eb9-a8b8-34a588f9f8be</RequestId>
          </ResponseMetadata>
        </DescribeStacksResponse>
  recorded_at: Fri, 10 Jun 2022 19:56:24 GMT
- request:
    method: post
    uri: https://cloudformation.us-east-2.amazonaws.com/
    body:
      encoding: UTF-8
      string: Action=DescribeStacks&StackName=openstax-aws-ruby-secrets-secrets-dsl-spec-main&Version=2010-05-15
    headers:
      Accept-Encoding:
      - ''
      User-Agent:
      - aws-sdk-ruby3/3.127.0 ruby/2.7.2 x86_64-darwin20 aws-sdk-cloudformation/1.63.0
      Content-Type:
      - application/x-www-form-urlencoded; charset=utf-8
      Host:
      - cloudformation.us-east-2.amazonaws.com
      X-Amz-Date:
      - 20220610T195624Z
      X-Amz-Security-Token:
      - AWS_SESSION_TOKEN
      X-Amz-Content-Sha256:
      - bba9ab149be09911f60e83e18c4e577ef4401099a40abc92d767daf01234db21
      Authorization:
      - AWS4-HMAC-SHA256 Credential=AWS_ACCESS_KEY_ID/20220610/us-east-2/cloudformation/aws4_request,
        SignedHeaders=content-type;host;x-amz-content-sha256;x-amz-date;x-amz-security-token,
        Signature=<SignatureValue>
      Content-Length:
      - '98'
      Accept:
      - "*/*"
  response:
    status:
      code: 200
      message: OK
    headers:
      X-Amzn-Requestid:
      - '09954ff0-f290-4fd5-9ed6-499e183a7b92'
      Content-Type:
      - text/xml
      Content-Length:
      - '1627'
      Date:
      - Fri, 10 Jun 2022 19:56:24 GMT
    body:
      encoding: UTF-8
      string: |
        <DescribeStacksResponse xmlns="http://cloudformation.amazonaws.com/doc/2010-05-15/">
          <DescribeStacksResult>
            <Stacks>
              <member>
                <CreationTime>2022-06-10T19:56:24.182Z</CreationTime>
                <NotificationARNs/>
                <StackId>arn:aws:cloudformation:us-east-2:373045849756:stack/openstax-aws-ruby-secrets-secrets-dsl-spec-main/67bd0610-e8f7-11ec-9c6e-02bdfe99e24c</StackId>
                <StackName>openstax-aws-ruby-secrets-secrets-dsl-spec-main</StackName>
                <Description>Secrets DSL spec
        </Description>
                <StackStatus>CREATE_IN_PROGRESS</StackStatus>
                <DisableRollback>false</DisableRollback>
                <Tags/>
                <RollbackConfiguration/>
                <DriftInformation>
                  <StackDriftStatus>NOT_CHECKED</StackDriftStatus>
                </DriftInformation>
                <EnableTerminationProtection>false</EnableTerminationProtection>
                <StackStatusReason>User Initiated</StackStatusReason>
                <Parameters>
                  <member>
                    <ParameterKey>BucketName</ParameterKey>
                    <ParameterValue>aws-ruby-spec-secrets-dsl-create</ParameterValue>
                  </member>
                  <member>
                    <ParameterKey>CycleIfDifferent</ParameterKey>
                    <ParameterValue/>
                  </member>
                  <member>
                    <ParameterKey>SomeSha</ParameterKey>
                    <ParameterValue>1b2ebfd91dd9fb34d58c834cbb70a21c6479ba8e</ParameterValue>
                  </member>
                </Parameters>
              </member>
            </Stacks>
          </DescribeStacksResult>
          <ResponseMetadata>
            <RequestId>09954ff0-f290-4fd5-9ed6-499e183a7b92</RequestId>
          </ResponseMetadata>
        </DescribeStacksResponse>
  recorded_at: Fri, 10 Jun 2022 19:56:24 GMT
- request:
    method: post
    uri: https://cloudformation.us-east-2.amazonaws.com/
    body:
      encoding: UTF-8
      string: Action=DescribeStacks&StackName=openstax-aws-ruby-secrets-secrets-dsl-spec-main&Version=2010-05-15
    headers:
      Accept-Encoding:
      - ''
      User-Agent:
      - aws-sdk-ruby3/3.127.0 ruby/2.7.2 x86_64-darwin20 aws-sdk-cloudformation/1.63.0
      Content-Type:
      - application/x-www-form-urlencoded; charset=utf-8
      Host:
      - cloudformation.us-east-2.amazonaws.com
      X-Amz-Date:
      - 20220610T195629Z
      X-Amz-Security-Token:
      - AWS_SESSION_TOKEN
      X-Amz-Content-Sha256:
      - bba9ab149be09911f60e83e18c4e577ef4401099a40abc92d767daf01234db21
      Authorization:
      - AWS4-HMAC-SHA256 Credential=AWS_ACCESS_KEY_ID/20220610/us-east-2/cloudformation/aws4_request,
        SignedHeaders=content-type;host;x-amz-content-sha256;x-amz-date;x-amz-security-token,
        Signature=<SignatureValue>
      Content-Length:
      - '98'
      Accept:
      - "*/*"
  response:
    status:
      code: 200
      message: OK
    headers:
      X-Amzn-Requestid:
      - 2500ca65-2d02-4373-b0b3-9438905bf85a
      Content-Type:
      - text/xml
      Content-Length:
      - '1565'
      Date:
      - Fri, 10 Jun 2022 19:56:29 GMT
    body:
      encoding: UTF-8
      string: |
        <DescribeStacksResponse xmlns="http://cloudformation.amazonaws.com/doc/2010-05-15/">
          <DescribeStacksResult>
            <Stacks>
              <member>
                <CreationTime>2022-06-10T19:56:24.182Z</CreationTime>
                <NotificationARNs/>
                <StackId>arn:aws:cloudformation:us-east-2:373045849756:stack/openstax-aws-ruby-secrets-secrets-dsl-spec-main/67bd0610-e8f7-11ec-9c6e-02bdfe99e24c</StackId>
                <StackName>openstax-aws-ruby-secrets-secrets-dsl-spec-main</StackName>
                <Description>Secrets DSL spec
        </Description>
                <StackStatus>CREATE_IN_PROGRESS</StackStatus>
                <DisableRollback>false</DisableRollback>
                <Tags/>
                <RollbackConfiguration/>
                <DriftInformation>
                  <StackDriftStatus>NOT_CHECKED</StackDriftStatus>
                </DriftInformation>
                <EnableTerminationProtection>false</EnableTerminationProtection>
                <Parameters>
                  <member>
                    <ParameterKey>BucketName</ParameterKey>
                    <ParameterValue>aws-ruby-spec-secrets-dsl-create</ParameterValue>
                  </member>
                  <member>
                    <ParameterKey>CycleIfDifferent</ParameterKey>
                    <ParameterValue/>
                  </member>
                  <member>
                    <ParameterKey>SomeSha</ParameterKey>
                    <ParameterValue>1b2ebfd91dd9fb34d58c834cbb70a21c6479ba8e</ParameterValue>
                  </member>
                </Parameters>
              </member>
            </Stacks>
          </DescribeStacksResult>
          <ResponseMetadata>
            <RequestId>2500ca65-2d02-4373-b0b3-9438905bf85a</RequestId>
          </ResponseMetadata>
        </DescribeStacksResponse>
  recorded_at: Fri, 10 Jun 2022 19:56:29 GMT
- request:
    method: post
    uri: https://cloudformation.us-east-2.amazonaws.com/
    body:
      encoding: UTF-8
      string: Action=DescribeStacks&StackName=openstax-aws-ruby-secrets-secrets-dsl-spec-main&Version=2010-05-15
    headers:
      Accept-Encoding:
      - ''
      User-Agent:
      - aws-sdk-ruby3/3.127.0 ruby/2.7.2 x86_64-darwin20 aws-sdk-cloudformation/1.63.0
      Content-Type:
      - application/x-www-form-urlencoded; charset=utf-8
      Host:
      - cloudformation.us-east-2.amazonaws.com
      X-Amz-Date:
      - 20220610T195635Z
      X-Amz-Security-Token:
      - AWS_SESSION_TOKEN
      X-Amz-Content-Sha256:
      - bba9ab149be09911f60e83e18c4e577ef4401099a40abc92d767daf01234db21
      Authorization:
      - AWS4-HMAC-SHA256 Credential=AWS_ACCESS_KEY_ID/20220610/us-east-2/cloudformation/aws4_request,
        SignedHeaders=content-type;host;x-amz-content-sha256;x-amz-date;x-amz-security-token,
        Signature=<SignatureValue>
      Content-Length:
      - '98'
      Accept:
      - "*/*"
  response:
    status:
      code: 200
      message: OK
    headers:
      X-Amzn-Requestid:
      - bad3215c-6930-4243-b018-4f1b72e2ed45
      Content-Type:
      - text/xml
      Content-Length:
      - '1565'
      Date:
      - Fri, 10 Jun 2022 19:56:34 GMT
    body:
      encoding: UTF-8
      string: |
        <DescribeStacksResponse xmlns="http://cloudformation.amazonaws.com/doc/2010-05-15/">
          <DescribeStacksResult>
            <Stacks>
              <member>
                <CreationTime>2022-06-10T19:56:24.182Z</CreationTime>
                <NotificationARNs/>
                <StackId>arn:aws:cloudformation:us-east-2:373045849756:stack/openstax-aws-ruby-secrets-secrets-dsl-spec-main/67bd0610-e8f7-11ec-9c6e-02bdfe99e24c</StackId>
                <StackName>openstax-aws-ruby-secrets-secrets-dsl-spec-main</StackName>
                <Description>Secrets DSL spec
        </Description>
                <StackStatus>CREATE_IN_PROGRESS</StackStatus>
                <DisableRollback>false</DisableRollback>
                <Tags/>
                <RollbackConfiguration/>
                <DriftInformation>
                  <StackDriftStatus>NOT_CHECKED</StackDriftStatus>
                </DriftInformation>
                <EnableTerminationProtection>false</EnableTerminationProtection>
                <Parameters>
                  <member>
                    <ParameterKey>BucketName</ParameterKey>
                    <ParameterValue>aws-ruby-spec-secrets-dsl-create</ParameterValue>
                  </member>
                  <member>
                    <ParameterKey>CycleIfDifferent</ParameterKey>
                    <ParameterValue/>
                  </member>
                  <member>
                    <ParameterKey>SomeSha</ParameterKey>
                    <ParameterValue>1b2ebfd91dd9fb34d58c834cbb70a21c6479ba8e</ParameterValue>
                  </member>
                </Parameters>
              </member>
            </Stacks>
          </DescribeStacksResult>
          <ResponseMetadata>
            <RequestId>bad3215c-6930-4243-b018-4f1b72e2ed45</RequestId>
          </ResponseMetadata>
        </DescribeStacksResponse>
  recorded_at: Fri, 10 Jun 2022 19:56:35 GMT
- request:
    method: post
    uri: https://cloudformation.us-east-2.amazonaws.com/
    body:
      encoding: UTF-8
      string: Action=DescribeStacks&StackName=openstax-aws-ruby-secrets-secrets-dsl-spec-main&Version=2010-05-15
    headers:
      Accept-Encoding:
      - ''
      User-Agent:
      - aws-sdk-ruby3/3.127.0 ruby/2.7.2 x86_64-darwin20 aws-sdk-cloudformation/1.63.0
      Content-Type:
      - application/x-www-form-urlencoded; charset=utf-8
      Host:
      - cloudformation.us-east-2.amazonaws.com
      X-Amz-Date:
      - 20220610T195640Z
      X-Amz-Security-Token:
      - AWS_SESSION_TOKEN
      X-Amz-Content-Sha256:
      - bba9ab149be09911f60e83e18c4e577ef4401099a40abc92d767daf01234db21
      Authorization:
      - AWS4-HMAC-SHA256 Credential=AWS_ACCESS_KEY_ID/20220610/us-east-2/cloudformation/aws4_request,
        SignedHeaders=content-type;host;x-amz-content-sha256;x-amz-date;x-amz-security-token,
        Signature=<SignatureValue>
      Content-Length:
      - '98'
      Accept:
      - "*/*"
  response:
    status:
      code: 200
      message: OK
    headers:
      X-Amzn-Requestid:
      - 42b2f724-29e8-4f2e-b18d-95a6a45c43d2
      Content-Type:
      - text/xml
      Content-Length:
      - '1565'
      Date:
      - Fri, 10 Jun 2022 19:56:40 GMT
    body:
      encoding: UTF-8
      string: |
        <DescribeStacksResponse xmlns="http://cloudformation.amazonaws.com/doc/2010-05-15/">
          <DescribeStacksResult>
            <Stacks>
              <member>
                <CreationTime>2022-06-10T19:56:24.182Z</CreationTime>
                <NotificationARNs/>
                <StackId>arn:aws:cloudformation:us-east-2:373045849756:stack/openstax-aws-ruby-secrets-secrets-dsl-spec-main/67bd0610-e8f7-11ec-9c6e-02bdfe99e24c</StackId>
                <StackName>openstax-aws-ruby-secrets-secrets-dsl-spec-main</StackName>
                <Description>Secrets DSL spec
        </Description>
                <StackStatus>CREATE_IN_PROGRESS</StackStatus>
                <DisableRollback>false</DisableRollback>
                <Tags/>
                <RollbackConfiguration/>
                <DriftInformation>
                  <StackDriftStatus>NOT_CHECKED</StackDriftStatus>
                </DriftInformation>
                <EnableTerminationProtection>false</EnableTerminationProtection>
                <Parameters>
                  <member>
                    <ParameterKey>BucketName</ParameterKey>
                    <ParameterValue>aws-ruby-spec-secrets-dsl-create</ParameterValue>
                  </member>
                  <member>
                    <ParameterKey>CycleIfDifferent</ParameterKey>
                    <ParameterValue/>
                  </member>
                  <member>
                    <ParameterKey>SomeSha</ParameterKey>
                    <ParameterValue>1b2ebfd91dd9fb34d58c834cbb70a21c6479ba8e</ParameterValue>
                  </member>
                </Parameters>
              </member>
            </Stacks>
          </DescribeStacksResult>
          <ResponseMetadata>
            <RequestId>42b2f724-29e8-4f2e-b18d-95a6a45c43d2</RequestId>
          </ResponseMetadata>
        </DescribeStacksResponse>
  recorded_at: Fri, 10 Jun 2022 19:56:40 GMT
- request:
    method: post
    uri: https://cloudformation.us-east-2.amazonaws.com/
    body:
      encoding: UTF-8
      string: Action=DescribeStacks&StackName=openstax-aws-ruby-secrets-secrets-dsl-spec-main&Version=2010-05-15
    headers:
      Accept-Encoding:
      - ''
      User-Agent:
      - aws-sdk-ruby3/3.127.0 ruby/2.7.2 x86_64-darwin20 aws-sdk-cloudformation/1.63.0
      Content-Type:
      - application/x-www-form-urlencoded; charset=utf-8
      Host:
      - cloudformation.us-east-2.amazonaws.com
      X-Amz-Date:
      - 20220610T195645Z
      X-Amz-Security-Token:
      - AWS_SESSION_TOKEN
      X-Amz-Content-Sha256:
      - bba9ab149be09911f60e83e18c4e577ef4401099a40abc92d767daf01234db21
      Authorization:
      - AWS4-HMAC-SHA256 Credential=AWS_ACCESS_KEY_ID/20220610/us-east-2/cloudformation/aws4_request,
        SignedHeaders=content-type;host;x-amz-content-sha256;x-amz-date;x-amz-security-token,
        Signature=<SignatureValue>
      Content-Length:
      - '98'
      Accept:
      - "*/*"
  response:
    status:
      code: 200
      message: OK
    headers:
      X-Amzn-Requestid:
      - c162233e-35bb-4278-962c-3d669cb79809
      Content-Type:
      - text/xml
      Content-Length:
      - '1565'
      Date:
      - Fri, 10 Jun 2022 19:56:45 GMT
    body:
      encoding: UTF-8
      string: |
        <DescribeStacksResponse xmlns="http://cloudformation.amazonaws.com/doc/2010-05-15/">
          <DescribeStacksResult>
            <Stacks>
              <member>
                <CreationTime>2022-06-10T19:56:24.182Z</CreationTime>
                <NotificationARNs/>
                <StackId>arn:aws:cloudformation:us-east-2:373045849756:stack/openstax-aws-ruby-secrets-secrets-dsl-spec-main/67bd0610-e8f7-11ec-9c6e-02bdfe99e24c</StackId>
                <StackName>openstax-aws-ruby-secrets-secrets-dsl-spec-main</StackName>
                <Description>Secrets DSL spec
        </Description>
                <StackStatus>CREATE_IN_PROGRESS</StackStatus>
                <DisableRollback>false</DisableRollback>
                <Tags/>
                <RollbackConfiguration/>
                <DriftInformation>
                  <StackDriftStatus>NOT_CHECKED</StackDriftStatus>
                </DriftInformation>
                <EnableTerminationProtection>false</EnableTerminationProtection>
                <Parameters>
                  <member>
                    <ParameterKey>BucketName</ParameterKey>
                    <ParameterValue>aws-ruby-spec-secrets-dsl-create</ParameterValue>
                  </member>
                  <member>
                    <ParameterKey>CycleIfDifferent</ParameterKey>
                    <ParameterValue/>
                  </member>
                  <member>
                    <ParameterKey>SomeSha</ParameterKey>
                    <ParameterValue>1b2ebfd91dd9fb34d58c834cbb70a21c6479ba8e</ParameterValue>
                  </member>
                </Parameters>
              </member>
            </Stacks>
          </DescribeStacksResult>
          <ResponseMetadata>
            <RequestId>c162233e-35bb-4278-962c-3d669cb79809</RequestId>
          </ResponseMetadata>
        </DescribeStacksResponse>
  recorded_at: Fri, 10 Jun 2022 19:56:46 GMT
- request:
    method: post
    uri: https://cloudformation.us-east-2.amazonaws.com/
    body:
      encoding: UTF-8
      string: Action=DescribeStacks&StackName=openstax-aws-ruby-secrets-secrets-dsl-spec-main&Version=2010-05-15
    headers:
      Accept-Encoding:
      - ''
      User-Agent:
      - aws-sdk-ruby3/3.127.0 ruby/2.7.2 x86_64-darwin20 aws-sdk-cloudformation/1.63.0
      Content-Type:
      - application/x-www-form-urlencoded; charset=utf-8
      Host:
      - cloudformation.us-east-2.amazonaws.com
      X-Amz-Date:
      - 20220610T195651Z
      X-Amz-Security-Token:
      - AWS_SESSION_TOKEN
      X-Amz-Content-Sha256:
      - bba9ab149be09911f60e83e18c4e577ef4401099a40abc92d767daf01234db21
      Authorization:
      - AWS4-HMAC-SHA256 Credential=AWS_ACCESS_KEY_ID/20220610/us-east-2/cloudformation/aws4_request,
        SignedHeaders=content-type;host;x-amz-content-sha256;x-amz-date;x-amz-security-token,
        Signature=<SignatureValue>
      Content-Length:
      - '98'
      Accept:
      - "*/*"
  response:
    status:
      code: 200
      message: OK
    headers:
      X-Amzn-Requestid:
      - e853b205-2b9b-4f95-80f8-60e433ba3d47
      Content-Type:
      - text/xml
      Content-Length:
      - '1565'
      Date:
      - Fri, 10 Jun 2022 19:56:50 GMT
    body:
      encoding: UTF-8
      string: |
        <DescribeStacksResponse xmlns="http://cloudformation.amazonaws.com/doc/2010-05-15/">
          <DescribeStacksResult>
            <Stacks>
              <member>
                <CreationTime>2022-06-10T19:56:24.182Z</CreationTime>
                <NotificationARNs/>
                <StackId>arn:aws:cloudformation:us-east-2:373045849756:stack/openstax-aws-ruby-secrets-secrets-dsl-spec-main/67bd0610-e8f7-11ec-9c6e-02bdfe99e24c</StackId>
                <StackName>openstax-aws-ruby-secrets-secrets-dsl-spec-main</StackName>
                <Description>Secrets DSL spec
        </Description>
                <StackStatus>CREATE_IN_PROGRESS</StackStatus>
                <DisableRollback>false</DisableRollback>
                <Tags/>
                <RollbackConfiguration/>
                <DriftInformation>
                  <StackDriftStatus>NOT_CHECKED</StackDriftStatus>
                </DriftInformation>
                <EnableTerminationProtection>false</EnableTerminationProtection>
                <Parameters>
                  <member>
                    <ParameterKey>BucketName</ParameterKey>
                    <ParameterValue>aws-ruby-spec-secrets-dsl-create</ParameterValue>
                  </member>
                  <member>
                    <ParameterKey>CycleIfDifferent</ParameterKey>
                    <ParameterValue/>
                  </member>
                  <member>
                    <ParameterKey>SomeSha</ParameterKey>
                    <ParameterValue>1b2ebfd91dd9fb34d58c834cbb70a21c6479ba8e</ParameterValue>
                  </member>
                </Parameters>
              </member>
            </Stacks>
          </DescribeStacksResult>
          <ResponseMetadata>
            <RequestId>e853b205-2b9b-4f95-80f8-60e433ba3d47</RequestId>
          </ResponseMetadata>
        </DescribeStacksResponse>
  recorded_at: Fri, 10 Jun 2022 19:56:51 GMT
- request:
    method: post
    uri: https://cloudformation.us-east-2.amazonaws.com/
    body:
      encoding: UTF-8
      string: Action=DescribeStacks&StackName=openstax-aws-ruby-secrets-secrets-dsl-spec-main&Version=2010-05-15
    headers:
      Accept-Encoding:
      - ''
      User-Agent:
      - aws-sdk-ruby3/3.127.0 ruby/2.7.2 x86_64-darwin20 aws-sdk-cloudformation/1.63.0
      Content-Type:
      - application/x-www-form-urlencoded; charset=utf-8
      Host:
      - cloudformation.us-east-2.amazonaws.com
      X-Amz-Date:
      - 20220610T195656Z
      X-Amz-Security-Token:
      - AWS_SESSION_TOKEN
      X-Amz-Content-Sha256:
      - bba9ab149be09911f60e83e18c4e577ef4401099a40abc92d767daf01234db21
      Authorization:
      - AWS4-HMAC-SHA256 Credential=AWS_ACCESS_KEY_ID/20220610/us-east-2/cloudformation/aws4_request,
        SignedHeaders=content-type;host;x-amz-content-sha256;x-amz-date;x-amz-security-token,
        Signature=<SignatureValue>
      Content-Length:
      - '98'
      Accept:
      - "*/*"
  response:
    status:
      code: 200
      message: OK
    headers:
      X-Amzn-Requestid:
      - 65c3374e-4c44-41ba-9866-03cb66e5fa6e
      Content-Type:
      - text/xml
      Content-Length:
      - '1863'
      Date:
      - Fri, 10 Jun 2022 19:56:55 GMT
    body:
      encoding: UTF-8
      string: |
        <DescribeStacksResponse xmlns="http://cloudformation.amazonaws.com/doc/2010-05-15/">
          <DescribeStacksResult>
            <Stacks>
              <member>
                <Outputs>
                  <member>
                    <OutputKey>BucketArn</OutputKey>
                    <OutputValue>arn:aws:s3:::aws-ruby-spec-secrets-dsl-create</OutputValue>
                    <ExportName>openstax-aws-ruby-secrets-secrets-dsl-spec-main-BucketArn</ExportName>
                  </member>
                </Outputs>
                <CreationTime>2022-06-10T19:56:24.182Z</CreationTime>
                <NotificationARNs/>
                <StackId>arn:aws:cloudformation:us-east-2:373045849756:stack/openstax-aws-ruby-secrets-secrets-dsl-spec-main/67bd0610-e8f7-11ec-9c6e-02bdfe99e24c</StackId>
                <StackName>openstax-aws-ruby-secrets-secrets-dsl-spec-main</StackName>
                <Description>Secrets DSL spec
        </Description>
                <StackStatus>CREATE_COMPLETE</StackStatus>
                <DisableRollback>false</DisableRollback>
                <Tags/>
                <RollbackConfiguration/>
                <DriftInformation>
                  <StackDriftStatus>NOT_CHECKED</StackDriftStatus>
                </DriftInformation>
                <EnableTerminationProtection>false</EnableTerminationProtection>
                <Parameters>
                  <member>
                    <ParameterKey>BucketName</ParameterKey>
                    <ParameterValue>aws-ruby-spec-secrets-dsl-create</ParameterValue>
                  </member>
                  <member>
                    <ParameterKey>CycleIfDifferent</ParameterKey>
                    <ParameterValue/>
                  </member>
                  <member>
                    <ParameterKey>SomeSha</ParameterKey>
                    <ParameterValue>1b2ebfd91dd9fb34d58c834cbb70a21c6479ba8e</ParameterValue>
                  </member>
                </Parameters>
              </member>
            </Stacks>
          </DescribeStacksResult>
          <ResponseMetadata>
            <RequestId>65c3374e-4c44-41ba-9866-03cb66e5fa6e</RequestId>
          </ResponseMetadata>
        </DescribeStacksResponse>
  recorded_at: Fri, 10 Jun 2022 19:56:56 GMT
- request:
    method: post
    uri: https://cloudformation.us-east-2.amazonaws.com/
    body:
      encoding: UTF-8
      string: Action=ListStackResources&StackName=openstax-aws-ruby-secrets-secrets-dsl-spec-main&Version=2010-05-15
    headers:
      Accept-Encoding:
      - ''
      User-Agent:
      - aws-sdk-ruby3/3.127.0 ruby/2.7.2 x86_64-darwin20 aws-sdk-cloudformation/1.63.0
      Content-Type:
      - application/x-www-form-urlencoded; charset=utf-8
      Host:
      - cloudformation.us-east-2.amazonaws.com
      X-Amz-Date:
      - 20220610T195656Z
      X-Amz-Security-Token:
      - AWS_SESSION_TOKEN
      X-Amz-Content-Sha256:
      - edbfc4758b882bea4e1e21652419ff05cc8494776174914c4412ed5f72d06d8a
      Authorization:
      - AWS4-HMAC-SHA256 Credential=AWS_ACCESS_KEY_ID/20220610/us-east-2/cloudformation/aws4_request,
        SignedHeaders=content-type;host;x-amz-content-sha256;x-amz-date;x-amz-security-token,
        Signature=<SignatureValue>
      Content-Length:
      - '102'
      Accept:
      - "*/*"
  response:
    status:
      code: 200
      message: OK
    headers:
      X-Amzn-Requestid:
      - aca5f669-c5ef-4836-83ff-7563e3548cae
      Content-Type:
      - text/xml
      Content-Length:
      - '831'
      Date:
      - Fri, 10 Jun 2022 19:56:56 GMT
    body:
      encoding: UTF-8
      string: |
        <ListStackResourcesResponse xmlns="http://cloudformation.amazonaws.com/doc/2010-05-15/">
          <ListStackResourcesResult>
            <StackResourceSummaries>
              <member>
                <LastUpdatedTimestamp>2022-06-10T19:56:49.611Z</LastUpdatedTimestamp>
                <PhysicalResourceId>aws-ruby-spec-secrets-dsl-create</PhysicalResourceId>
                <ResourceStatus>CREATE_COMPLETE</ResourceStatus>
                <DriftInformation>
                  <StackResourceDriftStatus>NOT_CHECKED</StackResourceDriftStatus>
                </DriftInformation>
                <LogicalResourceId>S3Bucket</LogicalResourceId>
                <ResourceType>AWS::S3::Bucket</ResourceType>
              </member>
            </StackResourceSummaries>
          </ListStackResourcesResult>
          <ResponseMetadata>
            <RequestId>aca5f669-c5ef-4836-83ff-7563e3548cae</RequestId>
          </ResponseMetadata>
        </ListStackResourcesResponse>
  recorded_at: Fri, 10 Jun 2022 19:56:56 GMT
- request:
    method: post
    uri: https://ssm.us-east-2.amazonaws.com/
    body:
      encoding: UTF-8
      string: '{"Path":"/openstax-aws-ruby-secrets/secrets-dsl-spec/main","Recursive":true,"WithDecryption":true}'
    headers:
      Accept-Encoding:
      - ''
      User-Agent:
      - aws-sdk-ruby3/3.127.0 ruby/2.7.2 x86_64-darwin20 aws-sdk-ssm/1.126.0
      Content-Type:
      - application/x-amz-json-1.1
      X-Amz-Target:
      - AmazonSSM.GetParametersByPath
      Host:
      - ssm.us-east-2.amazonaws.com
      X-Amz-Date:
      - 20220610T195656Z
      X-Amz-Security-Token:
      - AWS_SESSION_TOKEN
      X-Amz-Content-Sha256:
      - ee4cace661067379e2c2bb2ed8207728408333532e4ed94d0165acb17ff0e2c9
      Authorization:
      - AWS4-HMAC-SHA256 Credential=AWS_ACCESS_KEY_ID/20220610/us-east-2/ssm/aws4_request,
        SignedHeaders=content-type;host;x-amz-content-sha256;x-amz-date;x-amz-security-token;x-amz-target,
        Signature=<SignatureValue>
      Content-Length:
      - '98'
      Accept:
      - "*/*"
  response:
    status:
      code: 200
      message: OK
    headers:
      Server:
      - Server
      Date:
      - Fri, 10 Jun 2022 19:56:57 GMT
      Content-Type:
      - application/x-amz-json-1.1
      Content-Length:
      - '1538'
      Connection:
      - keep-alive
      X-Amzn-Requestid:
      - e51dbd83-230f-4646-aa6d-e6187ea02273
    body:
      encoding: UTF-8
      string: '{"Parameters":[{"ARN":"arn:aws:ssm:us-east-2:373045849756:parameter/openstax-aws-ruby-secrets/secrets-dsl-spec/main/content_key","DataType":"text","LastModifiedDate":1.654890981257E9,"Name":"/openstax-aws-ruby-secrets/secrets-dsl-spec/main/content_key","Type":"SecureString","Value":"something-deployment-specific","Version":1},{"ARN":"arn:aws:ssm:us-east-2:373045849756:parameter/openstax-aws-ruby-secrets/secrets-dsl-spec/main/for_shared_substitution","DataType":"text","LastModifiedDate":1.654890982299E9,"Name":"/openstax-aws-ruby-secrets/secrets-dsl-spec/main/for_shared_substitution","Type":"SecureString","Value":"howdy
        y''all","Version":1},{"ARN":"arn:aws:ssm:us-east-2:373045849756:parameter/openstax-aws-ruby-secrets/secrets-dsl-spec/main/interpolated","DataType":"text","LastModifiedDate":1.654890981949E9,"Name":"/openstax-aws-ruby-secrets/secrets-dsl-spec/main/interpolated","Type":"SecureString","Value":"https://something-deployment-specific","Version":1},{"ARN":"arn:aws:ssm:us-east-2:373045849756:parameter/openstax-aws-ruby-secrets/secrets-dsl-spec/main/more_secrets","DataType":"text","LastModifiedDate":1.654890982657E9,"Name":"/openstax-aws-ruby-secrets/secrets-dsl-spec/main/more_secrets","Type":"SecureString","Value":"foo","Version":1},{"ARN":"arn:aws:ssm:us-east-2:373045849756:parameter/openstax-aws-ruby-secrets/secrets-dsl-spec/main/random","DataType":"text","LastModifiedDate":1.654890981602E9,"Name":"/openstax-aws-ruby-secrets/secrets-dsl-spec/main/random","Type":"SecureString","Value":"4a04","Version":1}]}'
  recorded_at: Fri, 10 Jun 2022 19:56:57 GMT
- request:
    method: post
    uri: https://cloudformation.us-east-2.amazonaws.com/
    body:
      encoding: UTF-8
      string: Action=DescribeStacks&StackName=openstax-aws-ruby-secrets-secrets-dsl-spec-main&Version=2010-05-15
    headers:
      Accept-Encoding:
      - ''
      User-Agent:
      - aws-sdk-ruby3/3.127.0 ruby/2.7.2 x86_64-darwin20 aws-sdk-cloudformation/1.63.0
      Content-Type:
      - application/x-www-form-urlencoded; charset=utf-8
      Host:
      - cloudformation.us-east-2.amazonaws.com
      X-Amz-Date:
      - 20220610T195657Z
      X-Amz-Security-Token:
      - AWS_SESSION_TOKEN
      X-Amz-Content-Sha256:
      - bba9ab149be09911f60e83e18c4e577ef4401099a40abc92d767daf01234db21
      Authorization:
      - AWS4-HMAC-SHA256 Credential=AWS_ACCESS_KEY_ID/20220610/us-east-2/cloudformation/aws4_request,
        SignedHeaders=content-type;host;x-amz-content-sha256;x-amz-date;x-amz-security-token,
        Signature=<SignatureValue>
      Content-Length:
      - '98'
      Accept:
      - "*/*"
  response:
    status:
      code: 200
      message: OK
    headers:
      X-Amzn-Requestid:
      - e7d89b50-ca2c-4331-ba40-9e651c43f951
      Content-Type:
      - text/xml
      Content-Length:
      - '1863'
      Date:
      - Fri, 10 Jun 2022 19:56:56 GMT
    body:
      encoding: UTF-8
      string: |
        <DescribeStacksResponse xmlns="http://cloudformation.amazonaws.com/doc/2010-05-15/">
          <DescribeStacksResult>
            <Stacks>
              <member>
                <Outputs>
                  <member>
                    <OutputKey>BucketArn</OutputKey>
                    <OutputValue>arn:aws:s3:::aws-ruby-spec-secrets-dsl-create</OutputValue>
                    <ExportName>openstax-aws-ruby-secrets-secrets-dsl-spec-main-BucketArn</ExportName>
                  </member>
                </Outputs>
                <CreationTime>2022-06-10T19:56:24.182Z</CreationTime>
                <NotificationARNs/>
                <StackId>arn:aws:cloudformation:us-east-2:373045849756:stack/openstax-aws-ruby-secrets-secrets-dsl-spec-main/67bd0610-e8f7-11ec-9c6e-02bdfe99e24c</StackId>
                <StackName>openstax-aws-ruby-secrets-secrets-dsl-spec-main</StackName>
                <Description>Secrets DSL spec
        </Description>
                <StackStatus>CREATE_COMPLETE</StackStatus>
                <DisableRollback>false</DisableRollback>
                <Tags/>
                <RollbackConfiguration/>
                <DriftInformation>
                  <StackDriftStatus>NOT_CHECKED</StackDriftStatus>
                </DriftInformation>
                <EnableTerminationProtection>false</EnableTerminationProtection>
                <Parameters>
                  <member>
                    <ParameterKey>BucketName</ParameterKey>
                    <ParameterValue>aws-ruby-spec-secrets-dsl-create</ParameterValue>
                  </member>
                  <member>
                    <ParameterKey>CycleIfDifferent</ParameterKey>
                    <ParameterValue/>
                  </member>
                  <member>
                    <ParameterKey>SomeSha</ParameterKey>
                    <ParameterValue>1b2ebfd91dd9fb34d58c834cbb70a21c6479ba8e</ParameterValue>
                  </member>
                </Parameters>
              </member>
            </Stacks>
          </DescribeStacksResult>
          <ResponseMetadata>
            <RequestId>e7d89b50-ca2c-4331-ba40-9e651c43f951</RequestId>
          </ResponseMetadata>
        </DescribeStacksResponse>
  recorded_at: Fri, 10 Jun 2022 19:56:57 GMT
- request:
    method: get
    uri: https://raw.githubusercontent.com/openstax/aws-ruby/1b2ebfd91dd9fb34d58c834cbb70a21c6479ba8e/spec/support/secrets_dsl/secrets.yml
    body:
      encoding: US-ASCII
      string: ''
    headers:
      Accept-Encoding:
      - gzip;q=1.0,deflate;q=0.6,identity;q=0.3
      Accept:
      - "*/*"
      User-Agent:
      - Ruby
  response:
    status:
      code: 200
      message: OK
    headers:
      Connection:
      - keep-alive
      Content-Length:
      - '129'
      Cache-Control:
      - max-age=300
      Content-Security-Policy:
      - default-src 'none'; style-src 'unsafe-inline'; sandbox
      Content-Type:
      - text/plain; charset=utf-8
      Etag:
      - W/"c389fab04d22358a1912ffe1fb36ebd06b07b4ec3967278c81fbf4e3b0bd8e5c"
      Strict-Transport-Security:
      - max-age=31536000
      X-Content-Type-Options:
      - nosniff
      X-Frame-Options:
      - deny
      X-Xss-Protection:
      - 1; mode=block
      X-Github-Request-Id:
      - 4624:4A7A:2E96A:8C872:62A3A1B9
      Accept-Ranges:
      - bytes
      Date:
      - Fri, 10 Jun 2022 19:56:57 GMT
      Via:
      - 1.1 varnish
      X-Served-By:
      - cache-iah17223-IAH
      X-Cache:
      - HIT
      X-Cache-Hits:
      - '1'
      X-Timer:
      - S1654891017.355441,VS0,VE1
      Vary:
      - Authorization,Accept-Encoding,Origin
      Access-Control-Allow-Origin:
      - "*"
      X-Fastly-Request-Id:
      - c85d1a5ed1d9bd000a59a78772b2773b4d5f5ea4
      Expires:
      - Fri, 10 Jun 2022 20:01:57 GMT
      Source-Age:
      - '80'
    body:
      encoding: ASCII-8BIT
      string: |
        production:
          random: random(hex,4)
          interpolated: "https://{{ domain }}"
          for_shared_substitution: "howdy {{ shared_value }}"
  recorded_at: Fri, 10 Jun 2022 19:56:57 GMT
- request:
    method: post
    uri: https://ssm.us-east-2.amazonaws.com/
    body:
      encoding: UTF-8
      string: '{"Path":"/openstax-aws-ruby-secrets/secrets-dsl-spec/main","Recursive":true,"WithDecryption":true}'
    headers:
      Accept-Encoding:
      - ''
      User-Agent:
      - aws-sdk-ruby3/3.127.0 ruby/2.7.2 x86_64-darwin20 aws-sdk-ssm/1.126.0
      Content-Type:
      - application/x-amz-json-1.1
      X-Amz-Target:
      - AmazonSSM.GetParametersByPath
      Host:
      - ssm.us-east-2.amazonaws.com
      X-Amz-Date:
      - 20220610T195657Z
      X-Amz-Security-Token:
      - AWS_SESSION_TOKEN
      X-Amz-Content-Sha256:
      - ee4cace661067379e2c2bb2ed8207728408333532e4ed94d0165acb17ff0e2c9
      Authorization:
      - AWS4-HMAC-SHA256 Credential=AWS_ACCESS_KEY_ID/20220610/us-east-2/ssm/aws4_request,
        SignedHeaders=content-type;host;x-amz-content-sha256;x-amz-date;x-amz-security-token;x-amz-target,
        Signature=<SignatureValue>
      Content-Length:
      - '98'
      Accept:
      - "*/*"
  response:
    status:
      code: 200
      message: OK
    headers:
      Server:
      - Server
      Date:
      - Fri, 10 Jun 2022 19:56:57 GMT
      Content-Type:
      - application/x-amz-json-1.1
      Content-Length:
      - '1538'
      Connection:
      - keep-alive
      X-Amzn-Requestid:
      - 976a8d6f-8735-4486-9455-6bdafbd07752
    body:
      encoding: UTF-8
      string: '{"Parameters":[{"ARN":"arn:aws:ssm:us-east-2:373045849756:parameter/openstax-aws-ruby-secrets/secrets-dsl-spec/main/content_key","DataType":"text","LastModifiedDate":1.654890981257E9,"Name":"/openstax-aws-ruby-secrets/secrets-dsl-spec/main/content_key","Type":"SecureString","Value":"something-deployment-specific","Version":1},{"ARN":"arn:aws:ssm:us-east-2:373045849756:parameter/openstax-aws-ruby-secrets/secrets-dsl-spec/main/for_shared_substitution","DataType":"text","LastModifiedDate":1.654890982299E9,"Name":"/openstax-aws-ruby-secrets/secrets-dsl-spec/main/for_shared_substitution","Type":"SecureString","Value":"howdy
        y''all","Version":1},{"ARN":"arn:aws:ssm:us-east-2:373045849756:parameter/openstax-aws-ruby-secrets/secrets-dsl-spec/main/interpolated","DataType":"text","LastModifiedDate":1.654890981949E9,"Name":"/openstax-aws-ruby-secrets/secrets-dsl-spec/main/interpolated","Type":"SecureString","Value":"https://something-deployment-specific","Version":1},{"ARN":"arn:aws:ssm:us-east-2:373045849756:parameter/openstax-aws-ruby-secrets/secrets-dsl-spec/main/more_secrets","DataType":"text","LastModifiedDate":1.654890982657E9,"Name":"/openstax-aws-ruby-secrets/secrets-dsl-spec/main/more_secrets","Type":"SecureString","Value":"foo","Version":1},{"ARN":"arn:aws:ssm:us-east-2:373045849756:parameter/openstax-aws-ruby-secrets/secrets-dsl-spec/main/random","DataType":"text","LastModifiedDate":1.654890981602E9,"Name":"/openstax-aws-ruby-secrets/secrets-dsl-spec/main/random","Type":"SecureString","Value":"4a04","Version":1}]}'
  recorded_at: Fri, 10 Jun 2022 19:56:57 GMT
- request:
    method: post
    uri: https://ssm.us-east-2.amazonaws.com/
    body:
      encoding: UTF-8
      string: '{"ParameterFilters":[{"Key":"Name","Option":"Equals","Values":["/openstax-aws-ruby-secrets/secrets-dsl-spec/main/random"]}],"MaxResults":1}'
    headers:
      Accept-Encoding:
      - ''
      User-Agent:
      - aws-sdk-ruby3/3.127.0 ruby/2.7.2 x86_64-darwin20 aws-sdk-ssm/1.126.0
      Content-Type:
      - application/x-amz-json-1.1
      X-Amz-Target:
      - AmazonSSM.DescribeParameters
      Host:
      - ssm.us-east-2.amazonaws.com
      X-Amz-Date:
      - 20220610T195657Z
      X-Amz-Security-Token:
      - AWS_SESSION_TOKEN
      X-Amz-Content-Sha256:
      - 9a8fbce2781c4001ccbf1e3f337fbd5239194b0b5a4ba7ea3b0ace417841f070
      Authorization:
      - AWS4-HMAC-SHA256 Credential=AWS_ACCESS_KEY_ID/20220610/us-east-2/ssm/aws4_request,
        SignedHeaders=content-type;host;x-amz-content-sha256;x-amz-date;x-amz-security-token;x-amz-target,
        Signature=<SignatureValue>
      Content-Length:
      - '139'
      Accept:
      - "*/*"
  response:
    status:
      code: 200
      message: OK
    headers:
      Server:
      - Server
      Date:
      - Fri, 10 Jun 2022 19:56:57 GMT
      Content-Type:
      - application/x-amz-json-1.1
      Content-Length:
      - '355'
      Connection:
      - keep-alive
      X-Amzn-Requestid:
      - 66850847-2c80-40a9-872e-f7d6127a9e14
    body:
      encoding: UTF-8
      string: '{"Parameters":[{"DataType":"text","Description":"Generated with random(hex,4)","KeyId":"alias/aws/ssm","LastModifiedDate":1.654890981602E9,"LastModifiedUser":"arn:aws:sts::373045849756:assumed-role/full-admin/AssumedRole","Name":"/openstax-aws-ruby-secrets/secrets-dsl-spec/main/random","Policies":[],"Tier":"Standard","Type":"SecureString","Version":1}]}'
  recorded_at: Fri, 10 Jun 2022 19:56:57 GMT
- request:
    method: post
    uri: https://ssm.us-east-2.amazonaws.com/
    body:
      encoding: UTF-8
      string: '{"Name":"/openstax-aws-ruby-secrets/secrets-dsl-spec/main/for_shared_substitution","Value":"howdy
        you''all","Type":"SecureString","Overwrite":true}'
    headers:
      Accept-Encoding:
      - ''
      User-Agent:
      - aws-sdk-ruby3/3.127.0 ruby/2.7.2 x86_64-darwin20 aws-sdk-ssm/1.126.0
      Content-Type:
      - application/x-amz-json-1.1
      X-Amz-Target:
      - AmazonSSM.PutParameter
      Host:
      - ssm.us-east-2.amazonaws.com
      X-Amz-Date:
      - 20220610T195657Z
      X-Amz-Security-Token:
      - AWS_SESSION_TOKEN
      X-Amz-Content-Sha256:
      - 8da7a0572ee9db07ba2398da2c0ee460f88c583debe53644f227b7447832c465
      Authorization:
      - AWS4-HMAC-SHA256 Credential=AWS_ACCESS_KEY_ID/20220610/us-east-2/ssm/aws4_request,
        SignedHeaders=content-type;host;x-amz-content-sha256;x-amz-date;x-amz-security-token;x-amz-target,
        Signature=<SignatureValue>
      Content-Length:
      - '146'
      Accept:
      - "*/*"
  response:
    status:
      code: 200
      message: OK
    headers:
      Server:
      - Server
      Date:
      - Fri, 10 Jun 2022 19:56:58 GMT
      Content-Type:
      - application/x-amz-json-1.1
      Content-Length:
      - '31'
      Connection:
      - keep-alive
      X-Amzn-Requestid:
      - 71a10a2a-3286-4013-b75e-f1b3ff349af2
    body:
      encoding: UTF-8
      string: '{"Tier":"Standard","Version":2}'
  recorded_at: Fri, 10 Jun 2022 19:56:58 GMT
- request:
    method: post
    uri: https://ssm.us-east-2.amazonaws.com/
    body:
      encoding: UTF-8
      string: '{"Path":"/openstax-aws-ruby-secrets/secrets-dsl-spec/main","Recursive":true,"WithDecryption":true}'
    headers:
      Accept-Encoding:
      - ''
      User-Agent:
      - aws-sdk-ruby3/3.127.0 ruby/2.7.2 x86_64-darwin20 aws-sdk-ssm/1.126.0
      Content-Type:
      - application/x-amz-json-1.1
      X-Amz-Target:
      - AmazonSSM.GetParametersByPath
      Host:
      - ssm.us-east-2.amazonaws.com
      X-Amz-Date:
      - 20220610T195658Z
      X-Amz-Security-Token:
      - AWS_SESSION_TOKEN
      X-Amz-Content-Sha256:
      - ee4cace661067379e2c2bb2ed8207728408333532e4ed94d0165acb17ff0e2c9
      Authorization:
      - AWS4-HMAC-SHA256 Credential=AWS_ACCESS_KEY_ID/20220610/us-east-2/ssm/aws4_request,
        SignedHeaders=content-type;host;x-amz-content-sha256;x-amz-date;x-amz-security-token;x-amz-target,
        Signature=<SignatureValue>
      Content-Length:
      - '98'
      Accept:
      - "*/*"
  response:
    status:
      code: 200
      message: OK
    headers:
      Server:
      - Server
      Date:
      - Fri, 10 Jun 2022 19:56:58 GMT
      Content-Type:
      - application/x-amz-json-1.1
      Content-Length:
      - '1538'
      Connection:
      - keep-alive
      X-Amzn-Requestid:
      - 90619b5e-c6c6-46ee-a019-d6d4ced5190d
    body:
      encoding: UTF-8
      string: '{"Parameters":[{"ARN":"arn:aws:ssm:us-east-2:373045849756:parameter/openstax-aws-ruby-secrets/secrets-dsl-spec/main/content_key","DataType":"text","LastModifiedDate":1.654890981257E9,"Name":"/openstax-aws-ruby-secrets/secrets-dsl-spec/main/content_key","Type":"SecureString","Value":"something-deployment-specific","Version":1},{"ARN":"arn:aws:ssm:us-east-2:373045849756:parameter/openstax-aws-ruby-secrets/secrets-dsl-spec/main/for_shared_substitution","DataType":"text","LastModifiedDate":1.654890982299E9,"Name":"/openstax-aws-ruby-secrets/secrets-dsl-spec/main/for_shared_substitution","Type":"SecureString","Value":"howdy
        y''all","Version":1},{"ARN":"arn:aws:ssm:us-east-2:373045849756:parameter/openstax-aws-ruby-secrets/secrets-dsl-spec/main/interpolated","DataType":"text","LastModifiedDate":1.654890981949E9,"Name":"/openstax-aws-ruby-secrets/secrets-dsl-spec/main/interpolated","Type":"SecureString","Value":"https://something-deployment-specific","Version":1},{"ARN":"arn:aws:ssm:us-east-2:373045849756:parameter/openstax-aws-ruby-secrets/secrets-dsl-spec/main/more_secrets","DataType":"text","LastModifiedDate":1.654890982657E9,"Name":"/openstax-aws-ruby-secrets/secrets-dsl-spec/main/more_secrets","Type":"SecureString","Value":"foo","Version":1},{"ARN":"arn:aws:ssm:us-east-2:373045849756:parameter/openstax-aws-ruby-secrets/secrets-dsl-spec/main/random","DataType":"text","LastModifiedDate":1.654890981602E9,"Name":"/openstax-aws-ruby-secrets/secrets-dsl-spec/main/random","Type":"SecureString","Value":"4a04","Version":1}]}'
  recorded_at: Fri, 10 Jun 2022 19:56:58 GMT
- request:
    method: post
    uri: https://cloudformation.us-east-2.amazonaws.com/
    body:
      encoding: UTF-8
      string: Action=CreateChangeSet&Capabilities=&ChangeSetName=openstax-aws-ruby-secrets-secrets-dsl-spec-main-20220610-195658&Parameters.member.1.ParameterKey=BucketName&Parameters.member.1.UsePreviousValue=true&Parameters.member.2.ParameterKey=SomeSha&Parameters.member.2.UsePreviousValue=true&Parameters.member.3.ParameterKey=CycleIfDifferent&Parameters.member.3.ParameterValue=355e93adce4c5081db06&StackName=openstax-aws-ruby-secrets-secrets-dsl-spec-main&Tags=&TemplateURL=https%3A%2F%2Fs3.amazonaws.com%2Fopenstax-sandbox-cfn-templates%2Fcfn_templates%2Fspec-templates%2Fmain.yml&Version=2010-05-15
    headers:
      Accept-Encoding:
      - ''
      User-Agent:
      - aws-sdk-ruby3/3.127.0 ruby/2.7.2 x86_64-darwin20 aws-sdk-cloudformation/1.63.0
      Content-Type:
      - application/x-www-form-urlencoded; charset=utf-8
      Host:
      - cloudformation.us-east-2.amazonaws.com
      X-Amz-Date:
      - 20220610T195658Z
      X-Amz-Security-Token:
      - AWS_SESSION_TOKEN
      X-Amz-Content-Sha256:
      - 3ed3e27184af1b57a205df3f91b242754259b95eb31ecb5c762279d2765e0f06
      Authorization:
      - AWS4-HMAC-SHA256 Credential=AWS_ACCESS_KEY_ID/20220610/us-east-2/cloudformation/aws4_request,
        SignedHeaders=content-type;host;x-amz-content-sha256;x-amz-date;x-amz-security-token,
        Signature=<SignatureValue>
      Content-Length:
      - '592'
      Accept:
      - "*/*"
  response:
    status:
      code: 200
      message: OK
    headers:
      X-Amzn-Requestid:
      - d0881d5e-4e59-43d7-986a-6089e74f6d67
      Content-Type:
      - text/xml
      Content-Length:
      - '603'
      Date:
      - Fri, 10 Jun 2022 19:56:59 GMT
    body:
      encoding: UTF-8
      string: |
        <CreateChangeSetResponse xmlns="http://cloudformation.amazonaws.com/doc/2010-05-15/">
          <CreateChangeSetResult>
            <StackId>arn:aws:cloudformation:us-east-2:373045849756:stack/openstax-aws-ruby-secrets-secrets-dsl-spec-main/67bd0610-e8f7-11ec-9c6e-02bdfe99e24c</StackId>
            <Id>arn:aws:cloudformation:us-east-2:373045849756:changeSet/openstax-aws-ruby-secrets-secrets-dsl-spec-main-20220610-195658/5ebbbb11-aafe-49b8-b974-7023039e29fe</Id>
          </CreateChangeSetResult>
          <ResponseMetadata>
            <RequestId>d0881d5e-4e59-43d7-986a-6089e74f6d67</RequestId>
          </ResponseMetadata>
        </CreateChangeSetResponse>
  recorded_at: Fri, 10 Jun 2022 19:56:59 GMT
- request:
    method: post
    uri: https://cloudformation.us-east-2.amazonaws.com/
    body:
      encoding: UTF-8
      string: Action=DescribeChangeSet&ChangeSetName=arn%3Aaws%3Acloudformation%3Aus-east-2%3A373045849756%3AchangeSet%2Fopenstax-aws-ruby-secrets-secrets-dsl-spec-main-20220610-195658%2F5ebbbb11-aafe-49b8-b974-7023039e29fe&Version=2010-05-15
    headers:
      Accept-Encoding:
      - ''
      User-Agent:
      - aws-sdk-ruby3/3.127.0 ruby/2.7.2 x86_64-darwin20 aws-sdk-cloudformation/1.63.0
      Content-Type:
      - application/x-www-form-urlencoded; charset=utf-8
      Host:
      - cloudformation.us-east-2.amazonaws.com
      X-Amz-Date:
      - 20220610T195659Z
      X-Amz-Security-Token:
      - AWS_SESSION_TOKEN
      X-Amz-Content-Sha256:
      - 79ff32c2fa0a0b9a5aa63e5a6632db3917b391c1c617551e0bb580f9b3ff552d
      Authorization:
      - AWS4-HMAC-SHA256 Credential=AWS_ACCESS_KEY_ID/20220610/us-east-2/cloudformation/aws4_request,
        SignedHeaders=content-type;host;x-amz-content-sha256;x-amz-date;x-amz-security-token,
        Signature=<SignatureValue>
      Content-Length:
      - '228'
      Accept:
      - "*/*"
  response:
    status:
      code: 200
      message: OK
    headers:
      X-Amzn-Requestid:
      - 7478b484-3b79-43cd-96fb-7d3c3cff22f1
      Content-Type:
      - text/xml
      Content-Length:
      - '1586'
      Date:
      - Fri, 10 Jun 2022 19:56:58 GMT
    body:
      encoding: UTF-8
      string: |
        <DescribeChangeSetResponse xmlns="http://cloudformation.amazonaws.com/doc/2010-05-15/">
          <DescribeChangeSetResult>
            <Capabilities/>
            <CreationTime>2022-06-10T19:56:59.046Z</CreationTime>
            <NotificationARNs/>
            <StackId>arn:aws:cloudformation:us-east-2:373045849756:stack/openstax-aws-ruby-secrets-secrets-dsl-spec-main/67bd0610-e8f7-11ec-9c6e-02bdfe99e24c</StackId>
            <ExecutionStatus>UNAVAILABLE</ExecutionStatus>
            <StackName>openstax-aws-ruby-secrets-secrets-dsl-spec-main</StackName>
            <Changes/>
            <ChangeSetName>openstax-aws-ruby-secrets-secrets-dsl-spec-main-20220610-195658</ChangeSetName>
            <IncludeNestedStacks>false</IncludeNestedStacks>
            <RollbackConfiguration/>
            <Parameters>
              <member>
                <ParameterKey>BucketName</ParameterKey>
                <ParameterValue>aws-ruby-spec-secrets-dsl-create</ParameterValue>
              </member>
              <member>
                <ParameterKey>CycleIfDifferent</ParameterKey>
                <ParameterValue>355e93adce4c5081db06</ParameterValue>
              </member>
              <member>
                <ParameterKey>SomeSha</ParameterKey>
                <ParameterValue>1b2ebfd91dd9fb34d58c834cbb70a21c6479ba8e</ParameterValue>
              </member>
            </Parameters>
            <Status>CREATE_IN_PROGRESS</Status>
            <ChangeSetId>arn:aws:cloudformation:us-east-2:373045849756:changeSet/openstax-aws-ruby-secrets-secrets-dsl-spec-main-20220610-195658/5ebbbb11-aafe-49b8-b974-7023039e29fe</ChangeSetId>
          </DescribeChangeSetResult>
          <ResponseMetadata>
            <RequestId>7478b484-3b79-43cd-96fb-7d3c3cff22f1</RequestId>
          </ResponseMetadata>
        </DescribeChangeSetResponse>
  recorded_at: Fri, 10 Jun 2022 19:56:59 GMT
- request:
    method: post
    uri: https://cloudformation.us-east-2.amazonaws.com/
    body:
      encoding: UTF-8
      string: Action=DescribeChangeSet&ChangeSetName=arn%3Aaws%3Acloudformation%3Aus-east-2%3A373045849756%3AchangeSet%2Fopenstax-aws-ruby-secrets-secrets-dsl-spec-main-20220610-195658%2F5ebbbb11-aafe-49b8-b974-7023039e29fe&Version=2010-05-15
    headers:
      Accept-Encoding:
      - ''
      User-Agent:
      - aws-sdk-ruby3/3.127.0 ruby/2.7.2 x86_64-darwin20 aws-sdk-cloudformation/1.63.0
      Content-Type:
      - application/x-www-form-urlencoded; charset=utf-8
      Host:
      - cloudformation.us-east-2.amazonaws.com
      X-Amz-Date:
      - 20220610T195704Z
      X-Amz-Security-Token:
      - AWS_SESSION_TOKEN
      X-Amz-Content-Sha256:
      - 79ff32c2fa0a0b9a5aa63e5a6632db3917b391c1c617551e0bb580f9b3ff552d
      Authorization:
      - AWS4-HMAC-SHA256 Credential=AWS_ACCESS_KEY_ID/20220610/us-east-2/cloudformation/aws4_request,
        SignedHeaders=content-type;host;x-amz-content-sha256;x-amz-date;x-amz-security-token,
        Signature=<SignatureValue>
      Content-Length:
      - '228'
      Accept:
      - "*/*"
  response:
    status:
      code: 200
      message: OK
    headers:
      X-Amzn-Requestid:
      - '09c818be-07ec-464e-bd1b-18b02a90d914'
      Content-Type:
      - text/xml
      Content-Length:
      - '2766'
      Date:
      - Fri, 10 Jun 2022 19:57:04 GMT
    body:
      encoding: UTF-8
      string: |
        <DescribeChangeSetResponse xmlns="http://cloudformation.amazonaws.com/doc/2010-05-15/">
          <DescribeChangeSetResult>
            <Capabilities/>
            <CreationTime>2022-06-10T19:56:59.046Z</CreationTime>
            <NotificationARNs/>
            <StackId>arn:aws:cloudformation:us-east-2:373045849756:stack/openstax-aws-ruby-secrets-secrets-dsl-spec-main/67bd0610-e8f7-11ec-9c6e-02bdfe99e24c</StackId>
            <ExecutionStatus>AVAILABLE</ExecutionStatus>
            <StackName>openstax-aws-ruby-secrets-secrets-dsl-spec-main</StackName>
            <Changes>
              <member>
                <ResourceChange>
                  <PhysicalResourceId>aws-ruby-spec-secrets-dsl-create</PhysicalResourceId>
                  <Scope>
                    <member>Tags</member>
                  </Scope>
                  <LogicalResourceId>S3Bucket</LogicalResourceId>
                  <Action>Modify</Action>
                  <Details>
                    <member>
                      <Evaluation>Dynamic</Evaluation>
                      <ChangeSource>DirectModification</ChangeSource>
                      <Target>
                        <RequiresRecreation>Never</RequiresRecreation>
                        <Attribute>Tags</Attribute>
                      </Target>
                    </member>
                    <member>
                      <Evaluation>Static</Evaluation>
                      <ChangeSource>ParameterReference</ChangeSource>
                      <CausingEntity>CycleIfDifferent</CausingEntity>
                      <Target>
                        <RequiresRecreation>Never</RequiresRecreation>
                        <Attribute>Tags</Attribute>
                      </Target>
                    </member>
                  </Details>
                  <Replacement>False</Replacement>
                  <ResourceType>AWS::S3::Bucket</ResourceType>
                </ResourceChange>
                <Type>Resource</Type>
              </member>
            </Changes>
            <ChangeSetName>openstax-aws-ruby-secrets-secrets-dsl-spec-main-20220610-195658</ChangeSetName>
            <IncludeNestedStacks>false</IncludeNestedStacks>
            <RollbackConfiguration/>
            <Parameters>
              <member>
                <ParameterKey>BucketName</ParameterKey>
                <ParameterValue>aws-ruby-spec-secrets-dsl-create</ParameterValue>
              </member>
              <member>
                <ParameterKey>CycleIfDifferent</ParameterKey>
                <ParameterValue>355e93adce4c5081db06</ParameterValue>
              </member>
              <member>
                <ParameterKey>SomeSha</ParameterKey>
                <ParameterValue>1b2ebfd91dd9fb34d58c834cbb70a21c6479ba8e</ParameterValue>
              </member>
            </Parameters>
            <Status>CREATE_COMPLETE</Status>
            <ChangeSetId>arn:aws:cloudformation:us-east-2:373045849756:changeSet/openstax-aws-ruby-secrets-secrets-dsl-spec-main-20220610-195658/5ebbbb11-aafe-49b8-b974-7023039e29fe</ChangeSetId>
          </DescribeChangeSetResult>
          <ResponseMetadata>
            <RequestId>09c818be-07ec-464e-bd1b-18b02a90d914</RequestId>
          </ResponseMetadata>
        </DescribeChangeSetResponse>
  recorded_at: Fri, 10 Jun 2022 19:57:04 GMT
- request:
    method: post
    uri: https://cloudformation.us-east-2.amazonaws.com/
    body:
      encoding: UTF-8
      string: Action=DescribeChangeSet&ChangeSetName=arn%3Aaws%3Acloudformation%3Aus-east-2%3A373045849756%3AchangeSet%2Fopenstax-aws-ruby-secrets-secrets-dsl-spec-main-20220610-195658%2F5ebbbb11-aafe-49b8-b974-7023039e29fe&Version=2010-05-15
    headers:
      Accept-Encoding:
      - ''
      User-Agent:
      - aws-sdk-ruby3/3.127.0 ruby/2.7.2 x86_64-darwin20 aws-sdk-cloudformation/1.63.0
      Content-Type:
      - application/x-www-form-urlencoded; charset=utf-8
      Host:
      - cloudformation.us-east-2.amazonaws.com
      X-Amz-Date:
      - 20220610T195704Z
      X-Amz-Security-Token:
      - AWS_SESSION_TOKEN
      X-Amz-Content-Sha256:
      - 79ff32c2fa0a0b9a5aa63e5a6632db3917b391c1c617551e0bb580f9b3ff552d
      Authorization:
      - AWS4-HMAC-SHA256 Credential=AWS_ACCESS_KEY_ID/20220610/us-east-2/cloudformation/aws4_request,
        SignedHeaders=content-type;host;x-amz-content-sha256;x-amz-date;x-amz-security-token,
        Signature=<SignatureValue>
      Content-Length:
      - '228'
      Accept:
      - "*/*"
  response:
    status:
      code: 200
      message: OK
    headers:
      X-Amzn-Requestid:
      - 97b5f680-50ad-4121-ab0d-8625bcf9ef7d
      Content-Type:
      - text/xml
      Content-Length:
      - '2766'
      Date:
      - Fri, 10 Jun 2022 19:57:04 GMT
    body:
      encoding: UTF-8
      string: |
        <DescribeChangeSetResponse xmlns="http://cloudformation.amazonaws.com/doc/2010-05-15/">
          <DescribeChangeSetResult>
            <Capabilities/>
            <CreationTime>2022-06-10T19:56:59.046Z</CreationTime>
            <NotificationARNs/>
            <StackId>arn:aws:cloudformation:us-east-2:373045849756:stack/openstax-aws-ruby-secrets-secrets-dsl-spec-main/67bd0610-e8f7-11ec-9c6e-02bdfe99e24c</StackId>
            <ExecutionStatus>AVAILABLE</ExecutionStatus>
            <StackName>openstax-aws-ruby-secrets-secrets-dsl-spec-main</StackName>
            <Changes>
              <member>
                <ResourceChange>
                  <PhysicalResourceId>aws-ruby-spec-secrets-dsl-create</PhysicalResourceId>
                  <Scope>
                    <member>Tags</member>
                  </Scope>
                  <LogicalResourceId>S3Bucket</LogicalResourceId>
                  <Action>Modify</Action>
                  <Details>
                    <member>
                      <Evaluation>Dynamic</Evaluation>
                      <ChangeSource>DirectModification</ChangeSource>
                      <Target>
                        <RequiresRecreation>Never</RequiresRecreation>
                        <Attribute>Tags</Attribute>
                      </Target>
                    </member>
                    <member>
                      <Evaluation>Static</Evaluation>
                      <ChangeSource>ParameterReference</ChangeSource>
                      <Target>
                        <RequiresRecreation>Never</RequiresRecreation>
                        <Attribute>Tags</Attribute>
                      </Target>
                      <CausingEntity>CycleIfDifferent</CausingEntity>
                    </member>
                  </Details>
                  <Replacement>False</Replacement>
                  <ResourceType>AWS::S3::Bucket</ResourceType>
                </ResourceChange>
                <Type>Resource</Type>
              </member>
            </Changes>
            <ChangeSetName>openstax-aws-ruby-secrets-secrets-dsl-spec-main-20220610-195658</ChangeSetName>
            <IncludeNestedStacks>false</IncludeNestedStacks>
            <RollbackConfiguration/>
            <Parameters>
              <member>
                <ParameterKey>BucketName</ParameterKey>
                <ParameterValue>aws-ruby-spec-secrets-dsl-create</ParameterValue>
              </member>
              <member>
                <ParameterKey>CycleIfDifferent</ParameterKey>
                <ParameterValue>355e93adce4c5081db06</ParameterValue>
              </member>
              <member>
                <ParameterKey>SomeSha</ParameterKey>
                <ParameterValue>1b2ebfd91dd9fb34d58c834cbb70a21c6479ba8e</ParameterValue>
              </member>
            </Parameters>
            <Status>CREATE_COMPLETE</Status>
            <ChangeSetId>arn:aws:cloudformation:us-east-2:373045849756:changeSet/openstax-aws-ruby-secrets-secrets-dsl-spec-main-20220610-195658/5ebbbb11-aafe-49b8-b974-7023039e29fe</ChangeSetId>
          </DescribeChangeSetResult>
          <ResponseMetadata>
            <RequestId>97b5f680-50ad-4121-ab0d-8625bcf9ef7d</RequestId>
          </ResponseMetadata>
        </DescribeChangeSetResponse>
  recorded_at: Fri, 10 Jun 2022 19:57:04 GMT
- request:
    method: post
    uri: https://cloudformation.us-east-2.amazonaws.com/
    body:
      encoding: UTF-8
      string: Action=ExecuteChangeSet&ChangeSetName=arn%3Aaws%3Acloudformation%3Aus-east-2%3A373045849756%3AchangeSet%2Fopenstax-aws-ruby-secrets-secrets-dsl-spec-main-20220610-195658%2F5ebbbb11-aafe-49b8-b974-7023039e29fe&Version=2010-05-15
    headers:
      Accept-Encoding:
      - ''
      User-Agent:
      - aws-sdk-ruby3/3.127.0 ruby/2.7.2 x86_64-darwin20 aws-sdk-cloudformation/1.63.0
      Content-Type:
      - application/x-www-form-urlencoded; charset=utf-8
      Host:
      - cloudformation.us-east-2.amazonaws.com
      X-Amz-Date:
      - 20220610T195704Z
      X-Amz-Security-Token:
      - AWS_SESSION_TOKEN
      X-Amz-Content-Sha256:
      - 98e7199de299bff378834d5c340be499f1ee0b5e01c273bede8170495ced09aa
      Authorization:
      - AWS4-HMAC-SHA256 Credential=AWS_ACCESS_KEY_ID/20220610/us-east-2/cloudformation/aws4_request,
        SignedHeaders=content-type;host;x-amz-content-sha256;x-amz-date;x-amz-security-token,
        Signature=<SignatureValue>
      Content-Length:
      - '227'
      Accept:
      - "*/*"
  response:
    status:
      code: 200
      message: OK
    headers:
      X-Amzn-Requestid:
      - ea039c40-9f42-4514-a805-5c9d4454316a
      Content-Type:
      - text/xml
      Content-Length:
      - '250'
      Date:
      - Fri, 10 Jun 2022 19:57:04 GMT
    body:
      encoding: UTF-8
      string: |
        <ExecuteChangeSetResponse xmlns="http://cloudformation.amazonaws.com/doc/2010-05-15/">
          <ExecuteChangeSetResult/>
          <ResponseMetadata>
            <RequestId>ea039c40-9f42-4514-a805-5c9d4454316a</RequestId>
          </ResponseMetadata>
        </ExecuteChangeSetResponse>
  recorded_at: Fri, 10 Jun 2022 19:57:05 GMT
- request:
    method: post
    uri: https://cloudformation.us-east-2.amazonaws.com/
    body:
      encoding: UTF-8
      string: Action=DescribeStacks&StackName=openstax-aws-ruby-secrets-secrets-dsl-spec-main&Version=2010-05-15
    headers:
      Accept-Encoding:
      - ''
      User-Agent:
      - aws-sdk-ruby3/3.127.0 ruby/2.7.2 x86_64-darwin20 aws-sdk-cloudformation/1.63.0
      Content-Type:
      - application/x-www-form-urlencoded; charset=utf-8
      Host:
      - cloudformation.us-east-2.amazonaws.com
      X-Amz-Date:
      - 20220610T195705Z
      X-Amz-Security-Token:
      - AWS_SESSION_TOKEN
      X-Amz-Content-Sha256:
      - bba9ab149be09911f60e83e18c4e577ef4401099a40abc92d767daf01234db21
      Authorization:
      - AWS4-HMAC-SHA256 Credential=AWS_ACCESS_KEY_ID/20220610/us-east-2/cloudformation/aws4_request,
        SignedHeaders=content-type;host;x-amz-content-sha256;x-amz-date;x-amz-security-token,
        Signature=<SignatureValue>
      Content-Length:
      - '98'
      Accept:
      - "*/*"
  response:
    status:
      code: 200
      message: OK
    headers:
      X-Amzn-Requestid:
      - a5182771-bbe4-4183-82b5-fa09037b02fd
      Content-Type:
      - text/xml
      Content-Length:
      - '2224'
      Date:
      - Fri, 10 Jun 2022 19:57:04 GMT
    body:
      encoding: UTF-8
      string: |
        <DescribeStacksResponse xmlns="http://cloudformation.amazonaws.com/doc/2010-05-15/">
          <DescribeStacksResult>
            <Stacks>
              <member>
                <Outputs>
                  <member>
                    <OutputKey>BucketArn</OutputKey>
                    <OutputValue>arn:aws:s3:::aws-ruby-spec-secrets-dsl-create</OutputValue>
                    <ExportName>openstax-aws-ruby-secrets-secrets-dsl-spec-main-BucketArn</ExportName>
                  </member>
                </Outputs>
                <CreationTime>2022-06-10T19:56:24.182Z</CreationTime>
                <NotificationARNs/>
                <StackId>arn:aws:cloudformation:us-east-2:373045849756:stack/openstax-aws-ruby-secrets-secrets-dsl-spec-main/67bd0610-e8f7-11ec-9c6e-02bdfe99e24c</StackId>
                <StackName>openstax-aws-ruby-secrets-secrets-dsl-spec-main</StackName>
                <Description>Secrets DSL spec
        </Description>
                <StackStatus>UPDATE_IN_PROGRESS</StackStatus>
                <DisableRollback>false</DisableRollback>
                <Tags/>
                <RollbackConfiguration/>
                <DriftInformation>
                  <StackDriftStatus>NOT_CHECKED</StackDriftStatus>
                </DriftInformation>
                <EnableTerminationProtection>false</EnableTerminationProtection>
                <LastUpdatedTime>2022-06-10T19:57:05.217Z</LastUpdatedTime>
                <StackStatusReason>User Initiated</StackStatusReason>
                <Parameters>
                  <member>
                    <ParameterKey>BucketName</ParameterKey>
                    <ParameterValue>aws-ruby-spec-secrets-dsl-create</ParameterValue>
                  </member>
                  <member>
                    <ParameterKey>CycleIfDifferent</ParameterKey>
                    <ParameterValue>355e93adce4c5081db06</ParameterValue>
                  </member>
                  <member>
                    <ParameterKey>SomeSha</ParameterKey>
                    <ParameterValue>1b2ebfd91dd9fb34d58c834cbb70a21c6479ba8e</ParameterValue>
                  </member>
                </Parameters>
                <ChangeSetId>arn:aws:cloudformation:us-east-2:373045849756:changeSet/openstax-aws-ruby-secrets-secrets-dsl-spec-main-20220610-195658/5ebbbb11-aafe-49b8-b974-7023039e29fe</ChangeSetId>
              </member>
            </Stacks>
          </DescribeStacksResult>
          <ResponseMetadata>
            <RequestId>a5182771-bbe4-4183-82b5-fa09037b02fd</RequestId>
          </ResponseMetadata>
        </DescribeStacksResponse>
  recorded_at: Fri, 10 Jun 2022 19:57:05 GMT
- request:
    method: post
    uri: https://cloudformation.us-east-2.amazonaws.com/
    body:
      encoding: UTF-8
      string: Action=DescribeStacks&StackName=openstax-aws-ruby-secrets-secrets-dsl-spec-main&Version=2010-05-15
    headers:
      Accept-Encoding:
      - ''
      User-Agent:
      - aws-sdk-ruby3/3.127.0 ruby/2.7.2 x86_64-darwin20 aws-sdk-cloudformation/1.63.0
      Content-Type:
      - application/x-www-form-urlencoded; charset=utf-8
      Host:
      - cloudformation.us-east-2.amazonaws.com
      X-Amz-Date:
      - 20220610T195705Z
      X-Amz-Security-Token:
      - AWS_SESSION_TOKEN
      X-Amz-Content-Sha256:
      - bba9ab149be09911f60e83e18c4e577ef4401099a40abc92d767daf01234db21
      Authorization:
      - AWS4-HMAC-SHA256 Credential=AWS_ACCESS_KEY_ID/20220610/us-east-2/cloudformation/aws4_request,
        SignedHeaders=content-type;host;x-amz-content-sha256;x-amz-date;x-amz-security-token,
        Signature=<SignatureValue>
      Content-Length:
      - '98'
      Accept:
      - "*/*"
  response:
    status:
      code: 200
      message: OK
    headers:
      X-Amzn-Requestid:
      - 8aa6ef32-ae83-4bd2-b631-a026a5f45678
      Content-Type:
      - text/xml
      Content-Length:
      - '2224'
      Date:
      - Fri, 10 Jun 2022 19:57:04 GMT
    body:
      encoding: UTF-8
      string: |
        <DescribeStacksResponse xmlns="http://cloudformation.amazonaws.com/doc/2010-05-15/">
          <DescribeStacksResult>
            <Stacks>
              <member>
                <Outputs>
                  <member>
                    <OutputKey>BucketArn</OutputKey>
                    <OutputValue>arn:aws:s3:::aws-ruby-spec-secrets-dsl-create</OutputValue>
                    <ExportName>openstax-aws-ruby-secrets-secrets-dsl-spec-main-BucketArn</ExportName>
                  </member>
                </Outputs>
                <CreationTime>2022-06-10T19:56:24.182Z</CreationTime>
                <NotificationARNs/>
                <StackId>arn:aws:cloudformation:us-east-2:373045849756:stack/openstax-aws-ruby-secrets-secrets-dsl-spec-main/67bd0610-e8f7-11ec-9c6e-02bdfe99e24c</StackId>
                <StackName>openstax-aws-ruby-secrets-secrets-dsl-spec-main</StackName>
                <Description>Secrets DSL spec
        </Description>
                <StackStatus>UPDATE_IN_PROGRESS</StackStatus>
                <DisableRollback>false</DisableRollback>
                <Tags/>
                <RollbackConfiguration/>
                <DriftInformation>
                  <StackDriftStatus>NOT_CHECKED</StackDriftStatus>
                </DriftInformation>
                <EnableTerminationProtection>false</EnableTerminationProtection>
                <LastUpdatedTime>2022-06-10T19:57:05.217Z</LastUpdatedTime>
                <Parameters>
                  <member>
                    <ParameterKey>BucketName</ParameterKey>
                    <ParameterValue>aws-ruby-spec-secrets-dsl-create</ParameterValue>
                  </member>
                  <member>
                    <ParameterKey>CycleIfDifferent</ParameterKey>
                    <ParameterValue>355e93adce4c5081db06</ParameterValue>
                  </member>
                  <member>
                    <ParameterKey>SomeSha</ParameterKey>
                    <ParameterValue>1b2ebfd91dd9fb34d58c834cbb70a21c6479ba8e</ParameterValue>
                  </member>
                </Parameters>
                <StackStatusReason>User Initiated</StackStatusReason>
                <ChangeSetId>arn:aws:cloudformation:us-east-2:373045849756:changeSet/openstax-aws-ruby-secrets-secrets-dsl-spec-main-20220610-195658/5ebbbb11-aafe-49b8-b974-7023039e29fe</ChangeSetId>
              </member>
            </Stacks>
          </DescribeStacksResult>
          <ResponseMetadata>
            <RequestId>8aa6ef32-ae83-4bd2-b631-a026a5f45678</RequestId>
          </ResponseMetadata>
        </DescribeStacksResponse>
  recorded_at: Fri, 10 Jun 2022 19:57:05 GMT
- request:
    method: post
    uri: https://cloudformation.us-east-2.amazonaws.com/
    body:
      encoding: UTF-8
      string: Action=DescribeStacks&StackName=openstax-aws-ruby-secrets-secrets-dsl-spec-main&Version=2010-05-15
    headers:
      Accept-Encoding:
      - ''
      User-Agent:
      - aws-sdk-ruby3/3.127.0 ruby/2.7.2 x86_64-darwin20 aws-sdk-cloudformation/1.63.0
      Content-Type:
      - application/x-www-form-urlencoded; charset=utf-8
      Host:
      - cloudformation.us-east-2.amazonaws.com
      X-Amz-Date:
      - 20220610T195710Z
      X-Amz-Security-Token:
      - AWS_SESSION_TOKEN
      X-Amz-Content-Sha256:
      - bba9ab149be09911f60e83e18c4e577ef4401099a40abc92d767daf01234db21
      Authorization:
      - AWS4-HMAC-SHA256 Credential=AWS_ACCESS_KEY_ID/20220610/us-east-2/cloudformation/aws4_request,
        SignedHeaders=content-type;host;x-amz-content-sha256;x-amz-date;x-amz-security-token,
        Signature=<SignatureValue>
      Content-Length:
      - '98'
      Accept:
      - "*/*"
  response:
    status:
      code: 200
      message: OK
    headers:
      X-Amzn-Requestid:
      - daeb3ee6-7cf6-4b72-8002-fc706321de07
      Content-Type:
      - text/xml
      Content-Length:
      - '2162'
      Date:
      - Fri, 10 Jun 2022 19:57:10 GMT
    body:
      encoding: UTF-8
      string: |
        <DescribeStacksResponse xmlns="http://cloudformation.amazonaws.com/doc/2010-05-15/">
          <DescribeStacksResult>
            <Stacks>
              <member>
                <Outputs>
                  <member>
                    <OutputKey>BucketArn</OutputKey>
                    <OutputValue>arn:aws:s3:::aws-ruby-spec-secrets-dsl-create</OutputValue>
                    <ExportName>openstax-aws-ruby-secrets-secrets-dsl-spec-main-BucketArn</ExportName>
                  </member>
                </Outputs>
                <CreationTime>2022-06-10T19:56:24.182Z</CreationTime>
                <NotificationARNs/>
                <StackId>arn:aws:cloudformation:us-east-2:373045849756:stack/openstax-aws-ruby-secrets-secrets-dsl-spec-main/67bd0610-e8f7-11ec-9c6e-02bdfe99e24c</StackId>
                <StackName>openstax-aws-ruby-secrets-secrets-dsl-spec-main</StackName>
                <Description>Secrets DSL spec
        </Description>
                <StackStatus>UPDATE_IN_PROGRESS</StackStatus>
                <DisableRollback>false</DisableRollback>
                <Tags/>
                <RollbackConfiguration/>
                <DriftInformation>
                  <StackDriftStatus>NOT_CHECKED</StackDriftStatus>
                </DriftInformation>
                <EnableTerminationProtection>false</EnableTerminationProtection>
                <LastUpdatedTime>2022-06-10T19:57:05.217Z</LastUpdatedTime>
                <Parameters>
                  <member>
                    <ParameterKey>BucketName</ParameterKey>
                    <ParameterValue>aws-ruby-spec-secrets-dsl-create</ParameterValue>
                  </member>
                  <member>
                    <ParameterKey>CycleIfDifferent</ParameterKey>
                    <ParameterValue>355e93adce4c5081db06</ParameterValue>
                  </member>
                  <member>
                    <ParameterKey>SomeSha</ParameterKey>
                    <ParameterValue>1b2ebfd91dd9fb34d58c834cbb70a21c6479ba8e</ParameterValue>
                  </member>
                </Parameters>
                <ChangeSetId>arn:aws:cloudformation:us-east-2:373045849756:changeSet/openstax-aws-ruby-secrets-secrets-dsl-spec-main-20220610-195658/5ebbbb11-aafe-49b8-b974-7023039e29fe</ChangeSetId>
              </member>
            </Stacks>
          </DescribeStacksResult>
          <ResponseMetadata>
            <RequestId>daeb3ee6-7cf6-4b72-8002-fc706321de07</RequestId>
          </ResponseMetadata>
        </DescribeStacksResponse>
  recorded_at: Fri, 10 Jun 2022 19:57:10 GMT
- request:
    method: post
    uri: https://cloudformation.us-east-2.amazonaws.com/
    body:
      encoding: UTF-8
      string: Action=DescribeStacks&StackName=openstax-aws-ruby-secrets-secrets-dsl-spec-main&Version=2010-05-15
    headers:
      Accept-Encoding:
      - ''
      User-Agent:
      - aws-sdk-ruby3/3.127.0 ruby/2.7.2 x86_64-darwin20 aws-sdk-cloudformation/1.63.0
      Content-Type:
      - application/x-www-form-urlencoded; charset=utf-8
      Host:
      - cloudformation.us-east-2.amazonaws.com
      X-Amz-Date:
      - 20220610T195715Z
      X-Amz-Security-Token:
      - AWS_SESSION_TOKEN
      X-Amz-Content-Sha256:
      - bba9ab149be09911f60e83e18c4e577ef4401099a40abc92d767daf01234db21
      Authorization:
      - AWS4-HMAC-SHA256 Credential=AWS_ACCESS_KEY_ID/20220610/us-east-2/cloudformation/aws4_request,
        SignedHeaders=content-type;host;x-amz-content-sha256;x-amz-date;x-amz-security-token,
        Signature=<SignatureValue>
      Content-Length:
      - '98'
      Accept:
      - "*/*"
  response:
    status:
      code: 200
      message: OK
    headers:
      X-Amzn-Requestid:
      - d1d29df7-86c4-401d-bcd0-e728e2437543
      Content-Type:
      - text/xml
      Content-Length:
      - '2162'
      Date:
      - Fri, 10 Jun 2022 19:57:15 GMT
    body:
      encoding: UTF-8
      string: |
        <DescribeStacksResponse xmlns="http://cloudformation.amazonaws.com/doc/2010-05-15/">
          <DescribeStacksResult>
            <Stacks>
              <member>
                <Outputs>
                  <member>
                    <OutputKey>BucketArn</OutputKey>
                    <OutputValue>arn:aws:s3:::aws-ruby-spec-secrets-dsl-create</OutputValue>
                    <ExportName>openstax-aws-ruby-secrets-secrets-dsl-spec-main-BucketArn</ExportName>
                  </member>
                </Outputs>
                <CreationTime>2022-06-10T19:56:24.182Z</CreationTime>
                <NotificationARNs/>
                <StackId>arn:aws:cloudformation:us-east-2:373045849756:stack/openstax-aws-ruby-secrets-secrets-dsl-spec-main/67bd0610-e8f7-11ec-9c6e-02bdfe99e24c</StackId>
                <StackName>openstax-aws-ruby-secrets-secrets-dsl-spec-main</StackName>
                <Description>Secrets DSL spec
        </Description>
                <StackStatus>UPDATE_IN_PROGRESS</StackStatus>
                <DisableRollback>false</DisableRollback>
                <Tags/>
                <RollbackConfiguration/>
                <DriftInformation>
                  <StackDriftStatus>NOT_CHECKED</StackDriftStatus>
                </DriftInformation>
                <EnableTerminationProtection>false</EnableTerminationProtection>
                <LastUpdatedTime>2022-06-10T19:57:05.217Z</LastUpdatedTime>
                <Parameters>
                  <member>
                    <ParameterKey>BucketName</ParameterKey>
                    <ParameterValue>aws-ruby-spec-secrets-dsl-create</ParameterValue>
                  </member>
                  <member>
                    <ParameterKey>CycleIfDifferent</ParameterKey>
                    <ParameterValue>355e93adce4c5081db06</ParameterValue>
                  </member>
                  <member>
                    <ParameterKey>SomeSha</ParameterKey>
                    <ParameterValue>1b2ebfd91dd9fb34d58c834cbb70a21c6479ba8e</ParameterValue>
                  </member>
                </Parameters>
                <ChangeSetId>arn:aws:cloudformation:us-east-2:373045849756:changeSet/openstax-aws-ruby-secrets-secrets-dsl-spec-main-20220610-195658/5ebbbb11-aafe-49b8-b974-7023039e29fe</ChangeSetId>
              </member>
            </Stacks>
          </DescribeStacksResult>
          <ResponseMetadata>
            <RequestId>d1d29df7-86c4-401d-bcd0-e728e2437543</RequestId>
          </ResponseMetadata>
        </DescribeStacksResponse>
  recorded_at: Fri, 10 Jun 2022 19:57:16 GMT
- request:
    method: post
    uri: https://cloudformation.us-east-2.amazonaws.com/
    body:
      encoding: UTF-8
      string: Action=DescribeStacks&StackName=openstax-aws-ruby-secrets-secrets-dsl-spec-main&Version=2010-05-15
    headers:
      Accept-Encoding:
      - ''
      User-Agent:
      - aws-sdk-ruby3/3.127.0 ruby/2.7.2 x86_64-darwin20 aws-sdk-cloudformation/1.63.0
      Content-Type:
      - application/x-www-form-urlencoded; charset=utf-8
      Host:
      - cloudformation.us-east-2.amazonaws.com
      X-Amz-Date:
      - 20220610T195721Z
      X-Amz-Security-Token:
      - AWS_SESSION_TOKEN
      X-Amz-Content-Sha256:
      - bba9ab149be09911f60e83e18c4e577ef4401099a40abc92d767daf01234db21
      Authorization:
      - AWS4-HMAC-SHA256 Credential=AWS_ACCESS_KEY_ID/20220610/us-east-2/cloudformation/aws4_request,
        SignedHeaders=content-type;host;x-amz-content-sha256;x-amz-date;x-amz-security-token,
        Signature=<SignatureValue>
      Content-Length:
      - '98'
      Accept:
      - "*/*"
  response:
    status:
      code: 200
      message: OK
    headers:
      X-Amzn-Requestid:
      - 0c934921-4047-4d8a-bfa0-eda2537db0db
      Content-Type:
      - text/xml
      Content-Length:
      - '2162'
      Date:
      - Fri, 10 Jun 2022 19:57:20 GMT
    body:
      encoding: UTF-8
      string: |
        <DescribeStacksResponse xmlns="http://cloudformation.amazonaws.com/doc/2010-05-15/">
          <DescribeStacksResult>
            <Stacks>
              <member>
                <Outputs>
                  <member>
                    <OutputKey>BucketArn</OutputKey>
                    <OutputValue>arn:aws:s3:::aws-ruby-spec-secrets-dsl-create</OutputValue>
                    <ExportName>openstax-aws-ruby-secrets-secrets-dsl-spec-main-BucketArn</ExportName>
                  </member>
                </Outputs>
                <CreationTime>2022-06-10T19:56:24.182Z</CreationTime>
                <NotificationARNs/>
                <StackId>arn:aws:cloudformation:us-east-2:373045849756:stack/openstax-aws-ruby-secrets-secrets-dsl-spec-main/67bd0610-e8f7-11ec-9c6e-02bdfe99e24c</StackId>
                <StackName>openstax-aws-ruby-secrets-secrets-dsl-spec-main</StackName>
                <Description>Secrets DSL spec
        </Description>
                <StackStatus>UPDATE_IN_PROGRESS</StackStatus>
                <DisableRollback>false</DisableRollback>
                <Tags/>
                <RollbackConfiguration/>
                <DriftInformation>
                  <StackDriftStatus>NOT_CHECKED</StackDriftStatus>
                </DriftInformation>
                <EnableTerminationProtection>false</EnableTerminationProtection>
                <LastUpdatedTime>2022-06-10T19:57:05.217Z</LastUpdatedTime>
                <Parameters>
                  <member>
                    <ParameterKey>BucketName</ParameterKey>
                    <ParameterValue>aws-ruby-spec-secrets-dsl-create</ParameterValue>
                  </member>
                  <member>
                    <ParameterKey>CycleIfDifferent</ParameterKey>
                    <ParameterValue>355e93adce4c5081db06</ParameterValue>
                  </member>
                  <member>
                    <ParameterKey>SomeSha</ParameterKey>
                    <ParameterValue>1b2ebfd91dd9fb34d58c834cbb70a21c6479ba8e</ParameterValue>
                  </member>
                </Parameters>
                <ChangeSetId>arn:aws:cloudformation:us-east-2:373045849756:changeSet/openstax-aws-ruby-secrets-secrets-dsl-spec-main-20220610-195658/5ebbbb11-aafe-49b8-b974-7023039e29fe</ChangeSetId>
              </member>
            </Stacks>
          </DescribeStacksResult>
          <ResponseMetadata>
            <RequestId>0c934921-4047-4d8a-bfa0-eda2537db0db</RequestId>
          </ResponseMetadata>
        </DescribeStacksResponse>
  recorded_at: Fri, 10 Jun 2022 19:57:21 GMT
- request:
    method: post
    uri: https://cloudformation.us-east-2.amazonaws.com/
    body:
      encoding: UTF-8
      string: Action=DescribeStacks&StackName=openstax-aws-ruby-secrets-secrets-dsl-spec-main&Version=2010-05-15
    headers:
      Accept-Encoding:
      - ''
      User-Agent:
      - aws-sdk-ruby3/3.127.0 ruby/2.7.2 x86_64-darwin20 aws-sdk-cloudformation/1.63.0
      Content-Type:
      - application/x-www-form-urlencoded; charset=utf-8
      Host:
      - cloudformation.us-east-2.amazonaws.com
      X-Amz-Date:
      - 20220610T195726Z
      X-Amz-Security-Token:
      - AWS_SESSION_TOKEN
      X-Amz-Content-Sha256:
      - bba9ab149be09911f60e83e18c4e577ef4401099a40abc92d767daf01234db21
      Authorization:
      - AWS4-HMAC-SHA256 Credential=AWS_ACCESS_KEY_ID/20220610/us-east-2/cloudformation/aws4_request,
        SignedHeaders=content-type;host;x-amz-content-sha256;x-amz-date;x-amz-security-token,
        Signature=<SignatureValue>
      Content-Length:
      - '98'
      Accept:
      - "*/*"
  response:
    status:
      code: 200
      message: OK
    headers:
      X-Amzn-Requestid:
      - 55f0faa9-1b8c-4271-b5aa-dc72580820c7
      Content-Type:
      - text/xml
      Content-Length:
      - '2162'
      Date:
      - Fri, 10 Jun 2022 19:57:26 GMT
    body:
      encoding: UTF-8
      string: |
        <DescribeStacksResponse xmlns="http://cloudformation.amazonaws.com/doc/2010-05-15/">
          <DescribeStacksResult>
            <Stacks>
              <member>
                <Outputs>
                  <member>
                    <OutputKey>BucketArn</OutputKey>
                    <OutputValue>arn:aws:s3:::aws-ruby-spec-secrets-dsl-create</OutputValue>
                    <ExportName>openstax-aws-ruby-secrets-secrets-dsl-spec-main-BucketArn</ExportName>
                  </member>
                </Outputs>
                <CreationTime>2022-06-10T19:56:24.182Z</CreationTime>
                <NotificationARNs/>
                <StackId>arn:aws:cloudformation:us-east-2:373045849756:stack/openstax-aws-ruby-secrets-secrets-dsl-spec-main/67bd0610-e8f7-11ec-9c6e-02bdfe99e24c</StackId>
                <StackName>openstax-aws-ruby-secrets-secrets-dsl-spec-main</StackName>
                <Description>Secrets DSL spec
        </Description>
                <StackStatus>UPDATE_IN_PROGRESS</StackStatus>
                <DisableRollback>false</DisableRollback>
                <Tags/>
                <RollbackConfiguration/>
                <DriftInformation>
                  <StackDriftStatus>NOT_CHECKED</StackDriftStatus>
                </DriftInformation>
                <EnableTerminationProtection>false</EnableTerminationProtection>
                <LastUpdatedTime>2022-06-10T19:57:05.217Z</LastUpdatedTime>
                <Parameters>
                  <member>
                    <ParameterKey>BucketName</ParameterKey>
                    <ParameterValue>aws-ruby-spec-secrets-dsl-create</ParameterValue>
                  </member>
                  <member>
                    <ParameterKey>CycleIfDifferent</ParameterKey>
                    <ParameterValue>355e93adce4c5081db06</ParameterValue>
                  </member>
                  <member>
                    <ParameterKey>SomeSha</ParameterKey>
                    <ParameterValue>1b2ebfd91dd9fb34d58c834cbb70a21c6479ba8e</ParameterValue>
                  </member>
                </Parameters>
                <ChangeSetId>arn:aws:cloudformation:us-east-2:373045849756:changeSet/openstax-aws-ruby-secrets-secrets-dsl-spec-main-20220610-195658/5ebbbb11-aafe-49b8-b974-7023039e29fe</ChangeSetId>
              </member>
            </Stacks>
          </DescribeStacksResult>
          <ResponseMetadata>
            <RequestId>55f0faa9-1b8c-4271-b5aa-dc72580820c7</RequestId>
          </ResponseMetadata>
        </DescribeStacksResponse>
  recorded_at: Fri, 10 Jun 2022 19:57:26 GMT
- request:
    method: post
    uri: https://cloudformation.us-east-2.amazonaws.com/
    body:
      encoding: UTF-8
      string: Action=DescribeStacks&StackName=openstax-aws-ruby-secrets-secrets-dsl-spec-main&Version=2010-05-15
    headers:
      Accept-Encoding:
      - ''
      User-Agent:
      - aws-sdk-ruby3/3.127.0 ruby/2.7.2 x86_64-darwin20 aws-sdk-cloudformation/1.63.0
      Content-Type:
      - application/x-www-form-urlencoded; charset=utf-8
      Host:
      - cloudformation.us-east-2.amazonaws.com
      X-Amz-Date:
      - 20220610T195731Z
      X-Amz-Security-Token:
      - AWS_SESSION_TOKEN
      X-Amz-Content-Sha256:
      - bba9ab149be09911f60e83e18c4e577ef4401099a40abc92d767daf01234db21
      Authorization:
      - AWS4-HMAC-SHA256 Credential=AWS_ACCESS_KEY_ID/20220610/us-east-2/cloudformation/aws4_request,
        SignedHeaders=content-type;host;x-amz-content-sha256;x-amz-date;x-amz-security-token,
        Signature=<SignatureValue>
      Content-Length:
      - '98'
      Accept:
      - "*/*"
  response:
    status:
      code: 200
      message: OK
    headers:
      X-Amzn-Requestid:
      - 67f4b428-decb-4117-adc6-dac739b67f77
      Content-Type:
      - text/xml
      Content-Length:
      - '2179'
      Date:
      - Fri, 10 Jun 2022 19:57:31 GMT
    body:
      encoding: UTF-8
      string: |
        <DescribeStacksResponse xmlns="http://cloudformation.amazonaws.com/doc/2010-05-15/">
          <DescribeStacksResult>
            <Stacks>
              <member>
                <Outputs>
                  <member>
                    <OutputKey>BucketArn</OutputKey>
                    <OutputValue>arn:aws:s3:::aws-ruby-spec-secrets-dsl-create</OutputValue>
                    <ExportName>openstax-aws-ruby-secrets-secrets-dsl-spec-main-BucketArn</ExportName>
                  </member>
                </Outputs>
                <CreationTime>2022-06-10T19:56:24.182Z</CreationTime>
                <NotificationARNs/>
                <StackId>arn:aws:cloudformation:us-east-2:373045849756:stack/openstax-aws-ruby-secrets-secrets-dsl-spec-main/67bd0610-e8f7-11ec-9c6e-02bdfe99e24c</StackId>
                <StackName>openstax-aws-ruby-secrets-secrets-dsl-spec-main</StackName>
                <Description>Secrets DSL spec
        </Description>
                <StackStatus>UPDATE_COMPLETE_CLEANUP_IN_PROGRESS</StackStatus>
                <DisableRollback>false</DisableRollback>
                <Tags/>
                <RollbackConfiguration/>
                <DriftInformation>
                  <StackDriftStatus>NOT_CHECKED</StackDriftStatus>
                </DriftInformation>
                <EnableTerminationProtection>false</EnableTerminationProtection>
                <LastUpdatedTime>2022-06-10T19:57:05.217Z</LastUpdatedTime>
                <Parameters>
                  <member>
                    <ParameterKey>BucketName</ParameterKey>
                    <ParameterValue>aws-ruby-spec-secrets-dsl-create</ParameterValue>
                  </member>
                  <member>
                    <ParameterKey>CycleIfDifferent</ParameterKey>
                    <ParameterValue>355e93adce4c5081db06</ParameterValue>
                  </member>
                  <member>
                    <ParameterKey>SomeSha</ParameterKey>
                    <ParameterValue>1b2ebfd91dd9fb34d58c834cbb70a21c6479ba8e</ParameterValue>
                  </member>
                </Parameters>
                <ChangeSetId>arn:aws:cloudformation:us-east-2:373045849756:changeSet/openstax-aws-ruby-secrets-secrets-dsl-spec-main-20220610-195658/5ebbbb11-aafe-49b8-b974-7023039e29fe</ChangeSetId>
              </member>
            </Stacks>
          </DescribeStacksResult>
          <ResponseMetadata>
            <RequestId>67f4b428-decb-4117-adc6-dac739b67f77</RequestId>
          </ResponseMetadata>
        </DescribeStacksResponse>
  recorded_at: Fri, 10 Jun 2022 19:57:31 GMT
- request:
    method: post
    uri: https://cloudformation.us-east-2.amazonaws.com/
    body:
      encoding: UTF-8
      string: Action=DescribeStacks&StackName=openstax-aws-ruby-secrets-secrets-dsl-spec-main&Version=2010-05-15
    headers:
      Accept-Encoding:
      - ''
      User-Agent:
      - aws-sdk-ruby3/3.127.0 ruby/2.7.2 x86_64-darwin20 aws-sdk-cloudformation/1.63.0
      Content-Type:
      - application/x-www-form-urlencoded; charset=utf-8
      Host:
      - cloudformation.us-east-2.amazonaws.com
      X-Amz-Date:
      - 20220610T195736Z
      X-Amz-Security-Token:
      - AWS_SESSION_TOKEN
      X-Amz-Content-Sha256:
      - bba9ab149be09911f60e83e18c4e577ef4401099a40abc92d767daf01234db21
      Authorization:
      - AWS4-HMAC-SHA256 Credential=AWS_ACCESS_KEY_ID/20220610/us-east-2/cloudformation/aws4_request,
        SignedHeaders=content-type;host;x-amz-content-sha256;x-amz-date;x-amz-security-token,
        Signature=<SignatureValue>
      Content-Length:
      - '98'
      Accept:
      - "*/*"
  response:
    status:
      code: 200
      message: OK
    headers:
      X-Amzn-Requestid:
      - 2e66f053-c25d-4099-ba63-a2423d8b6d39
      Content-Type:
      - text/xml
      Content-Length:
      - '2159'
      Date:
      - Fri, 10 Jun 2022 19:57:36 GMT
    body:
      encoding: UTF-8
      string: |
        <DescribeStacksResponse xmlns="http://cloudformation.amazonaws.com/doc/2010-05-15/">
          <DescribeStacksResult>
            <Stacks>
              <member>
                <Outputs>
                  <member>
                    <OutputKey>BucketArn</OutputKey>
                    <OutputValue>arn:aws:s3:::aws-ruby-spec-secrets-dsl-create</OutputValue>
                    <ExportName>openstax-aws-ruby-secrets-secrets-dsl-spec-main-BucketArn</ExportName>
                  </member>
                </Outputs>
                <CreationTime>2022-06-10T19:56:24.182Z</CreationTime>
                <NotificationARNs/>
                <StackId>arn:aws:cloudformation:us-east-2:373045849756:stack/openstax-aws-ruby-secrets-secrets-dsl-spec-main/67bd0610-e8f7-11ec-9c6e-02bdfe99e24c</StackId>
                <StackName>openstax-aws-ruby-secrets-secrets-dsl-spec-main</StackName>
                <Description>Secrets DSL spec
        </Description>
                <StackStatus>UPDATE_COMPLETE</StackStatus>
                <DisableRollback>false</DisableRollback>
                <Tags/>
                <RollbackConfiguration/>
                <DriftInformation>
                  <StackDriftStatus>NOT_CHECKED</StackDriftStatus>
                </DriftInformation>
                <EnableTerminationProtection>false</EnableTerminationProtection>
                <LastUpdatedTime>2022-06-10T19:57:05.217Z</LastUpdatedTime>
                <Parameters>
                  <member>
                    <ParameterKey>BucketName</ParameterKey>
                    <ParameterValue>aws-ruby-spec-secrets-dsl-create</ParameterValue>
                  </member>
                  <member>
                    <ParameterKey>CycleIfDifferent</ParameterKey>
                    <ParameterValue>355e93adce4c5081db06</ParameterValue>
                  </member>
                  <member>
                    <ParameterKey>SomeSha</ParameterKey>
                    <ParameterValue>1b2ebfd91dd9fb34d58c834cbb70a21c6479ba8e</ParameterValue>
                  </member>
                </Parameters>
                <ChangeSetId>arn:aws:cloudformation:us-east-2:373045849756:changeSet/openstax-aws-ruby-secrets-secrets-dsl-spec-main-20220610-195658/5ebbbb11-aafe-49b8-b974-7023039e29fe</ChangeSetId>
              </member>
            </Stacks>
          </DescribeStacksResult>
          <ResponseMetadata>
            <RequestId>2e66f053-c25d-4099-ba63-a2423d8b6d39</RequestId>
          </ResponseMetadata>
        </DescribeStacksResponse>
  recorded_at: Fri, 10 Jun 2022 19:57:37 GMT
- request:
    method: post
    uri: https://cloudformation.us-east-2.amazonaws.com/
    body:
      encoding: UTF-8
      string: Action=ListStackResources&StackName=openstax-aws-ruby-secrets-secrets-dsl-spec-main&Version=2010-05-15
    headers:
      Accept-Encoding:
      - ''
      User-Agent:
      - aws-sdk-ruby3/3.127.0 ruby/2.7.2 x86_64-darwin20 aws-sdk-cloudformation/1.63.0
      Content-Type:
      - application/x-www-form-urlencoded; charset=utf-8
      Host:
      - cloudformation.us-east-2.amazonaws.com
      X-Amz-Date:
      - 20220610T195737Z
      X-Amz-Security-Token:
      - AWS_SESSION_TOKEN
      X-Amz-Content-Sha256:
      - edbfc4758b882bea4e1e21652419ff05cc8494776174914c4412ed5f72d06d8a
      Authorization:
      - AWS4-HMAC-SHA256 Credential=AWS_ACCESS_KEY_ID/20220610/us-east-2/cloudformation/aws4_request,
        SignedHeaders=content-type;host;x-amz-content-sha256;x-amz-date;x-amz-security-token,
        Signature=<SignatureValue>
      Content-Length:
      - '102'
      Accept:
      - "*/*"
  response:
    status:
      code: 200
      message: OK
    headers:
      X-Amzn-Requestid:
      - b21d8995-30ae-4d33-835e-4cfa344889e5
      Content-Type:
      - text/xml
      Content-Length:
      - '831'
      Date:
      - Fri, 10 Jun 2022 19:57:36 GMT
    body:
      encoding: UTF-8
      string: |
        <ListStackResourcesResponse xmlns="http://cloudformation.amazonaws.com/doc/2010-05-15/">
          <ListStackResourcesResult>
            <StackResourceSummaries>
              <member>
                <LastUpdatedTimestamp>2022-06-10T19:57:30.036Z</LastUpdatedTimestamp>
                <PhysicalResourceId>aws-ruby-spec-secrets-dsl-create</PhysicalResourceId>
                <ResourceStatus>UPDATE_COMPLETE</ResourceStatus>
                <DriftInformation>
                  <StackResourceDriftStatus>NOT_CHECKED</StackResourceDriftStatus>
                </DriftInformation>
                <LogicalResourceId>S3Bucket</LogicalResourceId>
                <ResourceType>AWS::S3::Bucket</ResourceType>
              </member>
            </StackResourceSummaries>
          </ListStackResourcesResult>
          <ResponseMetadata>
            <RequestId>b21d8995-30ae-4d33-835e-4cfa344889e5</RequestId>
          </ResponseMetadata>
        </ListStackResourcesResponse>
  recorded_at: Fri, 10 Jun 2022 19:57:37 GMT
- request:
    method: post
    uri: https://ssm.us-east-2.amazonaws.com/
    body:
      encoding: UTF-8
      string: '{"Path":"/openstax-aws-ruby-secrets/secrets-dsl-spec/main","Recursive":true,"WithDecryption":true}'
    headers:
      Accept-Encoding:
      - ''
      User-Agent:
      - aws-sdk-ruby3/3.127.0 ruby/2.7.2 x86_64-darwin20 aws-sdk-ssm/1.126.0
      Content-Type:
      - application/x-amz-json-1.1
      X-Amz-Target:
      - AmazonSSM.GetParametersByPath
      Host:
      - ssm.us-east-2.amazonaws.com
      X-Amz-Date:
      - 20220610T195737Z
      X-Amz-Security-Token:
      - AWS_SESSION_TOKEN
      X-Amz-Content-Sha256:
      - ee4cace661067379e2c2bb2ed8207728408333532e4ed94d0165acb17ff0e2c9
      Authorization:
      - AWS4-HMAC-SHA256 Credential=AWS_ACCESS_KEY_ID/20220610/us-east-2/ssm/aws4_request,
        SignedHeaders=content-type;host;x-amz-content-sha256;x-amz-date;x-amz-security-token;x-amz-target,
        Signature=<SignatureValue>
      Content-Length:
      - '98'
      Accept:
      - "*/*"
  response:
    status:
      code: 200
      message: OK
    headers:
      Server:
      - Server
      Date:
      - Fri, 10 Jun 2022 19:57:37 GMT
      Content-Type:
      - application/x-amz-json-1.1
      Content-Length:
      - '1540'
      Connection:
      - keep-alive
      X-Amzn-Requestid:
      - 5191409c-0a8d-46b3-a11a-9c720dd98645
    body:
      encoding: UTF-8
      string: '{"Parameters":[{"ARN":"arn:aws:ssm:us-east-2:373045849756:parameter/openstax-aws-ruby-secrets/secrets-dsl-spec/main/content_key","DataType":"text","LastModifiedDate":1.654890981257E9,"Name":"/openstax-aws-ruby-secrets/secrets-dsl-spec/main/content_key","Type":"SecureString","Value":"something-deployment-specific","Version":1},{"ARN":"arn:aws:ssm:us-east-2:373045849756:parameter/openstax-aws-ruby-secrets/secrets-dsl-spec/main/for_shared_substitution","DataType":"text","LastModifiedDate":1.654891018014E9,"Name":"/openstax-aws-ruby-secrets/secrets-dsl-spec/main/for_shared_substitution","Type":"SecureString","Value":"howdy
        you''all","Version":2},{"ARN":"arn:aws:ssm:us-east-2:373045849756:parameter/openstax-aws-ruby-secrets/secrets-dsl-spec/main/interpolated","DataType":"text","LastModifiedDate":1.654890981949E9,"Name":"/openstax-aws-ruby-secrets/secrets-dsl-spec/main/interpolated","Type":"SecureString","Value":"https://something-deployment-specific","Version":1},{"ARN":"arn:aws:ssm:us-east-2:373045849756:parameter/openstax-aws-ruby-secrets/secrets-dsl-spec/main/more_secrets","DataType":"text","LastModifiedDate":1.654890982657E9,"Name":"/openstax-aws-ruby-secrets/secrets-dsl-spec/main/more_secrets","Type":"SecureString","Value":"foo","Version":1},{"ARN":"arn:aws:ssm:us-east-2:373045849756:parameter/openstax-aws-ruby-secrets/secrets-dsl-spec/main/random","DataType":"text","LastModifiedDate":1.654890981602E9,"Name":"/openstax-aws-ruby-secrets/secrets-dsl-spec/main/random","Type":"SecureString","Value":"4a04","Version":1}]}'
  recorded_at: Fri, 10 Jun 2022 19:57:37 GMT
- request:
    method: post
    uri: https://cloudformation.us-east-2.amazonaws.com/
    body:
      encoding: UTF-8
      string: Action=DescribeStacks&StackName=openstax-aws-ruby-secrets-secrets-dsl-spec-main&Version=2010-05-15
    headers:
      Accept-Encoding:
      - ''
      User-Agent:
      - aws-sdk-ruby3/3.127.0 ruby/2.7.2 x86_64-darwin20 aws-sdk-cloudformation/1.63.0
      Content-Type:
      - application/x-www-form-urlencoded; charset=utf-8
      Host:
      - cloudformation.us-east-2.amazonaws.com
      X-Amz-Date:
      - 20220610T195737Z
      X-Amz-Security-Token:
      - AWS_SESSION_TOKEN
      X-Amz-Content-Sha256:
      - bba9ab149be09911f60e83e18c4e577ef4401099a40abc92d767daf01234db21
      Authorization:
      - AWS4-HMAC-SHA256 Credential=AWS_ACCESS_KEY_ID/20220610/us-east-2/cloudformation/aws4_request,
        SignedHeaders=content-type;host;x-amz-content-sha256;x-amz-date;x-amz-security-token,
        Signature=<SignatureValue>
      Content-Length:
      - '98'
      Accept:
      - "*/*"
  response:
    status:
      code: 200
      message: OK
    headers:
      X-Amzn-Requestid:
      - 041e22e9-ca32-4066-acb2-eefdf06a9b30
      Content-Type:
      - text/xml
      Content-Length:
      - '2159'
      Date:
      - Fri, 10 Jun 2022 19:57:37 GMT
    body:
      encoding: UTF-8
      string: |
        <DescribeStacksResponse xmlns="http://cloudformation.amazonaws.com/doc/2010-05-15/">
          <DescribeStacksResult>
            <Stacks>
              <member>
                <Outputs>
                  <member>
                    <OutputKey>BucketArn</OutputKey>
                    <OutputValue>arn:aws:s3:::aws-ruby-spec-secrets-dsl-create</OutputValue>
                    <ExportName>openstax-aws-ruby-secrets-secrets-dsl-spec-main-BucketArn</ExportName>
                  </member>
                </Outputs>
                <CreationTime>2022-06-10T19:56:24.182Z</CreationTime>
                <NotificationARNs/>
                <StackId>arn:aws:cloudformation:us-east-2:373045849756:stack/openstax-aws-ruby-secrets-secrets-dsl-spec-main/67bd0610-e8f7-11ec-9c6e-02bdfe99e24c</StackId>
                <StackName>openstax-aws-ruby-secrets-secrets-dsl-spec-main</StackName>
                <Description>Secrets DSL spec
        </Description>
                <StackStatus>UPDATE_COMPLETE</StackStatus>
                <DisableRollback>false</DisableRollback>
                <Tags/>
                <RollbackConfiguration/>
                <DriftInformation>
                  <StackDriftStatus>NOT_CHECKED</StackDriftStatus>
                </DriftInformation>
                <EnableTerminationProtection>false</EnableTerminationProtection>
                <LastUpdatedTime>2022-06-10T19:57:05.217Z</LastUpdatedTime>
                <Parameters>
                  <member>
                    <ParameterKey>BucketName</ParameterKey>
                    <ParameterValue>aws-ruby-spec-secrets-dsl-create</ParameterValue>
                  </member>
                  <member>
                    <ParameterKey>CycleIfDifferent</ParameterKey>
                    <ParameterValue>355e93adce4c5081db06</ParameterValue>
                  </member>
                  <member>
                    <ParameterKey>SomeSha</ParameterKey>
                    <ParameterValue>1b2ebfd91dd9fb34d58c834cbb70a21c6479ba8e</ParameterValue>
                  </member>
                </Parameters>
                <ChangeSetId>arn:aws:cloudformation:us-east-2:373045849756:changeSet/openstax-aws-ruby-secrets-secrets-dsl-spec-main-20220610-195658/5ebbbb11-aafe-49b8-b974-7023039e29fe</ChangeSetId>
              </member>
            </Stacks>
          </DescribeStacksResult>
          <ResponseMetadata>
            <RequestId>041e22e9-ca32-4066-acb2-eefdf06a9b30</RequestId>
          </ResponseMetadata>
        </DescribeStacksResponse>
  recorded_at: Fri, 10 Jun 2022 19:57:37 GMT
- request:
    method: post
    uri: https://ssm.us-east-2.amazonaws.com/
    body:
      encoding: UTF-8
      string: '{"Path":"/openstax-aws-ruby-secrets/secrets-dsl-spec/main","Recursive":true,"WithDecryption":true}'
    headers:
      Accept-Encoding:
      - ''
      User-Agent:
      - aws-sdk-ruby3/3.127.0 ruby/2.7.2 x86_64-darwin20 aws-sdk-ssm/1.126.0
      Content-Type:
      - application/x-amz-json-1.1
      X-Amz-Target:
      - AmazonSSM.GetParametersByPath
      Host:
      - ssm.us-east-2.amazonaws.com
      X-Amz-Date:
      - 20220610T195737Z
      X-Amz-Security-Token:
      - AWS_SESSION_TOKEN
      X-Amz-Content-Sha256:
      - ee4cace661067379e2c2bb2ed8207728408333532e4ed94d0165acb17ff0e2c9
      Authorization:
      - AWS4-HMAC-SHA256 Credential=AWS_ACCESS_KEY_ID/20220610/us-east-2/ssm/aws4_request,
        SignedHeaders=content-type;host;x-amz-content-sha256;x-amz-date;x-amz-security-token;x-amz-target,
        Signature=<SignatureValue>
      Content-Length:
      - '98'
      Accept:
      - "*/*"
  response:
    status:
      code: 200
      message: OK
    headers:
      Server:
      - Server
      Date:
      - Fri, 10 Jun 2022 19:57:38 GMT
      Content-Type:
      - application/x-amz-json-1.1
      Content-Length:
      - '1540'
      Connection:
      - keep-alive
      X-Amzn-Requestid:
      - a2eb1653-66d2-48f2-9204-f2bcf33cc6ce
    body:
      encoding: UTF-8
      string: '{"Parameters":[{"ARN":"arn:aws:ssm:us-east-2:373045849756:parameter/openstax-aws-ruby-secrets/secrets-dsl-spec/main/content_key","DataType":"text","LastModifiedDate":1.654890981257E9,"Name":"/openstax-aws-ruby-secrets/secrets-dsl-spec/main/content_key","Type":"SecureString","Value":"something-deployment-specific","Version":1},{"ARN":"arn:aws:ssm:us-east-2:373045849756:parameter/openstax-aws-ruby-secrets/secrets-dsl-spec/main/for_shared_substitution","DataType":"text","LastModifiedDate":1.654891018014E9,"Name":"/openstax-aws-ruby-secrets/secrets-dsl-spec/main/for_shared_substitution","Type":"SecureString","Value":"howdy
        you''all","Version":2},{"ARN":"arn:aws:ssm:us-east-2:373045849756:parameter/openstax-aws-ruby-secrets/secrets-dsl-spec/main/interpolated","DataType":"text","LastModifiedDate":1.654890981949E9,"Name":"/openstax-aws-ruby-secrets/secrets-dsl-spec/main/interpolated","Type":"SecureString","Value":"https://something-deployment-specific","Version":1},{"ARN":"arn:aws:ssm:us-east-2:373045849756:parameter/openstax-aws-ruby-secrets/secrets-dsl-spec/main/more_secrets","DataType":"text","LastModifiedDate":1.654890982657E9,"Name":"/openstax-aws-ruby-secrets/secrets-dsl-spec/main/more_secrets","Type":"SecureString","Value":"foo","Version":1},{"ARN":"arn:aws:ssm:us-east-2:373045849756:parameter/openstax-aws-ruby-secrets/secrets-dsl-spec/main/random","DataType":"text","LastModifiedDate":1.654890981602E9,"Name":"/openstax-aws-ruby-secrets/secrets-dsl-spec/main/random","Type":"SecureString","Value":"4a04","Version":1}]}'
  recorded_at: Fri, 10 Jun 2022 19:57:38 GMT
- request:
    method: post
    uri: https://ssm.us-east-2.amazonaws.com/
    body:
      encoding: UTF-8
      string: '{"Names":["/openstax-aws-ruby-secrets/secrets-dsl-spec/main/content_key","/openstax-aws-ruby-secrets/secrets-dsl-spec/main/for_shared_substitution","/openstax-aws-ruby-secrets/secrets-dsl-spec/main/interpolated","/openstax-aws-ruby-secrets/secrets-dsl-spec/main/more_secrets","/openstax-aws-ruby-secrets/secrets-dsl-spec/main/random"]}'
    headers:
      Accept-Encoding:
      - ''
      User-Agent:
      - aws-sdk-ruby3/3.127.0 ruby/2.7.2 x86_64-darwin20 aws-sdk-ssm/1.126.0
      Content-Type:
      - application/x-amz-json-1.1
      X-Amz-Target:
      - AmazonSSM.DeleteParameters
      Host:
      - ssm.us-east-2.amazonaws.com
      X-Amz-Date:
      - 20220610T195738Z
      X-Amz-Security-Token:
      - AWS_SESSION_TOKEN
      X-Amz-Content-Sha256:
      - 9eae29c9a9c93edd7d56bcefe36da0f52736679f0b9c2a53c303ff22e0e49d30
      Authorization:
      - AWS4-HMAC-SHA256 Credential=AWS_ACCESS_KEY_ID/20220610/us-east-2/ssm/aws4_request,
        SignedHeaders=content-type;host;x-amz-content-sha256;x-amz-date;x-amz-security-token;x-amz-target,
        Signature=<SignatureValue>
      Content-Length:
      - '335'
      Accept:
      - "*/*"
  response:
    status:
      code: 200
      message: OK
    headers:
      Server:
      - Server
      Date:
      - Fri, 10 Jun 2022 19:57:38 GMT
      Content-Type:
      - application/x-amz-json-1.1
      Content-Length:
      - '370'
      Connection:
      - keep-alive
      X-Amzn-Requestid:
      - 983b6f14-35e4-4ea3-b25c-39b0ac91fdd7
    body:
      encoding: UTF-8
      string: '{"DeletedParameters":["/openstax-aws-ruby-secrets/secrets-dsl-spec/main/content_key","/openstax-aws-ruby-secrets/secrets-dsl-spec/main/for_shared_substitution","/openstax-aws-ruby-secrets/secrets-dsl-spec/main/interpolated","/openstax-aws-ruby-secrets/secrets-dsl-spec/main/more_secrets","/openstax-aws-ruby-secrets/secrets-dsl-spec/main/random"],"InvalidParameters":[]}'
  recorded_at: Fri, 10 Jun 2022 19:57:38 GMT
- request:
    method: post
    uri: https://ssm.us-east-2.amazonaws.com/
    body:
      encoding: UTF-8
      string: '{"Path":"/openstax-aws-ruby-secrets/secrets-dsl-spec/main","Recursive":true,"WithDecryption":true}'
    headers:
      Accept-Encoding:
      - ''
      User-Agent:
      - aws-sdk-ruby3/3.127.0 ruby/2.7.2 x86_64-darwin20 aws-sdk-ssm/1.126.0
      Content-Type:
      - application/x-amz-json-1.1
      X-Amz-Target:
      - AmazonSSM.GetParametersByPath
      Host:
      - ssm.us-east-2.amazonaws.com
      X-Amz-Date:
      - 20220610T195738Z
      X-Amz-Security-Token:
      - AWS_SESSION_TOKEN
      X-Amz-Content-Sha256:
      - ee4cace661067379e2c2bb2ed8207728408333532e4ed94d0165acb17ff0e2c9
      Authorization:
      - AWS4-HMAC-SHA256 Credential=AWS_ACCESS_KEY_ID/20220610/us-east-2/ssm/aws4_request,
        SignedHeaders=content-type;host;x-amz-content-sha256;x-amz-date;x-amz-security-token;x-amz-target,
        Signature=<SignatureValue>
      Content-Length:
      - '98'
      Accept:
      - "*/*"
  response:
    status:
      code: 200
      message: OK
    headers:
      Server:
      - Server
      Date:
      - Fri, 10 Jun 2022 19:57:38 GMT
      Content-Type:
      - application/x-amz-json-1.1
      Content-Length:
      - '1540'
      Connection:
      - keep-alive
      X-Amzn-Requestid:
      - 896c1f71-cc35-48fb-86ab-0e803c9134da
    body:
      encoding: UTF-8
      string: '{"Parameters":[{"ARN":"arn:aws:ssm:us-east-2:373045849756:parameter/openstax-aws-ruby-secrets/secrets-dsl-spec/main/content_key","DataType":"text","LastModifiedDate":1.654890981257E9,"Name":"/openstax-aws-ruby-secrets/secrets-dsl-spec/main/content_key","Type":"SecureString","Value":"something-deployment-specific","Version":1},{"ARN":"arn:aws:ssm:us-east-2:373045849756:parameter/openstax-aws-ruby-secrets/secrets-dsl-spec/main/for_shared_substitution","DataType":"text","LastModifiedDate":1.654891018014E9,"Name":"/openstax-aws-ruby-secrets/secrets-dsl-spec/main/for_shared_substitution","Type":"SecureString","Value":"howdy
        you''all","Version":2},{"ARN":"arn:aws:ssm:us-east-2:373045849756:parameter/openstax-aws-ruby-secrets/secrets-dsl-spec/main/interpolated","DataType":"text","LastModifiedDate":1.654890981949E9,"Name":"/openstax-aws-ruby-secrets/secrets-dsl-spec/main/interpolated","Type":"SecureString","Value":"https://something-deployment-specific","Version":1},{"ARN":"arn:aws:ssm:us-east-2:373045849756:parameter/openstax-aws-ruby-secrets/secrets-dsl-spec/main/more_secrets","DataType":"text","LastModifiedDate":1.654890982657E9,"Name":"/openstax-aws-ruby-secrets/secrets-dsl-spec/main/more_secrets","Type":"SecureString","Value":"foo","Version":1},{"ARN":"arn:aws:ssm:us-east-2:373045849756:parameter/openstax-aws-ruby-secrets/secrets-dsl-spec/main/random","DataType":"text","LastModifiedDate":1.654890981602E9,"Name":"/openstax-aws-ruby-secrets/secrets-dsl-spec/main/random","Type":"SecureString","Value":"4a04","Version":1}]}'
  recorded_at: Fri, 10 Jun 2022 19:57:38 GMT
- request:
    method: post
    uri: https://ssm.us-east-2.amazonaws.com/
    body:
      encoding: UTF-8
      string: '{"Names":["/openstax-aws-ruby-secrets/secrets-dsl-spec/main/content_key","/openstax-aws-ruby-secrets/secrets-dsl-spec/main/for_shared_substitution","/openstax-aws-ruby-secrets/secrets-dsl-spec/main/interpolated","/openstax-aws-ruby-secrets/secrets-dsl-spec/main/more_secrets","/openstax-aws-ruby-secrets/secrets-dsl-spec/main/random"]}'
    headers:
      Accept-Encoding:
      - ''
      User-Agent:
      - aws-sdk-ruby3/3.127.0 ruby/2.7.2 x86_64-darwin20 aws-sdk-ssm/1.126.0
      Content-Type:
      - application/x-amz-json-1.1
      X-Amz-Target:
      - AmazonSSM.DeleteParameters
      Host:
      - ssm.us-east-2.amazonaws.com
      X-Amz-Date:
      - 20220610T195738Z
      X-Amz-Security-Token:
      - AWS_SESSION_TOKEN
      X-Amz-Content-Sha256:
      - 9eae29c9a9c93edd7d56bcefe36da0f52736679f0b9c2a53c303ff22e0e49d30
      Authorization:
      - AWS4-HMAC-SHA256 Credential=AWS_ACCESS_KEY_ID/20220610/us-east-2/ssm/aws4_request,
        SignedHeaders=content-type;host;x-amz-content-sha256;x-amz-date;x-amz-security-token;x-amz-target,
        Signature=<SignatureValue>
      Content-Length:
      - '335'
      Accept:
      - "*/*"
  response:
    status:
      code: 200
      message: OK
    headers:
      Server:
      - Server
      Date:
      - Fri, 10 Jun 2022 19:57:38 GMT
      Content-Type:
      - application/x-amz-json-1.1
      Content-Length:
      - '370'
      Connection:
      - keep-alive
      X-Amzn-Requestid:
      - c11d0d98-efca-48f6-9da6-592014c9ebc3
    body:
      encoding: UTF-8
      string: '{"DeletedParameters":[],"InvalidParameters":["/openstax-aws-ruby-secrets/secrets-dsl-spec/main/content_key","/openstax-aws-ruby-secrets/secrets-dsl-spec/main/for_shared_substitution","/openstax-aws-ruby-secrets/secrets-dsl-spec/main/interpolated","/openstax-aws-ruby-secrets/secrets-dsl-spec/main/more_secrets","/openstax-aws-ruby-secrets/secrets-dsl-spec/main/random"]}'
  recorded_at: Fri, 10 Jun 2022 19:57:38 GMT
- request:
    method: post
    uri: https://cloudformation.us-east-2.amazonaws.com/
    body:
      encoding: UTF-8
      string: Action=DescribeStacks&StackName=openstax-aws-ruby-secrets-secrets-dsl-spec-main&Version=2010-05-15
    headers:
      Accept-Encoding:
      - ''
      User-Agent:
      - aws-sdk-ruby3/3.127.0 ruby/2.7.2 x86_64-darwin20 aws-sdk-cloudformation/1.63.0
      Content-Type:
      - application/x-www-form-urlencoded; charset=utf-8
      Host:
      - cloudformation.us-east-2.amazonaws.com
      X-Amz-Date:
      - 20220610T195738Z
      X-Amz-Security-Token:
      - AWS_SESSION_TOKEN
      X-Amz-Content-Sha256:
      - bba9ab149be09911f60e83e18c4e577ef4401099a40abc92d767daf01234db21
      Authorization:
      - AWS4-HMAC-SHA256 Credential=AWS_ACCESS_KEY_ID/20220610/us-east-2/cloudformation/aws4_request,
        SignedHeaders=content-type;host;x-amz-content-sha256;x-amz-date;x-amz-security-token,
        Signature=<SignatureValue>
      Content-Length:
      - '98'
      Accept:
      - "*/*"
  response:
    status:
      code: 200
      message: OK
    headers:
      X-Amzn-Requestid:
      - '08801b81-2eb0-452b-bb2b-5dce075d6773'
      Content-Type:
      - text/xml
      Content-Length:
      - '2159'
      Date:
      - Fri, 10 Jun 2022 19:57:38 GMT
    body:
      encoding: UTF-8
      string: |
        <DescribeStacksResponse xmlns="http://cloudformation.amazonaws.com/doc/2010-05-15/">
          <DescribeStacksResult>
            <Stacks>
              <member>
                <Outputs>
                  <member>
                    <OutputKey>BucketArn</OutputKey>
                    <OutputValue>arn:aws:s3:::aws-ruby-spec-secrets-dsl-create</OutputValue>
                    <ExportName>openstax-aws-ruby-secrets-secrets-dsl-spec-main-BucketArn</ExportName>
                  </member>
                </Outputs>
                <CreationTime>2022-06-10T19:56:24.182Z</CreationTime>
                <NotificationARNs/>
                <StackId>arn:aws:cloudformation:us-east-2:373045849756:stack/openstax-aws-ruby-secrets-secrets-dsl-spec-main/67bd0610-e8f7-11ec-9c6e-02bdfe99e24c</StackId>
                <StackName>openstax-aws-ruby-secrets-secrets-dsl-spec-main</StackName>
                <Description>Secrets DSL spec
        </Description>
                <StackStatus>UPDATE_COMPLETE</StackStatus>
                <DisableRollback>false</DisableRollback>
                <Tags/>
                <RollbackConfiguration/>
                <DriftInformation>
                  <StackDriftStatus>NOT_CHECKED</StackDriftStatus>
                </DriftInformation>
                <EnableTerminationProtection>false</EnableTerminationProtection>
                <LastUpdatedTime>2022-06-10T19:57:05.217Z</LastUpdatedTime>
                <Parameters>
                  <member>
                    <ParameterKey>BucketName</ParameterKey>
                    <ParameterValue>aws-ruby-spec-secrets-dsl-create</ParameterValue>
                  </member>
                  <member>
                    <ParameterKey>CycleIfDifferent</ParameterKey>
                    <ParameterValue>355e93adce4c5081db06</ParameterValue>
                  </member>
                  <member>
                    <ParameterKey>SomeSha</ParameterKey>
                    <ParameterValue>1b2ebfd91dd9fb34d58c834cbb70a21c6479ba8e</ParameterValue>
                  </member>
                </Parameters>
                <ChangeSetId>arn:aws:cloudformation:us-east-2:373045849756:changeSet/openstax-aws-ruby-secrets-secrets-dsl-spec-main-20220610-195658/5ebbbb11-aafe-49b8-b974-7023039e29fe</ChangeSetId>
              </member>
            </Stacks>
          </DescribeStacksResult>
          <ResponseMetadata>
            <RequestId>08801b81-2eb0-452b-bb2b-5dce075d6773</RequestId>
          </ResponseMetadata>
        </DescribeStacksResponse>
  recorded_at: Fri, 10 Jun 2022 19:57:39 GMT
- request:
    method: post
    uri: https://cloudformation.us-east-2.amazonaws.com/
    body:
      encoding: UTF-8
      string: Action=DeleteStack&RetainResources=&StackName=openstax-aws-ruby-secrets-secrets-dsl-spec-main&Version=2010-05-15
    headers:
      Accept-Encoding:
      - ''
      User-Agent:
      - aws-sdk-ruby3/3.127.0 ruby/2.7.2 x86_64-darwin20 aws-sdk-cloudformation/1.63.0
      Content-Type:
      - application/x-www-form-urlencoded; charset=utf-8
      Host:
      - cloudformation.us-east-2.amazonaws.com
      X-Amz-Date:
      - 20220610T195739Z
      X-Amz-Security-Token:
      - AWS_SESSION_TOKEN
      X-Amz-Content-Sha256:
      - ffb588705ebeb9477a5400655f1d57c95c3652f3520971b85071bd77c166380b
      Authorization:
      - AWS4-HMAC-SHA256 Credential=AWS_ACCESS_KEY_ID/20220610/us-east-2/cloudformation/aws4_request,
        SignedHeaders=content-type;host;x-amz-content-sha256;x-amz-date;x-amz-security-token,
        Signature=<SignatureValue>
      Content-Length:
      - '112'
      Accept:
      - "*/*"
  response:
    status:
      code: 200
      message: OK
    headers:
      X-Amzn-Requestid:
      - 7da7269e-cecf-48c1-bd66-e19d45077cf3
      Content-Type:
      - text/xml
      Content-Length:
      - '212'
      Date:
      - Fri, 10 Jun 2022 19:57:39 GMT
    body:
      encoding: UTF-8
      string: |
        <DeleteStackResponse xmlns="http://cloudformation.amazonaws.com/doc/2010-05-15/">
          <ResponseMetadata>
            <RequestId>7da7269e-cecf-48c1-bd66-e19d45077cf3</RequestId>
          </ResponseMetadata>
        </DeleteStackResponse>
  recorded_at: Fri, 10 Jun 2022 19:57:39 GMT
- request:
    method: post
    uri: https://cloudformation.us-east-2.amazonaws.com/
    body:
      encoding: UTF-8
      string: Action=DescribeStacks&StackName=openstax-aws-ruby-secrets-secrets-dsl-spec-main&Version=2010-05-15
    headers:
      Accept-Encoding:
      - ''
      User-Agent:
      - aws-sdk-ruby3/3.127.0 ruby/2.7.2 x86_64-darwin20 aws-sdk-cloudformation/1.63.0
      Content-Type:
      - application/x-www-form-urlencoded; charset=utf-8
      Host:
      - cloudformation.us-east-2.amazonaws.com
      X-Amz-Date:
      - 20220610T195739Z
      X-Amz-Security-Token:
      - AWS_SESSION_TOKEN
      X-Amz-Content-Sha256:
      - bba9ab149be09911f60e83e18c4e577ef4401099a40abc92d767daf01234db21
      Authorization:
      - AWS4-HMAC-SHA256 Credential=AWS_ACCESS_KEY_ID/20220610/us-east-2/cloudformation/aws4_request,
        SignedHeaders=content-type;host;x-amz-content-sha256;x-amz-date;x-amz-security-token,
        Signature=<SignatureValue>
      Content-Length:
      - '98'
      Accept:
      - "*/*"
  response:
    status:
      code: 200
      message: OK
    headers:
      X-Amzn-Requestid:
      - d8977f87-28f3-495e-a17e-815dc0075201
      Content-Type:
      - text/xml
      Content-Length:
      - '2094'
      Date:
      - Fri, 10 Jun 2022 19:57:38 GMT
    body:
      encoding: UTF-8
      string: |
        <DescribeStacksResponse xmlns="http://cloudformation.amazonaws.com/doc/2010-05-15/">
          <DescribeStacksResult>
            <Stacks>
              <member>
                <Outputs>
                  <member>
                    <OutputKey>BucketArn</OutputKey>
                    <OutputValue>arn:aws:s3:::aws-ruby-spec-secrets-dsl-create</OutputValue>
                    <ExportName>openstax-aws-ruby-secrets-secrets-dsl-spec-main-BucketArn</ExportName>
                  </member>
                </Outputs>
                <CreationTime>2022-06-10T19:56:24.182Z</CreationTime>
                <NotificationARNs/>
                <StackId>arn:aws:cloudformation:us-east-2:373045849756:stack/openstax-aws-ruby-secrets-secrets-dsl-spec-main/67bd0610-e8f7-11ec-9c6e-02bdfe99e24c</StackId>
                <StackName>openstax-aws-ruby-secrets-secrets-dsl-spec-main</StackName>
                <Description>Secrets DSL spec
        </Description>
                <StackStatus>DELETE_IN_PROGRESS</StackStatus>
                <DeletionTime>2022-06-10T19:57:39.475Z</DeletionTime>
                <DisableRollback>false</DisableRollback>
                <Tags/>
                <RollbackConfiguration/>
                <DriftInformation>
                  <StackDriftStatus>NOT_CHECKED</StackDriftStatus>
                </DriftInformation>
                <EnableTerminationProtection>false</EnableTerminationProtection>
                <LastUpdatedTime>2022-06-10T19:57:05.217Z</LastUpdatedTime>
                <StackStatusReason>User Initiated</StackStatusReason>
                <Parameters>
                  <member>
                    <ParameterKey>BucketName</ParameterKey>
                    <ParameterValue>aws-ruby-spec-secrets-dsl-create</ParameterValue>
                  </member>
                  <member>
                    <ParameterKey>CycleIfDifferent</ParameterKey>
                    <ParameterValue>355e93adce4c5081db06</ParameterValue>
                  </member>
                  <member>
                    <ParameterKey>SomeSha</ParameterKey>
                    <ParameterValue>1b2ebfd91dd9fb34d58c834cbb70a21c6479ba8e</ParameterValue>
                  </member>
                </Parameters>
              </member>
            </Stacks>
          </DescribeStacksResult>
          <ResponseMetadata>
            <RequestId>d8977f87-28f3-495e-a17e-815dc0075201</RequestId>
          </ResponseMetadata>
        </DescribeStacksResponse>
  recorded_at: Fri, 10 Jun 2022 19:57:39 GMT
- request:
    method: post
    uri: https://cloudformation.us-east-2.amazonaws.com/
    body:
      encoding: UTF-8
      string: Action=DescribeStacks&StackName=openstax-aws-ruby-secrets-secrets-dsl-spec-main&Version=2010-05-15
    headers:
      Accept-Encoding:
      - ''
      User-Agent:
      - aws-sdk-ruby3/3.127.0 ruby/2.7.2 x86_64-darwin20 aws-sdk-cloudformation/1.63.0
      Content-Type:
      - application/x-www-form-urlencoded; charset=utf-8
      Host:
      - cloudformation.us-east-2.amazonaws.com
      X-Amz-Date:
      - 20220610T195739Z
      X-Amz-Security-Token:
      - AWS_SESSION_TOKEN
      X-Amz-Content-Sha256:
      - bba9ab149be09911f60e83e18c4e577ef4401099a40abc92d767daf01234db21
      Authorization:
      - AWS4-HMAC-SHA256 Credential=AWS_ACCESS_KEY_ID/20220610/us-east-2/cloudformation/aws4_request,
        SignedHeaders=content-type;host;x-amz-content-sha256;x-amz-date;x-amz-security-token,
        Signature=<SignatureValue>
      Content-Length:
      - '98'
      Accept:
      - "*/*"
  response:
    status:
      code: 200
      message: OK
    headers:
      X-Amzn-Requestid:
      - '07386eb3-fb66-476d-b58f-9948bcca76cf'
      Content-Type:
      - text/xml
      Content-Length:
      - '2094'
      Date:
      - Fri, 10 Jun 2022 19:57:39 GMT
    body:
      encoding: UTF-8
      string: |
        <DescribeStacksResponse xmlns="http://cloudformation.amazonaws.com/doc/2010-05-15/">
          <DescribeStacksResult>
            <Stacks>
              <member>
                <Outputs>
                  <member>
                    <OutputKey>BucketArn</OutputKey>
                    <OutputValue>arn:aws:s3:::aws-ruby-spec-secrets-dsl-create</OutputValue>
                    <ExportName>openstax-aws-ruby-secrets-secrets-dsl-spec-main-BucketArn</ExportName>
                  </member>
                </Outputs>
                <CreationTime>2022-06-10T19:56:24.182Z</CreationTime>
                <NotificationARNs/>
                <StackId>arn:aws:cloudformation:us-east-2:373045849756:stack/openstax-aws-ruby-secrets-secrets-dsl-spec-main/67bd0610-e8f7-11ec-9c6e-02bdfe99e24c</StackId>
                <StackName>openstax-aws-ruby-secrets-secrets-dsl-spec-main</StackName>
                <Description>Secrets DSL spec
        </Description>
                <StackStatus>DELETE_IN_PROGRESS</StackStatus>
                <DeletionTime>2022-06-10T19:57:39.475Z</DeletionTime>
                <DisableRollback>false</DisableRollback>
                <Tags/>
                <RollbackConfiguration/>
                <DriftInformation>
                  <StackDriftStatus>NOT_CHECKED</StackDriftStatus>
                </DriftInformation>
                <EnableTerminationProtection>false</EnableTerminationProtection>
                <LastUpdatedTime>2022-06-10T19:57:05.217Z</LastUpdatedTime>
                <StackStatusReason>User Initiated</StackStatusReason>
                <Parameters>
                  <member>
                    <ParameterKey>BucketName</ParameterKey>
                    <ParameterValue>aws-ruby-spec-secrets-dsl-create</ParameterValue>
                  </member>
                  <member>
                    <ParameterKey>CycleIfDifferent</ParameterKey>
                    <ParameterValue>355e93adce4c5081db06</ParameterValue>
                  </member>
                  <member>
                    <ParameterKey>SomeSha</ParameterKey>
                    <ParameterValue>1b2ebfd91dd9fb34d58c834cbb70a21c6479ba8e</ParameterValue>
                  </member>
                </Parameters>
              </member>
            </Stacks>
          </DescribeStacksResult>
          <ResponseMetadata>
            <RequestId>07386eb3-fb66-476d-b58f-9948bcca76cf</RequestId>
          </ResponseMetadata>
        </DescribeStacksResponse>
  recorded_at: Fri, 10 Jun 2022 19:57:40 GMT
- request:
    method: post
    uri: https://cloudformation.us-east-2.amazonaws.com/
    body:
      encoding: UTF-8
      string: Action=DescribeStacks&StackName=openstax-aws-ruby-secrets-secrets-dsl-spec-main&Version=2010-05-15
    headers:
      Accept-Encoding:
      - ''
      User-Agent:
      - aws-sdk-ruby3/3.127.0 ruby/2.7.2 x86_64-darwin20 aws-sdk-cloudformation/1.63.0
      Content-Type:
      - application/x-www-form-urlencoded; charset=utf-8
      Host:
      - cloudformation.us-east-2.amazonaws.com
      X-Amz-Date:
      - 20220610T195745Z
      X-Amz-Security-Token:
      - AWS_SESSION_TOKEN
      X-Amz-Content-Sha256:
      - bba9ab149be09911f60e83e18c4e577ef4401099a40abc92d767daf01234db21
      Authorization:
      - AWS4-HMAC-SHA256 Credential=AWS_ACCESS_KEY_ID/20220610/us-east-2/cloudformation/aws4_request,
        SignedHeaders=content-type;host;x-amz-content-sha256;x-amz-date;x-amz-security-token,
        Signature=<SignatureValue>
      Content-Length:
      - '98'
      Accept:
      - "*/*"
  response:
    status:
      code: 400
      message: Bad Request
    headers:
      X-Amzn-Requestid:
      - c4f23e8e-0002-4bbc-bdc9-dc34d09518aa
      Content-Type:
      - text/xml
      Content-Length:
      - '333'
      Date:
      - Fri, 10 Jun 2022 19:57:45 GMT
      Connection:
      - close
    body:
      encoding: UTF-8
      string: |
        <ErrorResponse xmlns="http://cloudformation.amazonaws.com/doc/2010-05-15/">
          <Error>
            <Type>Sender</Type>
            <Code>ValidationError</Code>
            <Message>Stack with id openstax-aws-ruby-secrets-secrets-dsl-spec-main does not exist</Message>
          </Error>
          <RequestId>c4f23e8e-0002-4bbc-bdc9-dc34d09518aa</RequestId>
        </ErrorResponse>
  recorded_at: Fri, 10 Jun 2022 19:57:45 GMT
- request:
    method: post
    uri: https://ssm.us-east-2.amazonaws.com/
    body:
      encoding: UTF-8
      string: '{"Path":"/openstax-aws-ruby-secrets/secrets-dsl-spec/main","Recursive":true,"WithDecryption":true}'
    headers:
      Accept-Encoding:
      - ''
      User-Agent:
      - aws-sdk-ruby3/3.127.0 ruby/2.7.2 x86_64-darwin20 aws-sdk-ssm/1.126.0
      Content-Type:
      - application/x-amz-json-1.1
      X-Amz-Target:
      - AmazonSSM.GetParametersByPath
      Host:
      - ssm.us-east-2.amazonaws.com
      X-Amz-Date:
      - 20220610T195745Z
      X-Amz-Security-Token:
      - AWS_SESSION_TOKEN
      X-Amz-Content-Sha256:
      - ee4cace661067379e2c2bb2ed8207728408333532e4ed94d0165acb17ff0e2c9
      Authorization:
      - AWS4-HMAC-SHA256 Credential=AWS_ACCESS_KEY_ID/20220610/us-east-2/ssm/aws4_request,
        SignedHeaders=content-type;host;x-amz-content-sha256;x-amz-date;x-amz-security-token;x-amz-target,
        Signature=<SignatureValue>
      Content-Length:
      - '98'
      Accept:
      - "*/*"
  response:
    status:
      code: 200
      message: OK
    headers:
      Server:
      - Server
      Date:
      - Fri, 10 Jun 2022 19:57:45 GMT
      Content-Type:
      - application/x-amz-json-1.1
      Content-Length:
      - '17'
      Connection:
      - keep-alive
      X-Amzn-Requestid:
      - 7c41e62f-04e7-45e3-afe1-c6312fc32de2
    body:
      encoding: UTF-8
      string: '{"Parameters":[]}'
  recorded_at: Fri, 10 Jun 2022 19:57:45 GMT
recorded_with: VCR 6.0.0
