---
http_interactions:
- request:
    method: post
    uri: https://cloudformation.us-east-2.amazonaws.com/
    body:
      encoding: UTF-8
      string: Action=DescribeStacks&StackName=spec-aws-ruby-stack-skips-create&Version=2010-05-15
    headers:
      Content-Type:
      - application/x-www-form-urlencoded; charset=utf-8
      Accept-Encoding:
      - ''
      User-Agent:
      - aws-sdk-ruby3/3.52.0 ruby/2.5.0 x86_64-darwin17 aws-sdk-cloudformation/1.20.0
      Host:
      - cloudformation.us-east-2.amazonaws.com
      X-Amz-Date:
      - 20191124T154807Z
      X-Amz-Content-Sha256:
      - 3e33e3f79ec7d0f79bfcd4c86cbe0484c769729bad98a3c624f508972d7d95aa
      Authorization:
      - AWS4-HMAC-SHA256 Credential=AWS_ACCESS_KEY_ID/20191124/us-east-2/cloudformation/aws4_request,
        SignedHeaders=content-type;host;x-amz-content-sha256;x-amz-date, Signature=<SignatureValue>
      Content-Length:
      - '83'
      Accept:
      - "*/*"
  response:
    status:
      code: 400
      message: Bad Request
    headers:
      X-Amzn-Requestid:
      - ec512b99-10a5-451f-a26e-bad0af3a90e2
      Content-Type:
      - text/xml
      Content-Length:
      - '318'
      Date:
      - Sun, 24 Nov 2019 15:48:07 GMT
      Connection:
      - close
    body:
      encoding: UTF-8
      string: |
        <ErrorResponse xmlns="http://cloudformation.amazonaws.com/doc/2010-05-15/">
          <Error>
            <Type>Sender</Type>
            <Code>ValidationError</Code>
            <Message>Stack with id spec-aws-ruby-stack-skips-create does not exist</Message>
          </Error>
          <RequestId>ec512b99-10a5-451f-a26e-bad0af3a90e2</RequestId>
        </ErrorResponse>
    http_version: 
  recorded_at: Sun, 24 Nov 2019 15:48:08 GMT
- request:
    method: post
    uri: https://cloudformation.us-west-2.amazonaws.com/
    body:
      encoding: UTF-8
      string: Action=ValidateTemplate&TemplateBody=Description%3A%20%3E%0A%20%20Test%20template%20one%0A%0AParameters%3A%0A%0A%20%20BucketName%3A%0A%20%20%20%20Type%3A%20String%0A%0A%20%20TagValue%3A%0A%20%20%20%20Type%3A%20String%0A%0AResources%3A%0A%0A%20%20S3Bucket%3A%0A%20%20%20%20Type%3A%20AWS%3A%3AS3%3A%3ABucket%0A%20%20%20%20Properties%3A%0A%20%20%20%20%20%20BucketName%3A%20%21Ref%20%27BucketName%27%0A%20%20%20%20%20%20Tags%3A%0A%20%20%20%20%20%20%20%20-%20Key%3A%20Tag1%0A%20%20%20%20%20%20%20%20%20%20Value%3A%20%21Ref%20%27TagValue%27%0A%0AOutputs%3A%0A%0A%20%20BucketArn%3A%0A%20%20%20%20Value%3A%20%21GetAtt%20%27S3Bucket.Arn%27%0A%20%20%20%20Export%3A%0A%20%20%20%20%20%20Name%3A%20%21Sub%20%27%24%7BAWS%3A%3AStackName%7D-BucketArn%27%0A&Version=2010-05-15
    headers:
      Content-Type:
      - application/x-www-form-urlencoded; charset=utf-8
      Accept-Encoding:
      - ''
      User-Agent:
      - aws-sdk-ruby3/3.52.0 ruby/2.5.0 x86_64-darwin17 aws-sdk-cloudformation/1.20.0
      Host:
      - cloudformation.us-west-2.amazonaws.com
      X-Amz-Date:
      - 20191124T154808Z
      X-Amz-Content-Sha256:
      - 4c4130d6d8ee21d1264dded763ed8d1415f408345990e0ea0c57bac79465bafc
      Authorization:
      - AWS4-HMAC-SHA256 Credential=AWS_ACCESS_KEY_ID/20191124/us-west-2/cloudformation/aws4_request,
        SignedHeaders=content-type;host;x-amz-content-sha256;x-amz-date, Signature=<SignatureValue>
      Content-Length:
      - '759'
      Accept:
      - "*/*"
  response:
    status:
      code: 200
      message: OK
    headers:
      X-Amzn-Requestid:
      - 544ad884-5471-4a60-844f-441a07dc0f37
      Content-Type:
      - text/xml
      Content-Length:
      - '580'
      Date:
      - Sun, 24 Nov 2019 15:48:08 GMT
    body:
      encoding: UTF-8
      string: |
        <ValidateTemplateResponse xmlns="http://cloudformation.amazonaws.com/doc/2010-05-15/">
          <ValidateTemplateResult>
            <Description>Test template one
        </Description>
            <Parameters>
              <member>
                <ParameterKey>BucketName</ParameterKey>
                <NoEcho>false</NoEcho>
              </member>
              <member>
                <ParameterKey>TagValue</ParameterKey>
                <NoEcho>false</NoEcho>
              </member>
            </Parameters>
          </ValidateTemplateResult>
          <ResponseMetadata>
            <RequestId>544ad884-5471-4a60-844f-441a07dc0f37</RequestId>
          </ResponseMetadata>
        </ValidateTemplateResponse>
    http_version: 
  recorded_at: Sun, 24 Nov 2019 15:48:08 GMT
- request:
    method: put
    uri: https://openstax-sandbox-cfn-templates.s3.us-west-2.amazonaws.com/cfn_templates/spec-templates/template_one.yml
    body:
      encoding: UTF-8
      string: |
        Description: >
          Test template one

        Parameters:

          BucketName:
            Type: String

          TagValue:
            Type: String

        Resources:

          S3Bucket:
            Type: AWS::S3::Bucket
            Properties:
              BucketName: !Ref 'BucketName'
              Tags:
                - Key: Tag1
                  Value: !Ref 'TagValue'

        Outputs:

          BucketArn:
            Value: !GetAtt 'S3Bucket.Arn'
            Export:
              Name: !Sub '${AWS::StackName}-BucketArn'
    headers:
      Content-Type:
      - ''
      Accept-Encoding:
      - ''
      User-Agent:
      - aws-sdk-ruby3/3.52.0 ruby/2.5.0 x86_64-darwin17 aws-sdk-s3/1.37.0
      Expect:
      - 100-continue
      Content-Md5:
      - iwRQXuudefxiuYnuy/AKYA==
      Host:
      - openstax-sandbox-cfn-templates.s3.us-west-2.amazonaws.com
      X-Amz-Date:
      - 20191124T154808Z
      X-Amz-Content-Sha256:
      - 44820f5081bfdd4c387cf15b34f8f70367dbba4e87e0c51380353e1b3b436eab
      Authorization:
      - AWS4-HMAC-SHA256 Credential=AWS_ACCESS_KEY_ID/20191124/us-west-2/s3/aws4_request,
        SignedHeaders=content-md5;expect;host;user-agent;x-amz-content-sha256;x-amz-date,
        Signature=<SignatureValue>
      Content-Length:
      - '395'
      Accept:
      - "*/*"
  response:
    status:
      code: 200
      message: OK
    headers:
      X-Amz-Id-2:
      - FBBpwGFBs/Qqd2dKs6kPT7FBtnKx8E+9GHQXxw4nor/LjRXIKRG9Af+OTbmR2EGK8SN2Y7XivlQ=
      X-Amz-Request-Id:
      - 9FCCC9B39233D519
      Date:
      - Sun, 24 Nov 2019 15:48:10 GMT
      X-Amz-Version-Id:
      - rQG3hwU0YRJFPJAZQNhgBgFXBAW9WkFU
      X-Amz-Server-Side-Encryption:
      - AES256
      Etag:
      - '"8b04505eeb9d79fc62b989eecbf00a60"'
      Content-Length:
      - '0'
      Server:
      - AmazonS3
    body:
      encoding: UTF-8
      string: ''
    http_version: 
  recorded_at: Sun, 24 Nov 2019 15:48:09 GMT
- request:
    method: post
    uri: https://cloudformation.us-east-2.amazonaws.com/
    body:
      encoding: UTF-8
      string: Action=CreateStack&Capabilities=&EnableTerminationProtection=false&Parameters.member.1.ParameterKey=BucketName&Parameters.member.1.ParameterValue=aws-ruby-rspec-bucket&Parameters.member.2.ParameterKey=TagValue&Parameters.member.2.ParameterValue=howdy&StackName=spec-aws-ruby-stack-skips-create&TemplateURL=https%3A%2F%2Fs3.amazonaws.com%2Fopenstax-sandbox-cfn-templates%2Fcfn_templates%2Fspec-templates%2Ftemplate_one.yml&Version=2010-05-15
    headers:
      Content-Type:
      - application/x-www-form-urlencoded; charset=utf-8
      Accept-Encoding:
      - ''
      User-Agent:
      - aws-sdk-ruby3/3.52.0 ruby/2.5.0 x86_64-darwin17 aws-sdk-cloudformation/1.20.0
      Host:
      - cloudformation.us-east-2.amazonaws.com
      X-Amz-Date:
      - 20191124T154809Z
      X-Amz-Content-Sha256:
      - 449c695fbea15fa95af8242eedc2ca4827528f0b110413bcdc5a2de889f53d3c
      Authorization:
      - AWS4-HMAC-SHA256 Credential=AWS_ACCESS_KEY_ID/20191124/us-east-2/cloudformation/aws4_request,
        SignedHeaders=content-type;host;x-amz-content-sha256;x-amz-date, Signature=<SignatureValue>
      Content-Length:
      - '440'
      Accept:
      - "*/*"
  response:
    status:
      code: 200
      message: OK
    headers:
      X-Amzn-Requestid:
      - 535c58e6-9b06-472a-a11a-183d2771ddce
      Content-Type:
      - text/xml
      Content-Length:
      - '402'
      Date:
      - Sun, 24 Nov 2019 15:48:09 GMT
    body:
      encoding: UTF-8
      string: |
        <CreateStackResponse xmlns="http://cloudformation.amazonaws.com/doc/2010-05-15/">
          <CreateStackResult>
            <StackId>arn:aws:cloudformation:us-east-2:373045849756:stack/spec-aws-ruby-stack-skips-create/d066c050-0ed1-11ea-81c9-0a9d1f6a4556</StackId>
          </CreateStackResult>
          <ResponseMetadata>
            <RequestId>535c58e6-9b06-472a-a11a-183d2771ddce</RequestId>
          </ResponseMetadata>
        </CreateStackResponse>
    http_version: 
  recorded_at: Sun, 24 Nov 2019 15:48:10 GMT
- request:
    method: post
    uri: https://cloudformation.us-east-2.amazonaws.com/
    body:
      encoding: UTF-8
      string: Action=DescribeStacks&StackName=spec-aws-ruby-stack-skips-create&Version=2010-05-15
    headers:
      Content-Type:
      - application/x-www-form-urlencoded; charset=utf-8
      Accept-Encoding:
      - ''
      User-Agent:
      - aws-sdk-ruby3/3.52.0 ruby/2.5.0 x86_64-darwin17 aws-sdk-cloudformation/1.20.0
      Host:
      - cloudformation.us-east-2.amazonaws.com
      X-Amz-Date:
      - 20191124T154810Z
      X-Amz-Content-Sha256:
      - 3e33e3f79ec7d0f79bfcd4c86cbe0484c769729bad98a3c624f508972d7d95aa
      Authorization:
      - AWS4-HMAC-SHA256 Credential=AWS_ACCESS_KEY_ID/20191124/us-east-2/cloudformation/aws4_request,
        SignedHeaders=content-type;host;x-amz-content-sha256;x-amz-date, Signature=<SignatureValue>
      Content-Length:
      - '83'
      Accept:
      - "*/*"
  response:
    status:
      code: 200
      message: OK
    headers:
      X-Amzn-Requestid:
      - a8e5d411-4ae6-4a56-b400-1148a4e2ea22
      Content-Type:
      - text/xml
      Content-Length:
      - '1364'
      Date:
      - Sun, 24 Nov 2019 15:48:09 GMT
    body:
      encoding: UTF-8
      string: |
        <DescribeStacksResponse xmlns="http://cloudformation.amazonaws.com/doc/2010-05-15/">
          <DescribeStacksResult>
            <Stacks>
              <member>
                <CreationTime>2019-11-24T15:48:09.902Z</CreationTime>
                <NotificationARNs/>
                <StackId>arn:aws:cloudformation:us-east-2:373045849756:stack/spec-aws-ruby-stack-skips-create/d066c050-0ed1-11ea-81c9-0a9d1f6a4556</StackId>
                <StackName>spec-aws-ruby-stack-skips-create</StackName>
                <Description>Test template one
        </Description>
                <StackStatus>CREATE_IN_PROGRESS</StackStatus>
                <DisableRollback>false</DisableRollback>
                <Tags/>
                <RollbackConfiguration/>
                <DriftInformation>
                  <StackDriftStatus>NOT_CHECKED</StackDriftStatus>
                </DriftInformation>
                <EnableTerminationProtection>false</EnableTerminationProtection>
                <Parameters>
                  <member>
                    <ParameterKey>BucketName</ParameterKey>
                    <ParameterValue>aws-ruby-rspec-bucket</ParameterValue>
                  </member>
                  <member>
                    <ParameterKey>TagValue</ParameterKey>
                    <ParameterValue>howdy</ParameterValue>
                  </member>
                </Parameters>
              </member>
            </Stacks>
          </DescribeStacksResult>
          <ResponseMetadata>
            <RequestId>a8e5d411-4ae6-4a56-b400-1148a4e2ea22</RequestId>
          </ResponseMetadata>
        </DescribeStacksResponse>
    http_version: 
  recorded_at: Sun, 24 Nov 2019 15:48:10 GMT
- request:
    method: post
    uri: https://cloudformation.us-east-2.amazonaws.com/
    body:
      encoding: UTF-8
      string: Action=DescribeStacks&StackName=spec-aws-ruby-stack-skips-create&Version=2010-05-15
    headers:
      Content-Type:
      - application/x-www-form-urlencoded; charset=utf-8
      Accept-Encoding:
      - ''
      User-Agent:
      - aws-sdk-ruby3/3.52.0 ruby/2.5.0 x86_64-darwin17 aws-sdk-cloudformation/1.20.0
      Host:
      - cloudformation.us-east-2.amazonaws.com
      X-Amz-Date:
      - 20191124T154810Z
      X-Amz-Content-Sha256:
      - 3e33e3f79ec7d0f79bfcd4c86cbe0484c769729bad98a3c624f508972d7d95aa
      Authorization:
      - AWS4-HMAC-SHA256 Credential=AWS_ACCESS_KEY_ID/20191124/us-east-2/cloudformation/aws4_request,
        SignedHeaders=content-type;host;x-amz-content-sha256;x-amz-date, Signature=<SignatureValue>
      Content-Length:
      - '83'
      Accept:
      - "*/*"
  response:
    status:
      code: 200
      message: OK
    headers:
      X-Amzn-Requestid:
      - 247caffc-1ad9-41ee-9df9-9c01c59fcd65
      Content-Type:
      - text/xml
      Content-Length:
      - '1364'
      Date:
      - Sun, 24 Nov 2019 15:48:10 GMT
    body:
      encoding: UTF-8
      string: |
        <DescribeStacksResponse xmlns="http://cloudformation.amazonaws.com/doc/2010-05-15/">
          <DescribeStacksResult>
            <Stacks>
              <member>
                <CreationTime>2019-11-24T15:48:09.902Z</CreationTime>
                <NotificationARNs/>
                <StackId>arn:aws:cloudformation:us-east-2:373045849756:stack/spec-aws-ruby-stack-skips-create/d066c050-0ed1-11ea-81c9-0a9d1f6a4556</StackId>
                <StackName>spec-aws-ruby-stack-skips-create</StackName>
                <Description>Test template one
        </Description>
                <StackStatus>CREATE_IN_PROGRESS</StackStatus>
                <DisableRollback>false</DisableRollback>
                <Tags/>
                <RollbackConfiguration/>
                <DriftInformation>
                  <StackDriftStatus>NOT_CHECKED</StackDriftStatus>
                </DriftInformation>
                <EnableTerminationProtection>false</EnableTerminationProtection>
                <Parameters>
                  <member>
                    <ParameterKey>BucketName</ParameterKey>
                    <ParameterValue>aws-ruby-rspec-bucket</ParameterValue>
                  </member>
                  <member>
                    <ParameterKey>TagValue</ParameterKey>
                    <ParameterValue>howdy</ParameterValue>
                  </member>
                </Parameters>
              </member>
            </Stacks>
          </DescribeStacksResult>
          <ResponseMetadata>
            <RequestId>247caffc-1ad9-41ee-9df9-9c01c59fcd65</RequestId>
          </ResponseMetadata>
        </DescribeStacksResponse>
    http_version: 
  recorded_at: Sun, 24 Nov 2019 15:48:10 GMT
- request:
    method: post
    uri: https://cloudformation.us-east-2.amazonaws.com/
    body:
      encoding: UTF-8
      string: Action=DescribeStacks&StackName=spec-aws-ruby-stack-skips-create&Version=2010-05-15
    headers:
      Content-Type:
      - application/x-www-form-urlencoded; charset=utf-8
      Accept-Encoding:
      - ''
      User-Agent:
      - aws-sdk-ruby3/3.52.0 ruby/2.5.0 x86_64-darwin17 aws-sdk-cloudformation/1.20.0
      Host:
      - cloudformation.us-east-2.amazonaws.com
      X-Amz-Date:
      - 20191124T154815Z
      X-Amz-Content-Sha256:
      - 3e33e3f79ec7d0f79bfcd4c86cbe0484c769729bad98a3c624f508972d7d95aa
      Authorization:
      - AWS4-HMAC-SHA256 Credential=AWS_ACCESS_KEY_ID/20191124/us-east-2/cloudformation/aws4_request,
        SignedHeaders=content-type;host;x-amz-content-sha256;x-amz-date, Signature=<SignatureValue>
      Content-Length:
      - '83'
      Accept:
      - "*/*"
  response:
    status:
      code: 200
      message: OK
    headers:
      X-Amzn-Requestid:
      - 27e5d15c-3499-4afb-9d35-0a8a6b6d6dca
      Content-Type:
      - text/xml
      Content-Length:
      - '1364'
      Date:
      - Sun, 24 Nov 2019 15:48:15 GMT
    body:
      encoding: UTF-8
      string: |
        <DescribeStacksResponse xmlns="http://cloudformation.amazonaws.com/doc/2010-05-15/">
          <DescribeStacksResult>
            <Stacks>
              <member>
                <CreationTime>2019-11-24T15:48:09.902Z</CreationTime>
                <NotificationARNs/>
                <StackId>arn:aws:cloudformation:us-east-2:373045849756:stack/spec-aws-ruby-stack-skips-create/d066c050-0ed1-11ea-81c9-0a9d1f6a4556</StackId>
                <StackName>spec-aws-ruby-stack-skips-create</StackName>
                <Description>Test template one
        </Description>
                <StackStatus>CREATE_IN_PROGRESS</StackStatus>
                <DisableRollback>false</DisableRollback>
                <Tags/>
                <RollbackConfiguration/>
                <DriftInformation>
                  <StackDriftStatus>NOT_CHECKED</StackDriftStatus>
                </DriftInformation>
                <EnableTerminationProtection>false</EnableTerminationProtection>
                <Parameters>
                  <member>
                    <ParameterKey>BucketName</ParameterKey>
                    <ParameterValue>aws-ruby-rspec-bucket</ParameterValue>
                  </member>
                  <member>
                    <ParameterKey>TagValue</ParameterKey>
                    <ParameterValue>howdy</ParameterValue>
                  </member>
                </Parameters>
              </member>
            </Stacks>
          </DescribeStacksResult>
          <ResponseMetadata>
            <RequestId>27e5d15c-3499-4afb-9d35-0a8a6b6d6dca</RequestId>
          </ResponseMetadata>
        </DescribeStacksResponse>
    http_version: 
  recorded_at: Sun, 24 Nov 2019 15:48:16 GMT
- request:
    method: post
    uri: https://cloudformation.us-east-2.amazonaws.com/
    body:
      encoding: UTF-8
      string: Action=DescribeStacks&StackName=spec-aws-ruby-stack-skips-create&Version=2010-05-15
    headers:
      Content-Type:
      - application/x-www-form-urlencoded; charset=utf-8
      Accept-Encoding:
      - ''
      User-Agent:
      - aws-sdk-ruby3/3.52.0 ruby/2.5.0 x86_64-darwin17 aws-sdk-cloudformation/1.20.0
      Host:
      - cloudformation.us-east-2.amazonaws.com
      X-Amz-Date:
      - 20191124T154821Z
      X-Amz-Content-Sha256:
      - 3e33e3f79ec7d0f79bfcd4c86cbe0484c769729bad98a3c624f508972d7d95aa
      Authorization:
      - AWS4-HMAC-SHA256 Credential=AWS_ACCESS_KEY_ID/20191124/us-east-2/cloudformation/aws4_request,
        SignedHeaders=content-type;host;x-amz-content-sha256;x-amz-date, Signature=<SignatureValue>
      Content-Length:
      - '83'
      Accept:
      - "*/*"
  response:
    status:
      code: 200
      message: OK
    headers:
      X-Amzn-Requestid:
      - b14f7366-5228-4e8e-95ea-0972e78f4570
      Content-Type:
      - text/xml
      Content-Length:
      - '1364'
      Date:
      - Sun, 24 Nov 2019 15:48:20 GMT
    body:
      encoding: UTF-8
      string: |
        <DescribeStacksResponse xmlns="http://cloudformation.amazonaws.com/doc/2010-05-15/">
          <DescribeStacksResult>
            <Stacks>
              <member>
                <CreationTime>2019-11-24T15:48:09.902Z</CreationTime>
                <NotificationARNs/>
                <StackId>arn:aws:cloudformation:us-east-2:373045849756:stack/spec-aws-ruby-stack-skips-create/d066c050-0ed1-11ea-81c9-0a9d1f6a4556</StackId>
                <StackName>spec-aws-ruby-stack-skips-create</StackName>
                <Description>Test template one
        </Description>
                <StackStatus>CREATE_IN_PROGRESS</StackStatus>
                <DisableRollback>false</DisableRollback>
                <Tags/>
                <RollbackConfiguration/>
                <DriftInformation>
                  <StackDriftStatus>NOT_CHECKED</StackDriftStatus>
                </DriftInformation>
                <EnableTerminationProtection>false</EnableTerminationProtection>
                <Parameters>
                  <member>
                    <ParameterKey>BucketName</ParameterKey>
                    <ParameterValue>aws-ruby-rspec-bucket</ParameterValue>
                  </member>
                  <member>
                    <ParameterKey>TagValue</ParameterKey>
                    <ParameterValue>howdy</ParameterValue>
                  </member>
                </Parameters>
              </member>
            </Stacks>
          </DescribeStacksResult>
          <ResponseMetadata>
            <RequestId>b14f7366-5228-4e8e-95ea-0972e78f4570</RequestId>
          </ResponseMetadata>
        </DescribeStacksResponse>
    http_version: 
  recorded_at: Sun, 24 Nov 2019 15:48:21 GMT
- request:
    method: post
    uri: https://cloudformation.us-east-2.amazonaws.com/
    body:
      encoding: UTF-8
      string: Action=DescribeStacks&StackName=spec-aws-ruby-stack-skips-create&Version=2010-05-15
    headers:
      Content-Type:
      - application/x-www-form-urlencoded; charset=utf-8
      Accept-Encoding:
      - ''
      User-Agent:
      - aws-sdk-ruby3/3.52.0 ruby/2.5.0 x86_64-darwin17 aws-sdk-cloudformation/1.20.0
      Host:
      - cloudformation.us-east-2.amazonaws.com
      X-Amz-Date:
      - 20191124T154826Z
      X-Amz-Content-Sha256:
      - 3e33e3f79ec7d0f79bfcd4c86cbe0484c769729bad98a3c624f508972d7d95aa
      Authorization:
      - AWS4-HMAC-SHA256 Credential=AWS_ACCESS_KEY_ID/20191124/us-east-2/cloudformation/aws4_request,
        SignedHeaders=content-type;host;x-amz-content-sha256;x-amz-date, Signature=<SignatureValue>
      Content-Length:
      - '83'
      Accept:
      - "*/*"
  response:
    status:
      code: 200
      message: OK
    headers:
      X-Amzn-Requestid:
      - a8836671-c4a5-42dd-9226-ecdc8e289e7d
      Content-Type:
      - text/xml
      Content-Length:
      - '1364'
      Date:
      - Sun, 24 Nov 2019 15:48:26 GMT
    body:
      encoding: UTF-8
      string: |
        <DescribeStacksResponse xmlns="http://cloudformation.amazonaws.com/doc/2010-05-15/">
          <DescribeStacksResult>
            <Stacks>
              <member>
                <CreationTime>2019-11-24T15:48:09.902Z</CreationTime>
                <NotificationARNs/>
                <StackId>arn:aws:cloudformation:us-east-2:373045849756:stack/spec-aws-ruby-stack-skips-create/d066c050-0ed1-11ea-81c9-0a9d1f6a4556</StackId>
                <StackName>spec-aws-ruby-stack-skips-create</StackName>
                <Description>Test template one
        </Description>
                <StackStatus>CREATE_IN_PROGRESS</StackStatus>
                <DisableRollback>false</DisableRollback>
                <Tags/>
                <RollbackConfiguration/>
                <DriftInformation>
                  <StackDriftStatus>NOT_CHECKED</StackDriftStatus>
                </DriftInformation>
                <EnableTerminationProtection>false</EnableTerminationProtection>
                <Parameters>
                  <member>
                    <ParameterKey>BucketName</ParameterKey>
                    <ParameterValue>aws-ruby-rspec-bucket</ParameterValue>
                  </member>
                  <member>
                    <ParameterKey>TagValue</ParameterKey>
                    <ParameterValue>howdy</ParameterValue>
                  </member>
                </Parameters>
              </member>
            </Stacks>
          </DescribeStacksResult>
          <ResponseMetadata>
            <RequestId>a8836671-c4a5-42dd-9226-ecdc8e289e7d</RequestId>
          </ResponseMetadata>
        </DescribeStacksResponse>
    http_version: 
  recorded_at: Sun, 24 Nov 2019 15:48:26 GMT
- request:
    method: post
    uri: https://cloudformation.us-east-2.amazonaws.com/
    body:
      encoding: UTF-8
      string: Action=DescribeStacks&StackName=spec-aws-ruby-stack-skips-create&Version=2010-05-15
    headers:
      Content-Type:
      - application/x-www-form-urlencoded; charset=utf-8
      Accept-Encoding:
      - ''
      User-Agent:
      - aws-sdk-ruby3/3.52.0 ruby/2.5.0 x86_64-darwin17 aws-sdk-cloudformation/1.20.0
      Host:
      - cloudformation.us-east-2.amazonaws.com
      X-Amz-Date:
      - 20191124T154831Z
      X-Amz-Content-Sha256:
      - 3e33e3f79ec7d0f79bfcd4c86cbe0484c769729bad98a3c624f508972d7d95aa
      Authorization:
      - AWS4-HMAC-SHA256 Credential=AWS_ACCESS_KEY_ID/20191124/us-east-2/cloudformation/aws4_request,
        SignedHeaders=content-type;host;x-amz-content-sha256;x-amz-date, Signature=<SignatureValue>
      Content-Length:
      - '83'
      Accept:
      - "*/*"
  response:
    status:
      code: 200
      message: OK
    headers:
      X-Amzn-Requestid:
      - c5dafc53-31d1-4d4e-937e-efc0a3cdae27
      Content-Type:
      - text/xml
      Content-Length:
      - '1364'
      Date:
      - Sun, 24 Nov 2019 15:48:31 GMT
    body:
      encoding: UTF-8
      string: |
        <DescribeStacksResponse xmlns="http://cloudformation.amazonaws.com/doc/2010-05-15/">
          <DescribeStacksResult>
            <Stacks>
              <member>
                <CreationTime>2019-11-24T15:48:09.902Z</CreationTime>
                <NotificationARNs/>
                <StackId>arn:aws:cloudformation:us-east-2:373045849756:stack/spec-aws-ruby-stack-skips-create/d066c050-0ed1-11ea-81c9-0a9d1f6a4556</StackId>
                <StackName>spec-aws-ruby-stack-skips-create</StackName>
                <Description>Test template one
        </Description>
                <StackStatus>CREATE_IN_PROGRESS</StackStatus>
                <DisableRollback>false</DisableRollback>
                <Tags/>
                <RollbackConfiguration/>
                <DriftInformation>
                  <StackDriftStatus>NOT_CHECKED</StackDriftStatus>
                </DriftInformation>
                <EnableTerminationProtection>false</EnableTerminationProtection>
                <Parameters>
                  <member>
                    <ParameterKey>BucketName</ParameterKey>
                    <ParameterValue>aws-ruby-rspec-bucket</ParameterValue>
                  </member>
                  <member>
                    <ParameterKey>TagValue</ParameterKey>
                    <ParameterValue>howdy</ParameterValue>
                  </member>
                </Parameters>
              </member>
            </Stacks>
          </DescribeStacksResult>
          <ResponseMetadata>
            <RequestId>c5dafc53-31d1-4d4e-937e-efc0a3cdae27</RequestId>
          </ResponseMetadata>
        </DescribeStacksResponse>
    http_version: 
  recorded_at: Sun, 24 Nov 2019 15:48:32 GMT
- request:
    method: post
    uri: https://cloudformation.us-east-2.amazonaws.com/
    body:
      encoding: UTF-8
      string: Action=DescribeStacks&StackName=spec-aws-ruby-stack-skips-create&Version=2010-05-15
    headers:
      Content-Type:
      - application/x-www-form-urlencoded; charset=utf-8
      Accept-Encoding:
      - ''
      User-Agent:
      - aws-sdk-ruby3/3.52.0 ruby/2.5.0 x86_64-darwin17 aws-sdk-cloudformation/1.20.0
      Host:
      - cloudformation.us-east-2.amazonaws.com
      X-Amz-Date:
      - 20191124T154837Z
      X-Amz-Content-Sha256:
      - 3e33e3f79ec7d0f79bfcd4c86cbe0484c769729bad98a3c624f508972d7d95aa
      Authorization:
      - AWS4-HMAC-SHA256 Credential=AWS_ACCESS_KEY_ID/20191124/us-east-2/cloudformation/aws4_request,
        SignedHeaders=content-type;host;x-amz-content-sha256;x-amz-date, Signature=<SignatureValue>
      Content-Length:
      - '83'
      Accept:
      - "*/*"
  response:
    status:
      code: 200
      message: OK
    headers:
      X-Amzn-Requestid:
      - afbd7cd0-eb3b-47d5-91e3-43026751a5d8
      Content-Type:
      - text/xml
      Content-Length:
      - '1636'
      Date:
      - Sun, 24 Nov 2019 15:48:37 GMT
    body:
      encoding: UTF-8
      string: |
        <DescribeStacksResponse xmlns="http://cloudformation.amazonaws.com/doc/2010-05-15/">
          <DescribeStacksResult>
            <Stacks>
              <member>
                <Outputs>
                  <member>
                    <ExportName>spec-aws-ruby-stack-skips-create-BucketArn</ExportName>
                    <OutputKey>BucketArn</OutputKey>
                    <OutputValue>arn:aws:s3:::aws-ruby-rspec-bucket</OutputValue>
                  </member>
                </Outputs>
                <CreationTime>2019-11-24T15:48:09.902Z</CreationTime>
                <NotificationARNs/>
                <StackId>arn:aws:cloudformation:us-east-2:373045849756:stack/spec-aws-ruby-stack-skips-create/d066c050-0ed1-11ea-81c9-0a9d1f6a4556</StackId>
                <StackName>spec-aws-ruby-stack-skips-create</StackName>
                <Description>Test template one
        </Description>
                <StackStatus>CREATE_COMPLETE</StackStatus>
                <DisableRollback>false</DisableRollback>
                <Tags/>
                <RollbackConfiguration/>
                <DriftInformation>
                  <StackDriftStatus>NOT_CHECKED</StackDriftStatus>
                </DriftInformation>
                <EnableTerminationProtection>false</EnableTerminationProtection>
                <Parameters>
                  <member>
                    <ParameterKey>BucketName</ParameterKey>
                    <ParameterValue>aws-ruby-rspec-bucket</ParameterValue>
                  </member>
                  <member>
                    <ParameterKey>TagValue</ParameterKey>
                    <ParameterValue>howdy</ParameterValue>
                  </member>
                </Parameters>
              </member>
            </Stacks>
          </DescribeStacksResult>
          <ResponseMetadata>
            <RequestId>afbd7cd0-eb3b-47d5-91e3-43026751a5d8</RequestId>
          </ResponseMetadata>
        </DescribeStacksResponse>
    http_version: 
  recorded_at: Sun, 24 Nov 2019 15:48:37 GMT
- request:
    method: post
    uri: https://cloudformation.us-east-2.amazonaws.com/
    body:
      encoding: UTF-8
      string: Action=DescribeStacks&StackName=spec-aws-ruby-stack-skips-create&Version=2010-05-15
    headers:
      Content-Type:
      - application/x-www-form-urlencoded; charset=utf-8
      Accept-Encoding:
      - ''
      User-Agent:
      - aws-sdk-ruby3/3.52.0 ruby/2.5.0 x86_64-darwin17 aws-sdk-cloudformation/1.20.0
      Host:
      - cloudformation.us-east-2.amazonaws.com
      X-Amz-Date:
      - 20191124T154837Z
      X-Amz-Content-Sha256:
      - 3e33e3f79ec7d0f79bfcd4c86cbe0484c769729bad98a3c624f508972d7d95aa
      Authorization:
      - AWS4-HMAC-SHA256 Credential=AWS_ACCESS_KEY_ID/20191124/us-east-2/cloudformation/aws4_request,
        SignedHeaders=content-type;host;x-amz-content-sha256;x-amz-date, Signature=<SignatureValue>
      Content-Length:
      - '83'
      Accept:
      - "*/*"
  response:
    status:
      code: 200
      message: OK
    headers:
      X-Amzn-Requestid:
      - ab55ac87-3dd9-4963-a40f-6c51e65f99eb
      Content-Type:
      - text/xml
      Content-Length:
      - '1636'
      Date:
      - Sun, 24 Nov 2019 15:48:37 GMT
    body:
      encoding: UTF-8
      string: |
        <DescribeStacksResponse xmlns="http://cloudformation.amazonaws.com/doc/2010-05-15/">
          <DescribeStacksResult>
            <Stacks>
              <member>
                <Outputs>
                  <member>
                    <ExportName>spec-aws-ruby-stack-skips-create-BucketArn</ExportName>
                    <OutputKey>BucketArn</OutputKey>
                    <OutputValue>arn:aws:s3:::aws-ruby-rspec-bucket</OutputValue>
                  </member>
                </Outputs>
                <CreationTime>2019-11-24T15:48:09.902Z</CreationTime>
                <NotificationARNs/>
                <StackId>arn:aws:cloudformation:us-east-2:373045849756:stack/spec-aws-ruby-stack-skips-create/d066c050-0ed1-11ea-81c9-0a9d1f6a4556</StackId>
                <StackName>spec-aws-ruby-stack-skips-create</StackName>
                <Description>Test template one
        </Description>
                <StackStatus>CREATE_COMPLETE</StackStatus>
                <DisableRollback>false</DisableRollback>
                <Tags/>
                <RollbackConfiguration/>
                <DriftInformation>
                  <StackDriftStatus>NOT_CHECKED</StackDriftStatus>
                </DriftInformation>
                <EnableTerminationProtection>false</EnableTerminationProtection>
                <Parameters>
                  <member>
                    <ParameterKey>BucketName</ParameterKey>
                    <ParameterValue>aws-ruby-rspec-bucket</ParameterValue>
                  </member>
                  <member>
                    <ParameterKey>TagValue</ParameterKey>
                    <ParameterValue>howdy</ParameterValue>
                  </member>
                </Parameters>
              </member>
            </Stacks>
          </DescribeStacksResult>
          <ResponseMetadata>
            <RequestId>ab55ac87-3dd9-4963-a40f-6c51e65f99eb</RequestId>
          </ResponseMetadata>
        </DescribeStacksResponse>
    http_version: 
  recorded_at: Sun, 24 Nov 2019 15:48:38 GMT
- request:
    method: post
    uri: https://cloudformation.us-east-2.amazonaws.com/
    body:
      encoding: UTF-8
      string: Action=DescribeStacks&StackName=spec-aws-ruby-stack-skips-create&Version=2010-05-15
    headers:
      Content-Type:
      - application/x-www-form-urlencoded; charset=utf-8
      Accept-Encoding:
      - ''
      User-Agent:
      - aws-sdk-ruby3/3.52.0 ruby/2.5.0 x86_64-darwin17 aws-sdk-cloudformation/1.20.0
      Host:
      - cloudformation.us-east-2.amazonaws.com
      X-Amz-Date:
      - 20191124T154838Z
      X-Amz-Content-Sha256:
      - 3e33e3f79ec7d0f79bfcd4c86cbe0484c769729bad98a3c624f508972d7d95aa
      Authorization:
      - AWS4-HMAC-SHA256 Credential=AWS_ACCESS_KEY_ID/20191124/us-east-2/cloudformation/aws4_request,
        SignedHeaders=content-type;host;x-amz-content-sha256;x-amz-date, Signature=<SignatureValue>
      Content-Length:
      - '83'
      Accept:
      - "*/*"
  response:
    status:
      code: 200
      message: OK
    headers:
      X-Amzn-Requestid:
      - 6acb9467-fab3-4155-a8dc-acd366a93609
      Content-Type:
      - text/xml
      Content-Length:
      - '1636'
      Date:
      - Sun, 24 Nov 2019 15:48:38 GMT
    body:
      encoding: UTF-8
      string: |
        <DescribeStacksResponse xmlns="http://cloudformation.amazonaws.com/doc/2010-05-15/">
          <DescribeStacksResult>
            <Stacks>
              <member>
                <Outputs>
                  <member>
                    <ExportName>spec-aws-ruby-stack-skips-create-BucketArn</ExportName>
                    <OutputKey>BucketArn</OutputKey>
                    <OutputValue>arn:aws:s3:::aws-ruby-rspec-bucket</OutputValue>
                  </member>
                </Outputs>
                <CreationTime>2019-11-24T15:48:09.902Z</CreationTime>
                <NotificationARNs/>
                <StackId>arn:aws:cloudformation:us-east-2:373045849756:stack/spec-aws-ruby-stack-skips-create/d066c050-0ed1-11ea-81c9-0a9d1f6a4556</StackId>
                <StackName>spec-aws-ruby-stack-skips-create</StackName>
                <Description>Test template one
        </Description>
                <StackStatus>CREATE_COMPLETE</StackStatus>
                <DisableRollback>false</DisableRollback>
                <Tags/>
                <RollbackConfiguration/>
                <DriftInformation>
                  <StackDriftStatus>NOT_CHECKED</StackDriftStatus>
                </DriftInformation>
                <EnableTerminationProtection>false</EnableTerminationProtection>
                <Parameters>
                  <member>
                    <ParameterKey>BucketName</ParameterKey>
                    <ParameterValue>aws-ruby-rspec-bucket</ParameterValue>
                  </member>
                  <member>
                    <ParameterKey>TagValue</ParameterKey>
                    <ParameterValue>howdy</ParameterValue>
                  </member>
                </Parameters>
              </member>
            </Stacks>
          </DescribeStacksResult>
          <ResponseMetadata>
            <RequestId>6acb9467-fab3-4155-a8dc-acd366a93609</RequestId>
          </ResponseMetadata>
        </DescribeStacksResponse>
    http_version: 
  recorded_at: Sun, 24 Nov 2019 15:48:38 GMT
- request:
    method: post
    uri: https://cloudformation.us-east-2.amazonaws.com/
    body:
      encoding: UTF-8
      string: Action=DeleteStack&StackName=spec-aws-ruby-stack-skips-create&Version=2010-05-15
    headers:
      Content-Type:
      - application/x-www-form-urlencoded; charset=utf-8
      Accept-Encoding:
      - ''
      User-Agent:
      - aws-sdk-ruby3/3.52.0 ruby/2.5.0 x86_64-darwin17 aws-sdk-cloudformation/1.20.0
      Host:
      - cloudformation.us-east-2.amazonaws.com
      X-Amz-Date:
      - 20191124T154838Z
      X-Amz-Content-Sha256:
      - 9fdd0b821cf5cbe181efc6d21e54e0db16c0670f47a4d2ee95595b7d5c6d584a
      Authorization:
      - AWS4-HMAC-SHA256 Credential=AWS_ACCESS_KEY_ID/20191124/us-east-2/cloudformation/aws4_request,
        SignedHeaders=content-type;host;x-amz-content-sha256;x-amz-date, Signature=<SignatureValue>
      Content-Length:
      - '80'
      Accept:
      - "*/*"
  response:
    status:
      code: 200
      message: OK
    headers:
      X-Amzn-Requestid:
      - 9e7d74fd-fcef-49d0-9b98-568530ded423
      Content-Type:
      - text/xml
      Content-Length:
      - '212'
      Date:
      - Sun, 24 Nov 2019 15:48:38 GMT
    body:
      encoding: UTF-8
      string: |
        <DeleteStackResponse xmlns="http://cloudformation.amazonaws.com/doc/2010-05-15/">
          <ResponseMetadata>
            <RequestId>9e7d74fd-fcef-49d0-9b98-568530ded423</RequestId>
          </ResponseMetadata>
        </DeleteStackResponse>
    http_version: 
  recorded_at: Sun, 24 Nov 2019 15:48:39 GMT
- request:
    method: post
    uri: https://cloudformation.us-east-2.amazonaws.com/
    body:
      encoding: UTF-8
      string: Action=DescribeStacks&StackName=spec-aws-ruby-stack-skips-create&Version=2010-05-15
    headers:
      Content-Type:
      - application/x-www-form-urlencoded; charset=utf-8
      Accept-Encoding:
      - ''
      User-Agent:
      - aws-sdk-ruby3/3.52.0 ruby/2.5.0 x86_64-darwin17 aws-sdk-cloudformation/1.20.0
      Host:
      - cloudformation.us-east-2.amazonaws.com
      X-Amz-Date:
      - 20191124T154839Z
      X-Amz-Content-Sha256:
      - 3e33e3f79ec7d0f79bfcd4c86cbe0484c769729bad98a3c624f508972d7d95aa
      Authorization:
      - AWS4-HMAC-SHA256 Credential=AWS_ACCESS_KEY_ID/20191124/us-east-2/cloudformation/aws4_request,
        SignedHeaders=content-type;host;x-amz-content-sha256;x-amz-date, Signature=<SignatureValue>
      Content-Length:
      - '83'
      Accept:
      - "*/*"
  response:
    status:
      code: 200
      message: OK
    headers:
      X-Amzn-Requestid:
      - 890ab5d4-c33c-4db4-a86f-abce41bf2319
      Content-Type:
      - text/xml
      Content-Length:
      - '1701'
      Date:
      - Sun, 24 Nov 2019 15:48:38 GMT
    body:
      encoding: UTF-8
      string: |
        <DescribeStacksResponse xmlns="http://cloudformation.amazonaws.com/doc/2010-05-15/">
          <DescribeStacksResult>
            <Stacks>
              <member>
                <Outputs>
                  <member>
                    <ExportName>spec-aws-ruby-stack-skips-create-BucketArn</ExportName>
                    <OutputKey>BucketArn</OutputKey>
                    <OutputValue>arn:aws:s3:::aws-ruby-rspec-bucket</OutputValue>
                  </member>
                </Outputs>
                <CreationTime>2019-11-24T15:48:09.902Z</CreationTime>
                <NotificationARNs/>
                <StackId>arn:aws:cloudformation:us-east-2:373045849756:stack/spec-aws-ruby-stack-skips-create/d066c050-0ed1-11ea-81c9-0a9d1f6a4556</StackId>
                <StackName>spec-aws-ruby-stack-skips-create</StackName>
                <Description>Test template one
        </Description>
                <StackStatus>DELETE_IN_PROGRESS</StackStatus>
                <DeletionTime>2019-11-24T15:48:39.045Z</DeletionTime>
                <DisableRollback>false</DisableRollback>
                <Tags/>
                <RollbackConfiguration/>
                <DriftInformation>
                  <StackDriftStatus>NOT_CHECKED</StackDriftStatus>
                </DriftInformation>
                <EnableTerminationProtection>false</EnableTerminationProtection>
                <Parameters>
                  <member>
                    <ParameterKey>BucketName</ParameterKey>
                    <ParameterValue>aws-ruby-rspec-bucket</ParameterValue>
                  </member>
                  <member>
                    <ParameterKey>TagValue</ParameterKey>
                    <ParameterValue>howdy</ParameterValue>
                  </member>
                </Parameters>
              </member>
            </Stacks>
          </DescribeStacksResult>
          <ResponseMetadata>
            <RequestId>890ab5d4-c33c-4db4-a86f-abce41bf2319</RequestId>
          </ResponseMetadata>
        </DescribeStacksResponse>
    http_version: 
  recorded_at: Sun, 24 Nov 2019 15:48:39 GMT
- request:
    method: post
    uri: https://cloudformation.us-east-2.amazonaws.com/
    body:
      encoding: UTF-8
      string: Action=DescribeStacks&StackName=spec-aws-ruby-stack-skips-create&Version=2010-05-15
    headers:
      Content-Type:
      - application/x-www-form-urlencoded; charset=utf-8
      Accept-Encoding:
      - ''
      User-Agent:
      - aws-sdk-ruby3/3.52.0 ruby/2.5.0 x86_64-darwin17 aws-sdk-cloudformation/1.20.0
      Host:
      - cloudformation.us-east-2.amazonaws.com
      X-Amz-Date:
      - 20191124T154839Z
      X-Amz-Content-Sha256:
      - 3e33e3f79ec7d0f79bfcd4c86cbe0484c769729bad98a3c624f508972d7d95aa
      Authorization:
      - AWS4-HMAC-SHA256 Credential=AWS_ACCESS_KEY_ID/20191124/us-east-2/cloudformation/aws4_request,
        SignedHeaders=content-type;host;x-amz-content-sha256;x-amz-date, Signature=<SignatureValue>
      Content-Length:
      - '83'
      Accept:
      - "*/*"
  response:
    status:
      code: 200
      message: OK
    headers:
      X-Amzn-Requestid:
      - c8870a51-840d-46bb-9b6b-733ddc8b9e4d
      Content-Type:
      - text/xml
      Content-Length:
      - '1701'
      Date:
      - Sun, 24 Nov 2019 15:48:39 GMT
    body:
      encoding: UTF-8
      string: |
        <DescribeStacksResponse xmlns="http://cloudformation.amazonaws.com/doc/2010-05-15/">
          <DescribeStacksResult>
            <Stacks>
              <member>
                <Outputs>
                  <member>
                    <ExportName>spec-aws-ruby-stack-skips-create-BucketArn</ExportName>
                    <OutputKey>BucketArn</OutputKey>
                    <OutputValue>arn:aws:s3:::aws-ruby-rspec-bucket</OutputValue>
                  </member>
                </Outputs>
                <CreationTime>2019-11-24T15:48:09.902Z</CreationTime>
                <NotificationARNs/>
                <StackId>arn:aws:cloudformation:us-east-2:373045849756:stack/spec-aws-ruby-stack-skips-create/d066c050-0ed1-11ea-81c9-0a9d1f6a4556</StackId>
                <StackName>spec-aws-ruby-stack-skips-create</StackName>
                <Description>Test template one
        </Description>
                <StackStatus>DELETE_IN_PROGRESS</StackStatus>
                <DeletionTime>2019-11-24T15:48:39.045Z</DeletionTime>
                <DisableRollback>false</DisableRollback>
                <Tags/>
                <RollbackConfiguration/>
                <DriftInformation>
                  <StackDriftStatus>NOT_CHECKED</StackDriftStatus>
                </DriftInformation>
                <EnableTerminationProtection>false</EnableTerminationProtection>
                <Parameters>
                  <member>
                    <ParameterKey>BucketName</ParameterKey>
                    <ParameterValue>aws-ruby-rspec-bucket</ParameterValue>
                  </member>
                  <member>
                    <ParameterKey>TagValue</ParameterKey>
                    <ParameterValue>howdy</ParameterValue>
                  </member>
                </Parameters>
              </member>
            </Stacks>
          </DescribeStacksResult>
          <ResponseMetadata>
            <RequestId>c8870a51-840d-46bb-9b6b-733ddc8b9e4d</RequestId>
          </ResponseMetadata>
        </DescribeStacksResponse>
    http_version: 
  recorded_at: Sun, 24 Nov 2019 15:48:39 GMT
- request:
    method: post
    uri: https://cloudformation.us-east-2.amazonaws.com/
    body:
      encoding: UTF-8
      string: Action=DescribeStacks&StackName=spec-aws-ruby-stack-skips-create&Version=2010-05-15
    headers:
      Content-Type:
      - application/x-www-form-urlencoded; charset=utf-8
      Accept-Encoding:
      - ''
      User-Agent:
      - aws-sdk-ruby3/3.52.0 ruby/2.5.0 x86_64-darwin17 aws-sdk-cloudformation/1.20.0
      Host:
      - cloudformation.us-east-2.amazonaws.com
      X-Amz-Date:
      - 20191124T154844Z
      X-Amz-Content-Sha256:
      - 3e33e3f79ec7d0f79bfcd4c86cbe0484c769729bad98a3c624f508972d7d95aa
      Authorization:
      - AWS4-HMAC-SHA256 Credential=AWS_ACCESS_KEY_ID/20191124/us-east-2/cloudformation/aws4_request,
        SignedHeaders=content-type;host;x-amz-content-sha256;x-amz-date, Signature=<SignatureValue>
      Content-Length:
      - '83'
      Accept:
      - "*/*"
  response:
    status:
      code: 400
      message: Bad Request
    headers:
      X-Amzn-Requestid:
      - 8948e897-b2ea-4be0-be54-5321e6e0bef5
      Content-Type:
      - text/xml
      Content-Length:
      - '318'
      Date:
      - Sun, 24 Nov 2019 15:48:45 GMT
      Connection:
      - close
    body:
      encoding: UTF-8
      string: |
        <ErrorResponse xmlns="http://cloudformation.amazonaws.com/doc/2010-05-15/">
          <Error>
            <Type>Sender</Type>
            <Code>ValidationError</Code>
            <Message>Stack with id spec-aws-ruby-stack-skips-create does not exist</Message>
          </Error>
          <RequestId>8948e897-b2ea-4be0-be54-5321e6e0bef5</RequestId>
        </ErrorResponse>
    http_version: 
  recorded_at: Sun, 24 Nov 2019 15:48:45 GMT
recorded_with: VCR 4.0.0
